2026-06-03 07:59:49,515 - INFO - Split: train | land_index=/gpfs/projects/ehpc606/ai4land/CONCERTO/land_index/land_pixel_index_sample.npy
2026-06-03 07:59:49,515 - INFO - Stores: /gpfs/scratch/ehpc736/data/AI4LAND_NON_preprocessed-data-2000-2015.zarr
2026-06-03 07:59:49,515 - INFO - use_synchronizer: True
2026-06-03 07:59:49,515 - INFO - Sweep: num_workers=[0, 1, 4, 12] | num_batches=10 | batch_timeout=30s
2026-06-03 08:00:03,901 - INFO - Dataset: SingleZarrDataset | length=6,272,000
2026-06-03 08:00:03,901 - INFO - ================================================================================
2026-06-03 08:00:03,901 - INFO - PHASE 1 — single-thread __getitem__ (50 samples)
2026-06-03 08:00:03,901 - INFO - ================================================================================
2026-06-03 08:00:07,845 - INFO - sample shapes: (2, 15, 256, 256)/float32 (2, 1, 256, 256)/uint8 (6, 256, 256)/float32 (1, 256, 256)/float32 (2, 256, 256)/uint8
2026-06-03 08:00:07,845 - INFO -   sample   1/50  idx=  559781   3943.5 ms    9.50 MB
2026-06-03 08:00:09,315 - INFO -   sample   2/50  idx= 4854252   1469.5 ms    9.50 MB
2026-06-03 08:00:10,502 - INFO -   sample   3/50  idx= 4105472   1187.2 ms    9.50 MB
2026-06-03 08:00:11,683 - INFO -   sample   4/50  idx= 2752645   1180.8 ms    9.50 MB
2026-06-03 08:00:12,860 - INFO -   sample   5/50  idx= 2715871   1176.7 ms    9.50 MB
2026-06-03 08:00:14,099 - INFO -   sample   6/50  idx= 5385126   1238.3 ms    9.50 MB
2026-06-03 08:00:15,169 - INFO -   sample   7/50  idx=  539051   1070.1 ms    9.50 MB
2026-06-03 08:00:16,328 - INFO -   sample   8/50  idx= 4373892   1159.2 ms    9.50 MB
2026-06-03 08:00:17,475 - INFO -   sample   9/50  idx= 1263616   1147.2 ms    9.50 MB
2026-06-03 08:00:18,689 - INFO -   sample  10/50  idx=  590680   1213.7 ms    9.50 MB
2026-06-03 08:00:19,873 - INFO -   sample  11/50  idx= 3302076   1183.8 ms    9.50 MB
2026-06-03 08:00:20,874 - INFO -   sample  12/50  idx= 6119103   1000.8 ms    9.50 MB
2026-06-03 08:00:21,845 - INFO -   sample  13/50  idx= 4614638    970.4 ms    9.50 MB
2026-06-03 08:00:23,082 - INFO -   sample  14/50  idx= 4773868   1236.8 ms    9.50 MB
2026-06-03 08:00:24,169 - INFO -   sample  15/50  idx= 4500017   1087.4 ms    9.50 MB
2026-06-03 08:00:25,392 - INFO -   sample  16/50  idx= 4930195   1222.1 ms    9.50 MB
2026-06-03 08:00:26,493 - INFO -   sample  17/50  idx= 3218957   1101.4 ms    9.50 MB
2026-06-03 08:00:27,809 - INFO -   sample  18/50  idx=  803528   1316.1 ms    9.50 MB
2026-06-03 08:00:29,021 - INFO -   sample  19/50  idx= 5266900   1211.7 ms    9.50 MB
2026-06-03 08:00:30,468 - INFO -   sample  20/50  idx= 2824820   1446.9 ms    9.50 MB
2026-06-03 08:00:31,542 - INFO -   sample  21/50  idx= 3138207   1073.5 ms    9.50 MB
2026-06-03 08:00:32,676 - INFO -   sample  22/50  idx= 2325645   1134.0 ms    9.50 MB
2026-06-03 08:00:33,685 - INFO -   sample  23/50  idx= 1144951   1009.3 ms    9.50 MB
2026-06-03 08:00:35,012 - INFO -   sample  24/50  idx= 5812670   1326.6 ms    9.50 MB
2026-06-03 08:00:36,161 - INFO -   sample  25/50  idx= 4901991   1148.6 ms    9.50 MB
2026-06-03 08:00:37,502 - INFO -   sample  26/50  idx= 4038322   1340.9 ms    9.50 MB
2026-06-03 08:00:38,905 - INFO -   sample  27/50  idx= 2523942   1403.6 ms    9.50 MB
2026-06-03 08:00:40,052 - INFO -   sample  28/50  idx= 5160360   1146.2 ms    9.50 MB
2026-06-03 08:00:41,271 - INFO -   sample  29/50  idx= 3420931   1219.3 ms    9.50 MB
2026-06-03 08:00:42,372 - INFO -   sample  30/50  idx= 2781093   1100.1 ms    9.50 MB
2026-06-03 08:00:43,617 - INFO -   sample  31/50  idx= 2825282   1245.5 ms    9.50 MB
2026-06-03 08:00:44,895 - INFO -   sample  32/50  idx= 1425241   1277.9 ms    9.50 MB
2026-06-03 08:00:46,047 - INFO -   sample  33/50  idx=  577876   1151.8 ms    9.50 MB
2026-06-03 08:00:47,075 - INFO -   sample  34/50  idx= 3478355   1028.2 ms    9.50 MB
2026-06-03 08:00:48,170 - INFO -   sample  35/50  idx= 5568845   1094.9 ms    9.50 MB
2026-06-03 08:00:49,319 - INFO -   sample  36/50  idx=  400261   1148.5 ms    9.50 MB
2026-06-03 08:00:50,725 - INFO -   sample  37/50  idx= 5383202   1405.3 ms    9.50 MB
2026-06-03 08:00:51,877 - INFO -   sample  38/50  idx= 5190902   1151.8 ms    9.50 MB
2026-06-03 08:00:53,170 - INFO -   sample  39/50  idx= 1735836   1293.8 ms    9.50 MB
2026-06-03 08:00:54,643 - INFO -   sample  40/50  idx= 3961799   1472.8 ms    9.50 MB
2026-06-03 08:00:55,645 - INFO -   sample  41/50  idx= 1036316   1000.9 ms    9.50 MB
2026-06-03 08:00:56,812 - INFO -   sample  42/50  idx= 4754726   1167.3 ms    9.50 MB
2026-06-03 08:00:58,136 - INFO -   sample  43/50  idx= 4393680   1323.8 ms    9.50 MB
2026-06-03 08:00:59,502 - INFO -   sample  44/50  idx= 2223586   1366.3 ms    9.50 MB
2026-06-03 08:01:00,791 - INFO -   sample  45/50  idx=  425994   1288.7 ms    9.50 MB
2026-06-03 08:01:01,974 - INFO -   sample  46/50  idx= 6088218   1183.1 ms    9.50 MB
2026-06-03 08:01:03,014 - INFO -   sample  47/50  idx= 2795351   1039.7 ms    9.50 MB
2026-06-03 08:01:04,055 - INFO -   sample  48/50  idx= 5601655   1041.2 ms    9.50 MB
2026-06-03 08:01:05,486 - INFO -   sample  49/50  idx= 4251908   1430.7 ms    9.50 MB
2026-06-03 08:01:06,806 - INFO -   sample  50/50  idx= 4882021   1319.8 ms    9.50 MB
2026-06-03 08:01:06,807 - INFO - --- getitem (total) | n=50 | mean= 1258.0 ms | median= 1183.5 ms | p95= 1459.3 ms | max= 3943.5 ms | sum=  62.90 s
2026-06-03 08:01:06,807 - INFO - --- size           | per-sample mean=  9.50 MB | max=  9.50 MB | total=475.00 MB
2026-06-03 08:01:06,807 - INFO - --- per-modality breakdown ---
2026-06-03 08:01:06,807 - INFO -   _get_luh2_data        : calls= 100 | mean=  427.9 ms | median=  392.9 ms | max= 2991.0 ms | total= 42.79 s (68.0%)
2026-06-03 08:01:06,807 - INFO -   _get_population_data  : calls= 100 | mean=   55.3 ms | median=   54.3 ms | max=  123.8 ms | total=  5.53 s ( 8.8%)
2026-06-03 08:01:06,807 - INFO -   _get_kg_data          : calls= 100 | mean=   43.3 ms | median=   43.1 ms | max=   80.0 ms | total=  4.33 s ( 6.9%)
2026-06-03 08:01:06,807 - INFO -   _get_static_data      : calls=  50 | mean=  105.1 ms | median=   98.9 ms | max=  313.9 ms | total=  5.26 s ( 8.4%)
2026-06-03 08:01:06,807 - INFO -   _get_hilda_prior      : calls=  50 | mean=   47.8 ms | median=   47.5 ms | max=   72.3 ms | total=  2.39 s ( 3.8%)
2026-06-03 08:01:06,807 - INFO -   _get_hilda_target     : calls=  50 | mean=   48.9 ms | median=   47.9 ms | max=   70.4 ms | total=  2.44 s ( 3.9%)
2026-06-03 08:01:06,807 - INFO - ================================================================================
2026-06-03 08:01:06,807 - INFO - PHASE 2 — DataLoader sweep over num_workers=[0, 1, 4, 12] (batch_size=8, prefetch_factor=4 when workers>0, pin_memory=True, persistent_workers=False) — 10 batches per config, per-batch timeout=30s
2026-06-03 08:01:06,807 - INFO - ================================================================================
2026-06-03 08:01:06,807 - INFO - --------------------------------------------------------------------------------
2026-06-03 08:01:06,807 - INFO - num_workers = 0
2026-06-03 08:01:06,807 - INFO - --------------------------------------------------------------------------------
2026-06-03 08:01:37,732 - [w=0] -   batch   1/10 [cold]  11041.7 ms  76.00 MB
2026-06-03 08:01:46,984 - [w=0] -   batch   2/10 [warm]   9252.1 ms  76.00 MB
2026-06-03 08:01:56,671 - [w=0] -   batch   3/10 [warm]   9686.8 ms  76.00 MB
2026-06-03 08:02:06,485 - [w=0] -   batch   4/10 [warm]   9814.1 ms  76.00 MB
2026-06-03 08:02:16,057 - [w=0] -   batch   5/10 [warm]   9571.7 ms  76.00 MB
2026-06-03 08:02:25,537 - [w=0] -   batch   6/10 [warm]   9479.9 ms  76.00 MB
2026-06-03 08:02:34,810 - [w=0] -   batch   7/10 [warm]   9272.8 ms  76.00 MB
2026-06-03 08:02:44,823 - [w=0] -   batch   8/10 [warm]  10012.2 ms  76.00 MB
2026-06-03 08:02:54,191 - [w=0] -   batch   9/10 [warm]   9368.0 ms  76.00 MB
2026-06-03 08:03:04,673 - [w=0] -   batch  10/10 [warm]  10482.2 ms  76.00 MB
2026-06-03 08:03:08,698 - INFO - cold batch: 11041.7 ms (includes worker startup)
2026-06-03 08:03:08,698 - INFO - --- warm batches | n=9 | mean= 9660.0 ms | median= 9571.7 ms | p95=10294.2 ms | max=10482.2 ms | sum=  86.94 s
2026-06-03 08:03:08,698 - INFO - --- throughput |    0.8 samples/s |   0.10 batches/s
2026-06-03 08:03:08,698 - INFO - --------------------------------------------------------------------------------
2026-06-03 08:03:08,698 - INFO - num_workers = 1
2026-06-03 08:03:08,698 - INFO - --------------------------------------------------------------------------------
2026-06-03 08:03:25,019 - [w=1] -   batch   1/10 [cold]  10714.8 ms  76.00 MB
2026-06-03 08:03:34,844 - [w=1] -   batch   2/10 [warm]   9824.9 ms  76.00 MB
2026-06-03 08:03:43,877 - [w=1] -   batch   3/10 [warm]   9032.8 ms  76.00 MB
2026-06-03 08:03:53,448 - [w=1] -   batch   4/10 [warm]   9571.3 ms  76.00 MB
2026-06-03 08:04:02,666 - [w=1] -   batch   5/10 [warm]   9218.2 ms  76.00 MB
2026-06-03 08:04:12,773 - [w=1] -   batch   6/10 [warm]  10106.7 ms  76.00 MB
2026-06-03 08:04:22,579 - [w=1] -   batch   7/10 [warm]   9805.2 ms  76.00 MB
2026-06-03 08:04:32,124 - [w=1] -   batch   8/10 [warm]   9545.1 ms  76.00 MB
2026-06-03 08:04:41,642 - [w=1] -   batch   9/10 [warm]   9517.7 ms  76.00 MB
2026-06-03 08:04:50,267 - [w=1] -   batch  10/10 [warm]   8624.7 ms  76.00 MB
2026-06-03 08:04:55,750 - INFO - cold batch: 10714.8 ms (includes worker startup)
2026-06-03 08:04:55,750 - INFO - --- warm batches | n=9 | mean= 9471.8 ms | median= 9545.1 ms | p95= 9994.0 ms | max=10106.7 ms | sum=  85.25 s
2026-06-03 08:04:55,750 - INFO - --- throughput |    0.8 samples/s |   0.11 batches/s
2026-06-03 08:04:55,751 - INFO - --------------------------------------------------------------------------------
2026-06-03 08:04:55,751 - INFO - num_workers = 4
2026-06-03 08:04:55,751 - INFO - --------------------------------------------------------------------------------
2026-06-03 08:05:16,571 - [w=4] -   batch   1/10 [cold]  10999.9 ms  76.00 MB
2026-06-03 08:05:16,618 - [w=4] -   batch   2/10 [warm]     47.4 ms  76.00 MB
2026-06-03 08:05:17,000 - [w=4] -   batch   3/10 [warm]    381.6 ms  76.00 MB
2026-06-03 08:05:17,000 - [w=4] -   batch   4/10 [warm]      0.1 ms  76.00 MB
2026-06-03 08:05:26,226 - [w=4] -   batch   5/10 [warm]   9225.7 ms  76.00 MB
2026-06-03 08:05:26,983 - [w=4] -   batch   6/10 [warm]    756.7 ms  76.00 MB
2026-06-03 08:05:26,983 - [w=4] -   batch   7/10 [warm]      0.2 ms  76.00 MB
2026-06-03 08:05:26,983 - [w=4] -   batch   8/10 [warm]      0.1 ms  76.00 MB
2026-06-03 08:05:36,672 - [w=4] -   batch   9/10 [warm]   9688.7 ms  76.00 MB
2026-06-03 08:05:36,672 - [w=4] -   batch  10/10 [warm]      0.1 ms  76.00 MB
2026-06-03 08:05:47,001 - INFO - cold batch: 10999.9 ms (includes worker startup)
2026-06-03 08:05:47,001 - INFO - --- warm batches | n=9 | mean= 2233.4 ms | median=   47.4 ms | p95= 9503.5 ms | max= 9688.7 ms | sum=  20.10 s
2026-06-03 08:05:47,001 - INFO - --- throughput |    3.6 samples/s |   0.45 batches/s
2026-06-03 08:05:47,001 - INFO - --------------------------------------------------------------------------------
2026-06-03 08:05:47,001 - INFO - num_workers = 12
2026-06-03 08:05:47,001 - INFO - --------------------------------------------------------------------------------
2026-06-03 08:06:30,830 - [w=12] -   batch   1/10 [cold]  11708.1 ms  76.00 MB
2026-06-03 08:06:30,830 - [w=12] -   batch   2/10 [warm]      0.2 ms  76.00 MB
2026-06-03 08:06:30,830 - [w=12] -   batch   3/10 [warm]      0.0 ms  76.00 MB
2026-06-03 08:06:31,559 - [w=12] -   batch   4/10 [warm]    728.7 ms  76.00 MB
2026-06-03 08:06:31,559 - [w=12] -   batch   5/10 [warm]      0.1 ms  76.00 MB
2026-06-03 08:06:31,559 - [w=12] -   batch   6/10 [warm]      0.1 ms  76.00 MB
2026-06-03 08:06:31,559 - [w=12] -   batch   7/10 [warm]      0.1 ms  76.00 MB
2026-06-03 08:06:31,559 - [w=12] -   batch   8/10 [warm]      0.0 ms  76.00 MB
2026-06-03 08:06:31,559 - [w=12] -   batch   9/10 [warm]      0.1 ms  76.00 MB
2026-06-03 08:06:31,560 - [w=12] -   batch  10/10 [warm]      0.1 ms  76.00 MB
2026-06-03 08:06:44,098 - INFO - cold batch: 11708.1 ms (includes worker startup)
2026-06-03 08:06:44,099 - INFO - --- warm batches | n=9 | mean=   81.1 ms | median=    0.1 ms | p95=  437.3 ms | max=  728.7 ms | sum=   0.73 s
2026-06-03 08:06:44,099 - INFO - --- throughput |   98.7 samples/s |  12.34 batches/s
2026-06-03 08:06:44,099 - INFO - ================================================================================
2026-06-03 08:06:44,099 - INFO - Profiling complete.
