[2026-06-16 20:44:26,928][root][INFO] - Recurrent UNet Model Successfully Configured and Initialized.
[2026-06-16 20:44:26,949][root][INFO] - Starting from scratch (no valid checkpoint provided).
[2026-06-16 20:44:31,923][root][INFO] - Train: 4480000 samples, Val: 640000 samples
[2026-06-16 20:44:36,183][root][INFO] - Starting training from epoch 1
[2026-06-16 20:48:37,011][root][INFO] - Epoch [1/5], Batch [1/300], Loss: 2.1769 (Overall: 2.2327, Change: 2.1211), TF Ratio: 1.000
[2026-06-16 20:48:40,925][root][INFO] - Epoch [1/5], Batch [2/300], Loss: 2.1977 (Overall: 2.3020, Change: 2.1350), TF Ratio: 1.000
[2026-06-16 20:48:41,076][root][INFO] - Epoch [1/5], Batch [3/300], Loss: 2.2216 (Overall: 2.3658, Change: 2.1732), TF Ratio: 0.999
[2026-06-16 20:49:06,927][root][INFO] - Epoch [1/5], Batch [4/300], Loss: 2.2337 (Overall: 2.3006, Change: 2.2391), TF Ratio: 0.999
[2026-06-16 20:49:07,081][root][INFO] - Epoch [1/5], Batch [5/300], Loss: 2.2006 (Overall: 2.0863, Change: 2.0507), TF Ratio: 0.999
[2026-06-16 20:49:07,233][root][INFO] - Epoch [1/5], Batch [6/300], Loss: 2.1964 (Overall: 2.1590, Change: 2.1917), TF Ratio: 0.999
[2026-06-16 20:49:07,385][root][INFO] - Epoch [1/5], Batch [7/300], Loss: 2.1735 (Overall: 2.0050, Change: 2.0663), TF Ratio: 0.999
[2026-06-16 20:49:07,548][root][INFO] - Epoch [1/5], Batch [8/300], Loss: 2.1533 (Overall: 2.0180, Change: 2.0070), TF Ratio: 0.998
[2026-06-16 20:49:07,699][root][INFO] - Epoch [1/5], Batch [9/300], Loss: 2.1274 (Overall: 1.9197, Change: 1.9201), TF Ratio: 0.998
[2026-06-16 20:49:07,849][root][INFO] - Epoch [1/5], Batch [10/300], Loss: 2.0983 (Overall: 1.9095, Change: 1.7643), TF Ratio: 0.998
[2026-06-16 20:49:07,999][root][INFO] - Epoch [1/5], Batch [11/300], Loss: 2.0762 (Overall: 1.8934, Change: 1.8162), TF Ratio: 0.998
[2026-06-16 20:51:38,540][root][INFO] - Epoch [1/5], Batch [12/300], Loss: 2.0739 (Overall: 1.9548, Change: 2.1413), TF Ratio: 0.998
[2026-06-16 20:51:38,693][root][INFO] - Epoch [1/5], Batch [13/300], Loss: 2.0605 (Overall: 1.6148, Change: 2.1860), TF Ratio: 0.997
[2026-06-16 20:51:38,843][root][INFO] - Epoch [1/5], Batch [14/300], Loss: 2.0403 (Overall: 1.5899, Change: 1.9642), TF Ratio: 0.997
[2026-06-16 20:51:38,993][root][INFO] - Epoch [1/5], Batch [15/300], Loss: 2.0286 (Overall: 1.9168, Change: 1.8135), TF Ratio: 0.997
[2026-06-16 20:52:03,045][root][INFO] - Epoch [1/5], Batch [16/300], Loss: 2.0099 (Overall: 1.6575, Change: 1.8003), TF Ratio: 0.997
[2026-06-16 20:52:03,199][root][INFO] - Epoch [1/5], Batch [17/300], Loss: 1.9955 (Overall: 1.6649, Change: 1.8651), TF Ratio: 0.997
[2026-06-16 20:52:03,349][root][INFO] - Epoch [1/5], Batch [18/300], Loss: 1.9807 (Overall: 1.5648, Change: 1.8937), TF Ratio: 0.996
[2026-06-16 20:52:03,499][root][INFO] - Epoch [1/5], Batch [19/300], Loss: 1.9692 (Overall: 1.5885, Change: 1.9362), TF Ratio: 0.996
[2026-06-16 20:52:03,663][root][INFO] - Epoch [1/5], Batch [20/300], Loss: 1.9642 (Overall: 1.7086, Change: 2.0291), TF Ratio: 0.996
[2026-06-16 20:52:03,813][root][INFO] - Epoch [1/5], Batch [21/300], Loss: 1.9565 (Overall: 1.7170, Change: 1.8903), TF Ratio: 0.996
[2026-06-16 20:52:03,963][root][INFO] - Epoch [1/5], Batch [22/300], Loss: 1.9357 (Overall: 1.4884, Change: 1.5070), TF Ratio: 0.996
[2026-06-16 20:52:04,114][root][INFO] - Epoch [1/5], Batch [23/300], Loss: 1.9247 (Overall: 1.5819, Change: 1.7846), TF Ratio: 0.995
[2026-06-16 20:54:48,566][root][INFO] - Epoch [1/5], Batch [24/300], Loss: 1.9103 (Overall: 1.5336, Change: 1.6263), TF Ratio: 0.995
[2026-06-16 20:54:48,728][root][INFO] - Epoch [1/5], Batch [25/300], Loss: 1.9022 (Overall: 1.6000, Change: 1.8123), TF Ratio: 0.995
[2026-06-16 20:54:48,880][root][INFO] - Epoch [1/5], Batch [26/300], Loss: 1.8958 (Overall: 1.5178, Change: 1.9561), TF Ratio: 0.995
[2026-06-16 20:54:49,031][root][INFO] - Epoch [1/5], Batch [27/300], Loss: 1.8898 (Overall: 1.5685, Change: 1.9005), TF Ratio: 0.995
[2026-06-16 20:54:49,184][root][INFO] - Epoch [1/5], Batch [28/300], Loss: 1.8831 (Overall: 1.4368, Change: 1.9683), TF Ratio: 0.994
[2026-06-16 20:54:49,335][root][INFO] - Epoch [1/5], Batch [29/300], Loss: 1.8757 (Overall: 1.4497, Change: 1.8851), TF Ratio: 0.994
[2026-06-16 20:54:49,486][root][INFO] - Epoch [1/5], Batch [30/300], Loss: 1.8634 (Overall: 1.3598, Change: 1.6536), TF Ratio: 0.994
[2026-06-16 20:54:49,641][root][INFO] - Epoch [1/5], Batch [31/300], Loss: 1.8554 (Overall: 1.3919, Change: 1.8403), TF Ratio: 0.994
[2026-06-16 20:54:49,793][root][INFO] - Epoch [1/5], Batch [32/300], Loss: 1.8495 (Overall: 1.4370, Change: 1.8962), TF Ratio: 0.994
[2026-06-16 20:54:49,945][root][INFO] - Epoch [1/5], Batch [33/300], Loss: 1.8410 (Overall: 1.3436, Change: 1.7953), TF Ratio: 0.993
[2026-06-16 20:54:50,097][root][INFO] - Epoch [1/5], Batch [34/300], Loss: 1.8425 (Overall: 1.9042, Change: 1.8755), TF Ratio: 0.993
[2026-06-16 20:54:50,248][root][INFO] - Epoch [1/5], Batch [35/300], Loss: 1.8472 (Overall: 1.9235, Change: 2.0912), TF Ratio: 0.993
[2026-06-16 20:56:33,404][root][INFO] - Epoch [1/5], Batch [36/300], Loss: 1.8406 (Overall: 1.3876, Change: 1.8362), TF Ratio: 0.993
[2026-06-16 20:56:33,560][root][INFO] - Epoch [1/5], Batch [37/300], Loss: 1.8318 (Overall: 1.3826, Change: 1.6416), TF Ratio: 0.993
[2026-06-16 20:56:38,385][root][INFO] - Epoch [1/5], Batch [38/300], Loss: 1.8242 (Overall: 1.3492, Change: 1.7407), TF Ratio: 0.992
[2026-06-16 20:56:38,537][root][INFO] - Epoch [1/5], Batch [39/300], Loss: 1.8161 (Overall: 1.3199, Change: 1.6967), TF Ratio: 0.992
[2026-06-16 20:57:01,416][root][INFO] - Epoch [1/5], Batch [40/300], Loss: 1.8110 (Overall: 1.4452, Change: 1.7764), TF Ratio: 0.992
[2026-06-16 20:57:01,570][root][INFO] - Epoch [1/5], Batch [41/300], Loss: 1.8075 (Overall: 1.3968, Change: 1.9426), TF Ratio: 0.992
[2026-06-16 20:57:01,721][root][INFO] - Epoch [1/5], Batch [42/300], Loss: 1.8013 (Overall: 1.3437, Change: 1.7434), TF Ratio: 0.992
[2026-06-16 20:57:01,872][root][INFO] - Epoch [1/5], Batch [43/300], Loss: 1.7952 (Overall: 1.3689, Change: 1.7170), TF Ratio: 0.991
[2026-06-16 20:57:02,027][root][INFO] - Epoch [1/5], Batch [44/300], Loss: 1.7908 (Overall: 1.4815, Change: 1.7171), TF Ratio: 0.991
[2026-06-16 20:57:02,179][root][INFO] - Epoch [1/5], Batch [45/300], Loss: 1.7854 (Overall: 1.2997, Change: 1.7958), TF Ratio: 0.991
[2026-06-16 20:57:02,330][root][INFO] - Epoch [1/5], Batch [46/300], Loss: 1.7824 (Overall: 1.3926, Change: 1.8998), TF Ratio: 0.991
[2026-06-16 20:57:02,481][root][INFO] - Epoch [1/5], Batch [47/300], Loss: 1.7757 (Overall: 1.2461, Change: 1.6953), TF Ratio: 0.991
[2026-06-16 20:58:18,510][root][INFO] - Epoch [1/5], Batch [48/300], Loss: 1.7723 (Overall: 1.3440, Change: 1.8764), TF Ratio: 0.990
[2026-06-16 20:58:18,664][root][INFO] - Epoch [1/5], Batch [49/300], Loss: 1.7687 (Overall: 1.5745, Change: 1.6163), TF Ratio: 0.990
[2026-06-16 20:58:25,910][root][INFO] - Epoch [1/5], Batch [50/300], Loss: 1.7632 (Overall: 1.3511, Change: 1.6363), TF Ratio: 0.990
[2026-06-16 20:58:39,083][root][INFO] - Epoch [1/5], Batch [51/300], Loss: 1.7591 (Overall: 1.2779, Change: 1.8313), TF Ratio: 0.990
[2026-06-16 20:59:43,805][root][INFO] - Epoch [1/5], Batch [52/300], Loss: 1.7541 (Overall: 1.2208, Change: 1.7760), TF Ratio: 0.990
[2026-06-16 20:59:43,959][root][INFO] - Epoch [1/5], Batch [53/300], Loss: 1.7480 (Overall: 1.4031, Change: 1.4648), TF Ratio: 0.989
[2026-06-16 20:59:44,110][root][INFO] - Epoch [1/5], Batch [54/300], Loss: 1.7450 (Overall: 1.3678, Change: 1.7961), TF Ratio: 0.989
[2026-06-16 20:59:44,262][root][INFO] - Epoch [1/5], Batch [55/300], Loss: 1.7424 (Overall: 1.3590, Change: 1.8471), TF Ratio: 0.989
[2026-06-16 20:59:44,416][root][INFO] - Epoch [1/5], Batch [56/300], Loss: 1.7395 (Overall: 1.2638, Change: 1.9001), TF Ratio: 0.989
[2026-06-16 20:59:44,567][root][INFO] - Epoch [1/5], Batch [57/300], Loss: 1.7328 (Overall: 1.3918, Change: 1.3205), TF Ratio: 0.989
[2026-06-16 20:59:44,718][root][INFO] - Epoch [1/5], Batch [58/300], Loss: 1.7262 (Overall: 1.2316, Change: 1.4692), TF Ratio: 0.988
[2026-06-16 20:59:44,869][root][INFO] - Epoch [1/5], Batch [59/300], Loss: 1.7223 (Overall: 1.2381, Change: 1.7523), TF Ratio: 0.988
[2026-06-16 21:00:31,326][root][INFO] - Epoch [1/5], Batch [60/300], Loss: 1.7239 (Overall: 1.5052, Change: 2.1380), TF Ratio: 0.988
[2026-06-16 21:00:31,481][root][INFO] - Epoch [1/5], Batch [61/300], Loss: 1.7165 (Overall: 1.1366, Change: 1.4078), TF Ratio: 0.988
[2026-06-16 21:00:31,632][root][INFO] - Epoch [1/5], Batch [62/300], Loss: 1.7140 (Overall: 1.2907, Change: 1.8339), TF Ratio: 0.988
[2026-06-16 21:00:31,784][root][INFO] - Epoch [1/5], Batch [63/300], Loss: 1.7104 (Overall: 1.2187, Change: 1.7492), TF Ratio: 0.987
[2026-06-16 21:01:19,974][root][INFO] - Epoch [1/5], Batch [64/300], Loss: 1.7069 (Overall: 1.2787, Change: 1.7005), TF Ratio: 0.987
[2026-06-16 21:01:20,132][root][INFO] - Epoch [1/5], Batch [65/300], Loss: 1.7030 (Overall: 1.1281, Change: 1.7675), TF Ratio: 0.987
[2026-06-16 21:01:20,284][root][INFO] - Epoch [1/5], Batch [66/300], Loss: 1.6996 (Overall: 1.2476, Change: 1.7160), TF Ratio: 0.987
[2026-06-16 21:01:20,434][root][INFO] - Epoch [1/5], Batch [67/300], Loss: 1.6941 (Overall: 1.1602, Change: 1.5034), TF Ratio: 0.987
[2026-06-16 21:01:20,587][root][INFO] - Epoch [1/5], Batch [68/300], Loss: 1.6901 (Overall: 1.1604, Change: 1.6801), TF Ratio: 0.986
[2026-06-16 21:01:20,737][root][INFO] - Epoch [1/5], Batch [69/300], Loss: 1.6870 (Overall: 1.2777, Change: 1.6703), TF Ratio: 0.986
[2026-06-16 21:01:20,888][root][INFO] - Epoch [1/5], Batch [70/300], Loss: 1.6865 (Overall: 1.3279, Change: 1.9783), TF Ratio: 0.986
[2026-06-16 21:01:21,039][root][INFO] - Epoch [1/5], Batch [71/300], Loss: 1.6815 (Overall: 1.2523, Change: 1.4166), TF Ratio: 0.986
[2026-06-16 21:01:48,571][root][INFO] - Epoch [1/5], Batch [72/300], Loss: 1.6816 (Overall: 1.6268, Change: 1.7483), TF Ratio: 0.986
[2026-06-16 21:01:48,724][root][INFO] - Epoch [1/5], Batch [73/300], Loss: 1.6759 (Overall: 1.2923, Change: 1.2429), TF Ratio: 0.985
[2026-06-16 21:02:44,227][root][INFO] - Epoch [1/5], Batch [74/300], Loss: 1.6732 (Overall: 1.2750, Change: 1.6669), TF Ratio: 0.985
[2026-06-16 21:02:44,378][root][INFO] - Epoch [1/5], Batch [75/300], Loss: 1.6716 (Overall: 1.2357, Change: 1.8726), TF Ratio: 0.985
[2026-06-16 21:02:55,864][root][INFO] - Epoch [1/5], Batch [76/300], Loss: 1.6676 (Overall: 1.1711, Change: 1.5697), TF Ratio: 0.985
[2026-06-16 21:02:56,019][root][INFO] - Epoch [1/5], Batch [77/300], Loss: 1.6620 (Overall: 1.0774, Change: 1.4012), TF Ratio: 0.985
[2026-06-16 21:02:56,171][root][INFO] - Epoch [1/5], Batch [78/300], Loss: 1.6642 (Overall: 1.8308, Change: 1.8296), TF Ratio: 0.984
[2026-06-16 21:02:56,322][root][INFO] - Epoch [1/5], Batch [79/300], Loss: 1.6612 (Overall: 1.1133, Change: 1.7393), TF Ratio: 0.984
[2026-06-16 21:02:56,478][root][INFO] - Epoch [1/5], Batch [80/300], Loss: 1.6602 (Overall: 1.3553, Change: 1.8016), TF Ratio: 0.984
[2026-06-16 21:02:56,630][root][INFO] - Epoch [1/5], Batch [81/300], Loss: 1.6611 (Overall: 1.5609, Change: 1.9186), TF Ratio: 0.984
[2026-06-16 21:02:56,780][root][INFO] - Epoch [1/5], Batch [82/300], Loss: 1.6585 (Overall: 1.3528, Change: 1.5348), TF Ratio: 0.984
[2026-06-16 21:02:56,931][root][INFO] - Epoch [1/5], Batch [83/300], Loss: 1.6563 (Overall: 1.1790, Change: 1.7795), TF Ratio: 0.983
[2026-06-16 21:03:47,822][root][INFO] - Epoch [1/5], Batch [84/300], Loss: 1.6529 (Overall: 1.3684, Change: 1.3685), TF Ratio: 0.983
[2026-06-16 21:03:47,975][root][INFO] - Epoch [1/5], Batch [85/300], Loss: 1.6491 (Overall: 1.0681, Change: 1.5949), TF Ratio: 0.983
[2026-06-16 21:04:56,112][root][INFO] - Epoch [1/5], Batch [86/300], Loss: 1.6529 (Overall: 1.9679, Change: 1.9788), TF Ratio: 0.983
[2026-06-16 21:04:56,262][root][INFO] - Epoch [1/5], Batch [87/300], Loss: 1.6511 (Overall: 1.1529, Change: 1.8378), TF Ratio: 0.983
[2026-06-16 21:04:56,414][root][INFO] - Epoch [1/5], Batch [88/300], Loss: 1.6518 (Overall: 1.6584, Change: 1.7704), TF Ratio: 0.982
[2026-06-16 21:04:56,565][root][INFO] - Epoch [1/5], Batch [89/300], Loss: 1.6463 (Overall: 0.9921, Change: 1.3276), TF Ratio: 0.982
[2026-06-16 21:04:56,715][root][INFO] - Epoch [1/5], Batch [90/300], Loss: 1.6447 (Overall: 1.2566, Change: 1.7582), TF Ratio: 0.982
[2026-06-16 21:04:56,865][root][INFO] - Epoch [1/5], Batch [91/300], Loss: 1.6431 (Overall: 1.3470, Change: 1.6440), TF Ratio: 0.982
[2026-06-16 21:04:57,024][root][INFO] - Epoch [1/5], Batch [92/300], Loss: 1.6381 (Overall: 1.1996, Change: 1.1658), TF Ratio: 0.982
[2026-06-16 21:04:57,174][root][INFO] - Epoch [1/5], Batch [93/300], Loss: 1.6360 (Overall: 1.2257, Change: 1.6542), TF Ratio: 0.981
[2026-06-16 21:04:57,325][root][INFO] - Epoch [1/5], Batch [94/300], Loss: 1.6333 (Overall: 1.0622, Change: 1.7055), TF Ratio: 0.981
[2026-06-16 21:04:57,475][root][INFO] - Epoch [1/5], Batch [95/300], Loss: 1.6325 (Overall: 1.2626, Change: 1.8510), TF Ratio: 0.981
[2026-06-16 21:05:55,456][root][INFO] - Epoch [1/5], Batch [96/300], Loss: 1.6305 (Overall: 1.1934, Change: 1.6885), TF Ratio: 0.981
[2026-06-16 21:05:55,610][root][INFO] - Epoch [1/5], Batch [97/300], Loss: 1.6269 (Overall: 1.0898, Change: 1.4816), TF Ratio: 0.981
[2026-06-16 21:06:31,825][root][INFO] - Epoch [1/5], Batch [98/300], Loss: 1.6228 (Overall: 0.9851, Change: 1.4636), TF Ratio: 0.980
[2026-06-16 21:06:31,977][root][INFO] - Epoch [1/5], Batch [99/300], Loss: 1.6188 (Overall: 1.1352, Change: 1.3091), TF Ratio: 0.980
[2026-06-16 21:06:48,167][root][INFO] - Epoch [1/5], Batch [100/300], Loss: 1.6152 (Overall: 1.0937, Change: 1.4363), TF Ratio: 0.980
[2026-06-16 21:06:48,321][root][INFO] - Epoch [1/5], Batch [101/300], Loss: 1.6129 (Overall: 1.1400, Change: 1.6273), TF Ratio: 0.980
[2026-06-16 21:06:48,472][root][INFO] - Epoch [1/5], Batch [102/300], Loss: 1.6101 (Overall: 1.0694, Change: 1.5707), TF Ratio: 0.980
[2026-06-16 21:06:48,622][root][INFO] - Epoch [1/5], Batch [103/300], Loss: 1.6093 (Overall: 1.2351, Change: 1.8329), TF Ratio: 0.979
[2026-06-16 21:06:48,778][root][INFO] - Epoch [1/5], Batch [104/300], Loss: 1.6033 (Overall: 0.9884, Change: 0.9822), TF Ratio: 0.979
[2026-06-16 21:06:48,929][root][INFO] - Epoch [1/5], Batch [105/300], Loss: 1.6012 (Overall: 1.0273, Change: 1.7271), TF Ratio: 0.979
[2026-06-16 21:06:49,080][root][INFO] - Epoch [1/5], Batch [106/300], Loss: 1.5988 (Overall: 1.0680, Change: 1.6427), TF Ratio: 0.979
[2026-06-16 21:06:49,231][root][INFO] - Epoch [1/5], Batch [107/300], Loss: 1.5959 (Overall: 0.9935, Change: 1.5690), TF Ratio: 0.979
[2026-06-16 21:07:53,865][root][INFO] - Epoch [1/5], Batch [108/300], Loss: 1.5923 (Overall: 1.1427, Change: 1.2807), TF Ratio: 0.978
[2026-06-16 21:07:54,019][root][INFO] - Epoch [1/5], Batch [109/300], Loss: 1.5902 (Overall: 1.0828, Change: 1.6413), TF Ratio: 0.978
[2026-06-16 21:08:21,876][root][INFO] - Epoch [1/5], Batch [110/300], Loss: 1.5885 (Overall: 1.2296, Change: 1.5741), TF Ratio: 0.978
[2026-06-16 21:08:22,027][root][INFO] - Epoch [1/5], Batch [111/300], Loss: 1.5857 (Overall: 1.0232, Change: 1.5288), TF Ratio: 0.978
[2026-06-16 21:08:37,991][root][INFO] - Epoch [1/5], Batch [112/300], Loss: 1.5850 (Overall: 1.1999, Change: 1.8246), TF Ratio: 0.978
[2026-06-16 21:08:38,148][root][INFO] - Epoch [1/5], Batch [113/300], Loss: 1.5835 (Overall: 1.2917, Change: 1.5302), TF Ratio: 0.977
[2026-06-16 21:08:38,300][root][INFO] - Epoch [1/5], Batch [114/300], Loss: 1.5818 (Overall: 1.0415, Change: 1.7405), TF Ratio: 0.977
[2026-06-16 21:08:38,451][root][INFO] - Epoch [1/5], Batch [115/300], Loss: 1.5786 (Overall: 0.9675, Change: 1.4602), TF Ratio: 0.977
[2026-06-16 21:08:38,604][root][INFO] - Epoch [1/5], Batch [116/300], Loss: 1.5765 (Overall: 1.0013, Change: 1.6620), TF Ratio: 0.977
[2026-06-16 21:08:38,756][root][INFO] - Epoch [1/5], Batch [117/300], Loss: 1.5752 (Overall: 1.1071, Change: 1.7392), TF Ratio: 0.977
[2026-06-16 21:08:38,907][root][INFO] - Epoch [1/5], Batch [118/300], Loss: 1.5737 (Overall: 1.1709, Change: 1.6422), TF Ratio: 0.976
[2026-06-16 21:08:39,058][root][INFO] - Epoch [1/5], Batch [119/300], Loss: 1.5713 (Overall: 1.0992, Change: 1.4611), TF Ratio: 0.976
[2026-06-16 21:09:39,002][root][INFO] - Epoch [1/5], Batch [120/300], Loss: 1.5717 (Overall: 1.4573, Change: 1.7969), TF Ratio: 0.976
[2026-06-16 21:09:39,156][root][INFO] - Epoch [1/5], Batch [121/300], Loss: 1.5709 (Overall: 1.3862, Change: 1.5634), TF Ratio: 0.976
[2026-06-16 21:10:43,771][root][INFO] - Epoch [1/5], Batch [122/300], Loss: 1.5692 (Overall: 1.1650, Change: 1.5449), TF Ratio: 0.976
[2026-06-16 21:10:43,923][root][INFO] - Epoch [1/5], Batch [123/300], Loss: 1.5676 (Overall: 1.1479, Change: 1.6070), TF Ratio: 0.975
[2026-06-16 21:11:08,113][root][INFO] - Epoch [1/5], Batch [124/300], Loss: 1.5670 (Overall: 1.2683, Change: 1.7282), TF Ratio: 0.975
[2026-06-16 21:11:08,267][root][INFO] - Epoch [1/5], Batch [125/300], Loss: 1.5652 (Overall: 1.0200, Change: 1.6553), TF Ratio: 0.975
[2026-06-16 21:11:08,417][root][INFO] - Epoch [1/5], Batch [126/300], Loss: 1.5642 (Overall: 0.9914, Change: 1.8971), TF Ratio: 0.975
[2026-06-16 21:11:08,567][root][INFO] - Epoch [1/5], Batch [127/300], Loss: 1.5613 (Overall: 0.9637, Change: 1.4252), TF Ratio: 0.975
[2026-06-16 21:11:08,720][root][INFO] - Epoch [1/5], Batch [128/300], Loss: 1.5608 (Overall: 1.1662, Change: 1.8166), TF Ratio: 0.974
[2026-06-16 21:11:08,871][root][INFO] - Epoch [1/5], Batch [129/300], Loss: 1.5583 (Overall: 0.9828, Change: 1.4974), TF Ratio: 0.974
[2026-06-16 21:11:09,021][root][INFO] - Epoch [1/5], Batch [130/300], Loss: 1.5557 (Overall: 1.0661, Change: 1.3742), TF Ratio: 0.974
[2026-06-16 21:11:09,172][root][INFO] - Epoch [1/5], Batch [131/300], Loss: 1.5536 (Overall: 1.1084, Change: 1.4649), TF Ratio: 0.974
[2026-06-16 21:11:36,663][root][INFO] - Epoch [1/5], Batch [132/300], Loss: 1.5516 (Overall: 1.1212, Change: 1.4329), TF Ratio: 0.974
[2026-06-16 21:11:36,818][root][INFO] - Epoch [1/5], Batch [133/300], Loss: 1.5503 (Overall: 1.0712, Change: 1.7116), TF Ratio: 0.973
[2026-06-16 21:12:47,982][root][INFO] - Epoch [1/5], Batch [134/300], Loss: 1.5487 (Overall: 1.1125, Change: 1.5583), TF Ratio: 0.973
[2026-06-16 21:12:48,132][root][INFO] - Epoch [1/5], Batch [135/300], Loss: 1.5468 (Overall: 0.9701, Change: 1.6071), TF Ratio: 0.973
[2026-06-16 21:13:23,763][root][INFO] - Epoch [1/5], Batch [136/300], Loss: 1.5451 (Overall: 1.0646, Change: 1.5624), TF Ratio: 0.973
[2026-06-16 21:13:23,920][root][INFO] - Epoch [1/5], Batch [137/300], Loss: 1.5447 (Overall: 1.1522, Change: 1.8355), TF Ratio: 0.973
[2026-06-16 21:13:24,072][root][INFO] - Epoch [1/5], Batch [138/300], Loss: 1.5429 (Overall: 1.1500, Change: 1.4269), TF Ratio: 0.972
[2026-06-16 21:13:24,222][root][INFO] - Epoch [1/5], Batch [139/300], Loss: 1.5403 (Overall: 0.8305, Change: 1.5287), TF Ratio: 0.972
[2026-06-16 21:13:24,375][root][INFO] - Epoch [1/5], Batch [140/300], Loss: 1.5398 (Overall: 1.3313, Change: 1.6108), TF Ratio: 0.972
[2026-06-16 21:13:24,526][root][INFO] - Epoch [1/5], Batch [141/300], Loss: 1.5372 (Overall: 1.0851, Change: 1.2818), TF Ratio: 0.972
[2026-06-16 21:13:24,678][root][INFO] - Epoch [1/5], Batch [142/300], Loss: 1.5375 (Overall: 1.4934, Change: 1.6669), TF Ratio: 0.972
[2026-06-16 21:13:24,829][root][INFO] - Epoch [1/5], Batch [143/300], Loss: 1.5349 (Overall: 1.0523, Change: 1.2730), TF Ratio: 0.971
[2026-06-16 21:13:35,305][root][INFO] - Epoch [1/5], Batch [144/300], Loss: 1.5330 (Overall: 0.9555, Change: 1.5638), TF Ratio: 0.971
[2026-06-16 21:13:35,458][root][INFO] - Epoch [1/5], Batch [145/300], Loss: 1.5313 (Overall: 0.9837, Change: 1.5760), TF Ratio: 0.971
[2026-06-16 21:14:18,898][root][INFO] - Epoch [1/5], Batch [146/300], Loss: 1.5289 (Overall: 1.0350, Change: 1.3273), TF Ratio: 0.971
[2026-06-16 21:14:19,049][root][INFO] - Epoch [1/5], Batch [147/300], Loss: 1.5265 (Overall: 0.9851, Change: 1.3753), TF Ratio: 0.971
[2026-06-16 21:16:18,963][root][INFO] - Epoch [1/5], Batch [148/300], Loss: 1.5233 (Overall: 0.9757, Change: 1.1272), TF Ratio: 0.970
[2026-06-16 21:16:19,118][root][INFO] - Epoch [1/5], Batch [149/300], Loss: 1.5200 (Overall: 0.9744, Change: 1.1026), TF Ratio: 0.970
[2026-06-16 21:16:19,270][root][INFO] - Epoch [1/5], Batch [150/300], Loss: 1.5178 (Overall: 1.0799, Change: 1.2890), TF Ratio: 0.970
[2026-06-16 21:16:19,422][root][INFO] - Epoch [1/5], Batch [151/300], Loss: 1.5177 (Overall: 1.1883, Change: 1.8230), TF Ratio: 0.970
[2026-06-16 21:16:19,575][root][INFO] - Epoch [1/5], Batch [152/300], Loss: 1.5170 (Overall: 1.1814, Change: 1.6397), TF Ratio: 0.970
[2026-06-16 21:16:19,728][root][INFO] - Epoch [1/5], Batch [153/300], Loss: 1.5156 (Overall: 1.0646, Change: 1.5410), TF Ratio: 0.969
[2026-06-16 21:16:19,882][root][INFO] - Epoch [1/5], Batch [154/300], Loss: 1.5147 (Overall: 1.2073, Change: 1.5544), TF Ratio: 0.969
[2026-06-16 21:16:20,035][root][INFO] - Epoch [1/5], Batch [155/300], Loss: 1.5127 (Overall: 1.0489, Change: 1.3658), TF Ratio: 0.969
[2026-06-16 21:16:20,190][root][INFO] - Epoch [1/5], Batch [156/300], Loss: 1.5119 (Overall: 1.1663, Change: 1.5906), TF Ratio: 0.969
[2026-06-16 21:16:20,341][root][INFO] - Epoch [1/5], Batch [157/300], Loss: 1.5113 (Overall: 1.1352, Change: 1.7105), TF Ratio: 0.969
[2026-06-16 21:16:20,492][root][INFO] - Epoch [1/5], Batch [158/300], Loss: 1.5089 (Overall: 1.1334, Change: 1.1401), TF Ratio: 0.968
[2026-06-16 21:16:20,643][root][INFO] - Epoch [1/5], Batch [159/300], Loss: 1.5071 (Overall: 1.0435, Change: 1.3861), TF Ratio: 0.968
[2026-06-16 21:18:28,210][root][INFO] - Epoch [1/5], Batch [160/300], Loss: 1.5058 (Overall: 1.0275, Change: 1.5787), TF Ratio: 0.968
[2026-06-16 21:18:28,370][root][INFO] - Epoch [1/5], Batch [161/300], Loss: 1.5050 (Overall: 1.0179, Change: 1.7312), TF Ratio: 0.968
[2026-06-16 21:18:28,522][root][INFO] - Epoch [1/5], Batch [162/300], Loss: 1.5033 (Overall: 0.9749, Change: 1.4923), TF Ratio: 0.968
[2026-06-16 21:18:28,673][root][INFO] - Epoch [1/5], Batch [163/300], Loss: 1.5024 (Overall: 1.0808, Change: 1.6143), TF Ratio: 0.967
[2026-06-16 21:18:28,826][root][INFO] - Epoch [1/5], Batch [164/300], Loss: 1.5010 (Overall: 1.0900, Change: 1.4563), TF Ratio: 0.967
[2026-06-16 21:18:28,978][root][INFO] - Epoch [1/5], Batch [165/300], Loss: 1.5000 (Overall: 1.0577, Change: 1.6245), TF Ratio: 0.967
[2026-06-16 21:18:29,130][root][INFO] - Epoch [1/5], Batch [166/300], Loss: 1.4978 (Overall: 1.3167, Change: 0.9348), TF Ratio: 0.967
[2026-06-16 21:18:29,281][root][INFO] - Epoch [1/5], Batch [167/300], Loss: 1.4957 (Overall: 0.9436, Change: 1.3773), TF Ratio: 0.967
[2026-06-16 21:18:29,434][root][INFO] - Epoch [1/5], Batch [168/300], Loss: 1.4935 (Overall: 0.8995, Change: 1.3485), TF Ratio: 0.966
[2026-06-16 21:18:29,586][root][INFO] - Epoch [1/5], Batch [169/300], Loss: 1.4925 (Overall: 1.1433, Change: 1.5133), TF Ratio: 0.966
[2026-06-16 21:18:29,737][root][INFO] - Epoch [1/5], Batch [170/300], Loss: 1.4912 (Overall: 1.2270, Change: 1.2976), TF Ratio: 0.966
[2026-06-16 21:18:29,889][root][INFO] - Epoch [1/5], Batch [171/300], Loss: 1.4903 (Overall: 1.1169, Change: 1.5707), TF Ratio: 0.966
[2026-06-16 21:20:10,320][root][INFO] - Epoch [1/5], Batch [172/300], Loss: 1.4883 (Overall: 0.9388, Change: 1.3412), TF Ratio: 0.966
[2026-06-16 21:20:10,475][root][INFO] - Epoch [1/5], Batch [173/300], Loss: 1.4881 (Overall: 1.2609, Change: 1.6627), TF Ratio: 0.965
[2026-06-16 21:20:10,625][root][INFO] - Epoch [1/5], Batch [174/300], Loss: 1.4864 (Overall: 0.8446, Change: 1.5249), TF Ratio: 0.965
[2026-06-16 21:20:10,777][root][INFO] - Epoch [1/5], Batch [175/300], Loss: 1.4845 (Overall: 1.0436, Change: 1.2586), TF Ratio: 0.965
[2026-06-16 21:20:10,930][root][INFO] - Epoch [1/5], Batch [176/300], Loss: 1.4837 (Overall: 1.2329, Change: 1.4784), TF Ratio: 0.965
[2026-06-16 21:20:11,081][root][INFO] - Epoch [1/5], Batch [177/300], Loss: 1.4821 (Overall: 1.0569, Change: 1.3154), TF Ratio: 0.965
[2026-06-16 21:20:11,233][root][INFO] - Epoch [1/5], Batch [178/300], Loss: 1.4804 (Overall: 1.0159, Change: 1.3399), TF Ratio: 0.964
[2026-06-16 21:20:11,385][root][INFO] - Epoch [1/5], Batch [179/300], Loss: 1.4790 (Overall: 0.8793, Change: 1.6072), TF Ratio: 0.964
[2026-06-16 21:20:11,539][root][INFO] - Epoch [1/5], Batch [180/300], Loss: 1.4783 (Overall: 1.0094, Change: 1.6965), TF Ratio: 0.964
[2026-06-16 21:20:11,691][root][INFO] - Epoch [1/5], Batch [181/300], Loss: 1.4774 (Overall: 0.8678, Change: 1.7563), TF Ratio: 0.964
[2026-06-16 21:21:13,041][root][INFO] - Epoch [1/5], Batch [182/300], Loss: 1.4759 (Overall: 0.9783, Change: 1.4122), TF Ratio: 0.964
[2026-06-16 21:21:13,193][root][INFO] - Epoch [1/5], Batch [183/300], Loss: 1.4747 (Overall: 1.1284, Change: 1.3863), TF Ratio: 0.963
[2026-06-16 21:22:13,619][root][INFO] - Epoch [1/5], Batch [184/300], Loss: 1.4748 (Overall: 1.3956, Change: 1.5994), TF Ratio: 0.963
[2026-06-16 21:22:13,779][root][INFO] - Epoch [1/5], Batch [185/300], Loss: 1.4725 (Overall: 0.8580, Change: 1.2472), TF Ratio: 0.963
[2026-06-16 21:22:13,930][root][INFO] - Epoch [1/5], Batch [186/300], Loss: 1.4718 (Overall: 1.0417, Change: 1.6328), TF Ratio: 0.963
[2026-06-16 21:22:14,082][root][INFO] - Epoch [1/5], Batch [187/300], Loss: 1.4721 (Overall: 1.1511, Change: 1.9273), TF Ratio: 0.963
[2026-06-16 21:22:14,235][root][INFO] - Epoch [1/5], Batch [188/300], Loss: 1.4705 (Overall: 1.0681, Change: 1.2652), TF Ratio: 0.962
[2026-06-16 21:22:14,387][root][INFO] - Epoch [1/5], Batch [189/300], Loss: 1.4691 (Overall: 1.1287, Change: 1.2794), TF Ratio: 0.962
[2026-06-16 21:22:14,539][root][INFO] - Epoch [1/5], Batch [190/300], Loss: 1.4680 (Overall: 0.9947, Change: 1.5396), TF Ratio: 0.962
[2026-06-16 21:22:14,690][root][INFO] - Epoch [1/5], Batch [191/300], Loss: 1.4677 (Overall: 1.0918, Change: 1.6954), TF Ratio: 0.962
[2026-06-16 21:22:14,843][root][INFO] - Epoch [1/5], Batch [192/300], Loss: 1.4668 (Overall: 0.9996, Change: 1.5948), TF Ratio: 0.962
[2026-06-16 21:22:14,995][root][INFO] - Epoch [1/5], Batch [193/300], Loss: 1.4641 (Overall: 0.8076, Change: 1.1070), TF Ratio: 0.961
[2026-06-16 21:22:34,044][root][INFO] - Epoch [1/5], Batch [194/300], Loss: 1.4636 (Overall: 1.2718, Change: 1.4647), TF Ratio: 0.961
[2026-06-16 21:22:34,195][root][INFO] - Epoch [1/5], Batch [195/300], Loss: 1.4630 (Overall: 0.9088, Change: 1.7845), TF Ratio: 0.961
[2026-06-16 21:23:54,382][root][INFO] - Epoch [1/5], Batch [196/300], Loss: 1.4620 (Overall: 1.0618, Change: 1.4773), TF Ratio: 0.961
[2026-06-16 21:23:54,536][root][INFO] - Epoch [1/5], Batch [197/300], Loss: 1.4605 (Overall: 1.0028, Change: 1.3262), TF Ratio: 0.961
[2026-06-16 21:23:54,687][root][INFO] - Epoch [1/5], Batch [198/300], Loss: 1.4613 (Overall: 1.4333, Change: 1.7748), TF Ratio: 0.960
[2026-06-16 21:23:54,838][root][INFO] - Epoch [1/5], Batch [199/300], Loss: 1.4614 (Overall: 1.2312, Change: 1.7605), TF Ratio: 0.960
[2026-06-16 21:23:54,991][root][INFO] - Epoch [1/5], Batch [200/300], Loss: 1.4603 (Overall: 0.8458, Change: 1.6069), TF Ratio: 0.960
[2026-06-16 21:23:55,142][root][INFO] - Epoch [1/5], Batch [201/300], Loss: 1.4601 (Overall: 1.1494, Change: 1.7045), TF Ratio: 0.960
[2026-06-16 21:23:55,294][root][INFO] - Epoch [1/5], Batch [202/300], Loss: 1.4589 (Overall: 1.0027, Change: 1.4241), TF Ratio: 0.960
[2026-06-16 21:23:55,446][root][INFO] - Epoch [1/5], Batch [203/300], Loss: 1.4587 (Overall: 1.4334, Change: 1.4096), TF Ratio: 0.959
[2026-06-16 21:23:55,599][root][INFO] - Epoch [1/5], Batch [204/300], Loss: 1.4579 (Overall: 1.0970, Change: 1.4918), TF Ratio: 0.959
[2026-06-16 21:23:55,752][root][INFO] - Epoch [1/5], Batch [205/300], Loss: 1.4571 (Overall: 1.0829, Change: 1.5064), TF Ratio: 0.959
[2026-06-16 21:24:33,524][root][INFO] - Epoch [1/5], Batch [206/300], Loss: 1.4589 (Overall: 1.1431, Change: 2.5176), TF Ratio: 0.959
[2026-06-16 21:24:33,676][root][INFO] - Epoch [1/5], Batch [207/300], Loss: 1.4582 (Overall: 1.1561, Change: 1.4786), TF Ratio: 0.959
[2026-06-16 21:25:50,541][root][INFO] - Epoch [1/5], Batch [208/300], Loss: 1.4566 (Overall: 0.8048, Change: 1.4266), TF Ratio: 0.958
[2026-06-16 21:25:50,699][root][INFO] - Epoch [1/5], Batch [209/300], Loss: 1.4566 (Overall: 1.3428, Change: 1.5707), TF Ratio: 0.958
[2026-06-16 21:25:50,850][root][INFO] - Epoch [1/5], Batch [210/300], Loss: 1.4559 (Overall: 1.0378, Change: 1.5837), TF Ratio: 0.958
[2026-06-16 21:25:51,001][root][INFO] - Epoch [1/5], Batch [211/300], Loss: 1.4543 (Overall: 0.8595, Change: 1.3942), TF Ratio: 0.958
[2026-06-16 21:25:51,154][root][INFO] - Epoch [1/5], Batch [212/300], Loss: 1.4544 (Overall: 1.0800, Change: 1.8585), TF Ratio: 0.958
[2026-06-16 21:25:51,306][root][INFO] - Epoch [1/5], Batch [213/300], Loss: 1.4541 (Overall: 0.9148, Change: 1.8678), TF Ratio: 0.957
[2026-06-16 21:25:51,457][root][INFO] - Epoch [1/5], Batch [214/300], Loss: 1.4534 (Overall: 0.9759, Change: 1.6379), TF Ratio: 0.957
[2026-06-16 21:25:51,608][root][INFO] - Epoch [1/5], Batch [215/300], Loss: 1.4523 (Overall: 0.9859, Change: 1.4420), TF Ratio: 0.957
[2026-06-16 21:25:51,762][root][INFO] - Epoch [1/5], Batch [216/300], Loss: 1.4526 (Overall: 1.3159, Change: 1.7292), TF Ratio: 0.957
[2026-06-16 21:25:51,913][root][INFO] - Epoch [1/5], Batch [217/300], Loss: 1.4512 (Overall: 0.8712, Change: 1.4399), TF Ratio: 0.957
[2026-06-16 21:26:38,851][root][INFO] - Epoch [1/5], Batch [218/300], Loss: 1.4510 (Overall: 1.0561, Change: 1.7425), TF Ratio: 0.956
[2026-06-16 21:26:39,002][root][INFO] - Epoch [1/5], Batch [219/300], Loss: 1.4494 (Overall: 0.9585, Change: 1.2610), TF Ratio: 0.956
[2026-06-16 21:27:38,477][root][INFO] - Epoch [1/5], Batch [220/300], Loss: 1.4479 (Overall: 0.8611, Change: 1.3590), TF Ratio: 0.956
[2026-06-16 21:27:38,633][root][INFO] - Epoch [1/5], Batch [221/300], Loss: 1.4468 (Overall: 1.1390, Change: 1.2483), TF Ratio: 0.956
[2026-06-16 21:27:38,784][root][INFO] - Epoch [1/5], Batch [222/300], Loss: 1.4468 (Overall: 1.5591, Change: 1.3324), TF Ratio: 0.956
[2026-06-16 21:27:38,936][root][INFO] - Epoch [1/5], Batch [223/300], Loss: 1.4450 (Overall: 0.8302, Change: 1.3033), TF Ratio: 0.955
[2026-06-16 21:27:39,091][root][INFO] - Epoch [1/5], Batch [224/300], Loss: 1.4444 (Overall: 0.9144, Change: 1.6721), TF Ratio: 0.955
[2026-06-16 21:27:39,245][root][INFO] - Epoch [1/5], Batch [225/300], Loss: 1.4439 (Overall: 1.0092, Change: 1.6731), TF Ratio: 0.955
[2026-06-16 21:27:39,397][root][INFO] - Epoch [1/5], Batch [226/300], Loss: 1.4425 (Overall: 1.0611, Change: 1.1740), TF Ratio: 0.955
[2026-06-16 21:27:39,548][root][INFO] - Epoch [1/5], Batch [227/300], Loss: 1.4409 (Overall: 1.0123, Change: 1.1677), TF Ratio: 0.955
[2026-06-16 21:27:39,702][root][INFO] - Epoch [1/5], Batch [228/300], Loss: 1.4405 (Overall: 1.0099, Change: 1.6947), TF Ratio: 0.954
[2026-06-16 21:27:39,854][root][INFO] - Epoch [1/5], Batch [229/300], Loss: 1.4409 (Overall: 0.9087, Change: 2.1619), TF Ratio: 0.954
[2026-06-16 21:28:46,355][root][INFO] - Epoch [1/5], Batch [230/300], Loss: 1.4409 (Overall: 1.0838, Change: 1.7914), TF Ratio: 0.954
[2026-06-16 21:28:46,506][root][INFO] - Epoch [1/5], Batch [231/300], Loss: 1.4402 (Overall: 1.1871, Change: 1.3686), TF Ratio: 0.954
[2026-06-16 21:29:09,270][root][INFO] - Epoch [1/5], Batch [232/300], Loss: 1.4386 (Overall: 0.8729, Change: 1.2428), TF Ratio: 0.954
[2026-06-16 21:29:09,427][root][INFO] - Epoch [1/5], Batch [233/300], Loss: 1.4374 (Overall: 0.8548, Change: 1.4940), TF Ratio: 0.953
[2026-06-16 21:29:09,577][root][INFO] - Epoch [1/5], Batch [234/300], Loss: 1.4356 (Overall: 0.7809, Change: 1.2220), TF Ratio: 0.953
[2026-06-16 21:29:09,727][root][INFO] - Epoch [1/5], Batch [235/300], Loss: 1.4341 (Overall: 0.7421, Change: 1.4196), TF Ratio: 0.953
[2026-06-16 21:29:09,880][root][INFO] - Epoch [1/5], Batch [236/300], Loss: 1.4332 (Overall: 0.9859, Change: 1.4738), TF Ratio: 0.953
[2026-06-16 21:29:10,031][root][INFO] - Epoch [1/5], Batch [237/300], Loss: 1.4323 (Overall: 1.1128, Change: 1.3491), TF Ratio: 0.953
[2026-06-16 21:29:10,182][root][INFO] - Epoch [1/5], Batch [238/300], Loss: 1.4313 (Overall: 1.1092, Change: 1.2670), TF Ratio: 0.952
[2026-06-16 21:29:10,332][root][INFO] - Epoch [1/5], Batch [239/300], Loss: 1.4293 (Overall: 0.8516, Change: 1.0325), TF Ratio: 0.952
[2026-06-16 21:29:10,484][root][INFO] - Epoch [1/5], Batch [240/300], Loss: 1.4278 (Overall: 0.7856, Change: 1.3879), TF Ratio: 0.952
[2026-06-16 21:29:10,635][root][INFO] - Epoch [1/5], Batch [241/300], Loss: 1.4274 (Overall: 1.1181, Change: 1.5189), TF Ratio: 0.952
[2026-06-16 21:30:33,103][root][INFO] - Epoch [1/5], Batch [242/300], Loss: 1.4255 (Overall: 0.8109, Change: 1.1447), TF Ratio: 0.952
[2026-06-16 21:30:33,254][root][INFO] - Epoch [1/5], Batch [243/300], Loss: 1.4246 (Overall: 0.8469, Change: 1.5591), TF Ratio: 0.951
[2026-06-16 21:30:46,713][root][INFO] - Epoch [1/5], Batch [244/300], Loss: 1.4230 (Overall: 0.8840, Change: 1.1711), TF Ratio: 0.951
[2026-06-16 21:30:46,867][root][INFO] - Epoch [1/5], Batch [245/300], Loss: 1.4226 (Overall: 0.9068, Change: 1.7406), TF Ratio: 0.951
[2026-06-16 21:30:47,018][root][INFO] - Epoch [1/5], Batch [246/300], Loss: 1.4218 (Overall: 1.0278, Change: 1.4545), TF Ratio: 0.951
[2026-06-16 21:30:47,169][root][INFO] - Epoch [1/5], Batch [247/300], Loss: 1.4207 (Overall: 0.8946, Change: 1.3727), TF Ratio: 0.951
[2026-06-16 21:30:47,324][root][INFO] - Epoch [1/5], Batch [248/300], Loss: 1.4193 (Overall: 0.8430, Change: 1.2955), TF Ratio: 0.950
[2026-06-16 21:30:47,475][root][INFO] - Epoch [1/5], Batch [249/300], Loss: 1.4186 (Overall: 1.0757, Change: 1.4406), TF Ratio: 0.950
[2026-06-16 21:30:47,625][root][INFO] - Epoch [1/5], Batch [250/300], Loss: 1.4183 (Overall: 1.1474, Change: 1.5212), TF Ratio: 0.950
[2026-06-16 21:30:47,776][root][INFO] - Epoch [1/5], Batch [251/300], Loss: 1.4160 (Overall: 0.8079, Change: 0.8837), TF Ratio: 0.950
[2026-06-16 21:31:33,097][root][INFO] - Epoch [1/5], Batch [252/300], Loss: 1.4148 (Overall: 0.9460, Change: 1.2942), TF Ratio: 0.950
[2026-06-16 21:31:33,252][root][INFO] - Epoch [1/5], Batch [253/300], Loss: 1.4147 (Overall: 1.2198, Change: 1.5595), TF Ratio: 0.949
[2026-06-16 21:32:07,221][root][INFO] - Epoch [1/5], Batch [254/300], Loss: 1.4141 (Overall: 0.8131, Change: 1.6755), TF Ratio: 0.949
[2026-06-16 21:32:07,372][root][INFO] - Epoch [1/5], Batch [255/300], Loss: 1.4139 (Overall: 1.1465, Change: 1.5945), TF Ratio: 0.949
[2026-06-16 21:32:54,967][root][INFO] - Epoch [1/5], Batch [256/300], Loss: 1.4120 (Overall: 0.9107, Change: 0.9643), TF Ratio: 0.949
[2026-06-16 21:32:55,122][root][INFO] - Epoch [1/5], Batch [257/300], Loss: 1.4113 (Overall: 0.8281, Change: 1.6502), TF Ratio: 0.949
[2026-06-16 21:32:55,274][root][INFO] - Epoch [1/5], Batch [258/300], Loss: 1.4109 (Overall: 0.8766, Change: 1.7110), TF Ratio: 0.948
[2026-06-16 21:32:55,425][root][INFO] - Epoch [1/5], Batch [259/300], Loss: 1.4102 (Overall: 1.0066, Change: 1.4657), TF Ratio: 0.948
[2026-06-16 21:32:55,579][root][INFO] - Epoch [1/5], Batch [260/300], Loss: 1.4090 (Overall: 1.0226, Change: 1.1688), TF Ratio: 0.948
[2026-06-16 21:32:55,731][root][INFO] - Epoch [1/5], Batch [261/300], Loss: 1.4082 (Overall: 0.8568, Change: 1.5456), TF Ratio: 0.948
[2026-06-16 21:32:55,883][root][INFO] - Epoch [1/5], Batch [262/300], Loss: 1.4087 (Overall: 1.0053, Change: 2.0900), TF Ratio: 0.948
[2026-06-16 21:32:56,034][root][INFO] - Epoch [1/5], Batch [263/300], Loss: 1.4080 (Overall: 0.9330, Change: 1.4764), TF Ratio: 0.947
[2026-06-16 21:32:59,475][root][INFO] - Epoch [1/5], Batch [264/300], Loss: 1.4076 (Overall: 0.9777, Change: 1.6631), TF Ratio: 0.947
[2026-06-16 21:32:59,628][root][INFO] - Epoch [1/5], Batch [265/300], Loss: 1.4069 (Overall: 0.7837, Change: 1.6261), TF Ratio: 0.947
[2026-06-16 21:34:05,091][root][INFO] - Epoch [1/5], Batch [266/300], Loss: 1.4057 (Overall: 0.9811, Change: 1.2109), TF Ratio: 0.947
[2026-06-16 21:34:05,242][root][INFO] - Epoch [1/5], Batch [267/300], Loss: 1.4058 (Overall: 1.0617, Change: 1.8004), TF Ratio: 0.947
[2026-06-16 21:34:48,206][root][INFO] - Epoch [1/5], Batch [268/300], Loss: 1.4047 (Overall: 0.7793, Change: 1.4295), TF Ratio: 0.946
[2026-06-16 21:34:48,360][root][INFO] - Epoch [1/5], Batch [269/300], Loss: 1.4042 (Overall: 1.0093, Change: 1.5555), TF Ratio: 0.946
[2026-06-16 21:34:48,511][root][INFO] - Epoch [1/5], Batch [270/300], Loss: 1.4029 (Overall: 0.9318, Change: 1.1869), TF Ratio: 0.946
[2026-06-16 21:34:48,662][root][INFO] - Epoch [1/5], Batch [271/300], Loss: 1.4026 (Overall: 1.0476, Change: 1.5560), TF Ratio: 0.946
[2026-06-16 21:34:48,816][root][INFO] - Epoch [1/5], Batch [272/300], Loss: 1.4017 (Overall: 0.8154, Change: 1.4929), TF Ratio: 0.946
[2026-06-16 21:34:48,967][root][INFO] - Epoch [1/5], Batch [273/300], Loss: 1.3998 (Overall: 0.7812, Change: 1.0350), TF Ratio: 0.945
[2026-06-16 21:34:49,117][root][INFO] - Epoch [1/5], Batch [274/300], Loss: 1.3982 (Overall: 0.8446, Change: 1.0368), TF Ratio: 0.945
[2026-06-16 21:34:49,268][root][INFO] - Epoch [1/5], Batch [275/300], Loss: 1.3982 (Overall: 1.2035, Change: 1.6180), TF Ratio: 0.945
[2026-06-16 21:35:15,942][root][INFO] - Epoch [1/5], Batch [276/300], Loss: 1.3975 (Overall: 0.7950, Change: 1.5930), TF Ratio: 0.945
[2026-06-16 21:35:16,095][root][INFO] - Epoch [1/5], Batch [277/300], Loss: 1.3970 (Overall: 0.8656, Change: 1.6458), TF Ratio: 0.945
[2026-06-16 21:35:44,830][root][INFO] - Epoch [1/5], Batch [278/300], Loss: 1.3963 (Overall: 0.8086, Change: 1.6386), TF Ratio: 0.944
[2026-06-16 21:35:44,982][root][INFO] - Epoch [1/5], Batch [279/300], Loss: 1.3955 (Overall: 0.9486, Change: 1.3504), TF Ratio: 0.944
[2026-06-16 21:36:12,840][root][INFO] - Epoch [1/5], Batch [280/300], Loss: 1.3948 (Overall: 0.8604, Change: 1.5445), TF Ratio: 0.944
[2026-06-16 21:36:12,997][root][INFO] - Epoch [1/5], Batch [281/300], Loss: 1.3947 (Overall: 1.0423, Change: 1.6842), TF Ratio: 0.944
[2026-06-16 21:36:13,148][root][INFO] - Epoch [1/5], Batch [282/300], Loss: 1.3944 (Overall: 0.8180, Change: 1.8243), TF Ratio: 0.944
[2026-06-16 21:36:13,299][root][INFO] - Epoch [1/5], Batch [283/300], Loss: 1.3932 (Overall: 0.8789, Change: 1.2371), TF Ratio: 0.943
[2026-06-16 21:36:13,453][root][INFO] - Epoch [1/5], Batch [284/300], Loss: 1.3926 (Overall: 1.0795, Change: 1.3418), TF Ratio: 0.943
[2026-06-16 21:36:13,604][root][INFO] - Epoch [1/5], Batch [285/300], Loss: 1.3947 (Overall: 1.7536, Change: 2.2342), TF Ratio: 0.943
[2026-06-16 21:36:13,755][root][INFO] - Epoch [1/5], Batch [286/300], Loss: 1.3934 (Overall: 0.7712, Change: 1.3108), TF Ratio: 0.943
[2026-06-16 21:36:13,905][root][INFO] - Epoch [1/5], Batch [287/300], Loss: 1.3932 (Overall: 1.1315, Change: 1.5424), TF Ratio: 0.943
[2026-06-16 21:36:34,437][root][INFO] - Epoch [1/5], Batch [288/300], Loss: 1.3942 (Overall: 1.4908, Change: 1.8513), TF Ratio: 0.942
[2026-06-16 21:36:34,591][root][INFO] - Epoch [1/5], Batch [289/300], Loss: 1.3934 (Overall: 0.9649, Change: 1.3497), TF Ratio: 0.942
[2026-06-16 21:37:04,896][root][INFO] - Epoch [1/5], Batch [290/300], Loss: 1.3930 (Overall: 0.9870, Change: 1.5691), TF Ratio: 0.942
[2026-06-16 21:37:05,047][root][INFO] - Epoch [1/5], Batch [291/300], Loss: 1.3921 (Overall: 0.8059, Change: 1.4533), TF Ratio: 0.942
[2026-06-16 21:37:05,200][root][INFO] - Epoch [1/5], Batch [292/300], Loss: 1.3917 (Overall: 1.0097, Change: 1.5407), TF Ratio: 0.942
[2026-06-16 21:37:05,352][root][INFO] - Epoch [1/5], Batch [293/300], Loss: 1.3904 (Overall: 0.8999, Change: 1.1189), TF Ratio: 0.941
[2026-06-16 21:37:05,504][root][INFO] - Epoch [1/5], Batch [294/300], Loss: 1.3894 (Overall: 0.8999, Change: 1.3294), TF Ratio: 0.941
[2026-06-16 21:37:05,655][root][INFO] - Epoch [1/5], Batch [295/300], Loss: 1.3887 (Overall: 1.0813, Change: 1.2824), TF Ratio: 0.941
[2026-06-16 21:37:05,811][root][INFO] - Epoch [1/5], Batch [296/300], Loss: 1.3879 (Overall: 0.7964, Change: 1.4641), TF Ratio: 0.941
[2026-06-16 21:37:05,963][root][INFO] - Epoch [1/5], Batch [297/300], Loss: 1.3876 (Overall: 1.0821, Change: 1.5501), TF Ratio: 0.941
[2026-06-16 21:37:06,113][root][INFO] - Epoch [1/5], Batch [298/300], Loss: 1.3874 (Overall: 0.8722, Change: 1.7540), TF Ratio: 0.940
[2026-06-16 21:37:06,264][root][INFO] - Epoch [1/5], Batch [299/300], Loss: 1.3868 (Overall: 0.8656, Change: 1.5923), TF Ratio: 0.940
[2026-06-16 21:38:28,196][root][INFO] - Epoch [1/5], Batch [300/300], Loss: 1.3864 (Overall: 1.0595, Change: 1.4552), TF Ratio: 0.940
[2026-06-16 21:39:16,301][root][INFO] - Epoch 1 done. Validating...
[2026-06-16 21:42:27,363][root][INFO] - Epoch [1/5] | Train: 1.3908 | Val: 0.7935
[2026-06-16 21:42:30,866][root][INFO] - Checkpoint saved: /gpfs/scratch/bsc32/bsc096444/ai4land-tfm/trained_models/unet_impl/41825199/best_model.pth
[2026-06-16 21:42:31,065][root][INFO] - Checkpoint saved: /gpfs/scratch/bsc32/bsc096444/ai4land-tfm/trained_models/unet_impl/41825199/model_epoch_1.pth
[2026-06-16 21:45:14,833][root][INFO] - Epoch [2/5], Batch [1/300], Loss: 0.9596 (Overall: 0.7057, Change: 1.2134), TF Ratio: 0.940
[2026-06-16 21:45:14,985][root][INFO] - Epoch [2/5], Batch [2/300], Loss: 1.0202 (Overall: 0.7082, Change: 1.4534), TF Ratio: 0.940
[2026-06-16 21:45:15,136][root][INFO] - Epoch [2/5], Batch [3/300], Loss: 0.9900 (Overall: 0.7419, Change: 1.1177), TF Ratio: 0.939
[2026-06-16 21:45:15,657][root][INFO] - Epoch [2/5], Batch [4/300], Loss: 1.1086 (Overall: 1.3727, Change: 1.5558), TF Ratio: 0.939
[2026-06-16 21:45:15,810][root][INFO] - Epoch [2/5], Batch [5/300], Loss: 1.1731 (Overall: 1.2789, Change: 1.5836), TF Ratio: 0.939
[2026-06-16 21:45:15,961][root][INFO] - Epoch [2/5], Batch [6/300], Loss: 1.1969 (Overall: 0.9086, Change: 1.7229), TF Ratio: 0.939
[2026-06-16 21:45:16,112][root][INFO] - Epoch [2/5], Batch [7/300], Loss: 1.2178 (Overall: 1.0701, Change: 1.6157), TF Ratio: 0.939
[2026-06-16 21:45:16,266][root][INFO] - Epoch [2/5], Batch [8/300], Loss: 1.2132 (Overall: 0.8820, Change: 1.4808), TF Ratio: 0.938
[2026-06-16 21:45:16,418][root][INFO] - Epoch [2/5], Batch [9/300], Loss: 1.1945 (Overall: 0.7355, Change: 1.3549), TF Ratio: 0.938
[2026-06-16 21:45:16,569][root][INFO] - Epoch [2/5], Batch [10/300], Loss: 1.2156 (Overall: 1.3840, Change: 1.4252), TF Ratio: 0.938
[2026-06-16 21:45:16,721][root][INFO] - Epoch [2/5], Batch [11/300], Loss: 1.1932 (Overall: 0.8347, Change: 1.1041), TF Ratio: 0.938
[2026-06-16 21:46:56,232][root][INFO] - Epoch [2/5], Batch [12/300], Loss: 1.1928 (Overall: 1.1438, Change: 1.2346), TF Ratio: 0.938
[2026-06-16 21:47:05,196][root][INFO] - Epoch [2/5], Batch [13/300], Loss: 1.2181 (Overall: 1.4411, Change: 1.6011), TF Ratio: 0.937
[2026-06-16 21:47:05,347][root][INFO] - Epoch [2/5], Batch [14/300], Loss: 1.2259 (Overall: 0.9437, Change: 1.7113), TF Ratio: 0.937
[2026-06-16 21:47:05,497][root][INFO] - Epoch [2/5], Batch [15/300], Loss: 1.2178 (Overall: 0.8870, Change: 1.3212), TF Ratio: 0.937
[2026-06-16 21:47:56,874][root][INFO] - Epoch [2/5], Batch [16/300], Loss: 1.1989 (Overall: 0.7628, Change: 1.0670), TF Ratio: 0.937
[2026-06-16 21:47:57,026][root][INFO] - Epoch [2/5], Batch [17/300], Loss: 1.2042 (Overall: 0.9563, Change: 1.6244), TF Ratio: 0.937
[2026-06-16 21:47:57,178][root][INFO] - Epoch [2/5], Batch [18/300], Loss: 1.1954 (Overall: 0.7707, Change: 1.3193), TF Ratio: 0.936
[2026-06-16 21:47:57,329][root][INFO] - Epoch [2/5], Batch [19/300], Loss: 1.1857 (Overall: 0.7772, Change: 1.2442), TF Ratio: 0.936
[2026-06-16 21:47:57,483][root][INFO] - Epoch [2/5], Batch [20/300], Loss: 1.1796 (Overall: 0.8336, Change: 1.2939), TF Ratio: 0.936
[2026-06-16 21:47:57,634][root][INFO] - Epoch [2/5], Batch [21/300], Loss: 1.1751 (Overall: 0.9913, Change: 1.1810), TF Ratio: 0.936
[2026-06-16 21:47:57,784][root][INFO] - Epoch [2/5], Batch [22/300], Loss: 1.1839 (Overall: 1.0011, Change: 1.7332), TF Ratio: 0.936
[2026-06-16 21:47:57,935][root][INFO] - Epoch [2/5], Batch [23/300], Loss: 1.1921 (Overall: 1.1233, Change: 1.6227), TF Ratio: 0.935
[2026-06-16 21:48:23,536][root][INFO] - Epoch [2/5], Batch [24/300], Loss: 1.1931 (Overall: 1.0447, Change: 1.3871), TF Ratio: 0.935
[2026-06-16 21:49:01,364][root][INFO] - Epoch [2/5], Batch [25/300], Loss: 1.1977 (Overall: 1.4766, Change: 1.1427), TF Ratio: 0.935
[2026-06-16 21:49:01,515][root][INFO] - Epoch [2/5], Batch [26/300], Loss: 1.2002 (Overall: 0.9827, Change: 1.5404), TF Ratio: 0.935
[2026-06-16 21:49:01,668][root][INFO] - Epoch [2/5], Batch [27/300], Loss: 1.1905 (Overall: 0.8642, Change: 1.0106), TF Ratio: 0.935
[2026-06-16 21:50:04,444][root][INFO] - Epoch [2/5], Batch [28/300], Loss: 1.1875 (Overall: 0.7667, Change: 1.4497), TF Ratio: 0.934
[2026-06-16 21:50:04,596][root][INFO] - Epoch [2/5], Batch [29/300], Loss: 1.1996 (Overall: 1.5763, Change: 1.4976), TF Ratio: 0.934
[2026-06-16 21:50:04,747][root][INFO] - Epoch [2/5], Batch [30/300], Loss: 1.1889 (Overall: 0.7695, Change: 0.9878), TF Ratio: 0.934
[2026-06-16 21:50:04,898][root][INFO] - Epoch [2/5], Batch [31/300], Loss: 1.1820 (Overall: 0.7028, Change: 1.2464), TF Ratio: 0.934
[2026-06-16 21:50:05,054][root][INFO] - Epoch [2/5], Batch [32/300], Loss: 1.1849 (Overall: 0.9186, Change: 1.6325), TF Ratio: 0.934
[2026-06-16 21:50:05,205][root][INFO] - Epoch [2/5], Batch [33/300], Loss: 1.1849 (Overall: 0.8272, Change: 1.5414), TF Ratio: 0.933
[2026-06-16 21:50:05,355][root][INFO] - Epoch [2/5], Batch [34/300], Loss: 1.1886 (Overall: 1.0194, Change: 1.6021), TF Ratio: 0.933
[2026-06-16 21:50:05,506][root][INFO] - Epoch [2/5], Batch [35/300], Loss: 1.1835 (Overall: 0.7612, Change: 1.2604), TF Ratio: 0.933
[2026-06-16 21:50:05,658][root][INFO] - Epoch [2/5], Batch [36/300], Loss: 1.1856 (Overall: 0.9513, Change: 1.5702), TF Ratio: 0.933
[2026-06-16 21:50:14,304][root][INFO] - Epoch [2/5], Batch [37/300], Loss: 1.1880 (Overall: 1.0278, Change: 1.5216), TF Ratio: 0.933
[2026-06-16 21:50:14,456][root][INFO] - Epoch [2/5], Batch [38/300], Loss: 1.1906 (Overall: 1.1552, Change: 1.4190), TF Ratio: 0.932
[2026-06-16 21:50:14,608][root][INFO] - Epoch [2/5], Batch [39/300], Loss: 1.1910 (Overall: 1.0052, Change: 1.4039), TF Ratio: 0.932
[2026-06-16 21:51:44,863][root][INFO] - Epoch [2/5], Batch [40/300], Loss: 1.1898 (Overall: 1.0313, Change: 1.2506), TF Ratio: 0.932
[2026-06-16 21:51:45,015][root][INFO] - Epoch [2/5], Batch [41/300], Loss: 1.1860 (Overall: 0.8709, Change: 1.1973), TF Ratio: 0.932
[2026-06-16 21:51:45,166][root][INFO] - Epoch [2/5], Batch [42/300], Loss: 1.1878 (Overall: 1.2450, Change: 1.2776), TF Ratio: 0.932
[2026-06-16 21:51:45,317][root][INFO] - Epoch [2/5], Batch [43/300], Loss: 1.1860 (Overall: 0.9020, Change: 1.3252), TF Ratio: 0.931
[2026-06-16 21:51:45,476][root][INFO] - Epoch [2/5], Batch [44/300], Loss: 1.1880 (Overall: 1.0743, Change: 1.4692), TF Ratio: 0.931
[2026-06-16 21:51:45,628][root][INFO] - Epoch [2/5], Batch [45/300], Loss: 1.1878 (Overall: 0.9805, Change: 1.3812), TF Ratio: 0.931
[2026-06-16 21:51:45,779][root][INFO] - Epoch [2/5], Batch [46/300], Loss: 1.1831 (Overall: 0.6992, Change: 1.2421), TF Ratio: 0.931
[2026-06-16 21:51:45,931][root][INFO] - Epoch [2/5], Batch [47/300], Loss: 1.1818 (Overall: 0.7861, Change: 1.4607), TF Ratio: 0.931
[2026-06-16 21:51:48,624][root][INFO] - Epoch [2/5], Batch [48/300], Loss: 1.1805 (Overall: 0.9282, Change: 1.3098), TF Ratio: 0.930
[2026-06-16 21:52:06,590][root][INFO] - Epoch [2/5], Batch [49/300], Loss: 1.1853 (Overall: 0.8819, Change: 1.9487), TF Ratio: 0.930
[2026-06-16 21:52:06,741][root][INFO] - Epoch [2/5], Batch [50/300], Loss: 1.1966 (Overall: 1.6496, Change: 1.8514), TF Ratio: 0.930
[2026-06-16 21:52:06,892][root][INFO] - Epoch [2/5], Batch [51/300], Loss: 1.1938 (Overall: 0.6775, Change: 1.4277), TF Ratio: 0.930
[2026-06-16 21:53:08,275][root][INFO] - Epoch [2/5], Batch [52/300], Loss: 1.1946 (Overall: 0.8593, Change: 1.6113), TF Ratio: 0.930
[2026-06-16 21:53:08,429][root][INFO] - Epoch [2/5], Batch [53/300], Loss: 1.1970 (Overall: 0.8820, Change: 1.7640), TF Ratio: 0.929
[2026-06-16 21:53:08,581][root][INFO] - Epoch [2/5], Batch [54/300], Loss: 1.1956 (Overall: 1.0597, Change: 1.1827), TF Ratio: 0.929
[2026-06-16 21:53:08,733][root][INFO] - Epoch [2/5], Batch [55/300], Loss: 1.1950 (Overall: 0.8071, Change: 1.5181), TF Ratio: 0.929
[2026-06-16 21:53:08,888][root][INFO] - Epoch [2/5], Batch [56/300], Loss: 1.1918 (Overall: 0.8811, Change: 1.1473), TF Ratio: 0.929
[2026-06-16 21:53:09,039][root][INFO] - Epoch [2/5], Batch [57/300], Loss: 1.1907 (Overall: 0.8747, Change: 1.3822), TF Ratio: 0.929
[2026-06-16 21:53:09,190][root][INFO] - Epoch [2/5], Batch [58/300], Loss: 1.1939 (Overall: 0.9610, Change: 1.7945), TF Ratio: 0.928
[2026-06-16 21:53:09,341][root][INFO] - Epoch [2/5], Batch [59/300], Loss: 1.1891 (Overall: 0.7878, Change: 1.0351), TF Ratio: 0.928
[2026-06-16 21:53:42,883][root][INFO] - Epoch [2/5], Batch [60/300], Loss: 1.1899 (Overall: 1.0398, Change: 1.4376), TF Ratio: 0.928
[2026-06-16 21:53:43,043][root][INFO] - Epoch [2/5], Batch [61/300], Loss: 1.1854 (Overall: 0.8573, Change: 0.9689), TF Ratio: 0.928
[2026-06-16 21:53:43,194][root][INFO] - Epoch [2/5], Batch [62/300], Loss: 1.1847 (Overall: 0.9076, Change: 1.3811), TF Ratio: 0.928
[2026-06-16 21:54:39,226][root][INFO] - Epoch [2/5], Batch [63/300], Loss: 1.1840 (Overall: 0.8501, Change: 1.4235), TF Ratio: 0.927
[2026-06-16 21:54:57,373][root][INFO] - Epoch [2/5], Batch [64/300], Loss: 1.1816 (Overall: 0.8833, Change: 1.1798), TF Ratio: 0.927
[2026-06-16 21:54:57,528][root][INFO] - Epoch [2/5], Batch [65/300], Loss: 1.1820 (Overall: 0.8595, Change: 1.5534), TF Ratio: 0.927
[2026-06-16 21:54:57,679][root][INFO] - Epoch [2/5], Batch [66/300], Loss: 1.1816 (Overall: 0.8490, Change: 1.4636), TF Ratio: 0.927
[2026-06-16 21:54:57,832][root][INFO] - Epoch [2/5], Batch [67/300], Loss: 1.1862 (Overall: 1.0408, Change: 1.9465), TF Ratio: 0.927
[2026-06-16 21:55:04,762][root][INFO] - Epoch [2/5], Batch [68/300], Loss: 1.1849 (Overall: 0.9469, Change: 1.2434), TF Ratio: 0.926
[2026-06-16 21:55:04,922][root][INFO] - Epoch [2/5], Batch [69/300], Loss: 1.1868 (Overall: 0.8008, Change: 1.8292), TF Ratio: 0.926
[2026-06-16 21:55:05,073][root][INFO] - Epoch [2/5], Batch [70/300], Loss: 1.1903 (Overall: 0.9784, Change: 1.8915), TF Ratio: 0.926
[2026-06-16 21:55:05,225][root][INFO] - Epoch [2/5], Batch [71/300], Loss: 1.1929 (Overall: 0.8276, Change: 1.9124), TF Ratio: 0.926
[2026-06-16 21:55:42,571][root][INFO] - Epoch [2/5], Batch [72/300], Loss: 1.1923 (Overall: 0.9597, Change: 1.3506), TF Ratio: 0.926
[2026-06-16 21:55:42,728][root][INFO] - Epoch [2/5], Batch [73/300], Loss: 1.1921 (Overall: 1.3645, Change: 0.9883), TF Ratio: 0.925
[2026-06-16 21:55:42,880][root][INFO] - Epoch [2/5], Batch [74/300], Loss: 1.1968 (Overall: 1.2766, Change: 1.7994), TF Ratio: 0.925
[2026-06-16 21:56:28,854][root][INFO] - Epoch [2/5], Batch [75/300], Loss: 1.1974 (Overall: 0.8993, Change: 1.5788), TF Ratio: 0.925
[2026-06-16 21:56:29,006][root][INFO] - Epoch [2/5], Batch [76/300], Loss: 1.2037 (Overall: 1.5125, Change: 1.8490), TF Ratio: 0.925
[2026-06-16 21:56:55,547][root][INFO] - Epoch [2/5], Batch [77/300], Loss: 1.2038 (Overall: 1.0335, Change: 1.3894), TF Ratio: 0.925
[2026-06-16 21:56:55,699][root][INFO] - Epoch [2/5], Batch [78/300], Loss: 1.2016 (Overall: 0.8640, Change: 1.1925), TF Ratio: 0.924
[2026-06-16 21:56:55,850][root][INFO] - Epoch [2/5], Batch [79/300], Loss: 1.1985 (Overall: 1.0188, Change: 0.9057), TF Ratio: 0.924
[2026-06-16 21:56:58,856][root][INFO] - Epoch [2/5], Batch [80/300], Loss: 1.1979 (Overall: 0.6975, Change: 1.5917), TF Ratio: 0.924
[2026-06-16 21:56:59,009][root][INFO] - Epoch [2/5], Batch [81/300], Loss: 1.1977 (Overall: 1.1073, Change: 1.2601), TF Ratio: 0.924
[2026-06-16 21:56:59,160][root][INFO] - Epoch [2/5], Batch [82/300], Loss: 1.1952 (Overall: 0.8521, Change: 1.1389), TF Ratio: 0.924
[2026-06-16 21:56:59,310][root][INFO] - Epoch [2/5], Batch [83/300], Loss: 1.1944 (Overall: 0.7894, Change: 1.4619), TF Ratio: 0.923
[2026-06-16 21:57:46,402][root][INFO] - Epoch [2/5], Batch [84/300], Loss: 1.1957 (Overall: 1.0807, Change: 1.5281), TF Ratio: 0.923
[2026-06-16 21:57:46,558][root][INFO] - Epoch [2/5], Batch [85/300], Loss: 1.1943 (Overall: 0.6596, Change: 1.5024), TF Ratio: 0.923
[2026-06-16 21:57:46,710][root][INFO] - Epoch [2/5], Batch [86/300], Loss: 1.1953 (Overall: 0.9024, Change: 1.6455), TF Ratio: 0.923
[2026-06-16 21:57:53,858][root][INFO] - Epoch [2/5], Batch [87/300], Loss: 1.1950 (Overall: 0.7851, Change: 1.5594), TF Ratio: 0.923
[2026-06-16 21:58:44,392][root][INFO] - Epoch [2/5], Batch [88/300], Loss: 1.1951 (Overall: 0.9115, Change: 1.4896), TF Ratio: 0.922
[2026-06-16 21:58:53,913][root][INFO] - Epoch [2/5], Batch [89/300], Loss: 1.1938 (Overall: 0.5971, Change: 1.5667), TF Ratio: 0.922
[2026-06-16 21:58:54,065][root][INFO] - Epoch [2/5], Batch [90/300], Loss: 1.1916 (Overall: 0.8039, Change: 1.1937), TF Ratio: 0.922
[2026-06-16 21:58:54,217][root][INFO] - Epoch [2/5], Batch [91/300], Loss: 1.1941 (Overall: 1.2043, Change: 1.6192), TF Ratio: 0.922
[2026-06-16 21:59:16,598][root][INFO] - Epoch [2/5], Batch [92/300], Loss: 1.1954 (Overall: 1.0361, Change: 1.6085), TF Ratio: 0.922
[2026-06-16 21:59:16,752][root][INFO] - Epoch [2/5], Batch [93/300], Loss: 1.1940 (Overall: 0.7841, Change: 1.3380), TF Ratio: 0.921
[2026-06-16 21:59:16,903][root][INFO] - Epoch [2/5], Batch [94/300], Loss: 1.1964 (Overall: 1.3064, Change: 1.5262), TF Ratio: 0.921
[2026-06-16 21:59:17,054][root][INFO] - Epoch [2/5], Batch [95/300], Loss: 1.1980 (Overall: 1.1810, Change: 1.5160), TF Ratio: 0.921
[2026-06-16 21:59:17,206][root][INFO] - Epoch [2/5], Batch [96/300], Loss: 1.2001 (Overall: 1.0076, Change: 1.7949), TF Ratio: 0.921
[2026-06-16 21:59:17,358][root][INFO] - Epoch [2/5], Batch [97/300], Loss: 1.1997 (Overall: 0.8902, Change: 1.4339), TF Ratio: 0.921
[2026-06-16 21:59:17,511][root][INFO] - Epoch [2/5], Batch [98/300], Loss: 1.2053 (Overall: 1.5103, Change: 1.9920), TF Ratio: 0.920
[2026-06-16 22:00:20,863][root][INFO] - Epoch [2/5], Batch [99/300], Loss: 1.2060 (Overall: 0.7706, Change: 1.7683), TF Ratio: 0.920
[2026-06-16 22:00:44,148][root][INFO] - Epoch [2/5], Batch [100/300], Loss: 1.2083 (Overall: 1.2995, Change: 1.5859), TF Ratio: 0.920
[2026-06-16 22:01:10,923][root][INFO] - Epoch [2/5], Batch [101/300], Loss: 1.2075 (Overall: 0.8134, Change: 1.4333), TF Ratio: 0.920
[2026-06-16 22:01:11,074][root][INFO] - Epoch [2/5], Batch [102/300], Loss: 1.2053 (Overall: 0.8496, Change: 1.1237), TF Ratio: 0.920
[2026-06-16 22:01:11,226][root][INFO] - Epoch [2/5], Batch [103/300], Loss: 1.2074 (Overall: 1.1648, Change: 1.6686), TF Ratio: 0.919
[2026-06-16 22:01:11,379][root][INFO] - Epoch [2/5], Batch [104/300], Loss: 1.2052 (Overall: 0.7876, Change: 1.1666), TF Ratio: 0.919
[2026-06-16 22:01:11,530][root][INFO] - Epoch [2/5], Batch [105/300], Loss: 1.2039 (Overall: 0.8850, Change: 1.2541), TF Ratio: 0.919
[2026-06-16 22:01:11,683][root][INFO] - Epoch [2/5], Batch [106/300], Loss: 1.2023 (Overall: 0.6645, Change: 1.4151), TF Ratio: 0.919
[2026-06-16 22:01:11,834][root][INFO] - Epoch [2/5], Batch [107/300], Loss: 1.2033 (Overall: 0.9927, Change: 1.6103), TF Ratio: 0.919
[2026-06-16 22:01:11,987][root][INFO] - Epoch [2/5], Batch [108/300], Loss: 1.2032 (Overall: 0.9852, Change: 1.4190), TF Ratio: 0.918
[2026-06-16 22:01:12,139][root][INFO] - Epoch [2/5], Batch [109/300], Loss: 1.2005 (Overall: 0.7565, Change: 1.0511), TF Ratio: 0.918
[2026-06-16 22:01:12,290][root][INFO] - Epoch [2/5], Batch [110/300], Loss: 1.2002 (Overall: 0.8155, Change: 1.5167), TF Ratio: 0.918
[2026-06-16 22:02:49,898][root][INFO] - Epoch [2/5], Batch [111/300], Loss: 1.2000 (Overall: 1.1554, Change: 1.2009), TF Ratio: 0.918
[2026-06-16 22:02:50,051][root][INFO] - Epoch [2/5], Batch [112/300], Loss: 1.1982 (Overall: 0.7932, Change: 1.2180), TF Ratio: 0.918
[2026-06-16 22:02:50,203][root][INFO] - Epoch [2/5], Batch [113/300], Loss: 1.1970 (Overall: 0.6938, Change: 1.4239), TF Ratio: 0.917
[2026-06-16 22:02:50,355][root][INFO] - Epoch [2/5], Batch [114/300], Loss: 1.1943 (Overall: 0.8872, Change: 0.8949), TF Ratio: 0.917
[2026-06-16 22:02:50,506][root][INFO] - Epoch [2/5], Batch [115/300], Loss: 1.1928 (Overall: 0.7334, Change: 1.3134), TF Ratio: 0.917
[2026-06-16 22:02:50,659][root][INFO] - Epoch [2/5], Batch [116/300], Loss: 1.1927 (Overall: 0.9168, Change: 1.4390), TF Ratio: 0.917
[2026-06-16 22:02:50,833][root][INFO] - Epoch [2/5], Batch [117/300], Loss: 1.1918 (Overall: 0.9769, Change: 1.2014), TF Ratio: 0.917
[2026-06-16 22:02:50,985][root][INFO] - Epoch [2/5], Batch [118/300], Loss: 1.1944 (Overall: 1.3077, Change: 1.6703), TF Ratio: 0.916
[2026-06-16 22:02:51,136][root][INFO] - Epoch [2/5], Batch [119/300], Loss: 1.1948 (Overall: 0.9077, Change: 1.5790), TF Ratio: 0.916
[2026-06-16 22:02:51,289][root][INFO] - Epoch [2/5], Batch [120/300], Loss: 1.1928 (Overall: 0.7128, Change: 1.2044), TF Ratio: 0.916
[2026-06-16 22:02:51,441][root][INFO] - Epoch [2/5], Batch [121/300], Loss: 1.1935 (Overall: 0.8260, Change: 1.7189), TF Ratio: 0.916
[2026-06-16 22:02:51,592][root][INFO] - Epoch [2/5], Batch [122/300], Loss: 1.1956 (Overall: 1.2749, Change: 1.6289), TF Ratio: 0.916
[2026-06-16 22:04:43,988][root][INFO] - Epoch [2/5], Batch [123/300], Loss: 1.1952 (Overall: 0.9882, Change: 1.3189), TF Ratio: 0.915
[2026-06-16 22:04:44,141][root][INFO] - Epoch [2/5], Batch [124/300], Loss: 1.1968 (Overall: 1.3708, Change: 1.4041), TF Ratio: 0.915
[2026-06-16 22:04:44,294][root][INFO] - Epoch [2/5], Batch [125/300], Loss: 1.1980 (Overall: 1.0934, Change: 1.6047), TF Ratio: 0.915
[2026-06-16 22:04:44,445][root][INFO] - Epoch [2/5], Batch [126/300], Loss: 1.1972 (Overall: 0.7441, Change: 1.4483), TF Ratio: 0.915
[2026-06-16 22:04:44,596][root][INFO] - Epoch [2/5], Batch [127/300], Loss: 1.1975 (Overall: 0.9317, Change: 1.5442), TF Ratio: 0.915
[2026-06-16 22:04:44,754][root][INFO] - Epoch [2/5], Batch [128/300], Loss: 1.1979 (Overall: 0.9488, Change: 1.5476), TF Ratio: 0.914
[2026-06-16 22:04:44,905][root][INFO] - Epoch [2/5], Batch [129/300], Loss: 1.1975 (Overall: 0.7547, Change: 1.5345), TF Ratio: 0.914
[2026-06-16 22:04:45,056][root][INFO] - Epoch [2/5], Batch [130/300], Loss: 1.1962 (Overall: 0.9887, Change: 1.0596), TF Ratio: 0.914
[2026-06-16 22:04:45,207][root][INFO] - Epoch [2/5], Batch [131/300], Loss: 1.1956 (Overall: 0.7982, Change: 1.4544), TF Ratio: 0.914
[2026-06-16 22:04:45,361][root][INFO] - Epoch [2/5], Batch [132/300], Loss: 1.1971 (Overall: 1.2204, Change: 1.5537), TF Ratio: 0.914
[2026-06-16 22:04:45,512][root][INFO] - Epoch [2/5], Batch [133/300], Loss: 1.1961 (Overall: 0.8213, Change: 1.3026), TF Ratio: 0.913
[2026-06-16 22:04:45,664][root][INFO] - Epoch [2/5], Batch [134/300], Loss: 1.1951 (Overall: 0.8053, Change: 1.3295), TF Ratio: 0.913
[2026-06-16 22:06:25,906][root][INFO] - Epoch [2/5], Batch [135/300], Loss: 1.1954 (Overall: 0.9836, Change: 1.4755), TF Ratio: 0.913
[2026-06-16 22:06:26,058][root][INFO] - Epoch [2/5], Batch [136/300], Loss: 1.1933 (Overall: 0.7342, Change: 1.1082), TF Ratio: 0.913
[2026-06-16 22:06:26,209][root][INFO] - Epoch [2/5], Batch [137/300], Loss: 1.1928 (Overall: 0.9561, Change: 1.2898), TF Ratio: 0.913
[2026-06-16 22:06:26,360][root][INFO] - Epoch [2/5], Batch [138/300], Loss: 1.1915 (Overall: 0.8298, Change: 1.1839), TF Ratio: 0.912
[2026-06-16 22:06:26,512][root][INFO] - Epoch [2/5], Batch [139/300], Loss: 1.1915 (Overall: 0.9733, Change: 1.4275), TF Ratio: 0.912
[2026-06-16 22:06:31,507][root][INFO] - Epoch [2/5], Batch [140/300], Loss: 1.1917 (Overall: 0.7779, Change: 1.6437), TF Ratio: 0.912
[2026-06-16 22:06:31,661][root][INFO] - Epoch [2/5], Batch [141/300], Loss: 1.1914 (Overall: 0.7656, Change: 1.5458), TF Ratio: 0.912
[2026-06-16 22:06:31,812][root][INFO] - Epoch [2/5], Batch [142/300], Loss: 1.1909 (Overall: 0.7788, Change: 1.4628), TF Ratio: 0.912
[2026-06-16 22:06:31,963][root][INFO] - Epoch [2/5], Batch [143/300], Loss: 1.1913 (Overall: 0.9790, Change: 1.5193), TF Ratio: 0.911
[2026-06-16 22:06:32,117][root][INFO] - Epoch [2/5], Batch [144/300], Loss: 1.1911 (Overall: 0.9060, Change: 1.4091), TF Ratio: 0.911
[2026-06-16 22:06:32,268][root][INFO] - Epoch [2/5], Batch [145/300], Loss: 1.1893 (Overall: 0.6831, Change: 1.1721), TF Ratio: 0.911
[2026-06-16 22:06:32,420][root][INFO] - Epoch [2/5], Batch [146/300], Loss: 1.1886 (Overall: 0.7645, Change: 1.4151), TF Ratio: 0.911
[2026-06-16 22:08:13,019][root][INFO] - Epoch [2/5], Batch [147/300], Loss: 1.1871 (Overall: 0.7763, Change: 1.1490), TF Ratio: 0.911
[2026-06-16 22:08:49,905][root][INFO] - Epoch [2/5], Batch [148/300], Loss: 1.1877 (Overall: 0.8869, Change: 1.6715), TF Ratio: 0.910
[2026-06-16 22:08:50,059][root][INFO] - Epoch [2/5], Batch [149/300], Loss: 1.1859 (Overall: 0.6819, Change: 1.1475), TF Ratio: 0.910
[2026-06-16 22:08:50,210][root][INFO] - Epoch [2/5], Batch [150/300], Loss: 1.1854 (Overall: 0.8806, Change: 1.3497), TF Ratio: 0.910
[2026-06-16 22:08:50,362][root][INFO] - Epoch [2/5], Batch [151/300], Loss: 1.1843 (Overall: 0.7732, Change: 1.2557), TF Ratio: 0.910
[2026-06-16 22:08:50,518][root][INFO] - Epoch [2/5], Batch [152/300], Loss: 1.1840 (Overall: 0.8853, Change: 1.3970), TF Ratio: 0.910
[2026-06-16 22:08:50,669][root][INFO] - Epoch [2/5], Batch [153/300], Loss: 1.1836 (Overall: 0.7474, Change: 1.5130), TF Ratio: 0.909
[2026-06-16 22:08:50,821][root][INFO] - Epoch [2/5], Batch [154/300], Loss: 1.1834 (Overall: 0.8279, Change: 1.4832), TF Ratio: 0.909
[2026-06-16 22:08:50,972][root][INFO] - Epoch [2/5], Batch [155/300], Loss: 1.1835 (Overall: 1.0566, Change: 1.3341), TF Ratio: 0.909
[2026-06-16 22:08:51,125][root][INFO] - Epoch [2/5], Batch [156/300], Loss: 1.1814 (Overall: 0.8235, Change: 0.8971), TF Ratio: 0.909
[2026-06-16 22:08:51,278][root][INFO] - Epoch [2/5], Batch [157/300], Loss: 1.1810 (Overall: 0.7559, Change: 1.4623), TF Ratio: 0.909
[2026-06-16 22:08:51,429][root][INFO] - Epoch [2/5], Batch [158/300], Loss: 1.1808 (Overall: 0.8691, Change: 1.4355), TF Ratio: 0.908
[2026-06-16 22:10:51,717][root][INFO] - Epoch [2/5], Batch [159/300], Loss: 1.1809 (Overall: 0.9037, Change: 1.4996), TF Ratio: 0.908
[2026-06-16 22:10:51,869][root][INFO] - Epoch [2/5], Batch [160/300], Loss: 1.1809 (Overall: 0.9693, Change: 1.3922), TF Ratio: 0.908
[2026-06-16 22:10:52,020][root][INFO] - Epoch [2/5], Batch [161/300], Loss: 1.1819 (Overall: 1.1702, Change: 1.4908), TF Ratio: 0.908
[2026-06-16 22:10:52,171][root][INFO] - Epoch [2/5], Batch [162/300], Loss: 1.1806 (Overall: 0.7049, Change: 1.2361), TF Ratio: 0.908
[2026-06-16 22:10:52,321][root][INFO] - Epoch [2/5], Batch [163/300], Loss: 1.1817 (Overall: 1.0826, Change: 1.6481), TF Ratio: 0.907
[2026-06-16 22:10:52,478][root][INFO] - Epoch [2/5], Batch [164/300], Loss: 1.1813 (Overall: 0.6318, Change: 1.6030), TF Ratio: 0.907
[2026-06-16 22:10:52,630][root][INFO] - Epoch [2/5], Batch [165/300], Loss: 1.1810 (Overall: 0.7506, Change: 1.5222), TF Ratio: 0.907
[2026-06-16 22:10:52,781][root][INFO] - Epoch [2/5], Batch [166/300], Loss: 1.1815 (Overall: 0.7960, Change: 1.7360), TF Ratio: 0.907
[2026-06-16 22:10:52,933][root][INFO] - Epoch [2/5], Batch [167/300], Loss: 1.1804 (Overall: 0.7629, Change: 1.2292), TF Ratio: 0.907
[2026-06-16 22:10:53,086][root][INFO] - Epoch [2/5], Batch [168/300], Loss: 1.1781 (Overall: 0.6084, Change: 0.9735), TF Ratio: 0.906
[2026-06-16 22:10:53,237][root][INFO] - Epoch [2/5], Batch [169/300], Loss: 1.1774 (Overall: 0.7169, Change: 1.4169), TF Ratio: 0.906
[2026-06-16 22:10:53,389][root][INFO] - Epoch [2/5], Batch [170/300], Loss: 1.1771 (Overall: 0.7841, Change: 1.4596), TF Ratio: 0.906
[2026-06-16 22:12:26,826][root][INFO] - Epoch [2/5], Batch [171/300], Loss: 1.1777 (Overall: 0.8846, Change: 1.6656), TF Ratio: 0.906
[2026-06-16 22:12:26,981][root][INFO] - Epoch [2/5], Batch [172/300], Loss: 1.1772 (Overall: 0.7772, Change: 1.4097), TF Ratio: 0.906
[2026-06-16 22:12:27,134][root][INFO] - Epoch [2/5], Batch [173/300], Loss: 1.1756 (Overall: 0.7063, Change: 1.0881), TF Ratio: 0.905
[2026-06-16 22:12:27,286][root][INFO] - Epoch [2/5], Batch [174/300], Loss: 1.1755 (Overall: 0.8415, Change: 1.4656), TF Ratio: 0.905
[2026-06-16 22:12:42,276][root][INFO] - Epoch [2/5], Batch [175/300], Loss: 1.1750 (Overall: 0.7944, Change: 1.4021), TF Ratio: 0.905
[2026-06-16 22:12:42,435][root][INFO] - Epoch [2/5], Batch [176/300], Loss: 1.1748 (Overall: 0.8136, Change: 1.4565), TF Ratio: 0.905
[2026-06-16 22:12:42,586][root][INFO] - Epoch [2/5], Batch [177/300], Loss: 1.1745 (Overall: 0.8743, Change: 1.3864), TF Ratio: 0.905
[2026-06-16 22:12:42,738][root][INFO] - Epoch [2/5], Batch [178/300], Loss: 1.1737 (Overall: 0.7467, Change: 1.3181), TF Ratio: 0.904
[2026-06-16 22:12:42,889][root][INFO] - Epoch [2/5], Batch [179/300], Loss: 1.1739 (Overall: 0.8824, Change: 1.5312), TF Ratio: 0.904
[2026-06-16 22:12:43,042][root][INFO] - Epoch [2/5], Batch [180/300], Loss: 1.1732 (Overall: 0.7390, Change: 1.3474), TF Ratio: 0.904
[2026-06-16 22:12:43,215][root][INFO] - Epoch [2/5], Batch [181/300], Loss: 1.1719 (Overall: 0.6220, Change: 1.2407), TF Ratio: 0.904
[2026-06-16 22:12:43,366][root][INFO] - Epoch [2/5], Batch [182/300], Loss: 1.1702 (Overall: 0.7586, Change: 0.9846), TF Ratio: 0.904
[2026-06-16 22:14:09,504][root][INFO] - Epoch [2/5], Batch [183/300], Loss: 1.1711 (Overall: 1.0797, Change: 1.5893), TF Ratio: 0.903
[2026-06-16 22:14:09,657][root][INFO] - Epoch [2/5], Batch [184/300], Loss: 1.1711 (Overall: 0.9116, Change: 1.4176), TF Ratio: 0.903
[2026-06-16 22:14:09,809][root][INFO] - Epoch [2/5], Batch [185/300], Loss: 1.1705 (Overall: 0.7875, Change: 1.3518), TF Ratio: 0.903
[2026-06-16 22:14:09,961][root][INFO] - Epoch [2/5], Batch [186/300], Loss: 1.1710 (Overall: 0.6487, Change: 1.8807), TF Ratio: 0.903
[2026-06-16 22:14:33,356][root][INFO] - Epoch [2/5], Batch [187/300], Loss: 1.1711 (Overall: 0.9129, Change: 1.4666), TF Ratio: 0.903
[2026-06-16 22:14:33,509][root][INFO] - Epoch [2/5], Batch [188/300], Loss: 1.1708 (Overall: 0.9164, Change: 1.3147), TF Ratio: 0.902
[2026-06-16 22:14:33,661][root][INFO] - Epoch [2/5], Batch [189/300], Loss: 1.1711 (Overall: 0.9151, Change: 1.5362), TF Ratio: 0.902
[2026-06-16 22:14:33,813][root][INFO] - Epoch [2/5], Batch [190/300], Loss: 1.1702 (Overall: 0.7453, Change: 1.2490), TF Ratio: 0.902
[2026-06-16 22:14:33,965][root][INFO] - Epoch [2/5], Batch [191/300], Loss: 1.1698 (Overall: 0.6818, Change: 1.5132), TF Ratio: 0.902
[2026-06-16 22:14:34,119][root][INFO] - Epoch [2/5], Batch [192/300], Loss: 1.1690 (Overall: 0.6803, Change: 1.3300), TF Ratio: 0.902
[2026-06-16 22:14:34,271][root][INFO] - Epoch [2/5], Batch [193/300], Loss: 1.1682 (Overall: 0.7952, Change: 1.2513), TF Ratio: 0.901
[2026-06-16 22:14:34,422][root][INFO] - Epoch [2/5], Batch [194/300], Loss: 1.1686 (Overall: 1.0810, Change: 1.4066), TF Ratio: 0.901
[2026-06-16 22:15:47,503][root][INFO] - Epoch [2/5], Batch [195/300], Loss: 1.1693 (Overall: 0.7194, Change: 1.8971), TF Ratio: 0.901
[2026-06-16 22:16:17,804][root][INFO] - Epoch [2/5], Batch [196/300], Loss: 1.1696 (Overall: 0.7300, Change: 1.7116), TF Ratio: 0.901
[2026-06-16 22:16:17,959][root][INFO] - Epoch [2/5], Batch [197/300], Loss: 1.1698 (Overall: 0.7963, Change: 1.6413), TF Ratio: 0.901
[2026-06-16 22:16:18,111][root][INFO] - Epoch [2/5], Batch [198/300], Loss: 1.1693 (Overall: 0.6974, Change: 1.4421), TF Ratio: 0.900
[2026-06-16 22:16:18,263][root][INFO] - Epoch [2/5], Batch [199/300], Loss: 1.1688 (Overall: 1.0574, Change: 1.0603), TF Ratio: 0.900
[2026-06-16 22:16:18,415][root][INFO] - Epoch [2/5], Batch [200/300], Loss: 1.1678 (Overall: 0.7456, Change: 1.1915), TF Ratio: 0.900
[2026-06-16 22:16:18,567][root][INFO] - Epoch [2/5], Batch [201/300], Loss: 1.1681 (Overall: 1.0179, Change: 1.4659), TF Ratio: 0.900
[2026-06-16 22:16:18,718][root][INFO] - Epoch [2/5], Batch [202/300], Loss: 1.1675 (Overall: 0.7774, Change: 1.3100), TF Ratio: 0.900
[2026-06-16 22:16:18,869][root][INFO] - Epoch [2/5], Batch [203/300], Loss: 1.1680 (Overall: 1.0099, Change: 1.5219), TF Ratio: 0.899
[2026-06-16 22:16:19,021][root][INFO] - Epoch [2/5], Batch [204/300], Loss: 1.1680 (Overall: 0.9360, Change: 1.3914), TF Ratio: 0.899
[2026-06-16 22:16:19,173][root][INFO] - Epoch [2/5], Batch [205/300], Loss: 1.1673 (Overall: 0.8714, Change: 1.1772), TF Ratio: 0.899
[2026-06-16 22:16:19,325][root][INFO] - Epoch [2/5], Batch [206/300], Loss: 1.1671 (Overall: 0.7574, Change: 1.5187), TF Ratio: 0.899
[2026-06-16 22:17:43,147][root][INFO] - Epoch [2/5], Batch [207/300], Loss: 1.1681 (Overall: 1.0820, Change: 1.6336), TF Ratio: 0.899
[2026-06-16 22:18:08,469][root][INFO] - Epoch [2/5], Batch [208/300], Loss: 1.1686 (Overall: 1.0799, Change: 1.4900), TF Ratio: 0.898
[2026-06-16 22:18:08,625][root][INFO] - Epoch [2/5], Batch [209/300], Loss: 1.1687 (Overall: 0.6644, Change: 1.7069), TF Ratio: 0.898
[2026-06-16 22:18:08,777][root][INFO] - Epoch [2/5], Batch [210/300], Loss: 1.1676 (Overall: 0.6493, Change: 1.2063), TF Ratio: 0.898
[2026-06-16 22:18:08,929][root][INFO] - Epoch [2/5], Batch [211/300], Loss: 1.1671 (Overall: 0.7885, Change: 1.3503), TF Ratio: 0.898
[2026-06-16 22:18:09,082][root][INFO] - Epoch [2/5], Batch [212/300], Loss: 1.1665 (Overall: 0.8906, Change: 1.1880), TF Ratio: 0.898
[2026-06-16 22:18:09,234][root][INFO] - Epoch [2/5], Batch [213/300], Loss: 1.1662 (Overall: 0.8084, Change: 1.3832), TF Ratio: 0.897
[2026-06-16 22:18:09,386][root][INFO] - Epoch [2/5], Batch [214/300], Loss: 1.1664 (Overall: 0.8648, Change: 1.5529), TF Ratio: 0.897
[2026-06-16 22:18:09,538][root][INFO] - Epoch [2/5], Batch [215/300], Loss: 1.1667 (Overall: 0.8482, Change: 1.6419), TF Ratio: 0.897
[2026-06-16 22:18:09,691][root][INFO] - Epoch [2/5], Batch [216/300], Loss: 1.1655 (Overall: 0.6783, Change: 1.1063), TF Ratio: 0.897
[2026-06-16 22:18:09,843][root][INFO] - Epoch [2/5], Batch [217/300], Loss: 1.1652 (Overall: 0.8685, Change: 1.3600), TF Ratio: 0.897
[2026-06-16 22:18:09,993][root][INFO] - Epoch [2/5], Batch [218/300], Loss: 1.1634 (Overall: 0.5627, Change: 0.9853), TF Ratio: 0.896
[2026-06-16 22:19:07,394][root][INFO] - Epoch [2/5], Batch [219/300], Loss: 1.1629 (Overall: 0.7882, Change: 1.2955), TF Ratio: 0.896
[2026-06-16 22:19:57,692][root][INFO] - Epoch [2/5], Batch [220/300], Loss: 1.1627 (Overall: 0.7779, Change: 1.4706), TF Ratio: 0.896
[2026-06-16 22:19:57,851][root][INFO] - Epoch [2/5], Batch [221/300], Loss: 1.1623 (Overall: 0.7366, Change: 1.4075), TF Ratio: 0.896
[2026-06-16 22:19:58,002][root][INFO] - Epoch [2/5], Batch [222/300], Loss: 1.1617 (Overall: 0.7771, Change: 1.2666), TF Ratio: 0.896
[2026-06-16 22:19:58,153][root][INFO] - Epoch [2/5], Batch [223/300], Loss: 1.1609 (Overall: 0.6151, Change: 1.3899), TF Ratio: 0.895
[2026-06-16 22:19:58,306][root][INFO] - Epoch [2/5], Batch [224/300], Loss: 1.1603 (Overall: 0.8016, Change: 1.2506), TF Ratio: 0.895
[2026-06-16 22:19:58,459][root][INFO] - Epoch [2/5], Batch [225/300], Loss: 1.1610 (Overall: 1.0938, Change: 1.5364), TF Ratio: 0.895
[2026-06-16 22:19:58,610][root][INFO] - Epoch [2/5], Batch [226/300], Loss: 1.1618 (Overall: 0.7509, Change: 1.9221), TF Ratio: 0.895
[2026-06-16 22:19:58,760][root][INFO] - Epoch [2/5], Batch [227/300], Loss: 1.1620 (Overall: 0.8944, Change: 1.5126), TF Ratio: 0.895
[2026-06-16 22:19:58,913][root][INFO] - Epoch [2/5], Batch [228/300], Loss: 1.1627 (Overall: 1.1063, Change: 1.5377), TF Ratio: 0.894
[2026-06-16 22:19:59,065][root][INFO] - Epoch [2/5], Batch [229/300], Loss: 1.1614 (Overall: 0.7054, Change: 1.0255), TF Ratio: 0.894
[2026-06-16 22:19:59,216][root][INFO] - Epoch [2/5], Batch [230/300], Loss: 1.1611 (Overall: 0.8544, Change: 1.3508), TF Ratio: 0.894
[2026-06-16 22:21:04,252][root][INFO] - Epoch [2/5], Batch [231/300], Loss: 1.1609 (Overall: 0.9048, Change: 1.2859), TF Ratio: 0.894
[2026-06-16 22:21:19,418][root][INFO] - Epoch [2/5], Batch [232/300], Loss: 1.1615 (Overall: 1.2073, Change: 1.4294), TF Ratio: 0.894
[2026-06-16 22:21:19,576][root][INFO] - Epoch [2/5], Batch [233/300], Loss: 1.1620 (Overall: 0.7859, Change: 1.7466), TF Ratio: 0.893
[2026-06-16 22:21:19,729][root][INFO] - Epoch [2/5], Batch [234/300], Loss: 1.1612 (Overall: 0.8199, Change: 1.1554), TF Ratio: 0.893
[2026-06-16 22:21:19,880][root][INFO] - Epoch [2/5], Batch [235/300], Loss: 1.1612 (Overall: 0.8506, Change: 1.4346), TF Ratio: 0.893
[2026-06-16 22:21:20,034][root][INFO] - Epoch [2/5], Batch [236/300], Loss: 1.1614 (Overall: 0.8536, Change: 1.5624), TF Ratio: 0.893
[2026-06-16 22:21:20,186][root][INFO] - Epoch [2/5], Batch [237/300], Loss: 1.1611 (Overall: 0.7766, Change: 1.4179), TF Ratio: 0.893
[2026-06-16 22:21:20,338][root][INFO] - Epoch [2/5], Batch [238/300], Loss: 1.1624 (Overall: 0.8622, Change: 2.1070), TF Ratio: 0.892
[2026-06-16 22:21:20,489][root][INFO] - Epoch [2/5], Batch [239/300], Loss: 1.1627 (Overall: 0.9665, Change: 1.4882), TF Ratio: 0.892
[2026-06-16 22:21:20,641][root][INFO] - Epoch [2/5], Batch [240/300], Loss: 1.1622 (Overall: 0.6615, Change: 1.4371), TF Ratio: 0.892
[2026-06-16 22:21:45,794][root][INFO] - Epoch [2/5], Batch [241/300], Loss: 1.1638 (Overall: 0.9044, Change: 2.1684), TF Ratio: 0.892
[2026-06-16 22:21:45,946][root][INFO] - Epoch [2/5], Batch [242/300], Loss: 1.1640 (Overall: 1.1637, Change: 1.2749), TF Ratio: 0.892
[2026-06-16 22:23:20,623][root][INFO] - Epoch [2/5], Batch [243/300], Loss: 1.1648 (Overall: 0.9845, Change: 1.7101), TF Ratio: 0.891
[2026-06-16 22:23:20,776][root][INFO] - Epoch [2/5], Batch [244/300], Loss: 1.1642 (Overall: 0.7358, Change: 1.3217), TF Ratio: 0.891
[2026-06-16 22:23:20,929][root][INFO] - Epoch [2/5], Batch [245/300], Loss: 1.1637 (Overall: 0.9092, Change: 1.1526), TF Ratio: 0.891
[2026-06-16 22:23:21,081][root][INFO] - Epoch [2/5], Batch [246/300], Loss: 1.1632 (Overall: 0.7449, Change: 1.3286), TF Ratio: 0.891
[2026-06-16 22:23:21,232][root][INFO] - Epoch [2/5], Batch [247/300], Loss: 1.1626 (Overall: 0.6849, Change: 1.3818), TF Ratio: 0.891
[2026-06-16 22:23:21,386][root][INFO] - Epoch [2/5], Batch [248/300], Loss: 1.1613 (Overall: 0.6067, Change: 1.0435), TF Ratio: 0.890
[2026-06-16 22:23:21,539][root][INFO] - Epoch [2/5], Batch [249/300], Loss: 1.1612 (Overall: 0.9287, Change: 1.3790), TF Ratio: 0.890
[2026-06-16 22:23:21,691][root][INFO] - Epoch [2/5], Batch [250/300], Loss: 1.1608 (Overall: 0.7547, Change: 1.3586), TF Ratio: 0.890
[2026-06-16 22:23:21,842][root][INFO] - Epoch [2/5], Batch [251/300], Loss: 1.1614 (Overall: 1.3143, Change: 1.3206), TF Ratio: 0.890
[2026-06-16 22:23:21,995][root][INFO] - Epoch [2/5], Batch [252/300], Loss: 1.1607 (Overall: 0.6950, Change: 1.2655), TF Ratio: 0.890
[2026-06-16 22:24:07,154][root][INFO] - Epoch [2/5], Batch [253/300], Loss: 1.1599 (Overall: 0.7926, Change: 1.1313), TF Ratio: 0.889
[2026-06-16 22:24:07,305][root][INFO] - Epoch [2/5], Batch [254/300], Loss: 1.1599 (Overall: 0.9088, Change: 1.4048), TF Ratio: 0.889
[2026-06-16 22:25:37,599][root][INFO] - Epoch [2/5], Batch [255/300], Loss: 1.1594 (Overall: 0.8460, Change: 1.2189), TF Ratio: 0.889
[2026-06-16 22:25:37,752][root][INFO] - Epoch [2/5], Batch [256/300], Loss: 1.1581 (Overall: 0.5832, Change: 1.0664), TF Ratio: 0.889
[2026-06-16 22:25:37,904][root][INFO] - Epoch [2/5], Batch [257/300], Loss: 1.1586 (Overall: 0.9405, Change: 1.6346), TF Ratio: 0.889
[2026-06-16 22:25:38,056][root][INFO] - Epoch [2/5], Batch [258/300], Loss: 1.1574 (Overall: 0.5409, Change: 1.1464), TF Ratio: 0.888
[2026-06-16 22:25:38,206][root][INFO] - Epoch [2/5], Batch [259/300], Loss: 1.1571 (Overall: 0.6652, Change: 1.4855), TF Ratio: 0.888
[2026-06-16 22:25:38,363][root][INFO] - Epoch [2/5], Batch [260/300], Loss: 1.1571 (Overall: 0.7782, Change: 1.5232), TF Ratio: 0.888
[2026-06-16 22:25:38,514][root][INFO] - Epoch [2/5], Batch [261/300], Loss: 1.1571 (Overall: 0.7206, Change: 1.6340), TF Ratio: 0.888
[2026-06-16 22:25:38,665][root][INFO] - Epoch [2/5], Batch [262/300], Loss: 1.1569 (Overall: 0.8195, Change: 1.3734), TF Ratio: 0.888
[2026-06-16 22:25:38,817][root][INFO] - Epoch [2/5], Batch [263/300], Loss: 1.1566 (Overall: 1.1022, Change: 1.0619), TF Ratio: 0.887
[2026-06-16 22:25:38,969][root][INFO] - Epoch [2/5], Batch [264/300], Loss: 1.1569 (Overall: 0.8519, Change: 1.6297), TF Ratio: 0.887
[2026-06-16 22:25:52,022][root][INFO] - Epoch [2/5], Batch [265/300], Loss: 1.1565 (Overall: 0.7502, Change: 1.3466), TF Ratio: 0.887
[2026-06-16 22:25:52,174][root][INFO] - Epoch [2/5], Batch [266/300], Loss: 1.1561 (Overall: 1.0944, Change: 0.9629), TF Ratio: 0.887
[2026-06-16 22:27:38,252][root][INFO] - Epoch [2/5], Batch [267/300], Loss: 1.1552 (Overall: 0.7083, Change: 1.1352), TF Ratio: 0.887
[2026-06-16 22:27:38,405][root][INFO] - Epoch [2/5], Batch [268/300], Loss: 1.1547 (Overall: 0.6578, Change: 1.4218), TF Ratio: 0.886
[2026-06-16 22:27:38,557][root][INFO] - Epoch [2/5], Batch [269/300], Loss: 1.1549 (Overall: 0.8633, Change: 1.5509), TF Ratio: 0.886
[2026-06-16 22:27:38,708][root][INFO] - Epoch [2/5], Batch [270/300], Loss: 1.1549 (Overall: 0.9510, Change: 1.3590), TF Ratio: 0.886
[2026-06-16 22:27:38,860][root][INFO] - Epoch [2/5], Batch [271/300], Loss: 1.1546 (Overall: 0.7220, Change: 1.3830), TF Ratio: 0.886
[2026-06-16 22:27:39,012][root][INFO] - Epoch [2/5], Batch [272/300], Loss: 1.1545 (Overall: 0.8416, Change: 1.4229), TF Ratio: 0.886
[2026-06-16 22:27:39,164][root][INFO] - Epoch [2/5], Batch [273/300], Loss: 1.1557 (Overall: 1.3380, Change: 1.6431), TF Ratio: 0.885
[2026-06-16 22:27:39,316][root][INFO] - Epoch [2/5], Batch [274/300], Loss: 1.1559 (Overall: 0.9755, Change: 1.4554), TF Ratio: 0.885
[2026-06-16 22:27:39,467][root][INFO] - Epoch [2/5], Batch [275/300], Loss: 1.1557 (Overall: 0.6171, Change: 1.5681), TF Ratio: 0.885
[2026-06-16 22:27:39,620][root][INFO] - Epoch [2/5], Batch [276/300], Loss: 1.1553 (Overall: 0.6169, Change: 1.4473), TF Ratio: 0.885
[2026-06-16 22:28:15,343][root][INFO] - Epoch [2/5], Batch [277/300], Loss: 1.1555 (Overall: 0.8638, Change: 1.5587), TF Ratio: 0.885
[2026-06-16 22:28:15,495][root][INFO] - Epoch [2/5], Batch [278/300], Loss: 1.1549 (Overall: 0.7641, Change: 1.2568), TF Ratio: 0.884
[2026-06-16 22:29:39,414][root][INFO] - Epoch [2/5], Batch [279/300], Loss: 1.1550 (Overall: 0.7827, Change: 1.5612), TF Ratio: 0.884
[2026-06-16 22:29:39,567][root][INFO] - Epoch [2/5], Batch [280/300], Loss: 1.1555 (Overall: 0.7367, Change: 1.8391), TF Ratio: 0.884
[2026-06-16 22:29:39,719][root][INFO] - Epoch [2/5], Batch [281/300], Loss: 1.1549 (Overall: 0.7666, Change: 1.1975), TF Ratio: 0.884
[2026-06-16 22:29:39,869][root][INFO] - Epoch [2/5], Batch [282/300], Loss: 1.1552 (Overall: 1.0712, Change: 1.4292), TF Ratio: 0.884
[2026-06-16 22:29:40,021][root][INFO] - Epoch [2/5], Batch [283/300], Loss: 1.1554 (Overall: 0.8568, Change: 1.5569), TF Ratio: 0.883
[2026-06-16 22:29:40,177][root][INFO] - Epoch [2/5], Batch [284/300], Loss: 1.1554 (Overall: 0.7620, Change: 1.5513), TF Ratio: 0.883
[2026-06-16 22:29:40,329][root][INFO] - Epoch [2/5], Batch [285/300], Loss: 1.1548 (Overall: 0.6591, Change: 1.3201), TF Ratio: 0.883
[2026-06-16 22:29:40,480][root][INFO] - Epoch [2/5], Batch [286/300], Loss: 1.1551 (Overall: 1.0337, Change: 1.4331), TF Ratio: 0.883
[2026-06-16 22:29:40,632][root][INFO] - Epoch [2/5], Batch [287/300], Loss: 1.1545 (Overall: 0.7760, Change: 1.2130), TF Ratio: 0.883
[2026-06-16 22:29:40,784][root][INFO] - Epoch [2/5], Batch [288/300], Loss: 1.1552 (Overall: 0.9450, Change: 1.7887), TF Ratio: 0.882
[2026-06-16 22:30:59,834][root][INFO] - Epoch [2/5], Batch [289/300], Loss: 1.1543 (Overall: 0.6120, Change: 1.1793), TF Ratio: 0.882
[2026-06-16 22:30:59,986][root][INFO] - Epoch [2/5], Batch [290/300], Loss: 1.1539 (Overall: 0.6094, Change: 1.4420), TF Ratio: 0.882
[2026-06-16 22:31:29,096][root][INFO] - Epoch [2/5], Batch [291/300], Loss: 1.1532 (Overall: 0.6883, Change: 1.2351), TF Ratio: 0.882
[2026-06-16 22:31:29,248][root][INFO] - Epoch [2/5], Batch [292/300], Loss: 1.1539 (Overall: 1.1279, Change: 1.5835), TF Ratio: 0.882
[2026-06-16 22:31:29,400][root][INFO] - Epoch [2/5], Batch [293/300], Loss: 1.1539 (Overall: 0.6955, Change: 1.6150), TF Ratio: 0.881
[2026-06-16 22:31:29,553][root][INFO] - Epoch [2/5], Batch [294/300], Loss: 1.1533 (Overall: 0.6475, Change: 1.2552), TF Ratio: 0.881
[2026-06-16 22:31:29,705][root][INFO] - Epoch [2/5], Batch [295/300], Loss: 1.1526 (Overall: 0.8276, Change: 1.0821), TF Ratio: 0.881
[2026-06-16 22:31:29,860][root][INFO] - Epoch [2/5], Batch [296/300], Loss: 1.1530 (Overall: 0.6179, Change: 1.9316), TF Ratio: 0.881
[2026-06-16 22:31:30,013][root][INFO] - Epoch [2/5], Batch [297/300], Loss: 1.1522 (Overall: 0.5430, Change: 1.2909), TF Ratio: 0.881
[2026-06-16 22:31:30,165][root][INFO] - Epoch [2/5], Batch [298/300], Loss: 1.1519 (Overall: 0.7361, Change: 1.3822), TF Ratio: 0.880
[2026-06-16 22:31:30,317][root][INFO] - Epoch [2/5], Batch [299/300], Loss: 1.1518 (Overall: 0.8651, Change: 1.3693), TF Ratio: 0.880
[2026-06-16 22:31:30,470][root][INFO] - Epoch [2/5], Batch [300/300], Loss: 1.1513 (Overall: 0.8819, Change: 1.1400), TF Ratio: 0.880
[2026-06-16 22:32:26,921][root][INFO] - Epoch 2 done. Validating...
[2026-06-16 22:35:31,999][root][INFO] - Epoch [2/5] | Train: 1.1567 | Val: 0.7337
[2026-06-16 22:35:32,355][root][INFO] - Checkpoint saved: /gpfs/scratch/bsc32/bsc096444/ai4land-tfm/trained_models/unet_impl/41825199/best_model.pth
[2026-06-16 22:35:32,553][root][INFO] - Checkpoint saved: /gpfs/scratch/bsc32/bsc096444/ai4land-tfm/trained_models/unet_impl/41825199/model_epoch_2.pth
[2026-06-16 22:37:37,959][root][INFO] - Epoch [3/5], Batch [1/300], Loss: 0.8724 (Overall: 0.7773, Change: 0.9674), TF Ratio: 0.880
[2026-06-16 22:37:38,111][root][INFO] - Epoch [3/5], Batch [2/300], Loss: 0.9772 (Overall: 0.6939, Change: 1.4703), TF Ratio: 0.880
[2026-06-16 22:37:39,580][root][INFO] - Epoch [3/5], Batch [3/300], Loss: 1.0953 (Overall: 1.0275, Change: 1.6353), TF Ratio: 0.879
[2026-06-16 22:38:24,647][root][INFO] - Epoch [3/5], Batch [4/300], Loss: 1.1303 (Overall: 0.7646, Change: 1.7060), TF Ratio: 0.879
[2026-06-16 22:38:24,802][root][INFO] - Epoch [3/5], Batch [5/300], Loss: 1.1535 (Overall: 0.8470, Change: 1.6458), TF Ratio: 0.879
[2026-06-16 22:38:24,954][root][INFO] - Epoch [3/5], Batch [6/300], Loss: 1.1435 (Overall: 0.7134, Change: 1.4741), TF Ratio: 0.879
[2026-06-16 22:38:25,105][root][INFO] - Epoch [3/5], Batch [7/300], Loss: 1.1551 (Overall: 1.0422, Change: 1.4073), TF Ratio: 0.879
[2026-06-16 22:38:26,185][root][INFO] - Epoch [3/5], Batch [8/300], Loss: 1.1593 (Overall: 0.9480, Change: 1.4283), TF Ratio: 0.878
[2026-06-16 22:38:26,337][root][INFO] - Epoch [3/5], Batch [9/300], Loss: 1.1430 (Overall: 0.8484, Change: 1.1768), TF Ratio: 0.878
[2026-06-16 22:38:26,489][root][INFO] - Epoch [3/5], Batch [10/300], Loss: 1.1294 (Overall: 0.6063, Change: 1.4090), TF Ratio: 0.878
[2026-06-16 22:38:26,639][root][INFO] - Epoch [3/5], Batch [11/300], Loss: 1.1387 (Overall: 0.8817, Change: 1.5805), TF Ratio: 0.878
