2026-06-14 21:44:20,211 - INFO - Recurrent UNet Model Successfully Configured and Initialized.
2026-06-14 21:44:20,214 - INFO - Starting from scratch (no valid checkpoint provided).
2026-06-14 21:44:24,915 - INFO - Train: 4480000 samples, Val: 640000 samples
2026-06-14 21:44:26,046 - INFO - Starting training from epoch 1
2026-06-14 21:45:07,288 - INFO - Epoch [1/5], Batch [1/300], Loss: 2.1438 (Overall: 2.1741, Change: 2.1135), TF Ratio: 1.000
2026-06-14 21:45:07,452 - INFO - Epoch [1/5], Batch [2/300], Loss: 2.1174 (Overall: 2.1234, Change: 2.0586), TF Ratio: 1.000
2026-06-14 21:45:07,608 - INFO - Epoch [1/5], Batch [3/300], Loss: 2.1038 (Overall: 2.1464, Change: 2.0071), TF Ratio: 0.999
2026-06-14 21:45:23,182 - INFO - Epoch [1/5], Batch [4/300], Loss: 2.0765 (Overall: 2.0278, Change: 1.9613), TF Ratio: 0.999
2026-06-14 21:45:24,150 - INFO - Epoch [1/5], Batch [5/300], Loss: 2.0218 (Overall: 1.6852, Change: 1.9212), TF Ratio: 0.999
2026-06-14 21:45:24,317 - INFO - Epoch [1/5], Batch [6/300], Loss: 1.9768 (Overall: 1.6321, Change: 1.8712), TF Ratio: 0.999
2026-06-14 21:45:24,471 - INFO - Epoch [1/5], Batch [7/300], Loss: 1.9628 (Overall: 1.8999, Change: 1.8578), TF Ratio: 0.999
2026-06-14 21:45:24,672 - INFO - Epoch [1/5], Batch [8/300], Loss: 1.9434 (Overall: 1.7967, Change: 1.8184), TF Ratio: 0.998
2026-06-14 21:45:24,830 - INFO - Epoch [1/5], Batch [9/300], Loss: 1.9227 (Overall: 1.5668, Change: 1.9465), TF Ratio: 0.998
2026-06-14 21:45:24,983 - INFO - Epoch [1/5], Batch [10/300], Loss: 1.9129 (Overall: 1.7136, Change: 1.9366), TF Ratio: 0.998
2026-06-14 21:45:25,136 - INFO - Epoch [1/5], Batch [11/300], Loss: 1.8687 (Overall: 1.5740, Change: 1.2795), TF Ratio: 0.998
2026-06-14 21:45:25,327 - INFO - Epoch [1/5], Batch [12/300], Loss: 1.8663 (Overall: 1.6431, Change: 2.0373), TF Ratio: 0.998
2026-06-14 21:45:25,479 - INFO - Epoch [1/5], Batch [13/300], Loss: 1.8701 (Overall: 1.8231, Change: 2.0083), TF Ratio: 0.997
2026-06-14 21:45:25,631 - INFO - Epoch [1/5], Batch [14/300], Loss: 1.8560 (Overall: 1.4651, Change: 1.8794), TF Ratio: 0.997
2026-06-14 21:45:25,783 - INFO - Epoch [1/5], Batch [15/300], Loss: 1.8334 (Overall: 1.4148, Change: 1.6204), TF Ratio: 0.997
2026-06-14 21:45:25,991 - INFO - Epoch [1/5], Batch [16/300], Loss: 1.8274 (Overall: 1.5365, Change: 1.9361), TF Ratio: 0.997
2026-06-14 21:45:26,144 - INFO - Epoch [1/5], Batch [17/300], Loss: 1.8078 (Overall: 1.3190, Change: 1.6691), TF Ratio: 0.997
2026-06-14 21:45:26,359 - INFO - Epoch [1/5], Batch [18/300], Loss: 1.7895 (Overall: 1.4366, Change: 1.5224), TF Ratio: 0.996
2026-06-14 21:45:26,516 - INFO - Epoch [1/5], Batch [19/300], Loss: 1.7732 (Overall: 1.2046, Change: 1.7533), TF Ratio: 0.996
2026-06-14 21:45:42,006 - INFO - Epoch [1/5], Batch [20/300], Loss: 1.7641 (Overall: 1.5412, Change: 1.6436), TF Ratio: 0.996
2026-06-14 21:45:42,167 - INFO - Epoch [1/5], Batch [21/300], Loss: 1.7725 (Overall: 1.9191, Change: 1.9622), TF Ratio: 0.996
2026-06-14 21:45:42,321 - INFO - Epoch [1/5], Batch [22/300], Loss: 1.7678 (Overall: 1.4102, Change: 1.9267), TF Ratio: 0.996
2026-06-14 21:45:42,476 - INFO - Epoch [1/5], Batch [23/300], Loss: 1.7525 (Overall: 1.3446, Change: 1.4885), TF Ratio: 0.995
2026-06-14 21:45:42,666 - INFO - Epoch [1/5], Batch [24/300], Loss: 1.7437 (Overall: 1.3476, Change: 1.7318), TF Ratio: 0.995
2026-06-14 21:45:46,341 - INFO - Epoch [1/5], Batch [25/300], Loss: 1.7434 (Overall: 1.3167, Change: 2.1597), TF Ratio: 0.995
2026-06-14 21:45:46,498 - INFO - Epoch [1/5], Batch [26/300], Loss: 1.7417 (Overall: 1.3338, Change: 2.0607), TF Ratio: 0.995
2026-06-14 21:45:46,655 - INFO - Epoch [1/5], Batch [27/300], Loss: 1.7335 (Overall: 1.2542, Change: 1.7904), TF Ratio: 0.995
2026-06-14 21:45:48,013 - INFO - Epoch [1/5], Batch [28/300], Loss: 1.7297 (Overall: 1.2461, Change: 2.0067), TF Ratio: 0.994
2026-06-14 21:45:48,169 - INFO - Epoch [1/5], Batch [29/300], Loss: 1.7366 (Overall: 1.8834, Change: 1.9731), TF Ratio: 0.994
2026-06-14 21:45:48,324 - INFO - Epoch [1/5], Batch [30/300], Loss: 1.7289 (Overall: 1.3153, Change: 1.6986), TF Ratio: 0.994
2026-06-14 21:45:48,483 - INFO - Epoch [1/5], Batch [31/300], Loss: 1.7303 (Overall: 1.3681, Change: 2.1747), TF Ratio: 0.994
2026-06-14 21:45:49,671 - INFO - Epoch [1/5], Batch [32/300], Loss: 1.7272 (Overall: 1.4627, Change: 1.8031), TF Ratio: 0.994
2026-06-14 21:45:49,835 - INFO - Epoch [1/5], Batch [33/300], Loss: 1.7228 (Overall: 1.2970, Change: 1.8635), TF Ratio: 0.993
2026-06-14 21:45:49,988 - INFO - Epoch [1/5], Batch [34/300], Loss: 1.7164 (Overall: 1.2777, Change: 1.7319), TF Ratio: 0.993
2026-06-14 21:45:50,141 - INFO - Epoch [1/5], Batch [35/300], Loss: 1.7076 (Overall: 1.3478, Change: 1.4737), TF Ratio: 0.993
2026-06-14 21:45:50,323 - INFO - Epoch [1/5], Batch [36/300], Loss: 1.7029 (Overall: 1.2243, Change: 1.8488), TF Ratio: 0.993
2026-06-14 21:45:50,475 - INFO - Epoch [1/5], Batch [37/300], Loss: 1.6969 (Overall: 1.2868, Change: 1.6743), TF Ratio: 0.993
2026-06-14 21:45:50,628 - INFO - Epoch [1/5], Batch [38/300], Loss: 1.6918 (Overall: 1.2713, Change: 1.7392), TF Ratio: 0.992
2026-06-14 21:45:50,780 - INFO - Epoch [1/5], Batch [39/300], Loss: 1.6861 (Overall: 1.1335, Change: 1.8040), TF Ratio: 0.992
2026-06-14 21:46:01,398 - INFO - Epoch [1/5], Batch [40/300], Loss: 1.6795 (Overall: 1.1912, Change: 1.6494), TF Ratio: 0.992
2026-06-14 21:46:01,557 - INFO - Epoch [1/5], Batch [41/300], Loss: 1.6703 (Overall: 1.0654, Change: 1.5403), TF Ratio: 0.992
2026-06-14 21:46:01,713 - INFO - Epoch [1/5], Batch [42/300], Loss: 1.6606 (Overall: 1.1644, Change: 1.3631), TF Ratio: 0.992
2026-06-14 21:46:01,868 - INFO - Epoch [1/5], Batch [43/300], Loss: 1.6642 (Overall: 1.4864, Change: 2.1416), TF Ratio: 0.991
2026-06-14 21:46:02,052 - INFO - Epoch [1/5], Batch [44/300], Loss: 1.6588 (Overall: 1.2457, Change: 1.6124), TF Ratio: 0.991
2026-06-14 21:46:15,451 - INFO - Epoch [1/5], Batch [45/300], Loss: 1.6553 (Overall: 1.3695, Change: 1.6284), TF Ratio: 0.991
2026-06-14 21:46:15,606 - INFO - Epoch [1/5], Batch [46/300], Loss: 1.6496 (Overall: 1.1443, Change: 1.6432), TF Ratio: 0.991
2026-06-14 21:46:15,760 - INFO - Epoch [1/5], Batch [47/300], Loss: 1.6466 (Overall: 1.2375, Change: 1.7816), TF Ratio: 0.991
2026-06-14 21:46:15,938 - INFO - Epoch [1/5], Batch [48/300], Loss: 1.6420 (Overall: 1.2559, Change: 1.5901), TF Ratio: 0.990
2026-06-14 21:46:16,091 - INFO - Epoch [1/5], Batch [49/300], Loss: 1.6386 (Overall: 1.1381, Change: 1.8186), TF Ratio: 0.990
2026-06-14 21:46:16,244 - INFO - Epoch [1/5], Batch [50/300], Loss: 1.6349 (Overall: 1.1687, Change: 1.7336), TF Ratio: 0.990
2026-06-14 21:46:16,397 - INFO - Epoch [1/5], Batch [51/300], Loss: 1.6354 (Overall: 1.3987, Change: 1.9286), TF Ratio: 0.990
2026-06-14 21:46:16,575 - INFO - Epoch [1/5], Batch [52/300], Loss: 1.6325 (Overall: 1.2289, Change: 1.7370), TF Ratio: 0.990
2026-06-14 21:46:16,729 - INFO - Epoch [1/5], Batch [53/300], Loss: 1.6296 (Overall: 1.3414, Change: 1.6177), TF Ratio: 0.989
2026-06-14 21:46:16,883 - INFO - Epoch [1/5], Batch [54/300], Loss: 1.6238 (Overall: 1.1208, Change: 1.5090), TF Ratio: 0.989
2026-06-14 21:46:17,037 - INFO - Epoch [1/5], Batch [55/300], Loss: 1.6146 (Overall: 1.1879, Change: 1.0543), TF Ratio: 0.989
2026-06-14 21:46:17,211 - INFO - Epoch [1/5], Batch [56/300], Loss: 1.6125 (Overall: 1.1869, Change: 1.8072), TF Ratio: 0.989
2026-06-14 21:46:17,367 - INFO - Epoch [1/5], Batch [57/300], Loss: 1.6109 (Overall: 1.2568, Change: 1.7762), TF Ratio: 0.989
2026-06-14 21:46:17,523 - INFO - Epoch [1/5], Batch [58/300], Loss: 1.6040 (Overall: 1.2598, Change: 1.1647), TF Ratio: 0.988
2026-06-14 21:46:17,679 - INFO - Epoch [1/5], Batch [59/300], Loss: 1.6015 (Overall: 1.1603, Change: 1.7492), TF Ratio: 0.988
2026-06-14 21:46:20,084 - INFO - Epoch [1/5], Batch [60/300], Loss: 1.5976 (Overall: 1.2704, Change: 1.4724), TF Ratio: 0.988
2026-06-14 21:46:20,241 - INFO - Epoch [1/5], Batch [61/300], Loss: 1.5927 (Overall: 1.0721, Change: 1.5249), TF Ratio: 0.988
2026-06-14 21:46:20,396 - INFO - Epoch [1/5], Batch [62/300], Loss: 1.5850 (Overall: 1.0436, Change: 1.1893), TF Ratio: 0.988
2026-06-14 21:46:20,551 - INFO - Epoch [1/5], Batch [63/300], Loss: 1.5796 (Overall: 0.9822, Change: 1.5030), TF Ratio: 0.987
2026-06-14 21:46:23,782 - INFO - Epoch [1/5], Batch [64/300], Loss: 1.5768 (Overall: 1.1900, Change: 1.6091), TF Ratio: 0.987
2026-06-14 21:46:33,332 - INFO - Epoch [1/5], Batch [65/300], Loss: 1.5735 (Overall: 0.9528, Change: 1.7724), TF Ratio: 0.987
2026-06-14 21:46:33,491 - INFO - Epoch [1/5], Batch [66/300], Loss: 1.5721 (Overall: 1.3625, Change: 1.5942), TF Ratio: 0.987
2026-06-14 21:46:33,647 - INFO - Epoch [1/5], Batch [67/300], Loss: 1.5690 (Overall: 1.1870, Change: 1.5433), TF Ratio: 0.987
2026-06-14 21:46:40,136 - INFO - Epoch [1/5], Batch [68/300], Loss: 1.5659 (Overall: 1.0584, Change: 1.6580), TF Ratio: 0.986
2026-06-14 21:46:40,301 - INFO - Epoch [1/5], Batch [69/300], Loss: 1.5635 (Overall: 1.1695, Change: 1.6294), TF Ratio: 0.986
2026-06-14 21:46:40,459 - INFO - Epoch [1/5], Batch [70/300], Loss: 1.5595 (Overall: 1.1364, Change: 1.4397), TF Ratio: 0.986
2026-06-14 21:46:40,617 - INFO - Epoch [1/5], Batch [71/300], Loss: 1.5555 (Overall: 1.1532, Change: 1.3940), TF Ratio: 0.986
2026-06-14 21:46:40,803 - INFO - Epoch [1/5], Batch [72/300], Loss: 1.5546 (Overall: 1.2622, Change: 1.7219), TF Ratio: 0.986
2026-06-14 21:46:40,961 - INFO - Epoch [1/5], Batch [73/300], Loss: 1.5519 (Overall: 1.1843, Change: 1.5265), TF Ratio: 0.985
2026-06-14 21:46:41,117 - INFO - Epoch [1/5], Batch [74/300], Loss: 1.5493 (Overall: 1.0416, Change: 1.6852), TF Ratio: 0.985
2026-06-14 21:46:41,272 - INFO - Epoch [1/5], Batch [75/300], Loss: 1.5483 (Overall: 1.1099, Change: 1.8314), TF Ratio: 0.985
2026-06-14 21:46:41,448 - INFO - Epoch [1/5], Batch [76/300], Loss: 1.5439 (Overall: 1.0640, Change: 1.3676), TF Ratio: 0.985
2026-06-14 21:46:41,605 - INFO - Epoch [1/5], Batch [77/300], Loss: 1.5443 (Overall: 1.2397, Change: 1.9073), TF Ratio: 0.985
2026-06-14 21:46:41,761 - INFO - Epoch [1/5], Batch [78/300], Loss: 1.5428 (Overall: 1.1110, Change: 1.7468), TF Ratio: 0.984
2026-06-14 21:46:41,918 - INFO - Epoch [1/5], Batch [79/300], Loss: 1.5407 (Overall: 1.2387, Change: 1.5164), TF Ratio: 0.984
2026-06-14 21:46:44,926 - INFO - Epoch [1/5], Batch [80/300], Loss: 1.5390 (Overall: 1.1341, Change: 1.6687), TF Ratio: 0.984
2026-06-14 21:46:45,082 - INFO - Epoch [1/5], Batch [81/300], Loss: 1.5404 (Overall: 1.3583, Change: 1.9513), TF Ratio: 0.984
2026-06-14 21:46:45,233 - INFO - Epoch [1/5], Batch [82/300], Loss: 1.5388 (Overall: 1.2303, Change: 1.5827), TF Ratio: 0.984
2026-06-14 21:46:45,385 - INFO - Epoch [1/5], Batch [83/300], Loss: 1.5357 (Overall: 1.1220, Change: 1.4419), TF Ratio: 0.983
2026-06-14 21:46:53,178 - INFO - Epoch [1/5], Batch [84/300], Loss: 1.5342 (Overall: 1.1091, Change: 1.7133), TF Ratio: 0.983
2026-06-14 21:47:03,868 - INFO - Epoch [1/5], Batch [85/300], Loss: 1.5347 (Overall: 1.0933, Change: 2.0603), TF Ratio: 0.983
2026-06-14 21:47:04,025 - INFO - Epoch [1/5], Batch [86/300], Loss: 1.5331 (Overall: 1.0712, Change: 1.7145), TF Ratio: 0.983
2026-06-14 21:47:04,183 - INFO - Epoch [1/5], Batch [87/300], Loss: 1.5346 (Overall: 1.2786, Change: 2.0638), TF Ratio: 0.983
2026-06-14 21:47:07,618 - INFO - Epoch [1/5], Batch [88/300], Loss: 1.5325 (Overall: 1.2278, Change: 1.4724), TF Ratio: 0.982
2026-06-14 21:47:07,778 - INFO - Epoch [1/5], Batch [89/300], Loss: 1.5317 (Overall: 1.2031, Change: 1.7149), TF Ratio: 0.982
2026-06-14 21:47:07,934 - INFO - Epoch [1/5], Batch [90/300], Loss: 1.5299 (Overall: 1.1480, Change: 1.5807), TF Ratio: 0.982
2026-06-14 21:47:08,091 - INFO - Epoch [1/5], Batch [91/300], Loss: 1.5289 (Overall: 1.1272, Change: 1.7666), TF Ratio: 0.982
2026-06-14 21:47:09,245 - INFO - Epoch [1/5], Batch [92/300], Loss: 1.5281 (Overall: 1.0973, Change: 1.8057), TF Ratio: 0.982
2026-06-14 21:47:09,402 - INFO - Epoch [1/5], Batch [93/300], Loss: 1.5251 (Overall: 1.4073, Change: 1.0854), TF Ratio: 0.981
2026-06-14 21:47:09,558 - INFO - Epoch [1/5], Batch [94/300], Loss: 1.5214 (Overall: 0.9613, Change: 1.4074), TF Ratio: 0.981
2026-06-14 21:47:09,715 - INFO - Epoch [1/5], Batch [95/300], Loss: 1.5198 (Overall: 1.1181, Change: 1.6115), TF Ratio: 0.981
2026-06-14 21:47:09,894 - INFO - Epoch [1/5], Batch [96/300], Loss: 1.5197 (Overall: 1.1715, Change: 1.8509), TF Ratio: 0.981
2026-06-14 21:47:10,051 - INFO - Epoch [1/5], Batch [97/300], Loss: 1.5156 (Overall: 1.1412, Change: 1.1022), TF Ratio: 0.981
2026-06-14 21:47:10,205 - INFO - Epoch [1/5], Batch [98/300], Loss: 1.5138 (Overall: 1.0579, Change: 1.6148), TF Ratio: 0.980
2026-06-14 21:47:10,360 - INFO - Epoch [1/5], Batch [99/300], Loss: 1.5113 (Overall: 1.0766, Change: 1.4681), TF Ratio: 0.980
2026-06-14 21:47:10,535 - INFO - Epoch [1/5], Batch [100/300], Loss: 1.5084 (Overall: 0.9848, Change: 1.4518), TF Ratio: 0.980
2026-06-14 21:47:10,693 - INFO - Epoch [1/5], Batch [101/300], Loss: 1.5084 (Overall: 1.1668, Change: 1.8573), TF Ratio: 0.980
2026-06-14 21:47:10,850 - INFO - Epoch [1/5], Batch [102/300], Loss: 1.5064 (Overall: 1.1422, Change: 1.4656), TF Ratio: 0.980
2026-06-14 21:47:11,008 - INFO - Epoch [1/5], Batch [103/300], Loss: 1.5057 (Overall: 1.0732, Change: 1.7915), TF Ratio: 0.979
2026-06-14 21:47:18,407 - INFO - Epoch [1/5], Batch [104/300], Loss: 1.5020 (Overall: 1.0446, Change: 1.1852), TF Ratio: 0.979
2026-06-14 21:47:21,563 - INFO - Epoch [1/5], Batch [105/300], Loss: 1.5009 (Overall: 1.2805, Change: 1.5013), TF Ratio: 0.979
2026-06-14 21:47:21,717 - INFO - Epoch [1/5], Batch [106/300], Loss: 1.4979 (Overall: 0.8873, Change: 1.4806), TF Ratio: 0.979
2026-06-14 21:47:21,870 - INFO - Epoch [1/5], Batch [107/300], Loss: 1.4954 (Overall: 0.8830, Change: 1.5656), TF Ratio: 0.979
2026-06-14 21:47:29,183 - INFO - Epoch [1/5], Batch [108/300], Loss: 1.4931 (Overall: 1.2067, Change: 1.2899), TF Ratio: 0.978
2026-06-14 21:47:29,346 - INFO - Epoch [1/5], Batch [109/300], Loss: 1.4906 (Overall: 0.8698, Change: 1.5806), TF Ratio: 0.978
2026-06-14 21:47:29,503 - INFO - Epoch [1/5], Batch [110/300], Loss: 1.4869 (Overall: 0.8483, Change: 1.3267), TF Ratio: 0.978
2026-06-14 21:47:29,656 - INFO - Epoch [1/5], Batch [111/300], Loss: 1.4864 (Overall: 1.2195, Change: 1.6298), TF Ratio: 0.978
2026-06-14 21:47:30,226 - INFO - Epoch [1/5], Batch [112/300], Loss: 1.4870 (Overall: 1.5217, Change: 1.5999), TF Ratio: 0.978
2026-06-14 21:47:30,380 - INFO - Epoch [1/5], Batch [113/300], Loss: 1.4826 (Overall: 0.9967, Change: 0.9698), TF Ratio: 0.977
2026-06-14 21:47:30,534 - INFO - Epoch [1/5], Batch [114/300], Loss: 1.4804 (Overall: 1.0290, Change: 1.4473), TF Ratio: 0.977
2026-06-14 21:47:30,688 - INFO - Epoch [1/5], Batch [115/300], Loss: 1.4789 (Overall: 1.0699, Change: 1.5305), TF Ratio: 0.977
2026-06-14 21:47:30,868 - INFO - Epoch [1/5], Batch [116/300], Loss: 1.4763 (Overall: 0.7588, Change: 1.5930), TF Ratio: 0.977
2026-06-14 21:47:31,031 - INFO - Epoch [1/5], Batch [117/300], Loss: 1.4740 (Overall: 0.9997, Change: 1.4191), TF Ratio: 0.977
2026-06-14 21:47:31,184 - INFO - Epoch [1/5], Batch [118/300], Loss: 1.4741 (Overall: 1.4144, Change: 1.5720), TF Ratio: 0.976
2026-06-14 21:47:31,341 - INFO - Epoch [1/5], Batch [119/300], Loss: 1.4728 (Overall: 1.0337, Change: 1.5867), TF Ratio: 0.976
2026-06-14 21:47:31,519 - INFO - Epoch [1/5], Batch [120/300], Loss: 1.4698 (Overall: 0.9535, Change: 1.2832), TF Ratio: 0.976
2026-06-14 21:47:31,677 - INFO - Epoch [1/5], Batch [121/300], Loss: 1.4670 (Overall: 1.0498, Change: 1.2044), TF Ratio: 0.976
2026-06-14 21:47:31,834 - INFO - Epoch [1/5], Batch [122/300], Loss: 1.4644 (Overall: 0.9224, Change: 1.3923), TF Ratio: 0.976
2026-06-14 21:47:31,991 - INFO - Epoch [1/5], Batch [123/300], Loss: 1.4651 (Overall: 1.3951, Change: 1.6909), TF Ratio: 0.975
2026-06-14 21:47:34,489 - INFO - Epoch [1/5], Batch [124/300], Loss: 1.4625 (Overall: 0.8903, Change: 1.4093), TF Ratio: 0.975
2026-06-14 21:47:40,440 - INFO - Epoch [1/5], Batch [125/300], Loss: 1.4617 (Overall: 0.9967, Change: 1.7211), TF Ratio: 0.975
2026-06-14 21:47:40,598 - INFO - Epoch [1/5], Batch [126/300], Loss: 1.4604 (Overall: 0.9808, Change: 1.6020), TF Ratio: 0.975
2026-06-14 21:47:40,751 - INFO - Epoch [1/5], Batch [127/300], Loss: 1.4593 (Overall: 1.0227, Change: 1.6184), TF Ratio: 0.975
2026-06-14 21:47:45,141 - INFO - Epoch [1/5], Batch [128/300], Loss: 1.4579 (Overall: 0.9525, Change: 1.6237), TF Ratio: 0.974
2026-06-14 21:47:45,303 - INFO - Epoch [1/5], Batch [129/300], Loss: 1.4574 (Overall: 1.2189, Change: 1.5703), TF Ratio: 0.974
2026-06-14 21:47:45,458 - INFO - Epoch [1/5], Batch [130/300], Loss: 1.4565 (Overall: 1.0283, Change: 1.6511), TF Ratio: 0.974
2026-06-14 21:47:46,270 - INFO - Epoch [1/5], Batch [131/300], Loss: 1.4557 (Overall: 1.0352, Change: 1.6634), TF Ratio: 0.974
2026-06-14 21:47:47,870 - INFO - Epoch [1/5], Batch [132/300], Loss: 1.4535 (Overall: 0.8604, Change: 1.4611), TF Ratio: 0.974
2026-06-14 21:47:48,027 - INFO - Epoch [1/5], Batch [133/300], Loss: 1.4513 (Overall: 1.0836, Change: 1.2503), TF Ratio: 0.973
2026-06-14 21:47:48,186 - INFO - Epoch [1/5], Batch [134/300], Loss: 1.4499 (Overall: 0.9241, Change: 1.5931), TF Ratio: 0.973
2026-06-14 21:47:48,341 - INFO - Epoch [1/5], Batch [135/300], Loss: 1.4487 (Overall: 0.9608, Change: 1.6212), TF Ratio: 0.973
2026-06-14 21:47:48,511 - INFO - Epoch [1/5], Batch [136/300], Loss: 1.4458 (Overall: 0.9277, Change: 1.1846), TF Ratio: 0.973
2026-06-14 21:47:48,668 - INFO - Epoch [1/5], Batch [137/300], Loss: 1.4433 (Overall: 0.9513, Change: 1.2479), TF Ratio: 0.973
2026-06-14 21:47:48,821 - INFO - Epoch [1/5], Batch [138/300], Loss: 1.4416 (Overall: 0.8887, Change: 1.5403), TF Ratio: 0.972
2026-06-14 21:47:48,975 - INFO - Epoch [1/5], Batch [139/300], Loss: 1.4396 (Overall: 0.8480, Change: 1.4750), TF Ratio: 0.972
2026-06-14 21:47:52,835 - INFO - Epoch [1/5], Batch [140/300], Loss: 1.4404 (Overall: 1.2648, Change: 1.8337), TF Ratio: 0.972
2026-06-14 21:47:52,994 - INFO - Epoch [1/5], Batch [141/300], Loss: 1.4448 (Overall: 1.4001, Change: 2.7265), TF Ratio: 0.972
2026-06-14 21:47:53,148 - INFO - Epoch [1/5], Batch [142/300], Loss: 1.4437 (Overall: 1.1012, Change: 1.4597), TF Ratio: 0.972
2026-06-14 21:47:53,303 - INFO - Epoch [1/5], Batch [143/300], Loss: 1.4436 (Overall: 1.1055, Change: 1.7619), TF Ratio: 0.971
2026-06-14 21:47:53,792 - INFO - Epoch [1/5], Batch [144/300], Loss: 1.4434 (Overall: 1.1559, Change: 1.6739), TF Ratio: 0.971
2026-06-14 21:48:07,675 - INFO - Epoch [1/5], Batch [145/300], Loss: 1.4425 (Overall: 0.7715, Change: 1.8459), TF Ratio: 0.971
2026-06-14 21:48:07,892 - INFO - Epoch [1/5], Batch [146/300], Loss: 1.4410 (Overall: 0.9214, Change: 1.5302), TF Ratio: 0.971
2026-06-14 21:48:08,045 - INFO - Epoch [1/5], Batch [147/300], Loss: 1.4398 (Overall: 0.8543, Change: 1.6797), TF Ratio: 0.971
2026-06-14 21:48:08,215 - INFO - Epoch [1/5], Batch [148/300], Loss: 1.4391 (Overall: 1.1112, Change: 1.5760), TF Ratio: 0.970
2026-06-14 21:48:08,379 - INFO - Epoch [1/5], Batch [149/300], Loss: 1.4395 (Overall: 1.2721, Change: 1.7148), TF Ratio: 0.970
2026-06-14 21:48:08,533 - INFO - Epoch [1/5], Batch [150/300], Loss: 1.4373 (Overall: 0.9704, Change: 1.2408), TF Ratio: 0.970
2026-06-14 21:48:09,525 - INFO - Epoch [1/5], Batch [151/300], Loss: 1.4362 (Overall: 0.8386, Change: 1.7096), TF Ratio: 0.970
2026-06-14 21:48:09,699 - INFO - Epoch [1/5], Batch [152/300], Loss: 1.4356 (Overall: 1.0412, Change: 1.6615), TF Ratio: 0.970
2026-06-14 21:48:09,853 - INFO - Epoch [1/5], Batch [153/300], Loss: 1.4340 (Overall: 1.0099, Change: 1.3444), TF Ratio: 0.969
2026-06-14 21:48:10,007 - INFO - Epoch [1/5], Batch [154/300], Loss: 1.4334 (Overall: 1.0379, Change: 1.6622), TF Ratio: 0.969
2026-06-14 21:48:10,162 - INFO - Epoch [1/5], Batch [155/300], Loss: 1.4339 (Overall: 1.0231, Change: 1.9994), TF Ratio: 0.969
2026-06-14 21:48:10,337 - INFO - Epoch [1/5], Batch [156/300], Loss: 1.4335 (Overall: 0.9021, Change: 1.8349), TF Ratio: 0.969
2026-06-14 21:48:10,500 - INFO - Epoch [1/5], Batch [157/300], Loss: 1.4330 (Overall: 0.8954, Change: 1.8060), TF Ratio: 0.969
2026-06-14 21:48:10,653 - INFO - Epoch [1/5], Batch [158/300], Loss: 1.4320 (Overall: 1.1601, Change: 1.4127), TF Ratio: 0.968
2026-06-14 21:48:10,806 - INFO - Epoch [1/5], Batch [159/300], Loss: 1.4309 (Overall: 1.0325, Change: 1.4680), TF Ratio: 0.968
2026-06-14 21:48:15,427 - INFO - Epoch [1/5], Batch [160/300], Loss: 1.4301 (Overall: 0.9536, Change: 1.6385), TF Ratio: 0.968
2026-06-14 21:48:15,587 - INFO - Epoch [1/5], Batch [161/300], Loss: 1.4280 (Overall: 0.8557, Change: 1.3334), TF Ratio: 0.968
2026-06-14 21:48:15,740 - INFO - Epoch [1/5], Batch [162/300], Loss: 1.4265 (Overall: 0.8531, Change: 1.5364), TF Ratio: 0.968
2026-06-14 21:48:15,893 - INFO - Epoch [1/5], Batch [163/300], Loss: 1.4255 (Overall: 1.0403, Change: 1.4870), TF Ratio: 0.967
2026-06-14 21:48:16,074 - INFO - Epoch [1/5], Batch [164/300], Loss: 1.4252 (Overall: 1.1579, Change: 1.5692), TF Ratio: 0.967
2026-06-14 21:48:26,544 - INFO - Epoch [1/5], Batch [165/300], Loss: 1.4249 (Overall: 1.0205, Change: 1.7359), TF Ratio: 0.967
2026-06-14 21:48:26,697 - INFO - Epoch [1/5], Batch [166/300], Loss: 1.4246 (Overall: 0.9492, Change: 1.8035), TF Ratio: 0.967
2026-06-14 21:48:26,850 - INFO - Epoch [1/5], Batch [167/300], Loss: 1.4235 (Overall: 1.4640, Change: 1.0359), TF Ratio: 0.967
2026-06-14 21:48:27,042 - INFO - Epoch [1/5], Batch [168/300], Loss: 1.4236 (Overall: 0.7896, Change: 2.0968), TF Ratio: 0.966
2026-06-14 21:48:27,197 - INFO - Epoch [1/5], Batch [169/300], Loss: 1.4227 (Overall: 0.8530, Change: 1.6809), TF Ratio: 0.966
2026-06-14 21:48:27,352 - INFO - Epoch [1/5], Batch [170/300], Loss: 1.4211 (Overall: 0.8782, Change: 1.4328), TF Ratio: 0.966
2026-06-14 21:48:31,548 - INFO - Epoch [1/5], Batch [171/300], Loss: 1.4197 (Overall: 0.8333, Change: 1.5218), TF Ratio: 0.966
2026-06-14 21:48:31,721 - INFO - Epoch [1/5], Batch [172/300], Loss: 1.4185 (Overall: 1.0420, Change: 1.3680), TF Ratio: 0.966
2026-06-14 21:48:31,876 - INFO - Epoch [1/5], Batch [173/300], Loss: 1.4173 (Overall: 0.9255, Change: 1.5097), TF Ratio: 0.965
2026-06-14 21:48:32,029 - INFO - Epoch [1/5], Batch [174/300], Loss: 1.4157 (Overall: 0.9200, Change: 1.3404), TF Ratio: 0.965
2026-06-14 21:48:32,181 - INFO - Epoch [1/5], Batch [175/300], Loss: 1.4143 (Overall: 0.9001, Change: 1.4664), TF Ratio: 0.965
2026-06-14 21:48:32,360 - INFO - Epoch [1/5], Batch [176/300], Loss: 1.4129 (Overall: 0.9415, Change: 1.3657), TF Ratio: 0.965
2026-06-14 21:48:32,513 - INFO - Epoch [1/5], Batch [177/300], Loss: 1.4127 (Overall: 1.2242, Change: 1.5445), TF Ratio: 0.965
2026-06-14 21:48:32,666 - INFO - Epoch [1/5], Batch [178/300], Loss: 1.4101 (Overall: 0.9632, Change: 0.9278), TF Ratio: 0.964
2026-06-14 21:48:32,819 - INFO - Epoch [1/5], Batch [179/300], Loss: 1.4091 (Overall: 0.9340, Change: 1.5478), TF Ratio: 0.964
2026-06-14 21:48:41,493 - INFO - Epoch [1/5], Batch [180/300], Loss: 1.4066 (Overall: 0.7334, Change: 1.1752), TF Ratio: 0.964
2026-06-14 21:48:41,647 - INFO - Epoch [1/5], Batch [181/300], Loss: 1.4065 (Overall: 0.9696, Change: 1.7919), TF Ratio: 0.964
2026-06-14 21:48:41,800 - INFO - Epoch [1/5], Batch [182/300], Loss: 1.4057 (Overall: 0.9890, Change: 1.5469), TF Ratio: 0.964
2026-06-14 21:48:41,954 - INFO - Epoch [1/5], Batch [183/300], Loss: 1.4033 (Overall: 0.8044, Change: 1.1222), TF Ratio: 0.963
2026-06-14 21:48:42,152 - INFO - Epoch [1/5], Batch [184/300], Loss: 1.4036 (Overall: 1.2513, Change: 1.6725), TF Ratio: 0.963
2026-06-14 21:48:43,657 - INFO - Epoch [1/5], Batch [185/300], Loss: 1.4024 (Overall: 1.0618, Change: 1.3109), TF Ratio: 0.963
2026-06-14 21:48:43,809 - INFO - Epoch [1/5], Batch [186/300], Loss: 1.4022 (Overall: 1.0774, Change: 1.6313), TF Ratio: 0.963
2026-06-14 21:48:43,962 - INFO - Epoch [1/5], Batch [187/300], Loss: 1.4012 (Overall: 0.9275, Change: 1.5171), TF Ratio: 0.963
2026-06-14 21:48:47,490 - INFO - Epoch [1/5], Batch [188/300], Loss: 1.4000 (Overall: 0.8599, Change: 1.4738), TF Ratio: 0.962
2026-06-14 21:49:04,052 - INFO - Epoch [1/5], Batch [189/300], Loss: 1.3996 (Overall: 0.9842, Change: 1.6638), TF Ratio: 0.962
2026-06-14 21:49:04,205 - INFO - Epoch [1/5], Batch [190/300], Loss: 1.3994 (Overall: 1.0240, Change: 1.7358), TF Ratio: 0.962
2026-06-14 21:49:04,357 - INFO - Epoch [1/5], Batch [191/300], Loss: 1.3971 (Overall: 0.7782, Change: 1.1149), TF Ratio: 0.962
2026-06-14 21:49:04,527 - INFO - Epoch [1/5], Batch [192/300], Loss: 1.3964 (Overall: 0.8968, Change: 1.6310), TF Ratio: 0.962
2026-06-14 21:49:04,681 - INFO - Epoch [1/5], Batch [193/300], Loss: 1.3951 (Overall: 0.9454, Change: 1.3561), TF Ratio: 0.961
2026-06-14 21:49:04,832 - INFO - Epoch [1/5], Batch [194/300], Loss: 1.3943 (Overall: 0.8660, Change: 1.6058), TF Ratio: 0.961
2026-06-14 21:49:04,984 - INFO - Epoch [1/5], Batch [195/300], Loss: 1.3945 (Overall: 1.0196, Change: 1.8324), TF Ratio: 0.961
2026-06-14 21:49:05,151 - INFO - Epoch [1/5], Batch [196/300], Loss: 1.3935 (Overall: 0.9636, Change: 1.4543), TF Ratio: 0.961
2026-06-14 21:49:05,304 - INFO - Epoch [1/5], Batch [197/300], Loss: 1.3920 (Overall: 0.8206, Change: 1.3657), TF Ratio: 0.961
2026-06-14 21:49:05,456 - INFO - Epoch [1/5], Batch [198/300], Loss: 1.3915 (Overall: 0.9307, Change: 1.6766), TF Ratio: 0.960
2026-06-14 21:49:05,608 - INFO - Epoch [1/5], Batch [199/300], Loss: 1.3889 (Overall: 0.8423, Change: 0.8894), TF Ratio: 0.960
2026-06-14 21:49:23,703 - INFO - Epoch [1/5], Batch [200/300], Loss: 1.3888 (Overall: 0.9276, Change: 1.8323), TF Ratio: 0.960
2026-06-14 21:49:23,860 - INFO - Epoch [1/5], Batch [201/300], Loss: 1.3882 (Overall: 0.9326, Change: 1.5755), TF Ratio: 0.960
2026-06-14 21:49:24,013 - INFO - Epoch [1/5], Batch [202/300], Loss: 1.3876 (Overall: 1.0359, Change: 1.4913), TF Ratio: 0.960
2026-06-14 21:49:24,166 - INFO - Epoch [1/5], Batch [203/300], Loss: 1.3867 (Overall: 0.9082, Change: 1.5086), TF Ratio: 0.959
2026-06-14 21:49:24,338 - INFO - Epoch [1/5], Batch [204/300], Loss: 1.3860 (Overall: 0.9147, Change: 1.5888), TF Ratio: 0.959
2026-06-14 21:49:24,493 - INFO - Epoch [1/5], Batch [205/300], Loss: 1.3845 (Overall: 0.8569, Change: 1.2811), TF Ratio: 0.959
2026-06-14 21:49:24,646 - INFO - Epoch [1/5], Batch [206/300], Loss: 1.3850 (Overall: 1.1281, Change: 1.8623), TF Ratio: 0.959
2026-06-14 21:49:24,800 - INFO - Epoch [1/5], Batch [207/300], Loss: 1.3851 (Overall: 1.3216, Change: 1.5003), TF Ratio: 0.959
2026-06-14 21:49:24,974 - INFO - Epoch [1/5], Batch [208/300], Loss: 1.3847 (Overall: 0.8814, Change: 1.6954), TF Ratio: 0.958
2026-06-14 21:49:25,128 - INFO - Epoch [1/5], Batch [209/300], Loss: 1.3842 (Overall: 0.8535, Change: 1.7170), TF Ratio: 0.958
2026-06-14 21:49:25,281 - INFO - Epoch [1/5], Batch [210/300], Loss: 1.3845 (Overall: 1.1156, Change: 1.7749), TF Ratio: 0.958
2026-06-14 21:49:44,391 - INFO - Epoch [1/5], Batch [211/300], Loss: 1.3832 (Overall: 0.7758, Change: 1.4688), TF Ratio: 0.958
2026-06-14 21:49:44,557 - INFO - Epoch [1/5], Batch [212/300], Loss: 1.3824 (Overall: 0.8922, Change: 1.5117), TF Ratio: 0.958
2026-06-14 21:49:44,711 - INFO - Epoch [1/5], Batch [213/300], Loss: 1.3813 (Overall: 0.8773, Change: 1.4230), TF Ratio: 0.957
2026-06-14 21:49:44,864 - INFO - Epoch [1/5], Batch [214/300], Loss: 1.3800 (Overall: 0.9249, Change: 1.2626), TF Ratio: 0.957
2026-06-14 21:49:45,018 - INFO - Epoch [1/5], Batch [215/300], Loss: 1.3797 (Overall: 1.3547, Change: 1.2756), TF Ratio: 0.957
2026-06-14 21:49:45,218 - INFO - Epoch [1/5], Batch [216/300], Loss: 1.3792 (Overall: 1.0807, Change: 1.4653), TF Ratio: 0.957
2026-06-14 21:49:45,375 - INFO - Epoch [1/5], Batch [217/300], Loss: 1.3795 (Overall: 1.1043, Change: 1.7938), TF Ratio: 0.957
2026-06-14 21:49:45,529 - INFO - Epoch [1/5], Batch [218/300], Loss: 1.3786 (Overall: 0.9464, Change: 1.4473), TF Ratio: 0.956
2026-06-14 21:49:45,682 - INFO - Epoch [1/5], Batch [219/300], Loss: 1.3776 (Overall: 0.9798, Change: 1.3051), TF Ratio: 0.956
2026-06-14 21:49:47,418 - INFO - Epoch [1/5], Batch [220/300], Loss: 1.3772 (Overall: 0.9698, Change: 1.6250), TF Ratio: 0.956
2026-06-14 21:49:47,572 - INFO - Epoch [1/5], Batch [221/300], Loss: 1.3759 (Overall: 0.9143, Change: 1.2645), TF Ratio: 0.956
2026-06-14 21:49:47,726 - INFO - Epoch [1/5], Batch [222/300], Loss: 1.3753 (Overall: 1.0191, Change: 1.4853), TF Ratio: 0.956
2026-06-14 21:49:47,880 - INFO - Epoch [1/5], Batch [223/300], Loss: 1.3742 (Overall: 0.9611, Change: 1.2687), TF Ratio: 0.955
2026-06-14 21:49:48,052 - INFO - Epoch [1/5], Batch [224/300], Loss: 1.3739 (Overall: 0.9927, Change: 1.6220), TF Ratio: 0.955
2026-06-14 21:49:48,210 - INFO - Epoch [1/5], Batch [225/300], Loss: 1.3737 (Overall: 0.8359, Change: 1.8138), TF Ratio: 0.955
2026-06-14 21:49:48,364 - INFO - Epoch [1/5], Batch [226/300], Loss: 1.3742 (Overall: 1.1706, Change: 1.8152), TF Ratio: 0.955
2026-06-14 21:49:48,519 - INFO - Epoch [1/5], Batch [227/300], Loss: 1.3731 (Overall: 0.7355, Change: 1.5199), TF Ratio: 0.955
2026-06-14 21:49:48,703 - INFO - Epoch [1/5], Batch [228/300], Loss: 1.3729 (Overall: 1.0208, Change: 1.6316), TF Ratio: 0.954
2026-06-14 21:49:48,859 - INFO - Epoch [1/5], Batch [229/300], Loss: 1.3726 (Overall: 0.9958, Change: 1.6205), TF Ratio: 0.954
2026-06-14 21:49:49,012 - INFO - Epoch [1/5], Batch [230/300], Loss: 1.3714 (Overall: 0.9497, Change: 1.2600), TF Ratio: 0.954
2026-06-14 21:50:03,450 - INFO - Epoch [1/5], Batch [231/300], Loss: 1.3724 (Overall: 1.2757, Change: 1.9141), TF Ratio: 0.954
2026-06-14 21:50:03,618 - INFO - Epoch [1/5], Batch [232/300], Loss: 1.3699 (Overall: 0.7504, Change: 0.8214), TF Ratio: 0.954
2026-06-14 21:50:03,781 - INFO - Epoch [1/5], Batch [233/300], Loss: 1.3694 (Overall: 1.2574, Change: 1.2686), TF Ratio: 0.953
2026-06-14 21:50:03,934 - INFO - Epoch [1/5], Batch [234/300], Loss: 1.3682 (Overall: 0.7936, Change: 1.3702), TF Ratio: 0.953
2026-06-14 21:50:04,086 - INFO - Epoch [1/5], Batch [235/300], Loss: 1.3677 (Overall: 0.9349, Change: 1.5906), TF Ratio: 0.953
2026-06-14 21:50:04,281 - INFO - Epoch [1/5], Batch [236/300], Loss: 1.3665 (Overall: 0.8211, Change: 1.3237), TF Ratio: 0.953
2026-06-14 21:50:04,434 - INFO - Epoch [1/5], Batch [237/300], Loss: 1.3662 (Overall: 1.1349, Change: 1.4801), TF Ratio: 0.953
2026-06-14 21:50:04,588 - INFO - Epoch [1/5], Batch [238/300], Loss: 1.3666 (Overall: 1.1733, Change: 1.7374), TF Ratio: 0.952
2026-06-14 21:50:04,741 - INFO - Epoch [1/5], Batch [239/300], Loss: 1.3662 (Overall: 1.0853, Change: 1.4573), TF Ratio: 0.952
2026-06-14 21:50:04,915 - INFO - Epoch [1/5], Batch [240/300], Loss: 1.3651 (Overall: 0.9008, Change: 1.3115), TF Ratio: 0.952
2026-06-14 21:50:05,069 - INFO - Epoch [1/5], Batch [241/300], Loss: 1.3655 (Overall: 1.3882, Change: 1.4976), TF Ratio: 0.952
2026-06-14 21:50:05,222 - INFO - Epoch [1/5], Batch [242/300], Loss: 1.3652 (Overall: 1.0191, Change: 1.5840), TF Ratio: 0.952
2026-06-14 21:50:05,375 - INFO - Epoch [1/5], Batch [243/300], Loss: 1.3649 (Overall: 1.0200, Change: 1.5652), TF Ratio: 0.951
2026-06-14 21:50:22,051 - INFO - Epoch [1/5], Batch [244/300], Loss: 1.3633 (Overall: 0.7038, Change: 1.2561), TF Ratio: 0.951
2026-06-14 21:50:22,205 - INFO - Epoch [1/5], Batch [245/300], Loss: 1.3628 (Overall: 0.8359, Change: 1.6313), TF Ratio: 0.951
2026-06-14 21:50:22,357 - INFO - Epoch [1/5], Batch [246/300], Loss: 1.3629 (Overall: 1.1303, Change: 1.6250), TF Ratio: 0.951
2026-06-14 21:50:22,511 - INFO - Epoch [1/5], Batch [247/300], Loss: 1.3622 (Overall: 0.9487, Change: 1.4771), TF Ratio: 0.951
2026-06-14 21:50:22,691 - INFO - Epoch [1/5], Batch [248/300], Loss: 1.3622 (Overall: 1.2909, Change: 1.4234), TF Ratio: 0.950
2026-06-14 21:50:22,844 - INFO - Epoch [1/5], Batch [249/300], Loss: 1.3607 (Overall: 0.8112, Change: 1.1708), TF Ratio: 0.950
2026-06-14 21:50:22,998 - INFO - Epoch [1/5], Batch [250/300], Loss: 1.3600 (Overall: 0.7796, Change: 1.5573), TF Ratio: 0.950
2026-06-14 21:50:23,150 - INFO - Epoch [1/5], Batch [251/300], Loss: 1.3599 (Overall: 1.1713, Change: 1.5287), TF Ratio: 0.950
2026-06-14 21:50:23,318 - INFO - Epoch [1/5], Batch [252/300], Loss: 1.3593 (Overall: 1.0576, Change: 1.3528), TF Ratio: 0.950
2026-06-14 21:50:23,472 - INFO - Epoch [1/5], Batch [253/300], Loss: 1.3585 (Overall: 0.8006, Change: 1.4947), TF Ratio: 0.949
2026-06-14 21:50:23,625 - INFO - Epoch [1/5], Batch [254/300], Loss: 1.3575 (Overall: 0.7944, Change: 1.4489), TF Ratio: 0.949
2026-06-14 21:50:23,778 - INFO - Epoch [1/5], Batch [255/300], Loss: 1.3575 (Overall: 1.0839, Change: 1.6184), TF Ratio: 0.949
2026-06-14 21:50:23,961 - INFO - Epoch [1/5], Batch [256/300], Loss: 1.3569 (Overall: 0.8036, Change: 1.5718), TF Ratio: 0.949
2026-06-14 21:50:24,116 - INFO - Epoch [1/5], Batch [257/300], Loss: 1.3558 (Overall: 0.8816, Change: 1.2885), TF Ratio: 0.949
2026-06-14 21:50:24,270 - INFO - Epoch [1/5], Batch [258/300], Loss: 1.3540 (Overall: 0.7587, Change: 1.0493), TF Ratio: 0.948
2026-06-14 21:50:24,423 - INFO - Epoch [1/5], Batch [259/300], Loss: 1.3536 (Overall: 0.9001, Change: 1.5767), TF Ratio: 0.948
2026-06-14 21:50:27,853 - INFO - Epoch [1/5], Batch [260/300], Loss: 1.3527 (Overall: 0.8750, Change: 1.3518), TF Ratio: 0.948
2026-06-14 21:50:28,007 - INFO - Epoch [1/5], Batch [261/300], Loss: 1.3518 (Overall: 0.9571, Change: 1.2805), TF Ratio: 0.948
2026-06-14 21:50:28,161 - INFO - Epoch [1/5], Batch [262/300], Loss: 1.3517 (Overall: 1.0158, Change: 1.6487), TF Ratio: 0.948
2026-06-14 21:50:28,314 - INFO - Epoch [1/5], Batch [263/300], Loss: 1.3510 (Overall: 1.0254, Change: 1.2896), TF Ratio: 0.947
2026-06-14 21:50:28,503 - INFO - Epoch [1/5], Batch [264/300], Loss: 1.3501 (Overall: 0.8399, Change: 1.3967), TF Ratio: 0.947
2026-06-14 21:50:28,657 - INFO - Epoch [1/5], Batch [265/300], Loss: 1.3501 (Overall: 1.0579, Change: 1.6351), TF Ratio: 0.947
2026-06-14 21:50:28,812 - INFO - Epoch [1/5], Batch [266/300], Loss: 1.3495 (Overall: 0.8374, Change: 1.5535), TF Ratio: 0.947
2026-06-14 21:50:28,967 - INFO - Epoch [1/5], Batch [267/300], Loss: 1.3491 (Overall: 0.9744, Change: 1.5149), TF Ratio: 0.947
2026-06-14 21:50:29,152 - INFO - Epoch [1/5], Batch [268/300], Loss: 1.3476 (Overall: 0.9168, Change: 0.9885), TF Ratio: 0.946
2026-06-14 21:50:29,307 - INFO - Epoch [1/5], Batch [269/300], Loss: 1.3470 (Overall: 0.8980, Change: 1.4399), TF Ratio: 0.946
2026-06-14 21:50:29,462 - INFO - Epoch [1/5], Batch [270/300], Loss: 1.3452 (Overall: 0.7418, Change: 1.0214), TF Ratio: 0.946
2026-06-14 21:50:29,684 - INFO - Epoch [1/5], Batch [271/300], Loss: 1.3453 (Overall: 1.0466, Change: 1.6868), TF Ratio: 0.946
2026-06-14 21:50:29,856 - INFO - Epoch [1/5], Batch [272/300], Loss: 1.3451 (Overall: 0.8688, Change: 1.7188), TF Ratio: 0.946
2026-06-14 21:50:30,010 - INFO - Epoch [1/5], Batch [273/300], Loss: 1.3456 (Overall: 1.1073, Change: 1.8338), TF Ratio: 0.945
2026-06-14 21:50:30,163 - INFO - Epoch [1/5], Batch [274/300], Loss: 1.3451 (Overall: 0.9125, Change: 1.5305), TF Ratio: 0.945
2026-06-14 21:50:30,318 - INFO - Epoch [1/5], Batch [275/300], Loss: 1.3444 (Overall: 0.8881, Change: 1.4216), TF Ratio: 0.945
2026-06-14 21:50:30,495 - INFO - Epoch [1/5], Batch [276/300], Loss: 1.3439 (Overall: 0.6979, Change: 1.7103), TF Ratio: 0.945
2026-06-14 21:50:30,649 - INFO - Epoch [1/5], Batch [277/300], Loss: 1.3428 (Overall: 0.9561, Change: 1.1345), TF Ratio: 0.945
2026-06-14 21:50:30,802 - INFO - Epoch [1/5], Batch [278/300], Loss: 1.3420 (Overall: 0.7401, Change: 1.4962), TF Ratio: 0.944
2026-06-14 21:50:30,957 - INFO - Epoch [1/5], Batch [279/300], Loss: 1.3418 (Overall: 0.9267, Change: 1.6385), TF Ratio: 0.944
2026-06-14 21:50:56,475 - INFO - Epoch [1/5], Batch [280/300], Loss: 1.3405 (Overall: 0.8945, Change: 1.0218), TF Ratio: 0.944
2026-06-14 21:50:56,632 - INFO - Epoch [1/5], Batch [281/300], Loss: 1.3399 (Overall: 0.8418, Change: 1.5324), TF Ratio: 0.944
2026-06-14 21:50:56,786 - INFO - Epoch [1/5], Batch [282/300], Loss: 1.3392 (Overall: 0.8584, Change: 1.4230), TF Ratio: 0.944
2026-06-14 21:50:56,940 - INFO - Epoch [1/5], Batch [283/300], Loss: 1.3381 (Overall: 0.7733, Change: 1.3026), TF Ratio: 0.943
2026-06-14 21:50:57,117 - INFO - Epoch [1/5], Batch [284/300], Loss: 1.3374 (Overall: 0.8433, Change: 1.4240), TF Ratio: 0.943
2026-06-14 21:50:57,271 - INFO - Epoch [1/5], Batch [285/300], Loss: 1.3368 (Overall: 0.7616, Change: 1.5373), TF Ratio: 0.943
2026-06-14 21:50:57,426 - INFO - Epoch [1/5], Batch [286/300], Loss: 1.3365 (Overall: 0.8469, Change: 1.7016), TF Ratio: 0.943
2026-06-14 21:50:57,580 - INFO - Epoch [1/5], Batch [287/300], Loss: 1.3360 (Overall: 1.0886, Change: 1.2942), TF Ratio: 0.943
2026-06-14 21:50:57,750 - INFO - Epoch [1/5], Batch [288/300], Loss: 1.3357 (Overall: 1.1774, Change: 1.3225), TF Ratio: 0.942
2026-06-14 21:50:57,903 - INFO - Epoch [1/5], Batch [289/300], Loss: 1.3358 (Overall: 1.0598, Change: 1.6637), TF Ratio: 0.942
2026-06-14 21:50:58,057 - INFO - Epoch [1/5], Batch [290/300], Loss: 1.3349 (Overall: 0.7322, Change: 1.4227), TF Ratio: 0.942
2026-06-14 21:51:00,933 - INFO - Epoch [1/5], Batch [291/300], Loss: 1.3341 (Overall: 1.0975, Change: 1.1155), TF Ratio: 0.942
2026-06-14 21:51:01,106 - INFO - Epoch [1/5], Batch [292/300], Loss: 1.3334 (Overall: 0.6417, Change: 1.5661), TF Ratio: 0.942
2026-06-14 21:51:01,262 - INFO - Epoch [1/5], Batch [293/300], Loss: 1.3324 (Overall: 0.7514, Change: 1.3427), TF Ratio: 0.941
2026-06-14 21:51:01,415 - INFO - Epoch [1/5], Batch [294/300], Loss: 1.3320 (Overall: 0.8218, Change: 1.6142), TF Ratio: 0.941
2026-06-14 21:51:01,568 - INFO - Epoch [1/5], Batch [295/300], Loss: 1.3312 (Overall: 0.7647, Change: 1.4348), TF Ratio: 0.941
2026-06-14 21:51:01,845 - INFO - Epoch [1/5], Batch [296/300], Loss: 1.3309 (Overall: 0.9130, Change: 1.5628), TF Ratio: 0.941
2026-06-14 21:51:01,999 - INFO - Epoch [1/5], Batch [297/300], Loss: 1.3301 (Overall: 0.7526, Change: 1.4678), TF Ratio: 0.941
2026-06-14 21:51:02,151 - INFO - Epoch [1/5], Batch [298/300], Loss: 1.3291 (Overall: 0.8744, Change: 1.1625), TF Ratio: 0.940
2026-06-14 21:51:02,303 - INFO - Epoch [1/5], Batch [299/300], Loss: 1.3298 (Overall: 1.0762, Change: 1.9938), TF Ratio: 0.940
2026-06-14 21:51:11,013 - INFO - Epoch [1/5], Batch [300/300], Loss: 1.3293 (Overall: 0.8223, Change: 1.5485), TF Ratio: 0.940
2026-06-14 21:51:30,971 - INFO - Epoch 1 done. Validating...
