2026-05-28 10:45:29,488 - INFO - Recurrent UNet Model Successfully Configured and Initialized.
2026-05-28 10:45:29,493 - INFO - Starting from scratch (no valid checkpoint provided).
2026-05-28 10:45:29,781 - INFO - Train: 6272000 samples, Val: 896000 samples
2026-05-28 10:45:29,791 - INFO - Starting training from epoch 1
2026-05-28 10:45:46,785 - INFO - Epoch [1/1], Batch [1/15], Loss: 2.2205 (Overall: 2.1008, Change: 2.3402), TF Ratio: 1.000
2026-05-28 10:45:46,940 - INFO - Epoch [1/1], Batch [2/15], Loss: 2.2310 (Overall: 2.2127, Change: 2.2702), TF Ratio: 1.000
2026-05-28 10:45:47,091 - INFO - Epoch [1/1], Batch [3/15], Loss: 2.2139 (Overall: 2.0493, Change: 2.3103), TF Ratio: 0.999
2026-05-28 10:45:48,508 - INFO - Epoch [1/1], Batch [4/15], Loss: 2.1981 (Overall: 2.0640, Change: 2.2371), TF Ratio: 0.999
2026-05-28 10:45:48,663 - INFO - Epoch [1/1], Batch [5/15], Loss: 2.3093 (Overall: 1.9564, Change: 3.5516), TF Ratio: 0.999
2026-05-28 10:45:49,678 - INFO - Epoch [1/1], Batch [6/15], Loss: 2.2479 (Overall: 1.8493, Change: 2.0324), TF Ratio: 0.999
2026-05-28 10:45:49,835 - INFO - Epoch [1/1], Batch [7/15], Loss: 2.2140 (Overall: 2.0785, Change: 1.9429), TF Ratio: 0.999
2026-05-28 10:45:49,990 - INFO - Epoch [1/1], Batch [8/15], Loss: 2.2142 (Overall: 2.2422, Change: 2.1887), TF Ratio: 0.998
2026-05-28 10:45:50,144 - INFO - Epoch [1/1], Batch [9/15], Loss: 2.1844 (Overall: 1.8389, Change: 2.0533), TF Ratio: 0.998
2026-05-28 10:45:50,302 - INFO - Epoch [1/1], Batch [10/15], Loss: 2.1696 (Overall: 1.9211, Change: 2.1521), TF Ratio: 0.998
2026-05-28 10:46:17,825 - INFO - [profiling] 5 active batches (host-side, approx): wall=0.785s, dataloader stall=0.013s (1.7% of wall). For exact GPU timing see nsys stats output.
2026-05-28 10:46:17,981 - INFO - Epoch [1/1], Batch [11/15], Loss: 2.1410 (Overall: 1.7683, Change: 1.9409), TF Ratio: 0.998
2026-05-28 10:46:18,809 - INFO - Epoch [1/1], Batch [12/15], Loss: 2.1163 (Overall: 1.6752, Change: 2.0138), TF Ratio: 0.998
2026-05-28 10:46:19,283 - INFO - Epoch [1/1], Batch [13/15], Loss: 2.1030 (Overall: 1.8465, Change: 2.0412), TF Ratio: 0.997
2026-05-28 10:46:19,433 - INFO - Epoch [1/1], Batch [14/15], Loss: 2.0747 (Overall: 1.4899, Change: 1.9242), TF Ratio: 0.997
2026-05-28 10:46:19,584 - INFO - Epoch [1/1], Batch [15/15], Loss: 2.0583 (Overall: 1.6282, Change: 2.0275), TF Ratio: 0.997
2026-05-28 10:46:29,868 - INFO - Epoch 1 done. Validating...
2026-05-28 10:46:52,639 - INFO - Epoch [1/1] | Train: 2.0583 | Val: 2.0654
2026-05-28 10:46:52,964 - INFO - Checkpoint saved: /gpfs/scratch/bsc32/bsc096444/ai4land-tfm/trained_models/unet_impl/41165374/best_model.pth
2026-05-28 10:46:53,162 - INFO - Checkpoint saved: /gpfs/scratch/bsc32/bsc096444/ai4land-tfm/trained_models/unet_impl/41165374/model_epoch_1.pth
2026-05-28 10:46:53,442 - INFO - Training complete.
