2026-06-01 13:40:21,011 - INFO - Recurrent UNet Model Successfully Configured and Initialized.
2026-06-01 13:40:21,034 - INFO - Starting from scratch (no valid checkpoint provided).
2026-06-01 13:40:21,078 - INFO - Train: 6272000 samples, Val: 896000 samples
2026-06-01 13:40:22,735 - INFO - Starting training from epoch 1
2026-06-01 13:40:42,071 - INFO - Epoch [1/1], Batch [1/50], Loss: 2.1181 (Overall: 2.2141, Change: 2.0221), TF Ratio: 1.000
2026-06-01 13:40:42,224 - INFO - Epoch [1/1], Batch [2/50], Loss: 2.1307 (Overall: 2.2311, Change: 2.0553), TF Ratio: 1.000
2026-06-01 13:40:42,376 - INFO - Epoch [1/1], Batch [3/50], Loss: 2.1261 (Overall: 2.1609, Change: 2.0730), TF Ratio: 0.999
2026-06-01 13:40:42,573 - INFO - Epoch [1/1], Batch [4/50], Loss: 2.1368 (Overall: 2.1862, Change: 2.1519), TF Ratio: 0.999
2026-06-01 13:40:42,727 - INFO - Epoch [1/1], Batch [5/50], Loss: 2.0486 (Overall: 1.8648, Change: 1.5268), TF Ratio: 0.999
2026-06-01 13:40:42,880 - INFO - Epoch [1/1], Batch [6/50], Loss: 2.0247 (Overall: 1.8536, Change: 1.9566), TF Ratio: 0.999
2026-06-01 13:40:43,033 - INFO - Epoch [1/1], Batch [7/50], Loss: 1.9940 (Overall: 1.7555, Change: 1.8640), TF Ratio: 0.999
2026-06-01 13:40:43,188 - INFO - Epoch [1/1], Batch [8/50], Loss: 1.9839 (Overall: 1.9212, Change: 1.9047), TF Ratio: 0.998
2026-06-01 13:40:43,341 - INFO - Epoch [1/1], Batch [9/50], Loss: 1.9499 (Overall: 1.6720, Change: 1.6835), TF Ratio: 0.998
2026-06-01 13:40:43,494 - INFO - Epoch [1/1], Batch [10/50], Loss: 1.9073 (Overall: 1.6219, Change: 1.4265), TF Ratio: 0.998
2026-06-01 13:40:43,646 - INFO - Epoch [1/1], Batch [11/50], Loss: 1.8790 (Overall: 1.5996, Change: 1.5938), TF Ratio: 0.998
2026-06-01 13:40:52,547 - INFO - Epoch [1/1], Batch [12/50], Loss: 1.8725 (Overall: 1.7367, Change: 1.8642), TF Ratio: 0.998
2026-06-01 13:40:52,702 - INFO - Epoch [1/1], Batch [13/50], Loss: 1.8671 (Overall: 1.5782, Change: 2.0257), TF Ratio: 0.997
2026-06-01 13:40:52,855 - INFO - Epoch [1/1], Batch [14/50], Loss: 1.8596 (Overall: 1.6734, Change: 1.8516), TF Ratio: 0.997
2026-06-01 13:40:53,008 - INFO - Epoch [1/1], Batch [15/50], Loss: 1.8574 (Overall: 1.6430, Change: 2.0091), TF Ratio: 0.997
2026-06-01 13:40:53,578 - INFO - Epoch [1/1], Batch [16/50], Loss: 1.8467 (Overall: 1.6989, Change: 1.6759), TF Ratio: 0.997
2026-06-01 13:40:53,732 - INFO - Epoch [1/1], Batch [17/50], Loss: 1.8260 (Overall: 1.4481, Change: 1.5394), TF Ratio: 0.997
2026-06-01 13:40:53,885 - INFO - Epoch [1/1], Batch [18/50], Loss: 1.8227 (Overall: 1.6497, Change: 1.8825), TF Ratio: 0.996
2026-06-01 13:40:54,038 - INFO - Epoch [1/1], Batch [19/50], Loss: 1.8147 (Overall: 1.5058, Change: 1.8370), TF Ratio: 0.996
2026-06-01 13:40:54,191 - INFO - Epoch [1/1], Batch [20/50], Loss: 1.8092 (Overall: 1.5531, Change: 1.8575), TF Ratio: 0.996
2026-06-01 13:40:54,344 - INFO - Epoch [1/1], Batch [21/50], Loss: 1.8026 (Overall: 1.4993, Change: 1.8425), TF Ratio: 0.996
2026-06-01 13:40:54,496 - INFO - Epoch [1/1], Batch [22/50], Loss: 1.7978 (Overall: 1.4877, Change: 1.9057), TF Ratio: 0.996
2026-06-01 13:40:54,648 - INFO - Epoch [1/1], Batch [23/50], Loss: 1.7915 (Overall: 1.5777, Change: 1.7254), TF Ratio: 0.995
2026-06-01 13:41:04,658 - INFO - Epoch [1/1], Batch [24/50], Loss: 1.7796 (Overall: 1.4195, Change: 1.5959), TF Ratio: 0.995
2026-06-01 13:41:04,813 - INFO - Epoch [1/1], Batch [25/50], Loss: 1.7706 (Overall: 1.3310, Change: 1.7764), TF Ratio: 0.995
2026-06-01 13:41:04,966 - INFO - Epoch [1/1], Batch [26/50], Loss: 1.7673 (Overall: 1.4803, Change: 1.8886), TF Ratio: 0.995
2026-06-01 13:41:05,119 - INFO - Epoch [1/1], Batch [27/50], Loss: 1.7611 (Overall: 1.4252, Change: 1.7744), TF Ratio: 0.995
2026-06-01 13:41:06,909 - INFO - Epoch [1/1], Batch [28/50], Loss: 1.7578 (Overall: 1.4678, Change: 1.8683), TF Ratio: 0.994
2026-06-01 13:41:07,065 - INFO - Epoch [1/1], Batch [29/50], Loss: 1.7484 (Overall: 1.3461, Change: 1.6258), TF Ratio: 0.994
2026-06-01 13:41:07,218 - INFO - Epoch [1/1], Batch [30/50], Loss: 1.7450 (Overall: 1.4229, Change: 1.8718), TF Ratio: 0.994
2026-06-01 13:41:07,373 - INFO - Epoch [1/1], Batch [31/50], Loss: 1.7343 (Overall: 1.3152, Change: 1.5091), TF Ratio: 0.994
2026-06-01 13:41:07,527 - INFO - Epoch [1/1], Batch [32/50], Loss: 1.7287 (Overall: 1.3352, Change: 1.7770), TF Ratio: 0.994
2026-06-01 13:41:07,680 - INFO - Epoch [1/1], Batch [33/50], Loss: 1.7247 (Overall: 1.4131, Change: 1.7781), TF Ratio: 0.993
2026-06-01 13:41:07,833 - INFO - Epoch [1/1], Batch [34/50], Loss: 1.7229 (Overall: 1.5599, Change: 1.7681), TF Ratio: 0.993
2026-06-01 13:41:07,985 - INFO - Epoch [1/1], Batch [35/50], Loss: 1.7182 (Overall: 1.2866, Change: 1.8288), TF Ratio: 0.993
2026-06-01 13:41:17,520 - INFO - Epoch [1/1], Batch [36/50], Loss: 1.7087 (Overall: 1.2964, Change: 1.4599), TF Ratio: 0.993
2026-06-01 13:41:17,675 - INFO - Epoch [1/1], Batch [37/50], Loss: 1.7027 (Overall: 1.3209, Change: 1.6536), TF Ratio: 0.993
2026-06-01 13:41:17,828 - INFO - Epoch [1/1], Batch [38/50], Loss: 1.6920 (Overall: 1.1995, Change: 1.3883), TF Ratio: 0.992
2026-06-01 13:41:17,981 - INFO - Epoch [1/1], Batch [39/50], Loss: 1.6865 (Overall: 1.4148, Change: 1.5384), TF Ratio: 0.992
2026-06-01 13:41:19,894 - INFO - Epoch [1/1], Batch [40/50], Loss: 1.6830 (Overall: 1.3308, Change: 1.7646), TF Ratio: 0.992
2026-06-01 13:41:20,048 - INFO - Epoch [1/1], Batch [41/50], Loss: 1.6784 (Overall: 1.3188, Change: 1.6725), TF Ratio: 0.992
2026-06-01 13:41:20,200 - INFO - Epoch [1/1], Batch [42/50], Loss: 1.6765 (Overall: 1.4353, Change: 1.7590), TF Ratio: 0.992
2026-06-01 13:41:20,353 - INFO - Epoch [1/1], Batch [43/50], Loss: 1.6730 (Overall: 1.2837, Change: 1.7659), TF Ratio: 0.991
2026-06-01 13:41:20,724 - INFO - Epoch [1/1], Batch [44/50], Loss: 1.6657 (Overall: 1.2058, Change: 1.4987), TF Ratio: 0.991
2026-06-01 13:41:20,878 - INFO - Epoch [1/1], Batch [45/50], Loss: 1.6606 (Overall: 1.2678, Change: 1.6061), TF Ratio: 0.991
2026-06-01 13:41:21,030 - INFO - Epoch [1/1], Batch [46/50], Loss: 1.6580 (Overall: 1.3227, Change: 1.7596), TF Ratio: 0.991
2026-06-01 13:41:21,183 - INFO - Epoch [1/1], Batch [47/50], Loss: 1.6573 (Overall: 1.4128, Change: 1.8362), TF Ratio: 0.991
2026-06-01 13:41:28,773 - INFO - Epoch [1/1], Batch [48/50], Loss: 1.6524 (Overall: 1.4844, Change: 1.3575), TF Ratio: 0.990
2026-06-01 13:41:28,928 - INFO - Epoch [1/1], Batch [49/50], Loss: 1.6477 (Overall: 1.3489, Change: 1.4967), TF Ratio: 0.990
2026-06-01 13:41:29,082 - INFO - Epoch [1/1], Batch [50/50], Loss: 1.6447 (Overall: 1.2092, Change: 1.7902), TF Ratio: 0.990
2026-06-01 13:41:38,639 - INFO - Epoch 1 done. Validating...
2026-06-01 13:42:05,608 - INFO - Epoch [1/1] | Train: 1.6528 | Val: 1.1918
2026-06-01 13:42:05,926 - INFO - Checkpoint saved: /gpfs/scratch/bsc32/bsc096444/ai4land-tfm/trained_models/unet_impl/41318658/best_model.pth
2026-06-01 13:42:06,080 - INFO - Checkpoint saved: /gpfs/scratch/bsc32/bsc096444/ai4land-tfm/trained_models/unet_impl/41318658/model_epoch_1.pth
2026-06-01 13:42:06,456 - INFO - Training complete.
