2026-06-11 15:36:31,612 - INFO - Recurrent UNet Model Successfully Configured and Initialized.
2026-06-11 15:36:31,615 - INFO - Starting from scratch (no valid checkpoint provided).
2026-06-11 15:36:37,131 - INFO - Train: 4480000 samples, Val: 640000 samples
2026-06-11 15:36:38,582 - INFO - Starting training from epoch 1
2026-06-11 15:36:55,877 - INFO - Epoch [1/1], Batch [1/200], Loss: 2.1701 (Overall: 2.1837, Change: 2.1566), TF Ratio: 1.000
2026-06-11 15:36:56,031 - INFO - Epoch [1/1], Batch [2/200], Loss: 2.1933 (Overall: 2.1976, Change: 2.2354), TF Ratio: 1.000
2026-06-11 15:36:56,184 - INFO - Epoch [1/1], Batch [3/200], Loss: 2.1960 (Overall: 2.1331, Change: 2.2698), TF Ratio: 0.999
2026-06-11 15:36:58,018 - INFO - Epoch [1/1], Batch [4/200], Loss: 2.1850 (Overall: 2.1680, Change: 2.1356), TF Ratio: 0.999
2026-06-11 15:36:58,171 - INFO - Epoch [1/1], Batch [5/200], Loss: 2.1168 (Overall: 1.8481, Change: 1.8403), TF Ratio: 0.999
2026-06-11 15:36:58,324 - INFO - Epoch [1/1], Batch [6/200], Loss: 2.0738 (Overall: 1.7104, Change: 2.0067), TF Ratio: 0.999
2026-06-11 15:36:58,477 - INFO - Epoch [1/1], Batch [7/200], Loss: 2.0678 (Overall: 1.8044, Change: 2.2592), TF Ratio: 0.999
2026-06-11 15:36:58,632 - INFO - Epoch [1/1], Batch [8/200], Loss: 2.0607 (Overall: 2.0015, Change: 2.0200), TF Ratio: 0.998
2026-06-11 15:36:58,786 - INFO - Epoch [1/1], Batch [9/200], Loss: 2.0302 (Overall: 1.5900, Change: 1.9828), TF Ratio: 0.998
2026-06-11 15:36:58,939 - INFO - Epoch [1/1], Batch [10/200], Loss: 2.0099 (Overall: 1.5489, Change: 2.1067), TF Ratio: 0.998
2026-06-11 15:36:59,094 - INFO - Epoch [1/1], Batch [11/200], Loss: 1.9882 (Overall: 1.6353, Change: 1.9071), TF Ratio: 0.998
2026-06-11 15:37:13,482 - INFO - Epoch [1/1], Batch [12/200], Loss: 1.9825 (Overall: 1.7090, Change: 2.1288), TF Ratio: 0.998
2026-06-11 15:37:13,637 - INFO - Epoch [1/1], Batch [13/200], Loss: 1.9558 (Overall: 1.5169, Change: 1.7545), TF Ratio: 0.997
2026-06-11 15:37:13,791 - INFO - Epoch [1/1], Batch [14/200], Loss: 1.9394 (Overall: 1.5643, Change: 1.8897), TF Ratio: 0.997
2026-06-11 15:37:13,943 - INFO - Epoch [1/1], Batch [15/200], Loss: 1.9356 (Overall: 1.7655, Change: 1.9973), TF Ratio: 0.997
2026-06-11 15:37:14,097 - INFO - Epoch [1/1], Batch [16/200], Loss: 1.9232 (Overall: 1.5134, Change: 1.9624), TF Ratio: 0.997
2026-06-11 15:37:14,250 - INFO - Epoch [1/1], Batch [17/200], Loss: 1.9103 (Overall: 1.6262, Change: 1.7813), TF Ratio: 0.997
2026-06-11 15:37:14,403 - INFO - Epoch [1/1], Batch [18/200], Loss: 1.8887 (Overall: 1.3677, Change: 1.6763), TF Ratio: 0.996
2026-06-11 15:37:14,557 - INFO - Epoch [1/1], Batch [19/200], Loss: 1.8734 (Overall: 1.3647, Change: 1.8304), TF Ratio: 0.996
2026-06-11 15:37:14,711 - INFO - Epoch [1/1], Batch [20/200], Loss: 1.8566 (Overall: 1.3776, Change: 1.6951), TF Ratio: 0.996
2026-06-11 15:37:14,894 - INFO - Epoch [1/1], Batch [21/200], Loss: 1.8511 (Overall: 1.4032, Change: 2.0818), TF Ratio: 0.996
2026-06-11 15:37:15,047 - INFO - Epoch [1/1], Batch [22/200], Loss: 1.8279 (Overall: 1.3430, Change: 1.3375), TF Ratio: 0.996
2026-06-11 15:37:15,200 - INFO - Epoch [1/1], Batch [23/200], Loss: 1.8164 (Overall: 1.3930, Change: 1.7317), TF Ratio: 0.995
2026-06-11 15:37:26,938 - INFO - Epoch [1/1], Batch [24/200], Loss: 1.8058 (Overall: 1.3489, Change: 1.7771), TF Ratio: 0.995
2026-06-11 15:37:27,094 - INFO - Epoch [1/1], Batch [25/200], Loss: 1.7953 (Overall: 1.3424, Change: 1.7445), TF Ratio: 0.995
2026-06-11 15:37:33,538 - INFO - Epoch [1/1], Batch [26/200], Loss: 1.7887 (Overall: 1.4513, Change: 1.7980), TF Ratio: 0.995
2026-06-11 15:37:33,701 - INFO - Epoch [1/1], Batch [27/200], Loss: 1.7774 (Overall: 1.1722, Change: 1.7908), TF Ratio: 0.995
2026-06-11 15:37:33,857 - INFO - Epoch [1/1], Batch [28/200], Loss: 1.7654 (Overall: 1.1872, Change: 1.6991), TF Ratio: 0.994
2026-06-11 15:37:34,010 - INFO - Epoch [1/1], Batch [29/200], Loss: 1.7582 (Overall: 1.3440, Change: 1.7687), TF Ratio: 0.994
2026-06-11 15:37:34,162 - INFO - Epoch [1/1], Batch [30/200], Loss: 1.7514 (Overall: 1.3988, Change: 1.7097), TF Ratio: 0.994
2026-06-11 15:37:34,318 - INFO - Epoch [1/1], Batch [31/200], Loss: 1.7509 (Overall: 1.6121, Change: 1.8569), TF Ratio: 0.994
2026-06-11 15:37:34,486 - INFO - Epoch [1/1], Batch [32/200], Loss: 1.7434 (Overall: 1.1611, Change: 1.8611), TF Ratio: 0.994
2026-06-11 15:37:34,640 - INFO - Epoch [1/1], Batch [33/200], Loss: 1.7382 (Overall: 1.1819, Change: 1.9616), TF Ratio: 0.993
2026-06-11 15:37:34,792 - INFO - Epoch [1/1], Batch [34/200], Loss: 1.7329 (Overall: 1.2466, Change: 1.8717), TF Ratio: 0.993
2026-06-11 15:37:34,945 - INFO - Epoch [1/1], Batch [35/200], Loss: 1.7237 (Overall: 1.3131, Change: 1.5081), TF Ratio: 0.993
2026-06-11 15:37:42,489 - INFO - Epoch [1/1], Batch [36/200], Loss: 1.7187 (Overall: 1.1618, Change: 1.9286), TF Ratio: 0.993
2026-06-11 15:37:43,275 - INFO - Epoch [1/1], Batch [37/200], Loss: 1.7102 (Overall: 1.2067, Change: 1.5987), TF Ratio: 0.993
2026-06-11 15:37:45,313 - INFO - Epoch [1/1], Batch [38/200], Loss: 1.7059 (Overall: 1.1884, Change: 1.9063), TF Ratio: 0.992
2026-06-11 15:37:45,466 - INFO - Epoch [1/1], Batch [39/200], Loss: 1.7006 (Overall: 1.2706, Change: 1.7254), TF Ratio: 0.992
2026-06-11 15:37:45,624 - INFO - Epoch [1/1], Batch [40/200], Loss: 1.6924 (Overall: 1.1733, Change: 1.5749), TF Ratio: 0.992
2026-06-11 15:37:45,779 - INFO - Epoch [1/1], Batch [41/200], Loss: 1.6859 (Overall: 1.1876, Change: 1.6630), TF Ratio: 0.992
2026-06-11 15:37:45,932 - INFO - Epoch [1/1], Batch [42/200], Loss: 1.6850 (Overall: 1.2107, Change: 2.0831), TF Ratio: 0.992
2026-06-11 15:37:46,612 - INFO - Epoch [1/1], Batch [43/200], Loss: 1.6784 (Overall: 1.2045, Change: 1.6017), TF Ratio: 0.991
2026-06-11 15:37:47,361 - INFO - Epoch [1/1], Batch [44/200], Loss: 1.6702 (Overall: 1.1224, Change: 1.5079), TF Ratio: 0.991
2026-06-11 15:37:47,516 - INFO - Epoch [1/1], Batch [45/200], Loss: 1.6635 (Overall: 1.0907, Change: 1.6494), TF Ratio: 0.991
2026-06-11 15:37:47,670 - INFO - Epoch [1/1], Batch [46/200], Loss: 1.6571 (Overall: 1.2830, Change: 1.4523), TF Ratio: 0.991
2026-06-11 15:37:47,825 - INFO - Epoch [1/1], Batch [47/200], Loss: 1.6560 (Overall: 1.5604, Change: 1.6510), TF Ratio: 0.991
2026-06-11 15:37:55,245 - INFO - Epoch [1/1], Batch [48/200], Loss: 1.6525 (Overall: 1.3561, Change: 1.6214), TF Ratio: 0.990
2026-06-11 15:37:58,278 - INFO - Epoch [1/1], Batch [49/200], Loss: 1.6477 (Overall: 1.1620, Change: 1.6782), TF Ratio: 0.990
2026-06-11 15:37:58,660 - INFO - Epoch [1/1], Batch [50/200], Loss: 1.6436 (Overall: 1.3375, Change: 1.5468), TF Ratio: 0.990
2026-06-11 15:37:58,822 - INFO - Epoch [1/1], Batch [51/200], Loss: 1.6400 (Overall: 1.1463, Change: 1.7747), TF Ratio: 0.990
2026-06-11 15:37:58,975 - INFO - Epoch [1/1], Batch [52/200], Loss: 1.6362 (Overall: 1.1958, Change: 1.6811), TF Ratio: 0.990
2026-06-11 15:37:59,130 - INFO - Epoch [1/1], Batch [53/200], Loss: 1.6383 (Overall: 1.8498, Change: 1.6447), TF Ratio: 0.989
2026-06-11 15:37:59,283 - INFO - Epoch [1/1], Batch [54/200], Loss: 1.6328 (Overall: 1.0915, Change: 1.5906), TF Ratio: 0.989
2026-06-11 15:37:59,437 - INFO - Epoch [1/1], Batch [55/200], Loss: 1.6349 (Overall: 1.6260, Change: 1.8694), TF Ratio: 0.989
2026-06-11 15:38:00,546 - INFO - Epoch [1/1], Batch [56/200], Loss: 1.6328 (Overall: 1.2428, Change: 1.7971), TF Ratio: 0.989
2026-06-11 15:38:00,702 - INFO - Epoch [1/1], Batch [57/200], Loss: 1.6298 (Overall: 1.1498, Change: 1.7769), TF Ratio: 0.989
2026-06-11 15:38:00,855 - INFO - Epoch [1/1], Batch [58/200], Loss: 1.6237 (Overall: 1.1413, Change: 1.4122), TF Ratio: 0.988
2026-06-11 15:38:01,008 - INFO - Epoch [1/1], Batch [59/200], Loss: 1.6202 (Overall: 1.1615, Change: 1.6633), TF Ratio: 0.988
2026-06-11 15:38:07,902 - INFO - Epoch [1/1], Batch [60/200], Loss: 1.6190 (Overall: 1.3185, Change: 1.7805), TF Ratio: 0.988
2026-06-11 15:38:12,002 - INFO - Epoch [1/1], Batch [61/200], Loss: 1.6132 (Overall: 1.0509, Change: 1.4812), TF Ratio: 0.988
2026-06-11 15:38:12,204 - INFO - Epoch [1/1], Batch [62/200], Loss: 1.6136 (Overall: 1.3761, Change: 1.9000), TF Ratio: 0.988
2026-06-11 15:38:12,357 - INFO - Epoch [1/1], Batch [63/200], Loss: 1.6092 (Overall: 0.9162, Change: 1.7519), TF Ratio: 0.987
2026-06-11 15:38:14,902 - INFO - Epoch [1/1], Batch [64/200], Loss: 1.6042 (Overall: 1.1448, Change: 1.4404), TF Ratio: 0.987
2026-06-11 15:38:15,060 - INFO - Epoch [1/1], Batch [65/200], Loss: 1.6015 (Overall: 1.2184, Change: 1.6356), TF Ratio: 0.987
2026-06-11 15:38:15,219 - INFO - Epoch [1/1], Batch [66/200], Loss: 1.6009 (Overall: 1.4257, Change: 1.7054), TF Ratio: 0.987
2026-06-11 15:38:15,373 - INFO - Epoch [1/1], Batch [67/200], Loss: 1.5995 (Overall: 1.1502, Change: 1.8618), TF Ratio: 0.987
2026-06-11 15:38:15,527 - INFO - Epoch [1/1], Batch [68/200], Loss: 1.5931 (Overall: 1.2148, Change: 1.1161), TF Ratio: 0.986
2026-06-11 15:38:15,681 - INFO - Epoch [1/1], Batch [69/200], Loss: 1.5899 (Overall: 0.9384, Change: 1.7953), TF Ratio: 0.986
2026-06-11 15:38:15,834 - INFO - Epoch [1/1], Batch [70/200], Loss: 1.5871 (Overall: 1.0534, Change: 1.7390), TF Ratio: 0.986
2026-06-11 15:38:15,987 - INFO - Epoch [1/1], Batch [71/200], Loss: 1.5863 (Overall: 1.1616, Change: 1.8956), TF Ratio: 0.986
2026-06-11 15:38:20,854 - INFO - Epoch [1/1], Batch [72/200], Loss: 1.5835 (Overall: 1.1295, Change: 1.6496), TF Ratio: 0.986
2026-06-11 15:38:26,659 - INFO - Epoch [1/1], Batch [73/200], Loss: 1.5832 (Overall: 1.4033, Change: 1.7073), TF Ratio: 0.985
2026-06-11 15:38:26,812 - INFO - Epoch [1/1], Batch [74/200], Loss: 1.5800 (Overall: 1.1835, Change: 1.5200), TF Ratio: 0.985
2026-06-11 15:38:26,965 - INFO - Epoch [1/1], Batch [75/200], Loss: 1.5775 (Overall: 1.1885, Change: 1.5882), TF Ratio: 0.985
2026-06-11 15:38:28,264 - INFO - Epoch [1/1], Batch [76/200], Loss: 1.5782 (Overall: 1.2684, Change: 2.0002), TF Ratio: 0.985
2026-06-11 15:38:28,419 - INFO - Epoch [1/1], Batch [77/200], Loss: 1.5701 (Overall: 0.9276, Change: 0.9821), TF Ratio: 0.985
2026-06-11 15:38:28,572 - INFO - Epoch [1/1], Batch [78/200], Loss: 1.5695 (Overall: 1.1593, Change: 1.8888), TF Ratio: 0.984
2026-06-11 15:38:28,725 - INFO - Epoch [1/1], Batch [79/200], Loss: 1.5680 (Overall: 1.2188, Change: 1.6779), TF Ratio: 0.984
2026-06-11 15:38:28,882 - INFO - Epoch [1/1], Batch [80/200], Loss: 1.5648 (Overall: 1.1186, Change: 1.5033), TF Ratio: 0.984
2026-06-11 15:38:29,036 - INFO - Epoch [1/1], Batch [81/200], Loss: 1.5596 (Overall: 0.9977, Change: 1.2906), TF Ratio: 0.984
2026-06-11 15:38:29,189 - INFO - Epoch [1/1], Batch [82/200], Loss: 1.5574 (Overall: 1.1216, Change: 1.6333), TF Ratio: 0.984
2026-06-11 15:38:29,343 - INFO - Epoch [1/1], Batch [83/200], Loss: 1.5530 (Overall: 1.0543, Change: 1.3387), TF Ratio: 0.983
2026-06-11 15:38:34,335 - INFO - Epoch [1/1], Batch [84/200], Loss: 1.5477 (Overall: 0.9118, Change: 1.2993), TF Ratio: 0.983
2026-06-11 15:38:42,308 - INFO - Epoch [1/1], Batch [85/200], Loss: 1.5478 (Overall: 1.1674, Change: 1.9385), TF Ratio: 0.983
2026-06-11 15:38:42,462 - INFO - Epoch [1/1], Batch [86/200], Loss: 1.5461 (Overall: 1.1246, Change: 1.6870), TF Ratio: 0.983
2026-06-11 15:38:42,617 - INFO - Epoch [1/1], Batch [87/200], Loss: 1.5407 (Overall: 0.9613, Change: 1.1894), TF Ratio: 0.983
2026-06-11 15:38:43,816 - INFO - Epoch [1/1], Batch [88/200], Loss: 1.5378 (Overall: 0.9791, Change: 1.5856), TF Ratio: 0.982
2026-06-11 15:38:43,970 - INFO - Epoch [1/1], Batch [89/200], Loss: 1.5367 (Overall: 1.1060, Change: 1.7855), TF Ratio: 0.982
2026-06-11 15:38:44,122 - INFO - Epoch [1/1], Batch [90/200], Loss: 1.5371 (Overall: 1.4028, Change: 1.7334), TF Ratio: 0.982
2026-06-11 15:38:44,275 - INFO - Epoch [1/1], Batch [91/200], Loss: 1.5336 (Overall: 0.9672, Change: 1.4771), TF Ratio: 0.982
2026-06-11 15:38:44,435 - INFO - Epoch [1/1], Batch [92/200], Loss: 1.5323 (Overall: 1.0794, Change: 1.7378), TF Ratio: 0.982
2026-06-11 15:38:44,590 - INFO - Epoch [1/1], Batch [93/200], Loss: 1.5303 (Overall: 0.9348, Change: 1.7584), TF Ratio: 0.981
2026-06-11 15:38:44,743 - INFO - Epoch [1/1], Batch [94/200], Loss: 1.5299 (Overall: 1.2411, Change: 1.7461), TF Ratio: 0.981
2026-06-11 15:38:44,895 - INFO - Epoch [1/1], Batch [95/200], Loss: 1.5245 (Overall: 0.9038, Change: 1.1363), TF Ratio: 0.981
2026-06-11 15:38:46,564 - INFO - Epoch [1/1], Batch [96/200], Loss: 1.5218 (Overall: 0.9793, Change: 1.5579), TF Ratio: 0.981
2026-06-11 15:38:55,270 - INFO - Epoch [1/1], Batch [97/200], Loss: 1.5204 (Overall: 1.1019, Change: 1.6650), TF Ratio: 0.981
2026-06-11 15:38:55,423 - INFO - Epoch [1/1], Batch [98/200], Loss: 1.5184 (Overall: 0.9408, Change: 1.7080), TF Ratio: 0.980
2026-06-11 15:38:55,576 - INFO - Epoch [1/1], Batch [99/200], Loss: 1.5192 (Overall: 1.6437, Change: 1.5414), TF Ratio: 0.980
2026-06-11 15:38:57,214 - INFO - Epoch [1/1], Batch [100/200], Loss: 1.5164 (Overall: 0.9321, Change: 1.5643), TF Ratio: 0.980
2026-06-11 15:38:57,369 - INFO - Epoch [1/1], Batch [101/200], Loss: 1.5140 (Overall: 1.1459, Change: 1.3987), TF Ratio: 0.980
2026-06-11 15:38:57,522 - INFO - Epoch [1/1], Batch [102/200], Loss: 1.5123 (Overall: 1.1123, Change: 1.5533), TF Ratio: 0.980
2026-06-11 15:38:57,676 - INFO - Epoch [1/1], Batch [103/200], Loss: 1.5096 (Overall: 0.9458, Change: 1.5386), TF Ratio: 0.979
2026-06-11 15:38:57,831 - INFO - Epoch [1/1], Batch [104/200], Loss: 1.5079 (Overall: 0.9735, Change: 1.6920), TF Ratio: 0.979
2026-06-11 15:38:57,986 - INFO - Epoch [1/1], Batch [105/200], Loss: 1.5059 (Overall: 0.9857, Change: 1.6054), TF Ratio: 0.979
2026-06-11 15:38:58,140 - INFO - Epoch [1/1], Batch [106/200], Loss: 1.5053 (Overall: 1.0261, Change: 1.8501), TF Ratio: 0.979
2026-06-11 15:38:58,293 - INFO - Epoch [1/1], Batch [107/200], Loss: 1.5013 (Overall: 1.2117, Change: 0.9569), TF Ratio: 0.979
2026-06-11 15:38:59,491 - INFO - Epoch [1/1], Batch [108/200], Loss: 1.4992 (Overall: 0.9674, Change: 1.5800), TF Ratio: 0.978
2026-06-11 15:39:09,479 - INFO - Epoch [1/1], Batch [109/200], Loss: 1.4982 (Overall: 1.1262, Change: 1.6411), TF Ratio: 0.978
2026-06-11 15:39:09,633 - INFO - Epoch [1/1], Batch [110/200], Loss: 1.4958 (Overall: 1.0511, Change: 1.4217), TF Ratio: 0.978
2026-06-11 15:39:09,787 - INFO - Epoch [1/1], Batch [111/200], Loss: 1.4932 (Overall: 1.0276, Change: 1.3860), TF Ratio: 0.978
2026-06-11 15:39:10,954 - INFO - Epoch [1/1], Batch [112/200], Loss: 1.4908 (Overall: 0.9034, Change: 1.5568), TF Ratio: 0.978
2026-06-11 15:39:11,110 - INFO - Epoch [1/1], Batch [113/200], Loss: 1.4905 (Overall: 1.0419, Change: 1.8732), TF Ratio: 0.977
2026-06-11 15:39:11,264 - INFO - Epoch [1/1], Batch [114/200], Loss: 1.4914 (Overall: 1.1581, Change: 2.0170), TF Ratio: 0.977
2026-06-11 15:39:11,417 - INFO - Epoch [1/1], Batch [115/200], Loss: 1.4894 (Overall: 1.0107, Change: 1.5223), TF Ratio: 0.977
2026-06-11 15:39:11,574 - INFO - Epoch [1/1], Batch [116/200], Loss: 1.4862 (Overall: 0.8845, Change: 1.3534), TF Ratio: 0.977
2026-06-11 15:39:11,728 - INFO - Epoch [1/1], Batch [117/200], Loss: 1.4840 (Overall: 0.9615, Change: 1.4769), TF Ratio: 0.977
2026-06-11 15:39:11,881 - INFO - Epoch [1/1], Batch [118/200], Loss: 1.4829 (Overall: 1.0515, Change: 1.6656), TF Ratio: 0.976
2026-06-11 15:39:12,033 - INFO - Epoch [1/1], Batch [119/200], Loss: 1.4814 (Overall: 1.0572, Change: 1.5539), TF Ratio: 0.976
2026-06-11 15:39:12,193 - INFO - Epoch [1/1], Batch [120/200], Loss: 1.4788 (Overall: 0.9585, Change: 1.3776), TF Ratio: 0.976
2026-06-11 15:39:22,162 - INFO - Epoch [1/1], Batch [121/200], Loss: 1.4768 (Overall: 1.0058, Change: 1.4694), TF Ratio: 0.976
2026-06-11 15:39:22,315 - INFO - Epoch [1/1], Batch [122/200], Loss: 1.4772 (Overall: 1.6019, Change: 1.4471), TF Ratio: 0.976
2026-06-11 15:39:22,470 - INFO - Epoch [1/1], Batch [123/200], Loss: 1.4761 (Overall: 0.8975, Change: 1.7895), TF Ratio: 0.975
2026-06-11 15:39:24,469 - INFO - Epoch [1/1], Batch [124/200], Loss: 1.4771 (Overall: 1.3588, Change: 1.8482), TF Ratio: 0.975
2026-06-11 15:39:24,623 - INFO - Epoch [1/1], Batch [125/200], Loss: 1.4773 (Overall: 1.0287, Change: 1.9766), TF Ratio: 0.975
2026-06-11 15:39:24,776 - INFO - Epoch [1/1], Batch [126/200], Loss: 1.4751 (Overall: 0.9097, Change: 1.4852), TF Ratio: 0.975
2026-06-11 15:39:24,930 - INFO - Epoch [1/1], Batch [127/200], Loss: 1.4747 (Overall: 1.0463, Change: 1.7904), TF Ratio: 0.975
2026-06-11 15:39:25,089 - INFO - Epoch [1/1], Batch [128/200], Loss: 1.4719 (Overall: 1.0062, Change: 1.2461), TF Ratio: 0.974
2026-06-11 15:39:25,243 - INFO - Epoch [1/1], Batch [129/200], Loss: 1.4729 (Overall: 1.6096, Change: 1.5730), TF Ratio: 0.974
2026-06-11 15:39:25,396 - INFO - Epoch [1/1], Batch [130/200], Loss: 1.4716 (Overall: 1.0988, Change: 1.5288), TF Ratio: 0.974
2026-06-11 15:39:25,549 - INFO - Epoch [1/1], Batch [131/200], Loss: 1.4682 (Overall: 0.8982, Change: 1.1318), TF Ratio: 0.974
2026-06-11 15:39:27,271 - INFO - Epoch [1/1], Batch [132/200], Loss: 1.4673 (Overall: 1.1899, Change: 1.5237), TF Ratio: 0.974
2026-06-11 15:39:36,427 - INFO - Epoch [1/1], Batch [133/200], Loss: 1.4656 (Overall: 1.0569, Change: 1.4165), TF Ratio: 0.973
2026-06-11 15:39:36,580 - INFO - Epoch [1/1], Batch [134/200], Loss: 1.4644 (Overall: 1.1858, Change: 1.4295), TF Ratio: 0.973
2026-06-11 15:39:36,733 - INFO - Epoch [1/1], Batch [135/200], Loss: 1.4645 (Overall: 1.2899, Change: 1.6604), TF Ratio: 0.973
2026-06-11 15:39:39,083 - INFO - Epoch [1/1], Batch [136/200], Loss: 1.4628 (Overall: 0.8388, Change: 1.6350), TF Ratio: 0.973
2026-06-11 15:39:39,238 - INFO - Epoch [1/1], Batch [137/200], Loss: 1.4614 (Overall: 1.0917, Change: 1.4518), TF Ratio: 0.973
2026-06-11 15:39:39,391 - INFO - Epoch [1/1], Batch [138/200], Loss: 1.4610 (Overall: 1.0756, Change: 1.7284), TF Ratio: 0.972
2026-06-11 15:39:39,545 - INFO - Epoch [1/1], Batch [139/200], Loss: 1.4605 (Overall: 1.1037, Change: 1.6870), TF Ratio: 0.972
2026-06-11 15:39:41,387 - INFO - Epoch [1/1], Batch [140/200], Loss: 1.4602 (Overall: 1.0722, Change: 1.7483), TF Ratio: 0.972
2026-06-11 15:39:41,546 - INFO - Epoch [1/1], Batch [141/200], Loss: 1.4587 (Overall: 0.8867, Change: 1.6230), TF Ratio: 0.972
2026-06-11 15:39:41,699 - INFO - Epoch [1/1], Batch [142/200], Loss: 1.4578 (Overall: 0.9472, Change: 1.7245), TF Ratio: 0.972
2026-06-11 15:39:41,852 - INFO - Epoch [1/1], Batch [143/200], Loss: 1.4566 (Overall: 1.1643, Change: 1.4072), TF Ratio: 0.971
2026-06-11 15:39:42,608 - INFO - Epoch [1/1], Batch [144/200], Loss: 1.4544 (Overall: 1.0264, Change: 1.2479), TF Ratio: 0.971
2026-06-11 15:39:50,464 - INFO - Epoch [1/1], Batch [145/200], Loss: 1.4530 (Overall: 1.0925, Change: 1.4098), TF Ratio: 0.971
2026-06-11 15:39:50,618 - INFO - Epoch [1/1], Batch [146/200], Loss: 1.4523 (Overall: 1.1177, Change: 1.5793), TF Ratio: 0.971
2026-06-11 15:39:50,772 - INFO - Epoch [1/1], Batch [147/200], Loss: 1.4509 (Overall: 0.8201, Change: 1.6799), TF Ratio: 0.971
2026-06-11 15:39:52,052 - INFO - Epoch [1/1], Batch [148/200], Loss: 1.4498 (Overall: 1.0752, Change: 1.4935), TF Ratio: 0.970
2026-06-11 15:39:52,207 - INFO - Epoch [1/1], Batch [149/200], Loss: 1.4468 (Overall: 0.9467, Change: 1.0680), TF Ratio: 0.970
2026-06-11 15:39:52,360 - INFO - Epoch [1/1], Batch [150/200], Loss: 1.4458 (Overall: 1.2268, Change: 1.3507), TF Ratio: 0.970
2026-06-11 15:39:52,514 - INFO - Epoch [1/1], Batch [151/200], Loss: 1.4443 (Overall: 0.8741, Change: 1.5612), TF Ratio: 0.970
2026-06-11 15:39:54,906 - INFO - Epoch [1/1], Batch [152/200], Loss: 1.4429 (Overall: 0.8730, Change: 1.6155), TF Ratio: 0.970
2026-06-11 15:39:55,063 - INFO - Epoch [1/1], Batch [153/200], Loss: 1.4421 (Overall: 1.0451, Change: 1.5855), TF Ratio: 0.969
2026-06-11 15:39:55,216 - INFO - Epoch [1/1], Batch [154/200], Loss: 1.4413 (Overall: 0.9631, Change: 1.6825), TF Ratio: 0.969
2026-06-11 15:39:55,370 - INFO - Epoch [1/1], Batch [155/200], Loss: 1.4408 (Overall: 1.0166, Change: 1.7046), TF Ratio: 0.969
2026-06-11 15:39:55,524 - INFO - Epoch [1/1], Batch [156/200], Loss: 1.4393 (Overall: 0.9354, Change: 1.4770), TF Ratio: 0.969
2026-06-11 15:40:03,335 - INFO - Epoch [1/1], Batch [157/200], Loss: 1.4405 (Overall: 1.3261, Change: 1.9182), TF Ratio: 0.969
2026-06-11 15:40:03,489 - INFO - Epoch [1/1], Batch [158/200], Loss: 1.4393 (Overall: 0.9441, Change: 1.5684), TF Ratio: 0.968
2026-06-11 15:40:03,642 - INFO - Epoch [1/1], Batch [159/200], Loss: 1.4373 (Overall: 0.8396, Change: 1.3928), TF Ratio: 0.968
2026-06-11 15:40:04,697 - INFO - Epoch [1/1], Batch [160/200], Loss: 1.4374 (Overall: 1.2381, Change: 1.6810), TF Ratio: 0.968
2026-06-11 15:40:04,853 - INFO - Epoch [1/1], Batch [161/200], Loss: 1.4346 (Overall: 0.8174, Change: 1.1623), TF Ratio: 0.968
2026-06-11 15:40:05,007 - INFO - Epoch [1/1], Batch [162/200], Loss: 1.4336 (Overall: 0.9517, Change: 1.5772), TF Ratio: 0.968
2026-06-11 15:40:05,160 - INFO - Epoch [1/1], Batch [163/200], Loss: 1.4329 (Overall: 1.0463, Change: 1.6067), TF Ratio: 0.967
2026-06-11 15:40:07,394 - INFO - Epoch [1/1], Batch [164/200], Loss: 1.4323 (Overall: 0.9970, Change: 1.6733), TF Ratio: 0.967
2026-06-11 15:40:07,550 - INFO - Epoch [1/1], Batch [165/200], Loss: 1.4294 (Overall: 0.8599, Change: 1.0474), TF Ratio: 0.967
2026-06-11 15:40:07,704 - INFO - Epoch [1/1], Batch [166/200], Loss: 1.4292 (Overall: 1.0090, Change: 1.7692), TF Ratio: 0.967
2026-06-11 15:40:07,858 - INFO - Epoch [1/1], Batch [167/200], Loss: 1.4282 (Overall: 0.9438, Change: 1.5776), TF Ratio: 0.967
2026-06-11 15:40:08,014 - INFO - Epoch [1/1], Batch [168/200], Loss: 1.4266 (Overall: 0.8786, Change: 1.4525), TF Ratio: 0.966
2026-06-11 15:40:17,317 - INFO - Epoch [1/1], Batch [169/200], Loss: 1.4256 (Overall: 1.4190, Change: 1.1011), TF Ratio: 0.966
2026-06-11 15:40:17,470 - INFO - Epoch [1/1], Batch [170/200], Loss: 1.4233 (Overall: 0.7669, Change: 1.2983), TF Ratio: 0.966
2026-06-11 15:40:17,624 - INFO - Epoch [1/1], Batch [171/200], Loss: 1.4227 (Overall: 1.2136, Change: 1.4341), TF Ratio: 0.966
2026-06-11 15:40:17,778 - INFO - Epoch [1/1], Batch [172/200], Loss: 1.4202 (Overall: 0.9638, Change: 0.9931), TF Ratio: 0.966
2026-06-11 15:40:17,933 - INFO - Epoch [1/1], Batch [173/200], Loss: 1.4194 (Overall: 1.0395, Change: 1.5480), TF Ratio: 0.965
2026-06-11 15:40:18,094 - INFO - Epoch [1/1], Batch [174/200], Loss: 1.4182 (Overall: 1.1588, Change: 1.2655), TF Ratio: 0.965
2026-06-11 15:40:18,252 - INFO - Epoch [1/1], Batch [175/200], Loss: 1.4177 (Overall: 1.0730, Change: 1.5772), TF Ratio: 0.965
2026-06-11 15:40:20,630 - INFO - Epoch [1/1], Batch [176/200], Loss: 1.4164 (Overall: 0.9871, Change: 1.3999), TF Ratio: 0.965
2026-06-11 15:40:20,784 - INFO - Epoch [1/1], Batch [177/200], Loss: 1.4136 (Overall: 0.8488, Change: 0.9705), TF Ratio: 0.965
2026-06-11 15:40:20,938 - INFO - Epoch [1/1], Batch [178/200], Loss: 1.4108 (Overall: 0.8262, Change: 1.0303), TF Ratio: 0.964
2026-06-11 15:40:21,091 - INFO - Epoch [1/1], Batch [179/200], Loss: 1.4102 (Overall: 0.8144, Change: 1.7672), TF Ratio: 0.964
2026-06-11 15:40:22,193 - INFO - Epoch [1/1], Batch [180/200], Loss: 1.4093 (Overall: 1.0916, Change: 1.4216), TF Ratio: 0.964
2026-06-11 15:40:31,295 - INFO - Epoch [1/1], Batch [181/200], Loss: 1.4116 (Overall: 1.3894, Change: 2.2464), TF Ratio: 0.964
2026-06-11 15:40:31,449 - INFO - Epoch [1/1], Batch [182/200], Loss: 1.4097 (Overall: 0.7829, Change: 1.3635), TF Ratio: 0.964
2026-06-11 15:40:31,602 - INFO - Epoch [1/1], Batch [183/200], Loss: 1.4085 (Overall: 0.9436, Change: 1.4312), TF Ratio: 0.963
2026-06-11 15:40:31,787 - INFO - Epoch [1/1], Batch [184/200], Loss: 1.4076 (Overall: 0.9466, Change: 1.5424), TF Ratio: 0.963
2026-06-11 15:40:31,941 - INFO - Epoch [1/1], Batch [185/200], Loss: 1.4076 (Overall: 1.2129, Change: 1.5836), TF Ratio: 0.963
2026-06-11 15:40:32,094 - INFO - Epoch [1/1], Batch [186/200], Loss: 1.4053 (Overall: 1.0717, Change: 0.9238), TF Ratio: 0.963
2026-06-11 15:40:32,247 - INFO - Epoch [1/1], Batch [187/200], Loss: 1.4049 (Overall: 1.0408, Change: 1.6008), TF Ratio: 0.963
2026-06-11 15:40:35,071 - INFO - Epoch [1/1], Batch [188/200], Loss: 1.4036 (Overall: 0.9057, Change: 1.4304), TF Ratio: 0.962
2026-06-11 15:40:35,229 - INFO - Epoch [1/1], Batch [189/200], Loss: 1.4013 (Overall: 0.8170, Change: 1.1249), TF Ratio: 0.962
2026-06-11 15:40:35,385 - INFO - Epoch [1/1], Batch [190/200], Loss: 1.4005 (Overall: 0.7998, Change: 1.6984), TF Ratio: 0.962
2026-06-11 15:40:35,539 - INFO - Epoch [1/1], Batch [191/200], Loss: 1.3996 (Overall: 0.8310, Change: 1.6101), TF Ratio: 0.962
2026-06-11 15:40:35,702 - INFO - Epoch [1/1], Batch [192/200], Loss: 1.3996 (Overall: 1.1888, Change: 1.6249), TF Ratio: 0.962
2026-06-11 15:40:45,475 - INFO - Epoch [1/1], Batch [193/200], Loss: 1.3979 (Overall: 0.9532, Change: 1.1573), TF Ratio: 0.961
2026-06-11 15:40:45,628 - INFO - Epoch [1/1], Batch [194/200], Loss: 1.3964 (Overall: 0.8336, Change: 1.3909), TF Ratio: 0.961
2026-06-11 15:40:45,783 - INFO - Epoch [1/1], Batch [195/200], Loss: 1.3962 (Overall: 1.1702, Change: 1.5513), TF Ratio: 0.961
2026-06-11 15:40:45,939 - INFO - Epoch [1/1], Batch [196/200], Loss: 1.3944 (Overall: 0.8012, Change: 1.2824), TF Ratio: 0.961
2026-06-11 15:40:46,093 - INFO - Epoch [1/1], Batch [197/200], Loss: 1.3936 (Overall: 1.1342, Change: 1.3576), TF Ratio: 0.961
2026-06-11 15:40:46,247 - INFO - Epoch [1/1], Batch [198/200], Loss: 1.3937 (Overall: 0.9552, Change: 1.8536), TF Ratio: 0.960
2026-06-11 15:40:46,400 - INFO - Epoch [1/1], Batch [199/200], Loss: 1.3926 (Overall: 1.1555, Change: 1.1780), TF Ratio: 0.960
2026-06-11 15:40:47,717 - INFO - Epoch [1/1], Batch [200/200], Loss: 1.3913 (Overall: 1.1675, Change: 1.1058), TF Ratio: 0.960
2026-06-11 15:40:59,237 - INFO - Epoch 1 done. Validating...
2026-06-11 15:42:01,992 - INFO - Epoch [1/1] | Train: 1.3930 | Val: 0.8526
2026-06-11 15:42:02,251 - INFO - Checkpoint saved: /gpfs/scratch/bsc32/bsc096444/ai4land-tfm/trained_models/unet_impl/41654673/best_model.pth
2026-06-11 15:42:02,456 - INFO - Checkpoint saved: /gpfs/scratch/bsc32/bsc096444/ai4land-tfm/trained_models/unet_impl/41654673/model_epoch_1.pth
2026-06-11 15:42:03,258 - INFO - Training complete.
