START TIME: Mon Jun  8 16:28:51 CEST 2026
HOST: as06r2b18

Config: N_STREAMS=12 | SIZE_GB=4 | FILES_DIR=/gpfs/scratch/ehpc736/bsc096444/io_bench

=== Ensuring 12 test files of 4 GiB each exist ===
Creating /gpfs/scratch/ehpc736/bsc096444/io_bench/testfile_4g_0.bin...
Creating /gpfs/scratch/ehpc736/bsc096444/io_bench/testfile_4g_1.bin...
Creating /gpfs/scratch/ehpc736/bsc096444/io_bench/testfile_4g_2.bin...
Creating /gpfs/scratch/ehpc736/bsc096444/io_bench/testfile_4g_3.bin...
Creating /gpfs/scratch/ehpc736/bsc096444/io_bench/testfile_4g_4.bin...
Creating /gpfs/scratch/ehpc736/bsc096444/io_bench/testfile_4g_5.bin...
Creating /gpfs/scratch/ehpc736/bsc096444/io_bench/testfile_4g_6.bin...
Creating /gpfs/scratch/ehpc736/bsc096444/io_bench/testfile_4g_7.bin...
Creating /gpfs/scratch/ehpc736/bsc096444/io_bench/testfile_4g_8.bin...
Creating /gpfs/scratch/ehpc736/bsc096444/io_bench/testfile_4g_9.bin...
Creating /gpfs/scratch/ehpc736/bsc096444/io_bench/testfile_4g_10.bin...
Creating /gpfs/scratch/ehpc736/bsc096444/io_bench/testfile_4g_11.bin...
total 52G
-rw-r--r-- 1 bsc096444 ehpc736 4.0G Jun  8 14:41 testfile_4g.bin
-rw-r--r-- 1 bsc096444 ehpc736 4.0G Jun  8 16:28 testfile_4g_0.bin
-rw-r--r-- 1 bsc096444 ehpc736 4.0G Jun  8 16:28 testfile_4g_1.bin
-rw-r--r-- 1 bsc096444 ehpc736 4.0G Jun  8 16:29 testfile_4g_10.bin
-rw-r--r-- 1 bsc096444 ehpc736 4.0G Jun  8 16:29 testfile_4g_11.bin
-rw-r--r-- 1 bsc096444 ehpc736 4.0G Jun  8 16:28 testfile_4g_2.bin
-rw-r--r-- 1 bsc096444 ehpc736 4.0G Jun  8 16:28 testfile_4g_3.bin
-rw-r--r-- 1 bsc096444 ehpc736 4.0G Jun  8 16:28 testfile_4g_4.bin
-rw-r--r-- 1 bsc096444 ehpc736 4.0G Jun  8 16:28 testfile_4g_5.bin
-rw-r--r-- 1 bsc096444 ehpc736 4.0G Jun  8 16:28 testfile_4g_6.bin
-rw-r--r-- 1 bsc096444 ehpc736 4.0G Jun  8 16:29 testfile_4g_7.bin
-rw-r--r-- 1 bsc096444 ehpc736 4.0G Jun  8 16:29 testfile_4g_8.bin
-rw-r--r-- 1 bsc096444 ehpc736 4.0G Jun  8 16:29 testfile_4g_9.bin

=== Test 1: single-thread sequential read | bs=1M | NO O_DIRECT ===
File: /gpfs/scratch/ehpc736/bsc096444/io_bench/testfile_4g_0.bin
4096+0 records in
4096+0 records out
4294967296 bytes (4.3 GB, 4.0 GiB) copied, 7.72173 s, 556 MB/s

=== Test 2: 12 parallel sequential reads | bs=1M | NO O_DIRECT ===
(each stream reads a different 4 GiB file)

--- per-stream output (interleaved order, dd summary per stream) ---
[stream 6] 4096+0 records in
[stream 6] 4096+0 records out
[stream 6] 4294967296 bytes (4.3 GB, 4.0 GiB) copied, 5.65976 s, 759 MB/s
[stream 2] 4096+0 records in
[stream 2] 4096+0 records out
[stream 2] 4294967296 bytes (4.3 GB, 4.0 GiB) copied, 9.02138 s, 476 MB/s
[stream 11] 4096+0 records in
[stream 11] 4096+0 records out
[stream 11] 4294967296 bytes (4.3 GB, 4.0 GiB) copied, 13.5336 s, 317 MB/s
[stream 8] 4096+0 records in
[stream 8] 4096+0 records out
[stream 8] 4294967296 bytes (4.3 GB, 4.0 GiB) copied, 14.1166 s, 304 MB/s
[stream 5] 4096+0 records in
[stream 5] 4096+0 records out
[stream 5] 4294967296 bytes (4.3 GB, 4.0 GiB) copied, 15.6511 s, 274 MB/s
[stream 3] 4096+0 records in
[stream 3] 4096+0 records out
[stream 3] 4294967296 bytes (4.3 GB, 4.0 GiB) copied, 16.1045 s, 267 MB/s
[stream 9] 4096+0 records in
[stream 9] 4096+0 records out
[stream 9] 4294967296 bytes (4.3 GB, 4.0 GiB) copied, 16.4065 s, 262 MB/s
[stream 10] 4096+0 records in
[stream 10] 4096+0 records out
[stream 10] 4294967296 bytes (4.3 GB, 4.0 GiB) copied, 18.0021 s, 239 MB/s
[stream 1] 4096+0 records in
[stream 1] 4096+0 records out
[stream 1] 4294967296 bytes (4.3 GB, 4.0 GiB) copied, 18.5488 s, 232 MB/s
[stream 4] 4096+0 records in
[stream 4] 4096+0 records out
[stream 4] 4294967296 bytes (4.3 GB, 4.0 GiB) copied, 19.4633 s, 221 MB/s
[stream 7] 4096+0 records in
[stream 7] 4096+0 records out
[stream 7] 4294967296 bytes (4.3 GB, 4.0 GiB) copied, 19.4819 s, 220 MB/s
[stream 0] 4096+0 records in
[stream 0] 4096+0 records out
[stream 0] 4294967296 bytes (4.3 GB, 4.0 GiB) copied, 19.5661 s, 220 MB/s

=== Test 2 summary ===
Streams:                   12
Bytes per stream:          4294967296
Aggregate bytes:           51539607552
Wall time (last done):     19576 ms
Aggregate throughput:      2510.8 MB/s
Per-stream avg:            209.2 MB/s

END TIME: Mon Jun  8 16:29:32 CEST 2026
