2026-06-01 14:28:54,018 - INFO - Split: train | land_index=/gpfs/projects/ehpc606/ai4land/CONCERTO/land_index/land_pixel_index_sample.npy
2026-06-01 14:28:54,018 - INFO - Stores: /gpfs/scratch/ehpc736/data/AI4LAND_NON_preprocessed-data-2000-2015.zarr
2026-06-01 14:28:54,018 - INFO - use_synchronizer: False
2026-06-01 14:29:05,651 - INFO - Dataset: SingleZarrDataset | length=6,272,000
2026-06-01 14:29:05,651 - INFO - ================================================================================
2026-06-01 14:29:05,651 - INFO - PHASE 1 — single-thread __getitem__ (50 samples)
2026-06-01 14:29:05,651 - INFO - ================================================================================
2026-06-01 14:29:09,271 - INFO - sample shapes: (2, 15, 256, 256)/float32 (2, 1, 256, 256)/uint8 (6, 256, 256)/float32 (1, 256, 256)/float32 (2, 256, 256)/uint8
2026-06-01 14:29:09,272 - INFO -   sample   1/50  idx=  559781   3620.4 ms    9.50 MB
2026-06-01 14:29:10,603 - INFO -   sample   2/50  idx= 4854252   1331.4 ms    9.50 MB
2026-06-01 14:29:11,750 - INFO -   sample   3/50  idx= 4105472   1146.7 ms    9.50 MB
2026-06-01 14:29:12,851 - INFO -   sample   4/50  idx= 2752645   1101.0 ms    9.50 MB
2026-06-01 14:29:13,996 - INFO -   sample   5/50  idx= 2715871   1145.1 ms    9.50 MB
2026-06-01 14:29:15,126 - INFO -   sample   6/50  idx= 5385126   1129.8 ms    9.50 MB
2026-06-01 14:29:16,219 - INFO -   sample   7/50  idx=  539051   1092.9 ms    9.50 MB
2026-06-01 14:29:17,195 - INFO -   sample   8/50  idx= 4373892    976.0 ms    9.50 MB
2026-06-01 14:29:18,291 - INFO -   sample   9/50  idx= 1263616   1095.5 ms    9.50 MB
2026-06-01 14:29:19,364 - INFO -   sample  10/50  idx=  590680   1073.0 ms    9.50 MB
2026-06-01 14:29:20,464 - INFO -   sample  11/50  idx= 3302076   1099.6 ms    9.50 MB
2026-06-01 14:29:21,487 - INFO -   sample  12/50  idx= 6119103   1022.9 ms    9.50 MB
2026-06-01 14:29:22,475 - INFO -   sample  13/50  idx= 4614638    988.5 ms    9.50 MB
2026-06-01 14:29:23,574 - INFO -   sample  14/50  idx= 4773868   1098.8 ms    9.50 MB
2026-06-01 14:29:24,577 - INFO -   sample  15/50  idx= 4500017   1002.2 ms    9.50 MB
2026-06-01 14:29:25,672 - INFO -   sample  16/50  idx= 4930195   1095.4 ms    9.50 MB
2026-06-01 14:29:26,787 - INFO -   sample  17/50  idx= 3218957   1114.4 ms    9.50 MB
2026-06-01 14:29:27,924 - INFO -   sample  18/50  idx=  803528   1137.0 ms    9.50 MB
2026-06-01 14:29:29,130 - INFO -   sample  19/50  idx= 5266900   1205.5 ms    9.50 MB
2026-06-01 14:29:30,431 - INFO -   sample  20/50  idx= 2824820   1301.3 ms    9.50 MB
2026-06-01 14:29:31,437 - INFO -   sample  21/50  idx= 3138207   1005.6 ms    9.50 MB
2026-06-01 14:29:32,531 - INFO -   sample  22/50  idx= 2325645   1094.3 ms    9.50 MB
2026-06-01 14:29:33,531 - INFO -   sample  23/50  idx= 1144951   1000.0 ms    9.50 MB
2026-06-01 14:29:34,735 - INFO -   sample  24/50  idx= 5812670   1203.7 ms    9.50 MB
2026-06-01 14:29:35,796 - INFO -   sample  25/50  idx= 4901991   1061.0 ms    9.50 MB
2026-06-01 14:29:37,062 - INFO -   sample  26/50  idx= 4038322   1265.6 ms    9.50 MB
2026-06-01 14:29:38,286 - INFO -   sample  27/50  idx= 2523942   1223.6 ms    9.50 MB
2026-06-01 14:29:39,262 - INFO -   sample  28/50  idx= 5160360    976.5 ms    9.50 MB
2026-06-01 14:29:40,370 - INFO -   sample  29/50  idx= 3420931   1107.0 ms    9.50 MB
2026-06-01 14:29:41,416 - INFO -   sample  30/50  idx= 2781093   1046.2 ms    9.50 MB
2026-06-01 14:29:42,535 - INFO -   sample  31/50  idx= 2825282   1119.3 ms    9.50 MB
2026-06-01 14:29:43,608 - INFO -   sample  32/50  idx= 1425241   1072.9 ms    9.50 MB
2026-06-01 14:29:44,700 - INFO -   sample  33/50  idx=  577876   1091.2 ms    9.50 MB
2026-06-01 14:29:45,685 - INFO -   sample  34/50  idx= 3478355    985.7 ms    9.50 MB
2026-06-01 14:29:46,763 - INFO -   sample  35/50  idx= 5568845   1077.1 ms    9.50 MB
2026-06-01 14:29:47,857 - INFO -   sample  36/50  idx=  400261   1094.6 ms    9.50 MB
2026-06-01 14:29:49,157 - INFO -   sample  37/50  idx= 5383202   1299.3 ms    9.50 MB
2026-06-01 14:29:50,246 - INFO -   sample  38/50  idx= 5190902   1089.0 ms    9.50 MB
2026-06-01 14:29:51,519 - INFO -   sample  39/50  idx= 1735836   1272.7 ms    9.50 MB
2026-06-01 14:29:52,775 - INFO -   sample  40/50  idx= 3961799   1256.2 ms    9.50 MB
2026-06-01 14:29:53,757 - INFO -   sample  41/50  idx= 1036316    981.4 ms    9.50 MB
2026-06-01 14:29:54,988 - INFO -   sample  42/50  idx= 4754726   1230.9 ms    9.50 MB
2026-06-01 14:29:56,231 - INFO -   sample  43/50  idx= 4393680   1242.8 ms    9.50 MB
2026-06-01 14:29:57,582 - INFO -   sample  44/50  idx= 2223586   1351.1 ms    9.50 MB
2026-06-01 14:29:58,781 - INFO -   sample  45/50  idx=  425994   1198.4 ms    9.50 MB
2026-06-01 14:29:59,951 - INFO -   sample  46/50  idx= 6088218   1169.9 ms    9.50 MB
2026-06-01 14:30:00,943 - INFO -   sample  47/50  idx= 2795351    992.5 ms    9.50 MB
2026-06-01 14:30:01,993 - INFO -   sample  48/50  idx= 5601655   1049.2 ms    9.50 MB
2026-06-01 14:30:03,224 - INFO -   sample  49/50  idx= 4251908   1231.7 ms    9.50 MB
2026-06-01 14:30:04,540 - INFO -   sample  50/50  idx= 4882021   1315.6 ms    9.50 MB
2026-06-01 14:30:04,541 - INFO - --- getitem | n=50 | mean= 1177.6 ms | median= 1100.3 ms | p95= 1324.3 ms | max= 3620.4 ms | sum=  58.88 s
2026-06-01 14:30:04,541 - INFO - --- size    | per-sample mean=  9.50 MB | max=  9.50 MB | total=475.00 MB
2026-06-01 14:30:04,542 - INFO - ================================================================================
2026-06-01 14:30:04,542 - INFO - PHASE 2 — DataLoader (batch_size=8, num_workers=12, prefetch_factor=4, pin_memory=True) — 50 batches
2026-06-01 14:30:04,542 - INFO - ================================================================================
slurmstepd: error: *** STEP 41321507.0 ON as03r4b32 CANCELLED AT 2026-06-01T14:58:40 DUE TO TIME LIMIT ***
slurmstepd: error: *** JOB 41321507 ON as03r4b32 CANCELLED AT 2026-06-01T14:58:40 DUE TO TIME LIMIT ***
srun: Job step aborted: Waiting up to 32 seconds for job step to finish.
