START TIME: Thu Jun 11 14:53:55 CEST 2026
Master: as06r4b24:29500
Launch command: uv run accelerate launch     --multi_gpu     --num_processes $(( 1 * 4 ))     --num_machines 1     --machine_rank ${SLURM_PROCID}     --main_process_ip as06r4b24     --main_process_port 29500     --mixed_precision bf16     --dynamo_backend no     /gpfs/scratch/bsc32/bsc096444/ai4land-tfm/src/ai4land/training/train.py     --config-name debug-single     system.slurm_job_id=41652687     training.resume.path=
[2026-06-11 14:55:17,618][root][INFO] - Recurrent UNet Model Successfully Configured and Initialized.
[2026-06-11 14:55:17,621][root][INFO] - Starting from scratch (no valid checkpoint provided).
[2026-06-11 14:55:23,192][root][INFO] - Train: 4480000 samples, Val: 640000 samples
[2026-06-11 14:55:24,663][root][INFO] - Starting training from epoch 1
[2026-06-11 14:55:57,353][root][INFO] - Epoch [1/1], Batch [1/15], Loss: 1.9993 (Overall: 2.0617, Change: 1.9368), TF Ratio: 1.000
[2026-06-11 14:55:57,509][root][INFO] - Epoch [1/1], Batch [2/15], Loss: 2.0049 (Overall: 2.0625, Change: 1.9584), TF Ratio: 1.000
[2026-06-11 14:55:57,663][root][INFO] - Epoch [1/1], Batch [3/15], Loss: 2.0211 (Overall: 2.1208, Change: 1.9866), TF Ratio: 0.999
[2026-06-11 14:56:01,334][root][INFO] - Epoch [1/1], Batch [4/15], Loss: 2.0498 (Overall: 2.0943, Change: 2.1775), TF Ratio: 0.999
[2026-06-11 14:56:01,489][root][INFO] - Epoch [1/1], Batch [5/15], Loss: 2.0072 (Overall: 1.7848, Change: 1.8883), TF Ratio: 0.999
[2026-06-11 14:56:01,641][root][INFO] - Epoch [1/1], Batch [6/15], Loss: 1.9628 (Overall: 1.8533, Change: 1.6281), TF Ratio: 0.999
[2026-06-11 14:56:01,794][root][INFO] - Epoch [1/1], Batch [7/15], Loss: 1.9400 (Overall: 1.8643, Change: 1.7426), TF Ratio: 0.999
[2026-06-11 14:56:01,949][root][INFO] - Epoch [1/1], Batch [8/15], Loss: 1.9378 (Overall: 1.8457, Change: 1.9985), TF Ratio: 0.998
[2026-06-11 14:56:02,104][root][INFO] - Epoch [1/1], Batch [9/15], Loss: 1.9119 (Overall: 1.5735, Change: 1.8373), TF Ratio: 0.998
[2026-06-11 14:56:02,256][root][INFO] - Epoch [1/1], Batch [10/15], Loss: 1.9093 (Overall: 1.9538, Change: 1.8171), TF Ratio: 0.998
[2026-06-11 14:56:02,409][root][INFO] - Epoch [1/1], Batch [11/15], Loss: 1.8921 (Overall: 1.6943, Change: 1.7473), TF Ratio: 0.998
[2026-06-11 14:56:17,202][root][INFO] - Epoch [1/1], Batch [12/15], Loss: 1.8906 (Overall: 1.7793, Change: 1.9681), TF Ratio: 0.998
[2026-06-11 14:56:17,358][root][INFO] - Epoch [1/1], Batch [13/15], Loss: 1.8800 (Overall: 1.6876, Change: 1.8187), TF Ratio: 0.997
[2026-06-11 14:56:17,511][root][INFO] - Epoch [1/1], Batch [14/15], Loss: 1.8707 (Overall: 1.5469, Change: 1.9517), TF Ratio: 0.997
[2026-06-11 14:56:17,664][root][INFO] - Epoch [1/1], Batch [15/15], Loss: 1.8564 (Overall: 1.5004, Change: 1.8131), TF Ratio: 0.997
[2026-06-11 14:56:33,895][root][INFO] - Epoch 1 done. Validating...
[2026-06-11 14:57:29,332][root][INFO] - Epoch [1/1] | Train: 1.8571 | Val: 1.2794
[2026-06-11 14:57:29,562][root][INFO] - Checkpoint saved: /gpfs/scratch/bsc32/bsc096444/ai4land-tfm/trained_models/unet_impl/41652687/best_model.pth
[2026-06-11 14:57:29,754][root][INFO] - Checkpoint saved: /gpfs/scratch/bsc32/bsc096444/ai4land-tfm/trained_models/unet_impl/41652687/model_epoch_1.pth
[2026-06-11 14:57:30,892][root][INFO] - Training complete.
END TIME: Thu Jun 11 14:57:55 CEST 2026
