2026-06-03 20:40:48,944 - INFO - Split: train | land_index=/gpfs/projects/ehpc606/ai4land/CONCERTO/land_index/land_pixel_index_sample.npy
2026-06-03 20:40:48,944 - INFO - Stores: /gpfs/scratch/ehpc736/data/AI4LAND_preprocessed-data-2000-2015.zarr
2026-06-03 20:40:48,944 - INFO - use_synchronizer: True
2026-06-03 20:40:48,944 - INFO - Sweep: num_workers=[0, 1, 4, 12] | num_batches=80 | batch_timeout=30s
2026-06-03 20:41:00,788 - INFO - Dataset: SingleZarrDataset | length=6,272,000
2026-06-03 20:41:00,789 - INFO - ================================================================================
2026-06-03 20:41:00,789 - INFO - PHASE 1 — __getitem__ + per-modality merged (50 samples)
2026-06-03 20:41:00,789 - INFO - ================================================================================
2026-06-03 20:41:04,331 - INFO - shapes: (2, 15, 256, 256) (2, 1, 256, 256) (6, 256, 256) (1, 256, 256) (2, 256, 256) | bytes/sample:   9.50 MB
2026-06-03 20:41:04,331 - INFO -   sample   1/50   3542.4 ms
2026-06-03 20:41:05,677 - INFO -   sample   2/50   1346.0 ms
2026-06-03 20:41:06,830 - INFO -   sample   3/50   1152.7 ms
2026-06-03 20:41:07,988 - INFO -   sample   4/50   1157.7 ms
2026-06-03 20:41:09,181 - INFO -   sample   5/50   1193.1 ms
2026-06-03 20:41:10,348 - INFO -   sample   6/50   1166.4 ms
2026-06-03 20:41:11,396 - INFO -   sample   7/50   1048.7 ms
2026-06-03 20:41:12,420 - INFO -   sample   8/50   1023.2 ms
2026-06-03 20:41:13,528 - INFO -   sample   9/50   1108.3 ms
2026-06-03 20:41:14,557 - INFO -   sample  10/50   1028.7 ms
2026-06-03 20:41:15,668 - INFO -   sample  11/50   1111.2 ms
2026-06-03 20:41:16,746 - INFO -   sample  12/50   1077.6 ms
2026-06-03 20:41:17,704 - INFO -   sample  13/50    957.5 ms
2026-06-03 20:41:18,856 - INFO -   sample  14/50   1152.1 ms
2026-06-03 20:41:19,910 - INFO -   sample  15/50   1053.9 ms
2026-06-03 20:41:21,028 - INFO -   sample  16/50   1117.7 ms
2026-06-03 20:41:22,189 - INFO -   sample  17/50   1160.8 ms
2026-06-03 20:41:23,334 - INFO -   sample  18/50   1145.3 ms
2026-06-03 20:41:24,496 - INFO -   sample  19/50   1161.5 ms
2026-06-03 20:41:25,824 - INFO -   sample  20/50   1328.0 ms
2026-06-03 20:41:26,797 - INFO -   sample  21/50    972.5 ms
2026-06-03 20:41:27,849 - INFO -   sample  22/50   1051.8 ms
2026-06-03 20:41:28,820 - INFO -   sample  23/50    971.0 ms
2026-06-03 20:41:30,024 - INFO -   sample  24/50   1204.4 ms
2026-06-03 20:41:31,078 - INFO -   sample  25/50   1054.0 ms
2026-06-03 20:41:32,375 - INFO -   sample  26/50   1296.4 ms
2026-06-03 20:41:33,595 - INFO -   sample  27/50   1220.1 ms
2026-06-03 20:41:34,614 - INFO -   sample  28/50   1018.9 ms
2026-06-03 20:41:35,798 - INFO -   sample  29/50   1184.2 ms
2026-06-03 20:41:36,862 - INFO -   sample  30/50   1063.9 ms
2026-06-03 20:41:38,083 - INFO -   sample  31/50   1220.2 ms
2026-06-03 20:41:39,178 - INFO -   sample  32/50   1094.9 ms
2026-06-03 20:41:40,324 - INFO -   sample  33/50   1145.8 ms
2026-06-03 20:41:41,390 - INFO -   sample  34/50   1066.0 ms
2026-06-03 20:41:42,523 - INFO -   sample  35/50   1132.9 ms
2026-06-03 20:41:43,735 - INFO -   sample  36/50   1212.4 ms
2026-06-03 20:41:44,953 - INFO -   sample  37/50   1217.2 ms
2026-06-03 20:41:46,035 - INFO -   sample  38/50   1082.6 ms
2026-06-03 20:41:47,326 - INFO -   sample  39/50   1290.6 ms
2026-06-03 20:41:48,608 - INFO -   sample  40/50   1281.7 ms
2026-06-03 20:41:49,665 - INFO -   sample  41/50   1057.4 ms
2026-06-03 20:41:50,999 - INFO -   sample  42/50   1333.1 ms
2026-06-03 20:41:52,225 - INFO -   sample  43/50   1226.4 ms
2026-06-03 20:41:53,576 - INFO -   sample  44/50   1350.2 ms
2026-06-03 20:41:54,819 - INFO -   sample  45/50   1243.3 ms
2026-06-03 20:41:55,935 - INFO -   sample  46/50   1116.3 ms
2026-06-03 20:41:57,046 - INFO -   sample  47/50   1110.1 ms
2026-06-03 20:41:58,102 - INFO -   sample  48/50   1056.2 ms
2026-06-03 20:41:59,418 - INFO -   sample  49/50   1315.9 ms
2026-06-03 20:42:00,722 - INFO -   sample  50/50   1303.9 ms
2026-06-03 20:42:00,722 - INFO - --- getitem | n=50 | mean= 1198.5 ms | median= 1149.0 ms | p95= 1340.2 ms | max= 3542.4 ms | sum=  59.93 s
2026-06-03 20:42:00,722 - INFO - --- per-modality (load + preprocess merged) ---
2026-06-03 20:42:00,723 - INFO -   _get_luh2_data        : calls= 100 | mean=  412.1 ms | median=  381.5 ms | max= 2702.8 ms | total= 41.21 s (68.8%)
2026-06-03 20:42:00,723 - INFO -   _get_population_data  : calls= 100 | mean=   50.9 ms | median=   49.2 ms | max=  135.5 ms | total=  5.09 s ( 8.5%)
2026-06-03 20:42:00,723 - INFO -   _get_kg_data          : calls= 100 | mean=   41.0 ms | median=   41.0 ms | max=   60.6 ms | total=  4.10 s ( 6.8%)
2026-06-03 20:42:00,723 - INFO -   _get_static_data      : calls=  50 | mean=   92.0 ms | median=   92.5 ms | max=  140.7 ms | total=  4.60 s ( 7.7%)
2026-06-03 20:42:00,723 - INFO -   _get_hilda_prior      : calls=  50 | mean=   44.0 ms | median=   43.7 ms | max=   72.3 ms | total=  2.20 s ( 3.7%)
2026-06-03 20:42:00,723 - INFO -   _get_hilda_target     : calls=  50 | mean=   51.2 ms | median=   46.5 ms | max=  154.3 ms | total=  2.56 s ( 4.3%)
2026-06-03 20:42:00,778 - INFO - ================================================================================
2026-06-03 20:42:00,778 - INFO - PHASE 2 — __getitem__ + load vs preprocess split (50 samples)
2026-06-03 20:42:00,778 - INFO - ================================================================================
2026-06-03 20:42:01,780 - INFO -   sample   1/50   1001.5 ms
2026-06-03 20:42:02,723 - INFO -   sample   2/50    942.6 ms
2026-06-03 20:42:03,591 - INFO -   sample   3/50    867.8 ms
2026-06-03 20:42:04,536 - INFO -   sample   4/50    945.1 ms
2026-06-03 20:42:05,596 - INFO -   sample   5/50   1060.4 ms
2026-06-03 20:42:06,570 - INFO -   sample   6/50    973.5 ms
2026-06-03 20:42:07,647 - INFO -   sample   7/50   1076.7 ms
2026-06-03 20:42:08,737 - INFO -   sample   8/50   1090.1 ms
2026-06-03 20:42:09,685 - INFO -   sample   9/50    948.0 ms
2026-06-03 20:42:10,683 - INFO -   sample  10/50    997.8 ms
2026-06-03 20:42:11,636 - INFO -   sample  11/50    952.9 ms
2026-06-03 20:42:12,610 - INFO -   sample  12/50    973.2 ms
2026-06-03 20:42:13,591 - INFO -   sample  13/50    981.7 ms
2026-06-03 20:42:14,601 - INFO -   sample  14/50   1009.4 ms
2026-06-03 20:42:15,709 - INFO -   sample  15/50   1108.0 ms
2026-06-03 20:42:16,759 - INFO -   sample  16/50   1049.8 ms
2026-06-03 20:42:17,681 - INFO -   sample  17/50    921.9 ms
2026-06-03 20:42:18,650 - INFO -   sample  18/50    968.7 ms
2026-06-03 20:42:19,679 - INFO -   sample  19/50   1028.7 ms
2026-06-03 20:42:20,882 - INFO -   sample  20/50   1203.7 ms
2026-06-03 20:42:21,785 - INFO -   sample  21/50    902.5 ms
2026-06-03 20:42:22,757 - INFO -   sample  22/50    971.5 ms
2026-06-03 20:42:23,722 - INFO -   sample  23/50    965.6 ms
2026-06-03 20:42:24,742 - INFO -   sample  24/50   1019.7 ms
2026-06-03 20:42:25,763 - INFO -   sample  25/50   1020.4 ms
2026-06-03 20:42:26,728 - INFO -   sample  26/50    965.6 ms
2026-06-03 20:42:27,864 - INFO -   sample  27/50   1135.5 ms
2026-06-03 20:42:28,991 - INFO -   sample  28/50   1126.8 ms
2026-06-03 20:42:29,994 - INFO -   sample  29/50   1003.4 ms
2026-06-03 20:42:31,187 - INFO -   sample  30/50   1192.4 ms
2026-06-03 20:42:32,198 - INFO -   sample  31/50   1011.2 ms
2026-06-03 20:42:33,299 - INFO -   sample  32/50   1100.9 ms
2026-06-03 20:42:34,240 - INFO -   sample  33/50    940.3 ms
2026-06-03 20:42:35,208 - INFO -   sample  34/50    968.4 ms
2026-06-03 20:42:36,159 - INFO -   sample  35/50    950.2 ms
2026-06-03 20:42:37,231 - INFO -   sample  36/50   1072.5 ms
2026-06-03 20:42:38,367 - INFO -   sample  37/50   1135.5 ms
2026-06-03 20:42:39,454 - INFO -   sample  38/50   1087.1 ms
2026-06-03 20:42:40,453 - INFO -   sample  39/50    999.2 ms
2026-06-03 20:42:41,504 - INFO -   sample  40/50   1050.6 ms
2026-06-03 20:42:42,570 - INFO -   sample  41/50   1065.6 ms
2026-06-03 20:42:43,670 - INFO -   sample  42/50   1099.9 ms
2026-06-03 20:42:44,632 - INFO -   sample  43/50    962.2 ms
2026-06-03 20:42:45,764 - INFO -   sample  44/50   1131.9 ms
2026-06-03 20:42:46,793 - INFO -   sample  45/50   1028.9 ms
2026-06-03 20:42:47,875 - INFO -   sample  46/50   1081.6 ms
2026-06-03 20:42:49,021 - INFO -   sample  47/50   1145.9 ms
2026-06-03 20:42:50,033 - INFO -   sample  48/50   1012.2 ms
2026-06-03 20:42:51,068 - INFO -   sample  49/50   1034.8 ms
2026-06-03 20:42:52,082 - INFO -   sample  50/50   1014.0 ms
2026-06-03 20:42:52,083 - INFO - --- getitem | n=50 | mean= 1026.0 ms | median= 1013.1 ms | p95= 1141.2 ms | max= 1203.7 ms | sum=  51.30 s
2026-06-03 20:42:52,083 - INFO - --- per-modality (load | preprocess split) ---
2026-06-03 20:42:52,083 - INFO -   luh2          : calls= 100 | load mean=  313.8 ms total= 31.38 s (61.2%) | prep mean=   33.7 ms total=  3.37 s ( 6.6%)
2026-06-03 20:42:52,083 - INFO -   population    : calls= 100 | load mean=   46.5 ms total=  4.65 s ( 9.1%) | prep mean=    0.1 ms total=  0.01 s ( 0.0%)
2026-06-03 20:42:52,083 - INFO -   kg            : calls= 100 | load mean=   39.8 ms total=  3.98 s ( 7.8%) | prep mean=    0.0 ms total=  0.00 s ( 0.0%)
2026-06-03 20:42:52,083 - INFO -   static        : calls=  50 | load mean=   48.6 ms total=  2.43 s ( 4.7%) | prep mean=   19.2 ms total=  0.96 s ( 1.9%)
2026-06-03 20:42:52,083 - INFO -   hilda_prior   : calls=  50 | load mean=   41.6 ms total=  2.08 s ( 4.1%) | prep mean=    0.2 ms total=  0.01 s ( 0.0%)
2026-06-03 20:42:52,083 - INFO -   hilda_target  : calls=  50 | load mean=   44.0 ms total=  2.20 s ( 4.3%) | prep mean=    0.4 ms total=  0.02 s ( 0.0%)
2026-06-03 20:42:52,083 - INFO - ================================================================================
2026-06-03 20:42:52,083 - INFO - PHASE 3 — DataLoader sweep over num_workers=[0, 1, 4, 12] (batch_size=8, prefetch_factor=4 when workers>0, pin_memory=True, persistent_workers=False) — 80 batches per config, per-batch timeout=30s, wall budget=900s
2026-06-03 20:42:52,083 - INFO - ================================================================================
2026-06-03 20:42:52,083 - INFO - --------------------------------------------------------------------------------
2026-06-03 20:42:52,083 - INFO - num_workers = 0
2026-06-03 20:42:52,083 - INFO - --------------------------------------------------------------------------------
2026-06-03 20:43:05,114 - [w=0] -   batch   1/80   10187.7 ms   76.00 MB
2026-06-03 20:43:17,009 - [w=0] -   batch   2/80   11895.6 ms   76.00 MB
2026-06-03 20:43:26,227 - [w=0] -   batch   3/80    9217.7 ms   76.00 MB
2026-06-03 20:43:35,639 - [w=0] -   batch   4/80    9411.9 ms   76.00 MB
2026-06-03 20:43:44,863 - [w=0] -   batch   5/80    9223.1 ms   76.00 MB
2026-06-03 20:43:53,913 - [w=0] -   batch   6/80    9050.5 ms   76.00 MB
2026-06-03 20:44:02,847 - [w=0] -   batch   7/80    8933.4 ms   76.00 MB
2026-06-03 20:44:12,613 - [w=0] -   batch   8/80    9766.2 ms   76.00 MB
2026-06-03 20:44:22,053 - [w=0] -   batch   9/80    9439.2 ms   76.00 MB
2026-06-03 20:44:31,324 - [w=0] -   batch  10/80    9270.8 ms   76.00 MB
2026-06-03 20:44:40,563 - [w=0] -   batch  11/80    9239.1 ms   76.00 MB
2026-06-03 20:44:49,591 - [w=0] -   batch  12/80    9027.5 ms   76.00 MB
2026-06-03 20:44:58,220 - [w=0] -   batch  13/80    8629.2 ms   76.00 MB
2026-06-03 20:45:07,377 - [w=0] -   batch  14/80    9156.9 ms   76.00 MB
2026-06-03 20:45:16,956 - [w=0] -   batch  15/80    9578.6 ms   76.00 MB
2026-06-03 20:45:26,504 - [w=0] -   batch  16/80    9547.9 ms   76.00 MB
2026-06-03 20:45:35,632 - [w=0] -   batch  17/80    9127.4 ms   76.00 MB
2026-06-03 20:45:44,986 - [w=0] -   batch  18/80    9354.0 ms   76.00 MB
2026-06-03 20:45:54,659 - [w=0] -   batch  19/80    9672.6 ms   76.00 MB
2026-06-03 20:46:04,325 - [w=0] -   batch  20/80    9665.8 ms   76.00 MB
2026-06-03 20:46:13,310 - [w=0] -   batch  21/80    8985.6 ms   76.00 MB
2026-06-03 20:46:22,587 - [w=0] -   batch  22/80    9276.0 ms   76.00 MB
2026-06-03 20:46:31,645 - [w=0] -   batch  23/80    9057.8 ms   76.00 MB
2026-06-03 20:46:41,396 - [w=0] -   batch  24/80    9751.4 ms   76.00 MB
2026-06-03 20:46:50,638 - [w=0] -   batch  25/80    9241.7 ms   76.00 MB
2026-06-03 20:47:00,071 - [w=0] -   batch  26/80    9432.9 ms   76.00 MB
2026-06-03 20:47:09,579 - [w=0] -   batch  27/80    9508.0 ms   76.00 MB
2026-06-03 20:47:18,756 - [w=0] -   batch  28/80    9176.7 ms   76.00 MB
2026-06-03 20:47:28,719 - [w=0] -   batch  29/80    9962.9 ms   76.00 MB
2026-06-03 20:47:38,345 - [w=0] -   batch  30/80    9625.6 ms   76.00 MB
2026-06-03 20:47:48,577 - [w=0] -   batch  31/80   10231.6 ms   76.00 MB
2026-06-03 20:47:58,264 - [w=0] -   batch  32/80    9687.2 ms   76.00 MB
2026-06-03 20:48:07,734 - [w=0] -   batch  33/80    9469.8 ms   76.00 MB
2026-06-03 20:48:17,795 - [w=0] -   batch  34/80   10060.8 ms   76.00 MB
2026-06-03 20:48:26,902 - [w=0] -   batch  35/80    9106.7 ms   76.00 MB
2026-06-03 20:48:36,117 - [w=0] -   batch  36/80    9214.7 ms   76.00 MB
2026-06-03 20:48:45,621 - [w=0] -   batch  37/80    9503.2 ms   76.00 MB
2026-06-03 20:48:55,252 - [w=0] -   batch  38/80    9631.6 ms   76.00 MB
2026-06-03 20:49:04,534 - [w=0] -   batch  39/80    9281.4 ms   76.00 MB
2026-06-03 20:49:13,747 - [w=0] -   batch  40/80    9212.4 ms   76.00 MB
2026-06-03 20:49:22,924 - [w=0] -   batch  41/80    9177.3 ms   76.00 MB
2026-06-03 20:49:31,454 - [w=0] -   batch  42/80    8529.2 ms   76.00 MB
2026-06-03 20:49:40,391 - [w=0] -   batch  43/80    8937.2 ms   76.00 MB
2026-06-03 20:49:49,699 - [w=0] -   batch  44/80    9307.4 ms   76.00 MB
2026-06-03 20:49:59,210 - [w=0] -   batch  45/80    9510.8 ms   76.00 MB
2026-06-03 20:50:08,152 - [w=0] -   batch  46/80    8942.1 ms   76.00 MB
2026-06-03 20:50:17,228 - [w=0] -   batch  47/80    9076.0 ms   76.00 MB
2026-06-03 20:50:26,989 - [w=0] -   batch  48/80    9760.2 ms   76.00 MB
2026-06-03 20:50:36,385 - [w=0] -   batch  49/80    9396.6 ms   76.00 MB
2026-06-03 20:50:45,306 - [w=0] -   batch  50/80    8920.8 ms   76.00 MB
2026-06-03 20:50:54,229 - [w=0] -   batch  51/80    8922.5 ms   76.00 MB
2026-06-03 20:51:03,944 - [w=0] -   batch  52/80    9714.9 ms   76.00 MB
2026-06-03 20:51:12,650 - [w=0] -   batch  53/80    8706.0 ms   76.00 MB
2026-06-03 20:51:21,501 - [w=0] -   batch  54/80    8850.8 ms   76.00 MB
2026-06-03 20:51:30,998 - [w=0] -   batch  55/80    9496.2 ms   76.00 MB
2026-06-03 20:51:39,622 - [w=0] -   batch  56/80    8624.4 ms   76.00 MB
2026-06-03 20:51:48,603 - [w=0] -   batch  57/80    8980.5 ms   76.00 MB
2026-06-03 20:51:57,260 - [w=0] -   batch  58/80    8657.0 ms   76.00 MB
2026-06-03 20:52:06,284 - [w=0] -   batch  59/80    9023.2 ms   76.00 MB
2026-06-03 20:52:15,240 - [w=0] -   batch  60/80    8956.7 ms   76.00 MB
2026-06-03 20:52:24,063 - [w=0] -   batch  61/80    8822.7 ms   76.00 MB
2026-06-03 20:52:32,981 - [w=0] -   batch  62/80    8917.9 ms   76.00 MB
2026-06-03 20:52:42,098 - [w=0] -   batch  63/80    9116.8 ms   76.00 MB
2026-06-03 20:52:51,590 - [w=0] -   batch  64/80    9491.3 ms   76.00 MB
2026-06-03 20:53:00,658 - [w=0] -   batch  65/80    9067.9 ms   76.00 MB
2026-06-03 20:53:10,268 - [w=0] -   batch  66/80    9610.2 ms   76.00 MB
2026-06-03 20:53:18,811 - [w=0] -   batch  67/80    8542.5 ms   76.00 MB
2026-06-03 20:53:27,618 - [w=0] -   batch  68/80    8806.6 ms   76.00 MB
2026-06-03 20:53:36,572 - [w=0] -   batch  69/80    8953.5 ms   76.00 MB
2026-06-03 20:53:46,150 - [w=0] -   batch  70/80    9578.5 ms   76.00 MB
2026-06-03 20:53:55,209 - [w=0] -   batch  71/80    9059.0 ms   76.00 MB
2026-06-03 20:54:03,806 - [w=0] -   batch  72/80    8595.9 ms   76.00 MB
2026-06-03 20:54:12,960 - [w=0] -   batch  73/80    9154.4 ms   76.00 MB
2026-06-03 20:54:23,524 - [w=0] -   batch  74/80   10563.3 ms   76.00 MB
2026-06-03 20:54:32,414 - [w=0] -   batch  75/80    8890.4 ms   76.00 MB
2026-06-03 20:54:41,691 - [w=0] -   batch  76/80    9276.9 ms   76.00 MB
2026-06-03 20:54:50,688 - [w=0] -   batch  77/80    8996.1 ms   76.00 MB
2026-06-03 20:54:59,970 - [w=0] -   batch  78/80    9281.9 ms   76.00 MB
2026-06-03 20:55:08,838 - [w=0] -   batch  79/80    8867.5 ms   76.00 MB
2026-06-03 20:55:17,425 - [w=0] -   batch  80/80    8587.4 ms   76.00 MB
2026-06-03 20:55:20,156 - INFO - cold batch: 10187.7 ms (includes worker startup)
2026-06-03 20:55:20,157 - INFO - --- warm batches | n=79 | mean= 9269.6 ms | median= 9214.7 ms | p95= 9972.7 ms | max=11895.6 ms | sum= 732.30 s
2026-06-03 20:55:20,157 - INFO - --- throughput |    0.9 samples/s |   0.11 batches/s
2026-06-03 20:55:20,157 - INFO - --------------------------------------------------------------------------------
2026-06-03 20:55:20,157 - INFO - num_workers = 1
2026-06-03 20:55:20,157 - INFO - --------------------------------------------------------------------------------
2026-06-03 20:55:35,362 - [w=1] -   batch   1/80   10152.2 ms   76.00 MB
2026-06-03 20:55:43,752 - [w=1] -   batch   2/80    8389.8 ms   76.00 MB
2026-06-03 20:55:52,363 - [w=1] -   batch   3/80    8610.9 ms   76.00 MB
2026-06-03 20:56:01,283 - [w=1] -   batch   4/80    8920.1 ms   76.00 MB
2026-06-03 20:56:10,120 - [w=1] -   batch   5/80    8836.0 ms   76.00 MB
2026-06-03 20:56:18,883 - [w=1] -   batch   6/80    8762.9 ms   76.00 MB
2026-06-03 20:56:27,691 - [w=1] -   batch   7/80    8808.2 ms   76.00 MB
2026-06-03 20:56:36,276 - [w=1] -   batch   8/80    8584.4 ms   76.00 MB
2026-06-03 20:56:45,074 - [w=1] -   batch   9/80    8798.1 ms   76.00 MB
2026-06-03 20:56:54,435 - [w=1] -   batch  10/80    9360.8 ms   76.00 MB
2026-06-03 20:57:03,505 - [w=1] -   batch  11/80    9070.5 ms   76.00 MB
2026-06-03 20:57:12,864 - [w=1] -   batch  12/80    9358.0 ms   76.00 MB
2026-06-03 20:57:21,659 - [w=1] -   batch  13/80    8795.6 ms   76.00 MB
2026-06-03 20:57:30,360 - [w=1] -   batch  14/80    8700.3 ms   76.00 MB
2026-06-03 20:57:39,068 - [w=1] -   batch  15/80    8707.8 ms   76.00 MB
2026-06-03 20:57:48,249 - [w=1] -   batch  16/80    9180.5 ms   76.00 MB
2026-06-03 20:57:57,281 - [w=1] -   batch  17/80    9031.8 ms   76.00 MB
2026-06-03 20:58:06,036 - [w=1] -   batch  18/80    8755.0 ms   76.00 MB
2026-06-03 20:58:15,692 - [w=1] -   batch  19/80    9656.5 ms   76.00 MB
2026-06-03 20:58:23,956 - [w=1] -   batch  20/80    8263.8 ms   76.00 MB
2026-06-03 20:58:33,042 - [w=1] -   batch  21/80    9085.5 ms   76.00 MB
2026-06-03 20:58:41,193 - [w=1] -   batch  22/80    8150.5 ms   76.00 MB
2026-06-03 20:58:49,576 - [w=1] -   batch  23/80    8383.2 ms   76.00 MB
2026-06-03 20:58:59,143 - [w=1] -   batch  24/80    9567.0 ms   76.00 MB
2026-06-03 20:59:07,923 - [w=1] -   batch  25/80    8780.0 ms   76.00 MB
2026-06-03 20:59:16,586 - [w=1] -   batch  26/80    8662.7 ms   76.00 MB
2026-06-03 20:59:25,219 - [w=1] -   batch  27/80    8633.0 ms   76.00 MB
2026-06-03 20:59:34,499 - [w=1] -   batch  28/80    9279.6 ms   76.00 MB
2026-06-03 20:59:43,791 - [w=1] -   batch  29/80    9291.3 ms   76.00 MB
2026-06-03 20:59:53,017 - [w=1] -   batch  30/80    9226.1 ms   76.00 MB
2026-06-03 21:00:01,638 - [w=1] -   batch  31/80    8621.1 ms   76.00 MB
2026-06-03 21:00:10,037 - [w=1] -   batch  32/80    8398.7 ms   76.00 MB
2026-06-03 21:00:18,125 - [w=1] -   batch  33/80    8087.9 ms   76.00 MB
2026-06-03 21:00:26,616 - [w=1] -   batch  34/80    8490.5 ms   76.00 MB
2026-06-03 21:00:35,221 - [w=1] -   batch  35/80    8604.5 ms   76.00 MB
2026-06-03 21:00:43,633 - [w=1] -   batch  36/80    8411.9 ms   76.00 MB
2026-06-03 21:00:53,412 - [w=1] -   batch  37/80    9779.0 ms   76.00 MB
2026-06-03 21:01:02,158 - [w=1] -   batch  38/80    8746.1 ms   76.00 MB
2026-06-03 21:01:11,013 - [w=1] -   batch  39/80    8854.9 ms   76.00 MB
2026-06-03 21:01:19,873 - [w=1] -   batch  40/80    8860.0 ms   76.00 MB
2026-06-03 21:01:28,899 - [w=1] -   batch  41/80    9025.5 ms   76.00 MB
2026-06-03 21:01:37,753 - [w=1] -   batch  42/80    8854.0 ms   76.00 MB
2026-06-03 21:01:46,915 - [w=1] -   batch  43/80    9162.1 ms   76.00 MB
2026-06-03 21:01:55,739 - [w=1] -   batch  44/80    8823.1 ms   76.00 MB
2026-06-03 21:02:05,308 - [w=1] -   batch  45/80    9569.4 ms   76.00 MB
2026-06-03 21:02:14,685 - [w=1] -   batch  46/80    9376.4 ms   76.00 MB
2026-06-03 21:02:22,945 - [w=1] -   batch  47/80    8260.0 ms   76.00 MB
2026-06-03 21:02:31,682 - [w=1] -   batch  48/80    8736.4 ms   76.00 MB
2026-06-03 21:02:40,647 - [w=1] -   batch  49/80    8965.3 ms   76.00 MB
2026-06-03 21:02:49,349 - [w=1] -   batch  50/80    8701.6 ms   76.00 MB
2026-06-03 21:02:57,785 - [w=1] -   batch  51/80    8436.4 ms   76.00 MB
2026-06-03 21:03:06,088 - [w=1] -   batch  52/80    8302.1 ms   76.00 MB
2026-06-03 21:03:15,425 - [w=1] -   batch  53/80    9337.6 ms   76.00 MB
2026-06-03 21:03:24,303 - [w=1] -   batch  54/80    8877.2 ms   76.00 MB
2026-06-03 21:03:33,541 - [w=1] -   batch  55/80    9238.5 ms   76.00 MB
2026-06-03 21:03:42,718 - [w=1] -   batch  56/80    9175.8 ms   76.00 MB
2026-06-03 21:03:51,492 - [w=1] -   batch  57/80    8774.4 ms   76.00 MB
2026-06-03 21:04:00,440 - [w=1] -   batch  58/80    8947.8 ms   76.00 MB
2026-06-03 21:04:09,412 - [w=1] -   batch  59/80    8971.4 ms   76.00 MB
2026-06-03 21:04:18,044 - [w=1] -   batch  60/80    8632.3 ms   76.00 MB
2026-06-03 21:04:29,109 - [w=1] -   batch  61/80   11064.2 ms   76.00 MB
2026-06-03 21:04:38,036 - [w=1] -   batch  62/80    8927.1 ms   76.00 MB
2026-06-03 21:04:46,436 - [w=1] -   batch  63/80    8400.1 ms   76.00 MB
2026-06-03 21:04:55,629 - [w=1] -   batch  64/80    9192.4 ms   76.00 MB
2026-06-03 21:05:05,062 - [w=1] -   batch  65/80    9432.6 ms   76.00 MB
2026-06-03 21:05:13,823 - [w=1] -   batch  66/80    8761.4 ms   76.00 MB
2026-06-03 21:05:22,404 - [w=1] -   batch  67/80    8580.8 ms   76.00 MB
2026-06-03 21:05:31,529 - [w=1] -   batch  68/80    9124.2 ms   76.00 MB
2026-06-03 21:05:40,911 - [w=1] -   batch  69/80    9381.9 ms   76.00 MB
2026-06-03 21:05:50,048 - [w=1] -   batch  70/80    9137.0 ms   76.00 MB
2026-06-03 21:05:58,474 - [w=1] -   batch  71/80    8425.9 ms   76.00 MB
2026-06-03 21:06:07,205 - [w=1] -   batch  72/80    8731.0 ms   76.00 MB
2026-06-03 21:06:16,433 - [w=1] -   batch  73/80    9227.8 ms   76.00 MB
2026-06-03 21:06:25,274 - [w=1] -   batch  74/80    8841.1 ms   76.00 MB
2026-06-03 21:06:33,889 - [w=1] -   batch  75/80    8613.9 ms   76.00 MB
2026-06-03 21:06:43,045 - [w=1] -   batch  76/80    9156.6 ms   76.00 MB
2026-06-03 21:06:52,318 - [w=1] -   batch  77/80    9272.8 ms   76.00 MB
2026-06-03 21:07:01,483 - [w=1] -   batch  78/80    9164.3 ms   76.00 MB
2026-06-03 21:07:10,570 - [w=1] -   batch  79/80    9086.9 ms   76.00 MB
2026-06-03 21:07:19,420 - [w=1] -   batch  80/80    8850.1 ms   76.00 MB
2026-06-03 21:07:24,912 - INFO - cold batch: 10152.2 ms (includes worker startup)
2026-06-03 21:07:24,913 - INFO - --- warm batches | n=79 | mean= 8912.0 ms | median= 8850.1 ms | p95= 9567.2 ms | max=11064.2 ms | sum= 704.04 s
2026-06-03 21:07:24,913 - INFO - --- throughput |    0.9 samples/s |   0.11 batches/s
2026-06-03 21:07:24,913 - INFO - --------------------------------------------------------------------------------
2026-06-03 21:07:24,913 - INFO - num_workers = 4
2026-06-03 21:07:24,913 - INFO - --------------------------------------------------------------------------------
2026-06-03 21:07:48,907 - [w=4] -   batch   1/80   10565.2 ms   76.00 MB
2026-06-03 21:07:48,907 - [w=4] -   batch   2/80       0.2 ms   76.00 MB
2026-06-03 21:07:48,907 - [w=4] -   batch   3/80       0.1 ms   76.00 MB
2026-06-03 21:07:48,907 - [w=4] -   batch   4/80       0.1 ms   76.00 MB
2026-06-03 21:07:58,476 - [w=4] -   batch   5/80    9568.7 ms   76.00 MB
2026-06-03 21:07:58,476 - [w=4] -   batch   6/80       0.2 ms   76.00 MB
2026-06-03 21:07:58,476 - [w=4] -   batch   7/80       0.1 ms   76.00 MB
2026-06-03 21:07:58,477 - [w=4] -   batch   8/80       0.1 ms   76.00 MB
2026-06-03 21:08:08,504 - [w=4] -   batch   9/80   10027.8 ms   76.00 MB
2026-06-03 21:08:08,505 - [w=4] -   batch  10/80       0.1 ms   76.00 MB
2026-06-03 21:08:08,505 - [w=4] -   batch  11/80       0.2 ms   76.00 MB
2026-06-03 21:08:08,505 - [w=4] -   batch  12/80       0.1 ms   76.00 MB
2026-06-03 21:08:17,648 - [w=4] -   batch  13/80    9142.7 ms   76.00 MB
2026-06-03 21:08:17,648 - [w=4] -   batch  14/80       0.2 ms   76.00 MB
2026-06-03 21:08:18,036 - [w=4] -   batch  15/80     387.5 ms   76.00 MB
2026-06-03 21:08:18,036 - [w=4] -   batch  16/80       0.2 ms   76.00 MB
2026-06-03 21:08:27,136 - [w=4] -   batch  17/80    9100.3 ms   76.00 MB
2026-06-03 21:08:27,137 - [w=4] -   batch  18/80       0.2 ms   76.00 MB
2026-06-03 21:08:27,951 - [w=4] -   batch  19/80     814.5 ms   76.00 MB
2026-06-03 21:08:27,952 - [w=4] -   batch  20/80       0.2 ms   76.00 MB
2026-06-03 21:08:36,985 - [w=4] -   batch  21/80    9033.4 ms   76.00 MB
2026-06-03 21:08:36,985 - [w=4] -   batch  22/80       0.1 ms   76.00 MB
2026-06-03 21:08:37,487 - [w=4] -   batch  23/80     501.5 ms   76.00 MB
2026-06-03 21:08:37,487 - [w=4] -   batch  24/80       0.2 ms   76.00 MB
2026-06-03 21:08:46,581 - [w=4] -   batch  25/80    9093.9 ms   76.00 MB
2026-06-03 21:08:46,581 - [w=4] -   batch  26/80       0.1 ms   76.00 MB
2026-06-03 21:08:46,582 - [w=4] -   batch  27/80       0.1 ms   76.00 MB
2026-06-03 21:08:46,582 - [w=4] -   batch  28/80       0.1 ms   76.00 MB
2026-06-03 21:08:56,180 - [w=4] -   batch  29/80    9598.5 ms   76.00 MB
2026-06-03 21:08:56,181 - [w=4] -   batch  30/80       0.1 ms   76.00 MB
2026-06-03 21:08:56,181 - [w=4] -   batch  31/80       0.1 ms   76.00 MB
2026-06-03 21:08:56,181 - [w=4] -   batch  32/80       0.1 ms   76.00 MB
2026-06-03 21:09:05,738 - [w=4] -   batch  33/80    9556.8 ms   76.00 MB
2026-06-03 21:09:05,738 - [w=4] -   batch  34/80       0.1 ms   76.00 MB
2026-06-03 21:09:05,738 - [w=4] -   batch  35/80       0.0 ms   76.00 MB
2026-06-03 21:09:05,738 - [w=4] -   batch  36/80       0.2 ms   76.00 MB
2026-06-03 21:09:15,384 - [w=4] -   batch  37/80    9646.1 ms   76.00 MB
2026-06-03 21:09:15,385 - [w=4] -   batch  38/80       0.1 ms   76.00 MB
2026-06-03 21:09:15,385 - [w=4] -   batch  39/80       0.1 ms   76.00 MB
2026-06-03 21:09:15,385 - [w=4] -   batch  40/80       0.2 ms   76.00 MB
2026-06-03 21:09:25,178 - [w=4] -   batch  41/80    9792.6 ms   76.00 MB
2026-06-03 21:09:25,178 - [w=4] -   batch  42/80       0.1 ms   76.00 MB
2026-06-03 21:09:25,178 - [w=4] -   batch  43/80       0.0 ms   76.00 MB
2026-06-03 21:09:25,178 - [w=4] -   batch  44/80       0.2 ms   76.00 MB
2026-06-03 21:09:33,970 - [w=4] -   batch  45/80    8791.8 ms   76.00 MB
2026-06-03 21:09:33,971 - [w=4] -   batch  46/80       0.1 ms   76.00 MB
2026-06-03 21:09:33,971 - [w=4] -   batch  47/80       0.0 ms   76.00 MB
2026-06-03 21:09:34,502 - [w=4] -   batch  48/80     531.1 ms   76.00 MB
2026-06-03 21:09:43,780 - [w=4] -   batch  49/80    9278.5 ms   76.00 MB
2026-06-03 21:09:43,781 - [w=4] -   batch  50/80       0.1 ms   76.00 MB
2026-06-03 21:09:43,781 - [w=4] -   batch  51/80       0.0 ms   76.00 MB
2026-06-03 21:09:44,033 - [w=4] -   batch  52/80     251.8 ms   76.00 MB
2026-06-03 21:09:53,263 - [w=4] -   batch  53/80    9230.2 ms   76.00 MB
2026-06-03 21:09:53,263 - [w=4] -   batch  54/80       0.1 ms   76.00 MB
2026-06-03 21:09:53,263 - [w=4] -   batch  55/80       0.0 ms   76.00 MB
2026-06-03 21:09:53,802 - [w=4] -   batch  56/80     538.8 ms   76.00 MB
2026-06-03 21:10:02,962 - [w=4] -   batch  57/80    9159.6 ms   76.00 MB
2026-06-03 21:10:02,962 - [w=4] -   batch  58/80       0.1 ms   76.00 MB
2026-06-03 21:10:02,962 - [w=4] -   batch  59/80       0.1 ms   76.00 MB
2026-06-03 21:10:02,962 - [w=4] -   batch  60/80       0.1 ms   76.00 MB
2026-06-03 21:10:12,112 - [w=4] -   batch  61/80    9149.9 ms   76.00 MB
2026-06-03 21:10:12,113 - [w=4] -   batch  62/80       0.1 ms   76.00 MB
2026-06-03 21:10:12,113 - [w=4] -   batch  63/80       0.2 ms   76.00 MB
2026-06-03 21:10:13,063 - [w=4] -   batch  64/80     950.3 ms   76.00 MB
2026-06-03 21:10:21,468 - [w=4] -   batch  65/80    8404.2 ms   76.00 MB
2026-06-03 21:10:21,468 - [w=4] -   batch  66/80       0.1 ms   76.00 MB
2026-06-03 21:10:21,468 - [w=4] -   batch  67/80       0.1 ms   76.00 MB
2026-06-03 21:10:22,896 - [w=4] -   batch  68/80    1427.4 ms   76.00 MB
2026-06-03 21:10:30,693 - [w=4] -   batch  69/80    7797.0 ms   76.00 MB
2026-06-03 21:10:30,693 - [w=4] -   batch  70/80       0.2 ms   76.00 MB
2026-06-03 21:10:30,693 - [w=4] -   batch  71/80       0.1 ms   76.00 MB
2026-06-03 21:10:32,536 - [w=4] -   batch  72/80    1842.5 ms   76.00 MB
2026-06-03 21:10:39,924 - [w=4] -   batch  73/80    7388.1 ms   76.00 MB
2026-06-03 21:10:39,924 - [w=4] -   batch  74/80       0.1 ms   76.00 MB
2026-06-03 21:10:39,925 - [w=4] -   batch  75/80       0.1 ms   76.00 MB
2026-06-03 21:10:42,264 - [w=4] -   batch  76/80    2339.7 ms   76.00 MB
2026-06-03 21:10:49,156 - [w=4] -   batch  77/80    6891.9 ms   76.00 MB
2026-06-03 21:10:49,157 - [w=4] -   batch  78/80       0.2 ms   76.00 MB
2026-06-03 21:10:49,157 - [w=4] -   batch  79/80       0.0 ms   76.00 MB
2026-06-03 21:10:51,923 - [w=4] -   batch  80/80    2765.7 ms   76.00 MB
2026-06-03 21:11:02,395 - INFO - cold batch: 10565.2 ms (includes worker startup)
2026-06-03 21:11:02,396 - INFO - --- warm batches | n=79 | mean= 2316.6 ms | median=    0.2 ms | p95= 9571.7 ms | max=10027.8 ms | sum= 183.01 s
2026-06-03 21:11:02,396 - INFO - --- throughput |    3.5 samples/s |   0.43 batches/s
2026-06-03 21:11:02,396 - INFO - --------------------------------------------------------------------------------
2026-06-03 21:11:02,396 - INFO - num_workers = 12
2026-06-03 21:11:02,396 - INFO - --------------------------------------------------------------------------------
2026-06-03 21:11:44,075 - [w=12] -   batch   1/80   11089.0 ms   76.00 MB
2026-06-03 21:11:44,075 - [w=12] -   batch   2/80       0.2 ms   76.00 MB
2026-06-03 21:11:45,292 - [w=12] -   batch   3/80    1216.7 ms   76.00 MB
2026-06-03 21:11:45,292 - [w=12] -   batch   4/80       0.1 ms   76.00 MB
2026-06-03 21:11:45,340 - [w=12] -   batch   5/80      47.4 ms   76.00 MB
2026-06-03 21:11:45,340 - [w=12] -   batch   6/80       0.2 ms   76.00 MB
2026-06-03 21:11:45,340 - [w=12] -   batch   7/80       0.1 ms   76.00 MB
2026-06-03 21:11:45,340 - [w=12] -   batch   8/80       0.1 ms   76.00 MB
2026-06-03 21:11:45,340 - [w=12] -   batch   9/80       0.1 ms   76.00 MB
2026-06-03 21:11:45,340 - [w=12] -   batch  10/80       0.1 ms   76.00 MB
2026-06-03 21:11:45,341 - [w=12] -   batch  11/80       0.1 ms   76.00 MB
2026-06-03 21:11:45,341 - [w=12] -   batch  12/80       0.0 ms   76.00 MB
2026-06-03 21:11:54,382 - [w=12] -   batch  13/80    9041.4 ms   76.00 MB
2026-06-03 21:11:54,382 - [w=12] -   batch  14/80       0.2 ms   76.00 MB
2026-06-03 21:11:55,299 - [w=12] -   batch  15/80     916.3 ms   76.00 MB
2026-06-03 21:11:55,299 - [w=12] -   batch  16/80       0.2 ms   76.00 MB
2026-06-03 21:11:55,381 - [w=12] -   batch  17/80      82.0 ms   76.00 MB
2026-06-03 21:11:55,382 - [w=12] -   batch  18/80       0.2 ms   76.00 MB
2026-06-03 21:11:55,382 - [w=12] -   batch  19/80       0.1 ms   76.00 MB
2026-06-03 21:11:55,382 - [w=12] -   batch  20/80       0.1 ms   76.00 MB
2026-06-03 21:11:55,382 - [w=12] -   batch  21/80       0.1 ms   76.00 MB
2026-06-03 21:11:55,382 - [w=12] -   batch  22/80       0.1 ms   76.00 MB
2026-06-03 21:11:55,382 - [w=12] -   batch  23/80       0.1 ms   76.00 MB
2026-06-03 21:11:55,382 - [w=12] -   batch  24/80       0.0 ms   76.00 MB
2026-06-03 21:12:05,041 - [w=12] -   batch  25/80    9658.3 ms   76.00 MB
2026-06-03 21:12:05,041 - [w=12] -   batch  26/80       0.2 ms   76.00 MB
2026-06-03 21:12:06,539 - [w=12] -   batch  27/80    1498.3 ms   76.00 MB
2026-06-03 21:12:06,539 - [w=12] -   batch  28/80       0.2 ms   76.00 MB
2026-06-03 21:12:06,540 - [w=12] -   batch  29/80       0.0 ms   76.00 MB
2026-06-03 21:12:06,540 - [w=12] -   batch  30/80       0.1 ms   76.00 MB
2026-06-03 21:12:06,540 - [w=12] -   batch  31/80       0.1 ms   76.00 MB
2026-06-03 21:12:06,540 - [w=12] -   batch  32/80       0.1 ms   76.00 MB
2026-06-03 21:12:06,540 - [w=12] -   batch  33/80       0.1 ms   76.00 MB
2026-06-03 21:12:06,540 - [w=12] -   batch  34/80       0.1 ms   76.00 MB
2026-06-03 21:12:06,540 - [w=12] -   batch  35/80       0.1 ms   76.00 MB
2026-06-03 21:12:06,540 - [w=12] -   batch  36/80       0.1 ms   76.00 MB
2026-06-03 21:12:15,558 - [w=12] -   batch  37/80    9017.5 ms   76.00 MB
2026-06-03 21:12:15,558 - [w=12] -   batch  38/80       0.2 ms   76.00 MB
2026-06-03 21:12:17,129 - [w=12] -   batch  39/80    1571.0 ms   76.00 MB
2026-06-03 21:12:17,130 - [w=12] -   batch  40/80       0.1 ms   76.00 MB
2026-06-03 21:12:17,130 - [w=12] -   batch  41/80       0.2 ms   76.00 MB
2026-06-03 21:12:17,130 - [w=12] -   batch  42/80       0.1 ms   76.00 MB
2026-06-03 21:12:17,130 - [w=12] -   batch  43/80       0.1 ms   76.00 MB
2026-06-03 21:12:17,130 - [w=12] -   batch  44/80       0.1 ms   76.00 MB
2026-06-03 21:12:17,130 - [w=12] -   batch  45/80       0.1 ms   76.00 MB
2026-06-03 21:12:17,130 - [w=12] -   batch  46/80       0.1 ms   76.00 MB
2026-06-03 21:12:17,131 - [w=12] -   batch  47/80       0.2 ms   76.00 MB
2026-06-03 21:12:17,131 - [w=12] -   batch  48/80       0.1 ms   76.00 MB
2026-06-03 21:12:25,518 - [w=12] -   batch  49/80    8386.9 ms   76.00 MB
2026-06-03 21:12:27,577 - [w=12] -   batch  50/80    2059.3 ms   76.00 MB
2026-06-03 21:12:29,052 - [w=12] -   batch  51/80    1474.6 ms   76.00 MB
2026-06-03 21:12:29,052 - [w=12] -   batch  52/80       0.2 ms   76.00 MB
2026-06-03 21:12:29,052 - [w=12] -   batch  53/80       0.1 ms   76.00 MB
2026-06-03 21:12:29,053 - [w=12] -   batch  54/80       0.2 ms   76.00 MB
2026-06-03 21:12:29,053 - [w=12] -   batch  55/80       0.2 ms   76.00 MB
2026-06-03 21:12:29,053 - [w=12] -   batch  56/80       0.1 ms   76.00 MB
2026-06-03 21:12:29,053 - [w=12] -   batch  57/80       0.1 ms   76.00 MB
2026-06-03 21:12:29,053 - [w=12] -   batch  58/80       0.2 ms   76.00 MB
2026-06-03 21:12:29,054 - [w=12] -   batch  59/80       0.1 ms   76.00 MB
2026-06-03 21:12:29,054 - [w=12] -   batch  60/80       0.1 ms   76.00 MB
2026-06-03 21:12:35,574 - [w=12] -   batch  61/80    6520.5 ms   76.00 MB
2026-06-03 21:12:37,942 - [w=12] -   batch  62/80    2367.2 ms   76.00 MB
2026-06-03 21:12:39,151 - [w=12] -   batch  63/80    1209.1 ms   76.00 MB
2026-06-03 21:12:39,151 - [w=12] -   batch  64/80       0.1 ms   76.00 MB
2026-06-03 21:12:39,151 - [w=12] -   batch  65/80       0.1 ms   76.00 MB
2026-06-03 21:12:39,151 - [w=12] -   batch  66/80       0.1 ms   76.00 MB
2026-06-03 21:12:39,151 - [w=12] -   batch  67/80       0.0 ms   76.00 MB
2026-06-03 21:12:39,151 - [w=12] -   batch  68/80       0.1 ms   76.00 MB
2026-06-03 21:12:39,152 - [w=12] -   batch  69/80       0.1 ms   76.00 MB
2026-06-03 21:12:39,152 - [w=12] -   batch  70/80       0.1 ms   76.00 MB
2026-06-03 21:12:39,152 - [w=12] -   batch  71/80       0.1 ms   76.00 MB
2026-06-03 21:12:39,152 - [w=12] -   batch  72/80       0.1 ms   76.00 MB
2026-06-03 21:12:45,844 - [w=12] -   batch  73/80    6692.3 ms   76.00 MB
2026-06-03 21:12:47,871 - [w=12] -   batch  74/80    2026.3 ms   76.00 MB
2026-06-03 21:12:49,987 - [w=12] -   batch  75/80    2116.5 ms   76.00 MB
2026-06-03 21:12:49,988 - [w=12] -   batch  76/80       0.1 ms   76.00 MB
2026-06-03 21:12:49,988 - [w=12] -   batch  77/80       0.2 ms   76.00 MB
2026-06-03 21:12:49,988 - [w=12] -   batch  78/80       0.1 ms   76.00 MB
2026-06-03 21:12:49,988 - [w=12] -   batch  79/80       0.1 ms   76.00 MB
2026-06-03 21:12:49,988 - [w=12] -   batch  80/80       0.1 ms   76.00 MB
2026-06-03 21:13:00,913 - INFO - cold batch: 11089.0 ms (includes worker startup)
2026-06-03 21:13:00,913 - INFO - --- warm batches | n=79 | mean=  834.3 ms | median=    0.1 ms | p95= 6861.7 ms | max= 9658.3 ms | sum=  65.91 s
2026-06-03 21:13:00,913 - INFO - --- throughput |    9.6 samples/s |   1.20 batches/s
2026-06-03 21:13:00,914 - INFO - ================================================================================
2026-06-03 21:13:00,914 - INFO - Profiling complete.
