2026-06-03 09:01:58,694 - INFO - Split: train | land_index=/gpfs/projects/ehpc606/ai4land/CONCERTO/land_index/land_pixel_index_sample.npy
2026-06-03 09:01:58,695 - INFO - Stores: /gpfs/scratch/ehpc736/data/AI4LAND_NON_preprocessed-data-2000-2015.zarr
2026-06-03 09:01:58,695 - INFO - use_synchronizer: True
2026-06-03 09:01:58,695 - INFO - Sweep: num_workers=[0, 1, 4, 12] | num_batches=80 | batch_timeout=30s
2026-06-03 09:02:28,692 - INFO - Dataset: SingleZarrDataset | length=6,272,000
2026-06-03 09:02:28,692 - INFO - ================================================================================
2026-06-03 09:02:28,692 - INFO - PHASE 1 — __getitem__ + per-modality merged (50 samples)
2026-06-03 09:02:28,692 - INFO - ================================================================================
2026-06-03 09:02:33,008 - INFO - shapes: (2, 15, 256, 256) (2, 1, 256, 256) (6, 256, 256) (1, 256, 256) (2, 256, 256) | bytes/sample:   9.50 MB
2026-06-03 09:02:33,008 - INFO -   sample   1/50   4315.3 ms
2026-06-03 09:02:34,472 - INFO -   sample   2/50   1464.1 ms
2026-06-03 09:02:35,704 - INFO -   sample   3/50   1231.8 ms
2026-06-03 09:02:36,915 - INFO -   sample   4/50   1211.0 ms
2026-06-03 09:02:38,120 - INFO -   sample   5/50   1205.3 ms
2026-06-03 09:02:39,361 - INFO -   sample   6/50   1240.7 ms
2026-06-03 09:02:40,467 - INFO -   sample   7/50   1105.7 ms
2026-06-03 09:02:41,535 - INFO -   sample   8/50   1067.9 ms
2026-06-03 09:02:42,792 - INFO -   sample   9/50   1257.3 ms
2026-06-03 09:02:43,860 - INFO -   sample  10/50   1067.9 ms
2026-06-03 09:02:44,970 - INFO -   sample  11/50   1109.1 ms
2026-06-03 09:02:46,029 - INFO -   sample  12/50   1059.2 ms
2026-06-03 09:02:47,029 - INFO -   sample  13/50   1000.3 ms
2026-06-03 09:02:48,130 - INFO -   sample  14/50   1100.2 ms
2026-06-03 09:02:49,173 - INFO -   sample  15/50   1043.2 ms
2026-06-03 09:02:50,313 - INFO -   sample  16/50   1140.0 ms
2026-06-03 09:02:51,458 - INFO -   sample  17/50   1145.0 ms
2026-06-03 09:02:52,654 - INFO -   sample  18/50   1195.8 ms
2026-06-03 09:02:53,888 - INFO -   sample  19/50   1233.2 ms
2026-06-03 09:02:55,259 - INFO -   sample  20/50   1371.8 ms
2026-06-03 09:02:56,296 - INFO -   sample  21/50   1036.8 ms
2026-06-03 09:02:57,394 - INFO -   sample  22/50   1097.1 ms
2026-06-03 09:02:58,347 - INFO -   sample  23/50    953.1 ms
2026-06-03 09:02:59,598 - INFO -   sample  24/50   1251.5 ms
2026-06-03 09:03:00,716 - INFO -   sample  25/50   1117.1 ms
2026-06-03 09:03:02,060 - INFO -   sample  26/50   1344.2 ms
2026-06-03 09:03:03,318 - INFO -   sample  27/50   1257.4 ms
2026-06-03 09:03:04,320 - INFO -   sample  28/50   1002.2 ms
2026-06-03 09:03:05,497 - INFO -   sample  29/50   1177.3 ms
2026-06-03 09:03:06,572 - INFO -   sample  30/50   1074.6 ms
2026-06-03 09:03:07,705 - INFO -   sample  31/50   1132.9 ms
2026-06-03 09:03:08,875 - INFO -   sample  32/50   1170.4 ms
2026-06-03 09:03:09,980 - INFO -   sample  33/50   1104.5 ms
2026-06-03 09:03:10,986 - INFO -   sample  34/50   1005.4 ms
2026-06-03 09:03:12,051 - INFO -   sample  35/50   1065.5 ms
2026-06-03 09:03:13,213 - INFO -   sample  36/50   1161.9 ms
2026-06-03 09:03:14,489 - INFO -   sample  37/50   1276.0 ms
2026-06-03 09:03:15,631 - INFO -   sample  38/50   1141.7 ms
2026-06-03 09:03:16,899 - INFO -   sample  39/50   1267.5 ms
2026-06-03 09:03:18,211 - INFO -   sample  40/50   1312.3 ms
2026-06-03 09:03:19,211 - INFO -   sample  41/50    999.5 ms
2026-06-03 09:03:20,532 - INFO -   sample  42/50   1321.5 ms
2026-06-03 09:03:21,736 - INFO -   sample  43/50   1203.4 ms
2026-06-03 09:03:23,176 - INFO -   sample  44/50   1440.1 ms
2026-06-03 09:03:24,342 - INFO -   sample  45/50   1165.3 ms
2026-06-03 09:03:25,508 - INFO -   sample  46/50   1166.6 ms
2026-06-03 09:03:26,573 - INFO -   sample  47/50   1065.1 ms
2026-06-03 09:03:27,749 - INFO -   sample  48/50   1175.2 ms
2026-06-03 09:03:29,019 - INFO -   sample  49/50   1270.2 ms
2026-06-03 09:03:30,419 - INFO -   sample  50/50   1399.7 ms
2026-06-03 09:03:30,419 - INFO - --- getitem | n=50 | mean= 1234.4 ms | median= 1165.9 ms | p95= 1421.9 ms | max= 4315.3 ms | sum=  61.72 s
2026-06-03 09:03:30,420 - INFO - --- per-modality (load + preprocess merged) ---
2026-06-03 09:03:30,420 - INFO -   _get_luh2_data        : calls= 100 | mean=  419.3 ms | median=  379.8 ms | max= 3377.3 ms | total= 41.93 s (67.9%)
2026-06-03 09:03:30,420 - INFO -   _get_population_data  : calls= 100 | mean=   54.2 ms | median=   53.4 ms | max=  159.7 ms | total=  5.42 s ( 8.8%)
2026-06-03 09:03:30,420 - INFO -   _get_kg_data          : calls= 100 | mean=   43.5 ms | median=   42.2 ms | max=  124.7 ms | total=  4.35 s ( 7.1%)
2026-06-03 09:03:30,420 - INFO -   _get_static_data      : calls=  50 | mean=  101.1 ms | median=  101.0 ms | max=  210.5 ms | total=  5.05 s ( 8.2%)
2026-06-03 09:03:30,420 - INFO -   _get_hilda_prior      : calls=  50 | mean=   48.4 ms | median=   48.1 ms | max=   88.2 ms | total=  2.42 s ( 3.9%)
2026-06-03 09:03:30,420 - INFO -   _get_hilda_target     : calls=  50 | mean=   47.6 ms | median=   45.7 ms | max=   80.9 ms | total=  2.38 s ( 3.9%)
2026-06-03 09:03:30,558 - INFO - ================================================================================
2026-06-03 09:03:30,558 - INFO - PHASE 2 — __getitem__ + load vs preprocess split (50 samples)
2026-06-03 09:03:30,558 - INFO - ================================================================================
2026-06-03 09:03:31,513 - INFO -   sample   1/50    954.7 ms
2026-06-03 09:03:32,546 - INFO -   sample   2/50   1032.5 ms
2026-06-03 09:03:33,488 - INFO -   sample   3/50    942.2 ms
2026-06-03 09:03:34,519 - INFO -   sample   4/50   1030.9 ms
2026-06-03 09:03:35,598 - INFO -   sample   5/50   1079.0 ms
2026-06-03 09:03:36,685 - INFO -   sample   6/50   1086.4 ms
2026-06-03 09:03:37,679 - INFO -   sample   7/50    994.2 ms
2026-06-03 09:03:38,911 - INFO -   sample   8/50   1231.6 ms
2026-06-03 09:03:39,937 - INFO -   sample   9/50   1025.9 ms
2026-06-03 09:03:40,970 - INFO -   sample  10/50   1032.8 ms
2026-06-03 09:03:41,933 - INFO -   sample  11/50    963.5 ms
2026-06-03 09:03:42,934 - INFO -   sample  12/50   1000.8 ms
2026-06-03 09:03:43,892 - INFO -   sample  13/50    958.2 ms
2026-06-03 09:03:45,002 - INFO -   sample  14/50   1109.5 ms
2026-06-03 09:03:46,125 - INFO -   sample  15/50   1122.7 ms
2026-06-03 09:03:47,133 - INFO -   sample  16/50   1008.4 ms
2026-06-03 09:03:48,099 - INFO -   sample  17/50    965.5 ms
2026-06-03 09:03:49,032 - INFO -   sample  18/50    933.3 ms
2026-06-03 09:03:49,991 - INFO -   sample  19/50    958.9 ms
2026-06-03 09:03:51,252 - INFO -   sample  20/50   1259.9 ms
2026-06-03 09:03:52,159 - INFO -   sample  21/50    907.4 ms
2026-06-03 09:03:53,101 - INFO -   sample  22/50    942.2 ms
2026-06-03 09:03:54,110 - INFO -   sample  23/50   1008.0 ms
2026-06-03 09:03:55,186 - INFO -   sample  24/50   1076.7 ms
2026-06-03 09:03:56,150 - INFO -   sample  25/50    963.4 ms
2026-06-03 09:03:57,084 - INFO -   sample  26/50    934.2 ms
2026-06-03 09:03:58,289 - INFO -   sample  27/50   1205.1 ms
2026-06-03 09:03:59,406 - INFO -   sample  28/50   1116.7 ms
2026-06-03 09:04:00,462 - INFO -   sample  29/50   1055.2 ms
2026-06-03 09:04:01,695 - INFO -   sample  30/50   1232.9 ms
2026-06-03 09:04:02,666 - INFO -   sample  31/50    971.1 ms
2026-06-03 09:04:03,896 - INFO -   sample  32/50   1230.2 ms
2026-06-03 09:04:04,864 - INFO -   sample  33/50    968.3 ms
2026-06-03 09:04:05,878 - INFO -   sample  34/50   1014.0 ms
2026-06-03 09:04:06,925 - INFO -   sample  35/50   1046.0 ms
2026-06-03 09:04:08,034 - INFO -   sample  36/50   1109.2 ms
2026-06-03 09:04:09,213 - INFO -   sample  37/50   1179.2 ms
2026-06-03 09:04:10,383 - INFO -   sample  38/50   1169.7 ms
2026-06-03 09:04:11,429 - INFO -   sample  39/50   1045.3 ms
2026-06-03 09:04:12,505 - INFO -   sample  40/50   1076.0 ms
2026-06-03 09:04:13,655 - INFO -   sample  41/50   1150.6 ms
2026-06-03 09:04:14,827 - INFO -   sample  42/50   1171.7 ms
2026-06-03 09:04:15,810 - INFO -   sample  43/50    982.4 ms
2026-06-03 09:04:17,258 - INFO -   sample  44/50   1448.6 ms
2026-06-03 09:04:18,332 - INFO -   sample  45/50   1073.8 ms
2026-06-03 09:04:19,507 - INFO -   sample  46/50   1175.0 ms
2026-06-03 09:04:20,651 - INFO -   sample  47/50   1143.6 ms
2026-06-03 09:04:21,779 - INFO -   sample  48/50   1127.4 ms
2026-06-03 09:04:22,856 - INFO -   sample  49/50   1077.3 ms
2026-06-03 09:04:23,901 - INFO -   sample  50/50   1045.2 ms
2026-06-03 09:04:23,902 - INFO - --- getitem | n=50 | mean= 1066.8 ms | median= 1045.6 ms | p95= 1232.3 ms | max= 1448.6 ms | sum=  53.34 s
2026-06-03 09:04:23,902 - INFO - --- per-modality (load | preprocess split) ---
2026-06-03 09:04:23,902 - INFO -   luh2          : calls= 100 | load mean=  314.4 ms total= 31.44 s (58.9%) | prep mean=   33.4 ms total=  3.34 s ( 6.3%)
2026-06-03 09:04:23,902 - INFO -   population    : calls= 100 | load mean=   52.2 ms total=  5.22 s ( 9.8%) | prep mean=    0.1 ms total=  0.01 s ( 0.0%)
2026-06-03 09:04:23,902 - INFO -   kg            : calls= 100 | load mean=   42.2 ms total=  4.22 s ( 7.9%) | prep mean=    0.0 ms total=  0.00 s ( 0.0%)
2026-06-03 09:04:23,902 - INFO -   static        : calls=  50 | load mean=   62.2 ms total=  3.11 s ( 5.8%) | prep mean=   19.0 ms total=  0.95 s ( 1.8%)
2026-06-03 09:04:23,902 - INFO -   hilda_prior   : calls=  50 | load mean=   48.8 ms total=  2.44 s ( 4.6%) | prep mean=    0.2 ms total=  0.01 s ( 0.0%)
2026-06-03 09:04:23,902 - INFO -   hilda_target  : calls=  50 | load mean=   48.2 ms total=  2.41 s ( 4.5%) | prep mean=    0.4 ms total=  0.02 s ( 0.0%)
2026-06-03 09:04:23,902 - INFO - ================================================================================
2026-06-03 09:04:23,902 - INFO - PHASE 3 — DataLoader sweep over num_workers=[0, 1, 4, 12] (batch_size=8, prefetch_factor=4 when workers>0, pin_memory=True, persistent_workers=False) — 80 batches per config, per-batch timeout=30s, wall budget=900s
2026-06-03 09:04:23,902 - INFO - ================================================================================
2026-06-03 09:04:23,902 - INFO - --------------------------------------------------------------------------------
2026-06-03 09:04:23,902 - INFO - num_workers = 0
2026-06-03 09:04:23,902 - INFO - --------------------------------------------------------------------------------
2026-06-03 09:04:37,001 - [w=0] -   batch   1/80   10245.1 ms   76.00 MB
2026-06-03 09:04:46,510 - [w=0] -   batch   2/80    9508.5 ms   76.00 MB
2026-06-03 09:04:56,347 - [w=0] -   batch   3/80    9837.5 ms   76.00 MB
2026-06-03 09:05:05,623 - [w=0] -   batch   4/80    9275.7 ms   76.00 MB
2026-06-03 09:05:15,646 - [w=0] -   batch   5/80   10022.9 ms   76.00 MB
2026-06-03 09:05:25,419 - [w=0] -   batch   6/80    9772.7 ms   76.00 MB
2026-06-03 09:05:34,800 - [w=0] -   batch   7/80    9381.0 ms   76.00 MB
2026-06-03 09:05:43,778 - [w=0] -   batch   8/80    8977.8 ms   76.00 MB
2026-06-03 09:05:53,687 - [w=0] -   batch   9/80    9908.2 ms   76.00 MB
2026-06-03 09:06:03,462 - [w=0] -   batch  10/80    9774.7 ms   76.00 MB
2026-06-03 09:06:13,332 - [w=0] -   batch  11/80    9870.0 ms   76.00 MB
2026-06-03 09:06:22,968 - [w=0] -   batch  12/80    9636.3 ms   76.00 MB
2026-06-03 09:06:32,670 - [w=0] -   batch  13/80    9701.2 ms   76.00 MB
2026-06-03 09:06:43,007 - [w=0] -   batch  14/80   10337.2 ms   76.00 MB
2026-06-03 09:06:52,465 - [w=0] -   batch  15/80    9457.5 ms   76.00 MB
2026-06-03 09:07:02,870 - [w=0] -   batch  16/80   10404.8 ms   76.00 MB
2026-06-03 09:07:12,360 - [w=0] -   batch  17/80    9490.1 ms   76.00 MB
2026-06-03 09:07:22,330 - [w=0] -   batch  18/80    9969.9 ms   76.00 MB
2026-06-03 09:07:32,359 - [w=0] -   batch  19/80   10029.0 ms   76.00 MB
2026-06-03 09:07:42,350 - [w=0] -   batch  20/80    9990.2 ms   76.00 MB
2026-06-03 09:07:52,417 - [w=0] -   batch  21/80   10066.8 ms   76.00 MB
2026-06-03 09:08:01,569 - [w=0] -   batch  22/80    9152.0 ms   76.00 MB
2026-06-03 09:08:10,802 - [w=0] -   batch  23/80    9232.5 ms   76.00 MB
2026-06-03 09:08:20,192 - [w=0] -   batch  24/80    9389.8 ms   76.00 MB
2026-06-03 09:08:30,121 - [w=0] -   batch  25/80    9929.5 ms   76.00 MB
2026-06-03 09:08:39,947 - [w=0] -   batch  26/80    9825.8 ms   76.00 MB
2026-06-03 09:08:50,261 - [w=0] -   batch  27/80   10313.9 ms   76.00 MB
2026-06-03 09:08:59,309 - [w=0] -   batch  28/80    9047.6 ms   76.00 MB
2026-06-03 09:09:08,996 - [w=0] -   batch  29/80    9686.9 ms   76.00 MB
2026-06-03 09:09:18,672 - [w=0] -   batch  30/80    9675.8 ms   76.00 MB
2026-06-03 09:09:28,355 - [w=0] -   batch  31/80    9682.8 ms   76.00 MB
2026-06-03 09:09:37,703 - [w=0] -   batch  32/80    9347.0 ms   76.00 MB
2026-06-03 09:09:47,213 - [w=0] -   batch  33/80    9510.5 ms   76.00 MB
2026-06-03 09:09:56,562 - [w=0] -   batch  34/80    9348.0 ms   76.00 MB
2026-06-03 09:10:06,038 - [w=0] -   batch  35/80    9476.0 ms   76.00 MB
2026-06-03 09:10:15,610 - [w=0] -   batch  36/80    9572.3 ms   76.00 MB
2026-06-03 09:10:25,373 - [w=0] -   batch  37/80    9762.9 ms   76.00 MB
2026-06-03 09:10:34,789 - [w=0] -   batch  38/80    9415.2 ms   76.00 MB
2026-06-03 09:10:44,369 - [w=0] -   batch  39/80    9579.8 ms   76.00 MB
2026-06-03 09:10:53,414 - [w=0] -   batch  40/80    9044.9 ms   76.00 MB
2026-06-03 09:11:02,865 - [w=0] -   batch  41/80    9450.9 ms   76.00 MB
2026-06-03 09:11:12,465 - [w=0] -   batch  42/80    9600.2 ms   76.00 MB
2026-06-03 09:11:22,117 - [w=0] -   batch  43/80    9651.3 ms   76.00 MB
2026-06-03 09:11:31,563 - [w=0] -   batch  44/80    9445.5 ms   76.00 MB
2026-06-03 09:11:41,023 - [w=0] -   batch  45/80    9459.9 ms   76.00 MB
2026-06-03 09:11:50,868 - [w=0] -   batch  46/80    9844.7 ms   76.00 MB
2026-06-03 09:12:00,671 - [w=0] -   batch  47/80    9802.7 ms   76.00 MB
2026-06-03 09:12:09,400 - [w=0] -   batch  48/80    8729.1 ms   76.00 MB
2026-06-03 09:12:19,146 - [w=0] -   batch  49/80    9745.6 ms   76.00 MB
2026-06-03 09:12:28,974 - [w=0] -   batch  50/80    9828.3 ms   76.00 MB
2026-06-03 09:12:38,349 - [w=0] -   batch  51/80    9375.0 ms   76.00 MB
2026-06-03 09:12:47,612 - [w=0] -   batch  52/80    9262.7 ms   76.00 MB
2026-06-03 09:12:57,457 - [w=0] -   batch  53/80    9844.8 ms   76.00 MB
2026-06-03 09:13:06,821 - [w=0] -   batch  54/80    9363.9 ms   76.00 MB
2026-06-03 09:13:16,719 - [w=0] -   batch  55/80    9897.4 ms   76.00 MB
2026-06-03 09:13:26,091 - [w=0] -   batch  56/80    9372.4 ms   76.00 MB
2026-06-03 09:13:34,803 - [w=0] -   batch  57/80    8711.1 ms   76.00 MB
2026-06-03 09:13:44,783 - [w=0] -   batch  58/80    9979.9 ms   76.00 MB
2026-06-03 09:13:54,588 - [w=0] -   batch  59/80    9805.1 ms   76.00 MB
2026-06-03 09:14:03,799 - [w=0] -   batch  60/80    9210.5 ms   76.00 MB
2026-06-03 09:14:13,054 - [w=0] -   batch  61/80    9254.6 ms   76.00 MB
2026-06-03 09:14:22,798 - [w=0] -   batch  62/80    9743.8 ms   76.00 MB
2026-06-03 09:14:32,709 - [w=0] -   batch  63/80    9911.4 ms   76.00 MB
2026-06-03 09:14:42,180 - [w=0] -   batch  64/80    9471.1 ms   76.00 MB
2026-06-03 09:14:51,120 - [w=0] -   batch  65/80    8939.6 ms   76.00 MB
2026-06-03 09:15:00,986 - [w=0] -   batch  66/80    9865.0 ms   76.00 MB
2026-06-03 09:15:10,044 - [w=0] -   batch  67/80    9058.7 ms   76.00 MB
2026-06-03 09:15:19,276 - [w=0] -   batch  68/80    9231.0 ms   76.00 MB
2026-06-03 09:15:28,336 - [w=0] -   batch  69/80    9060.3 ms   76.00 MB
2026-06-03 09:15:38,094 - [w=0] -   batch  70/80    9757.2 ms   76.00 MB
2026-06-03 09:15:47,279 - [w=0] -   batch  71/80    9185.5 ms   76.00 MB
2026-06-03 09:15:56,305 - [w=0] -   batch  72/80    9025.5 ms   76.00 MB
2026-06-03 09:16:06,220 - [w=0] -   batch  73/80    9914.5 ms   76.00 MB
2026-06-03 09:16:16,457 - [w=0] -   batch  74/80   10237.0 ms   76.00 MB
2026-06-03 09:16:25,735 - [w=0] -   batch  75/80    9278.3 ms   76.00 MB
2026-06-03 09:16:35,216 - [w=0] -   batch  76/80    9480.9 ms   76.00 MB
2026-06-03 09:16:44,484 - [w=0] -   batch  77/80    9267.6 ms   76.00 MB
2026-06-03 09:16:53,337 - [w=0] -   batch  78/80    8852.9 ms   76.00 MB
2026-06-03 09:17:02,375 - [w=0] -   batch  79/80    9037.3 ms   76.00 MB
2026-06-03 09:17:11,325 - [w=0] -   batch  80/80    8950.1 ms   76.00 MB
2026-06-03 09:17:27,417 - INFO - cold batch: 10245.1 ms (includes worker startup)
2026-06-03 09:17:27,418 - INFO - --- warm batches | n=79 | mean= 9548.2 ms | median= 9510.5 ms | p95=10083.8 ms | max=10404.8 ms | sum= 754.31 s
2026-06-03 09:17:27,418 - INFO - --- throughput |    0.8 samples/s |   0.10 batches/s
2026-06-03 09:17:27,418 - INFO - --------------------------------------------------------------------------------
2026-06-03 09:17:27,418 - INFO - num_workers = 1
2026-06-03 09:17:27,418 - INFO - --------------------------------------------------------------------------------
2026-06-03 09:17:45,068 - [w=1] -   batch   1/80    9829.8 ms   76.00 MB
2026-06-03 09:17:53,333 - [w=1] -   batch   2/80    8264.9 ms   76.00 MB
2026-06-03 09:18:02,309 - [w=1] -   batch   3/80    8975.5 ms   76.00 MB
2026-06-03 09:18:11,517 - [w=1] -   batch   4/80    9208.0 ms   76.00 MB
2026-06-03 09:18:20,872 - [w=1] -   batch   5/80    9354.7 ms   76.00 MB
2026-06-03 09:18:30,066 - [w=1] -   batch   6/80    9194.2 ms   76.00 MB
2026-06-03 09:18:39,570 - [w=1] -   batch   7/80    9503.5 ms   76.00 MB
2026-06-03 09:18:49,290 - [w=1] -   batch   8/80    9719.7 ms   76.00 MB
2026-06-03 09:18:58,445 - [w=1] -   batch   9/80    9154.7 ms   76.00 MB
2026-06-03 09:19:07,712 - [w=1] -   batch  10/80    9266.5 ms   76.00 MB
2026-06-03 09:19:16,604 - [w=1] -   batch  11/80    8891.9 ms   76.00 MB
2026-06-03 09:19:25,759 - [w=1] -   batch  12/80    9154.6 ms   76.00 MB
2026-06-03 09:19:33,908 - [w=1] -   batch  13/80    8149.5 ms   76.00 MB
2026-06-03 09:19:42,888 - [w=1] -   batch  14/80    8979.6 ms   76.00 MB
2026-06-03 09:19:52,651 - [w=1] -   batch  15/80    9763.0 ms   76.00 MB
2026-06-03 09:20:02,361 - [w=1] -   batch  16/80    9710.0 ms   76.00 MB
2026-06-03 09:20:11,540 - [w=1] -   batch  17/80    9178.3 ms   76.00 MB
2026-06-03 09:20:20,697 - [w=1] -   batch  18/80    9156.7 ms   76.00 MB
2026-06-03 09:20:29,888 - [w=1] -   batch  19/80    9190.7 ms   76.00 MB
2026-06-03 09:20:39,055 - [w=1] -   batch  20/80    9167.2 ms   76.00 MB
2026-06-03 09:20:48,623 - [w=1] -   batch  21/80    9568.0 ms   76.00 MB
2026-06-03 09:20:58,401 - [w=1] -   batch  22/80    9777.7 ms   76.00 MB
2026-06-03 09:21:07,095 - [w=1] -   batch  23/80    8693.4 ms   76.00 MB
2026-06-03 09:21:16,024 - [w=1] -   batch  24/80    8929.8 ms   76.00 MB
2026-06-03 09:21:25,351 - [w=1] -   batch  25/80    9326.5 ms   76.00 MB
2026-06-03 09:21:34,258 - [w=1] -   batch  26/80    8906.6 ms   76.00 MB
2026-06-03 09:21:43,575 - [w=1] -   batch  27/80    9316.4 ms   76.00 MB
2026-06-03 09:21:54,900 - [w=1] -   batch  28/80   11325.5 ms   76.00 MB
2026-06-03 09:22:04,625 - [w=1] -   batch  29/80    9724.8 ms   76.00 MB
2026-06-03 09:22:13,558 - [w=1] -   batch  30/80    8932.6 ms   76.00 MB
2026-06-03 09:22:23,076 - [w=1] -   batch  31/80    9517.8 ms   76.00 MB
2026-06-03 09:22:32,375 - [w=1] -   batch  32/80    9298.7 ms   76.00 MB
2026-06-03 09:22:41,631 - [w=1] -   batch  33/80    9256.3 ms   76.00 MB
2026-06-03 09:22:51,188 - [w=1] -   batch  34/80    9556.6 ms   76.00 MB
2026-06-03 09:23:00,795 - [w=1] -   batch  35/80    9607.2 ms   76.00 MB
2026-06-03 09:23:10,291 - [w=1] -   batch  36/80    9495.2 ms   76.00 MB
2026-06-03 09:23:19,701 - [w=1] -   batch  37/80    9410.3 ms   76.00 MB
2026-06-03 09:23:28,930 - [w=1] -   batch  38/80    9228.8 ms   76.00 MB
2026-06-03 09:23:38,869 - [w=1] -   batch  39/80    9938.6 ms   76.00 MB
2026-06-03 09:23:47,972 - [w=1] -   batch  40/80    9102.6 ms   76.00 MB
2026-06-03 09:23:57,136 - [w=1] -   batch  41/80    9164.3 ms   76.00 MB
2026-06-03 09:24:06,871 - [w=1] -   batch  42/80    9735.1 ms   76.00 MB
2026-06-03 09:24:16,887 - [w=1] -   batch  43/80   10015.1 ms   76.00 MB
2026-06-03 09:24:25,995 - [w=1] -   batch  44/80    9107.8 ms   76.00 MB
2026-06-03 09:24:35,898 - [w=1] -   batch  45/80    9903.2 ms   76.00 MB
2026-06-03 09:24:46,187 - [w=1] -   batch  46/80   10288.3 ms   76.00 MB
2026-06-03 09:24:55,671 - [w=1] -   batch  47/80    9484.5 ms   76.00 MB
2026-06-03 09:25:04,815 - [w=1] -   batch  48/80    9143.8 ms   76.00 MB
2026-06-03 09:25:14,173 - [w=1] -   batch  49/80    9357.1 ms   76.00 MB
2026-06-03 09:25:23,802 - [w=1] -   batch  50/80    9629.3 ms   76.00 MB
2026-06-03 09:25:32,671 - [w=1] -   batch  51/80    8868.9 ms   76.00 MB
2026-06-03 09:25:41,842 - [w=1] -   batch  52/80    9170.5 ms   76.00 MB
2026-06-03 09:25:51,189 - [w=1] -   batch  53/80    9347.4 ms   76.00 MB
2026-06-03 09:26:00,589 - [w=1] -   batch  54/80    9399.9 ms   76.00 MB
2026-06-03 09:26:09,257 - [w=1] -   batch  55/80    8667.3 ms   76.00 MB
2026-06-03 09:26:18,861 - [w=1] -   batch  56/80    9603.9 ms   76.00 MB
2026-06-03 09:26:27,486 - [w=1] -   batch  57/80    8625.2 ms   76.00 MB
2026-06-03 09:26:37,185 - [w=1] -   batch  58/80    9698.0 ms   76.00 MB
2026-06-03 09:26:47,182 - [w=1] -   batch  59/80    9997.2 ms   76.00 MB
2026-06-03 09:26:56,094 - [w=1] -   batch  60/80    8912.0 ms   76.00 MB
2026-06-03 09:27:05,564 - [w=1] -   batch  61/80    9470.2 ms   76.00 MB
2026-06-03 09:27:15,136 - [w=1] -   batch  62/80    9571.8 ms   76.00 MB
2026-06-03 09:27:23,731 - [w=1] -   batch  63/80    8594.7 ms   76.00 MB
2026-06-03 09:27:32,787 - [w=1] -   batch  64/80    9056.0 ms   76.00 MB
2026-06-03 09:27:43,021 - [w=1] -   batch  65/80   10233.2 ms   76.00 MB
2026-06-03 09:27:51,821 - [w=1] -   batch  66/80    8799.9 ms   76.00 MB
2026-06-03 09:28:01,843 - [w=1] -   batch  67/80   10021.8 ms   76.00 MB
2026-06-03 09:28:11,608 - [w=1] -   batch  68/80    9765.3 ms   76.00 MB
2026-06-03 09:28:21,515 - [w=1] -   batch  69/80    9905.9 ms   76.00 MB
2026-06-03 09:28:30,468 - [w=1] -   batch  70/80    8953.7 ms   76.00 MB
2026-06-03 09:28:39,205 - [w=1] -   batch  71/80    8736.4 ms   76.00 MB
2026-06-03 09:28:48,802 - [w=1] -   batch  72/80    9597.1 ms   76.00 MB
2026-06-03 09:28:58,268 - [w=1] -   batch  73/80    9465.6 ms   76.00 MB
2026-06-03 09:29:06,692 - [w=1] -   batch  74/80    8424.2 ms   76.00 MB
2026-06-03 09:29:15,927 - [w=1] -   batch  75/80    9234.5 ms   76.00 MB
2026-06-03 09:29:24,963 - [w=1] -   batch  76/80    9035.8 ms   76.00 MB
2026-06-03 09:29:34,008 - [w=1] -   batch  77/80    9045.0 ms   76.00 MB
2026-06-03 09:29:43,187 - [w=1] -   batch  78/80    9178.1 ms   76.00 MB
2026-06-03 09:29:52,412 - [w=1] -   batch  79/80    9225.2 ms   76.00 MB
2026-06-03 09:30:01,726 - [w=1] -   batch  80/80    9313.6 ms   76.00 MB
2026-06-03 09:30:07,251 - INFO - cold batch: 9829.8 ms (includes worker startup)
2026-06-03 09:30:07,252 - INFO - --- warm batches | n=79 | mean= 9324.6 ms | median= 9266.5 ms | p95=10015.8 ms | max=11325.5 ms | sum= 736.64 s
2026-06-03 09:30:07,252 - INFO - --- throughput |    0.9 samples/s |   0.11 batches/s
2026-06-03 09:30:07,252 - INFO - --------------------------------------------------------------------------------
2026-06-03 09:30:07,252 - INFO - num_workers = 4
2026-06-03 09:30:07,252 - INFO - --------------------------------------------------------------------------------
2026-06-03 09:30:31,148 - [w=4] -   batch   1/80   10041.0 ms   76.00 MB
2026-06-03 09:30:31,729 - [w=4] -   batch   2/80     581.6 ms   76.00 MB
2026-06-03 09:30:31,730 - [w=4] -   batch   3/80       0.1 ms   76.00 MB
2026-06-03 09:30:32,015 - [w=4] -   batch   4/80     284.8 ms   76.00 MB
2026-06-03 09:30:41,258 - [w=4] -   batch   5/80    9243.4 ms   76.00 MB
2026-06-03 09:30:41,535 - [w=4] -   batch   6/80     276.5 ms   76.00 MB
2026-06-03 09:30:41,535 - [w=4] -   batch   7/80       0.2 ms   76.00 MB
2026-06-03 09:30:42,186 - [w=4] -   batch   8/80     650.7 ms   76.00 MB
2026-06-03 09:30:50,121 - [w=4] -   batch   9/80    7935.2 ms   76.00 MB
2026-06-03 09:30:52,023 - [w=4] -   batch  10/80    1901.2 ms   76.00 MB
2026-06-03 09:30:52,023 - [w=4] -   batch  11/80       0.2 ms   76.00 MB
2026-06-03 09:30:52,347 - [w=4] -   batch  12/80     324.5 ms   76.00 MB
2026-06-03 09:31:00,642 - [w=4] -   batch  13/80    8294.3 ms   76.00 MB
2026-06-03 09:31:02,225 - [w=4] -   batch  14/80    1583.0 ms   76.00 MB
2026-06-03 09:31:02,225 - [w=4] -   batch  15/80       0.1 ms   76.00 MB
2026-06-03 09:31:02,250 - [w=4] -   batch  16/80      24.3 ms   76.00 MB
2026-06-03 09:31:10,346 - [w=4] -   batch  17/80    8096.1 ms   76.00 MB
2026-06-03 09:31:11,909 - [w=4] -   batch  18/80    1562.6 ms   76.00 MB
2026-06-03 09:31:11,909 - [w=4] -   batch  19/80       0.2 ms   76.00 MB
2026-06-03 09:31:12,120 - [w=4] -   batch  20/80     211.2 ms   76.00 MB
2026-06-03 09:31:20,145 - [w=4] -   batch  21/80    8024.9 ms   76.00 MB
2026-06-03 09:31:21,661 - [w=4] -   batch  22/80    1516.0 ms   76.00 MB
2026-06-03 09:31:21,662 - [w=4] -   batch  23/80       0.2 ms   76.00 MB
2026-06-03 09:31:24,047 - [w=4] -   batch  24/80    2384.7 ms   76.00 MB
2026-06-03 09:31:30,612 - [w=4] -   batch  25/80    6564.9 ms   76.00 MB
2026-06-03 09:31:32,287 - [w=4] -   batch  26/80    1675.4 ms   76.00 MB
2026-06-03 09:31:32,287 - [w=4] -   batch  27/80       0.2 ms   76.00 MB
2026-06-03 09:31:33,485 - [w=4] -   batch  28/80    1197.3 ms   76.00 MB
2026-06-03 09:31:40,985 - [w=4] -   batch  29/80    7500.1 ms   76.00 MB
2026-06-03 09:31:42,684 - [w=4] -   batch  30/80    1698.6 ms   76.00 MB
2026-06-03 09:31:42,684 - [w=4] -   batch  31/80       0.1 ms   76.00 MB
2026-06-03 09:31:43,737 - [w=4] -   batch  32/80    1053.3 ms   76.00 MB
2026-06-03 09:31:50,232 - [w=4] -   batch  33/80    6494.8 ms   76.00 MB
2026-06-03 09:31:52,365 - [w=4] -   batch  34/80    2132.8 ms   76.00 MB
2026-06-03 09:31:52,366 - [w=4] -   batch  35/80       0.1 ms   76.00 MB
2026-06-03 09:31:53,644 - [w=4] -   batch  36/80    1278.3 ms   76.00 MB
2026-06-03 09:32:00,228 - [w=4] -   batch  37/80    6583.3 ms   76.00 MB
2026-06-03 09:32:02,460 - [w=4] -   batch  38/80    2232.7 ms   76.00 MB
2026-06-03 09:32:02,461 - [w=4] -   batch  39/80       0.1 ms   76.00 MB
2026-06-03 09:32:03,141 - [w=4] -   batch  40/80     680.0 ms   76.00 MB
2026-06-03 09:32:10,647 - [w=4] -   batch  41/80    7506.5 ms   76.00 MB
2026-06-03 09:32:12,874 - [w=4] -   batch  42/80    2226.3 ms   76.00 MB
2026-06-03 09:32:12,874 - [w=4] -   batch  43/80       0.1 ms   76.00 MB
2026-06-03 09:32:13,133 - [w=4] -   batch  44/80     258.7 ms   76.00 MB
2026-06-03 09:32:21,199 - [w=4] -   batch  45/80    8066.3 ms   76.00 MB
2026-06-03 09:32:22,814 - [w=4] -   batch  46/80    1613.9 ms   76.00 MB
2026-06-03 09:32:22,814 - [w=4] -   batch  47/80       0.1 ms   76.00 MB
2026-06-03 09:32:23,299 - [w=4] -   batch  48/80     485.5 ms   76.00 MB
2026-06-03 09:32:30,881 - [w=4] -   batch  49/80    7581.0 ms   76.00 MB
2026-06-03 09:32:33,180 - [w=4] -   batch  50/80    2299.2 ms   76.00 MB
2026-06-03 09:32:33,180 - [w=4] -   batch  51/80       0.2 ms   76.00 MB
2026-06-03 09:32:33,575 - [w=4] -   batch  52/80     395.1 ms   76.00 MB
2026-06-03 09:32:41,290 - [w=4] -   batch  53/80    7714.9 ms   76.00 MB
2026-06-03 09:32:43,389 - [w=4] -   batch  54/80    2098.0 ms   76.00 MB
2026-06-03 09:32:43,389 - [w=4] -   batch  55/80       0.1 ms   76.00 MB
2026-06-03 09:32:43,389 - [w=4] -   batch  56/80       0.2 ms   76.00 MB
2026-06-03 09:32:50,703 - [w=4] -   batch  57/80    7313.8 ms   76.00 MB
2026-06-03 09:32:53,408 - [w=4] -   batch  58/80    2704.3 ms   76.00 MB
2026-06-03 09:32:53,408 - [w=4] -   batch  59/80       0.1 ms   76.00 MB
2026-06-03 09:32:53,408 - [w=4] -   batch  60/80       0.1 ms   76.00 MB
2026-06-03 09:33:00,630 - [w=4] -   batch  61/80    7222.2 ms   76.00 MB
2026-06-03 09:33:02,818 - [w=4] -   batch  62/80    2187.7 ms   76.00 MB
2026-06-03 09:33:02,819 - [w=4] -   batch  63/80       0.1 ms   76.00 MB
2026-06-03 09:33:02,819 - [w=4] -   batch  64/80       0.1 ms   76.00 MB
2026-06-03 09:33:10,907 - [w=4] -   batch  65/80    8087.7 ms   76.00 MB
2026-06-03 09:33:13,468 - [w=4] -   batch  66/80    2561.3 ms   76.00 MB
2026-06-03 09:33:13,468 - [w=4] -   batch  67/80       0.2 ms   76.00 MB
2026-06-03 09:33:13,468 - [w=4] -   batch  68/80       0.1 ms   76.00 MB
2026-06-03 09:33:20,128 - [w=4] -   batch  69/80    6659.2 ms   76.00 MB
2026-06-03 09:33:23,228 - [w=4] -   batch  70/80    3100.1 ms   76.00 MB
2026-06-03 09:33:23,228 - [w=4] -   batch  71/80       0.1 ms   76.00 MB
2026-06-03 09:33:23,229 - [w=4] -   batch  72/80       0.2 ms   76.00 MB
2026-06-03 09:33:29,738 - [w=4] -   batch  73/80    6509.4 ms   76.00 MB
2026-06-03 09:33:33,227 - [w=4] -   batch  74/80    3488.9 ms   76.00 MB
2026-06-03 09:33:33,228 - [w=4] -   batch  75/80       0.2 ms   76.00 MB
2026-06-03 09:33:33,228 - [w=4] -   batch  76/80       0.1 ms   76.00 MB
2026-06-03 09:33:39,676 - [w=4] -   batch  77/80    6448.5 ms   76.00 MB
2026-06-03 09:33:42,994 - [w=4] -   batch  78/80    3317.4 ms   76.00 MB
2026-06-03 09:33:42,994 - [w=4] -   batch  79/80       0.1 ms   76.00 MB
2026-06-03 09:33:42,994 - [w=4] -   batch  80/80       0.0 ms   76.00 MB
2026-06-03 09:33:53,522 - INFO - cold batch: 10041.0 ms (includes worker startup)
2026-06-03 09:33:53,522 - INFO - --- warm batches | n=79 | mean= 2428.3 ms | median= 1197.3 ms | p95= 8068.5 ms | max= 9243.4 ms | sum= 191.84 s
2026-06-03 09:33:53,522 - INFO - --- throughput |    3.3 samples/s |   0.41 batches/s
2026-06-03 09:33:53,523 - INFO - --------------------------------------------------------------------------------
2026-06-03 09:33:53,523 - INFO - num_workers = 12
2026-06-03 09:33:53,523 - INFO - --------------------------------------------------------------------------------
2026-06-03 09:34:41,045 - [w=12] -   batch   1/80   11468.5 ms   76.00 MB
2026-06-03 09:34:41,746 - [w=12] -   batch   2/80     700.5 ms   76.00 MB
2026-06-03 09:34:41,746 - [w=12] -   batch   3/80       0.1 ms   76.00 MB
2026-06-03 09:34:41,747 - [w=12] -   batch   4/80       0.2 ms   76.00 MB
2026-06-03 09:34:41,747 - [w=12] -   batch   5/80       0.2 ms   76.00 MB
2026-06-03 09:34:41,747 - [w=12] -   batch   6/80       0.0 ms   76.00 MB
2026-06-03 09:34:41,747 - [w=12] -   batch   7/80       0.2 ms   76.00 MB
2026-06-03 09:34:41,747 - [w=12] -   batch   8/80       0.1 ms   76.00 MB
2026-06-03 09:34:41,748 - [w=12] -   batch   9/80       0.2 ms   76.00 MB
2026-06-03 09:34:41,748 - [w=12] -   batch  10/80       0.1 ms   76.00 MB
2026-06-03 09:34:41,748 - [w=12] -   batch  11/80       0.1 ms   76.00 MB
2026-06-03 09:34:41,748 - [w=12] -   batch  12/80       0.1 ms   76.00 MB
2026-06-03 09:34:51,431 - [w=12] -   batch  13/80    9682.6 ms   76.00 MB
2026-06-03 09:34:52,814 - [w=12] -   batch  14/80    1383.5 ms   76.00 MB
2026-06-03 09:34:52,815 - [w=12] -   batch  15/80       0.1 ms   76.00 MB
2026-06-03 09:34:52,815 - [w=12] -   batch  16/80       0.1 ms   76.00 MB
2026-06-03 09:34:52,815 - [w=12] -   batch  17/80       0.2 ms   76.00 MB
2026-06-03 09:34:52,815 - [w=12] -   batch  18/80       0.1 ms   76.00 MB
2026-06-03 09:34:52,815 - [w=12] -   batch  19/80       0.1 ms   76.00 MB
2026-06-03 09:34:52,815 - [w=12] -   batch  20/80       0.1 ms   76.00 MB
2026-06-03 09:34:52,816 - [w=12] -   batch  21/80       0.2 ms   76.00 MB
2026-06-03 09:34:52,816 - [w=12] -   batch  22/80       0.1 ms   76.00 MB
2026-06-03 09:34:52,816 - [w=12] -   batch  23/80       0.1 ms   76.00 MB
2026-06-03 09:34:52,817 - [w=12] -   batch  24/80       0.5 ms   76.00 MB
2026-06-03 09:35:02,047 - [w=12] -   batch  25/80    9230.2 ms   76.00 MB
2026-06-03 09:35:03,641 - [w=12] -   batch  26/80    1593.8 ms   76.00 MB
2026-06-03 09:35:03,641 - [w=12] -   batch  27/80       0.1 ms   76.00 MB
2026-06-03 09:35:03,641 - [w=12] -   batch  28/80       0.2 ms   76.00 MB
2026-06-03 09:35:03,642 - [w=12] -   batch  29/80       0.2 ms   76.00 MB
2026-06-03 09:35:03,642 - [w=12] -   batch  30/80       0.1 ms   76.00 MB
2026-06-03 09:35:03,642 - [w=12] -   batch  31/80       0.1 ms   76.00 MB
2026-06-03 09:35:03,642 - [w=12] -   batch  32/80       0.1 ms   76.00 MB
2026-06-03 09:35:03,642 - [w=12] -   batch  33/80       0.1 ms   76.00 MB
2026-06-03 09:35:03,642 - [w=12] -   batch  34/80       0.0 ms   76.00 MB
2026-06-03 09:35:03,642 - [w=12] -   batch  35/80       0.1 ms   76.00 MB
2026-06-03 09:35:03,642 - [w=12] -   batch  36/80       0.0 ms   76.00 MB
2026-06-03 09:35:12,918 - [w=12] -   batch  37/80    9275.3 ms   76.00 MB
2026-06-03 09:35:14,836 - [w=12] -   batch  38/80    1918.0 ms   76.00 MB
2026-06-03 09:35:14,836 - [w=12] -   batch  39/80       0.2 ms   76.00 MB
2026-06-03 09:35:14,836 - [w=12] -   batch  40/80       0.1 ms   76.00 MB
2026-06-03 09:35:14,836 - [w=12] -   batch  41/80       0.1 ms   76.00 MB
2026-06-03 09:35:14,837 - [w=12] -   batch  42/80       0.1 ms   76.00 MB
2026-06-03 09:35:14,837 - [w=12] -   batch  43/80       0.1 ms   76.00 MB
2026-06-03 09:35:14,837 - [w=12] -   batch  44/80       0.1 ms   76.00 MB
2026-06-03 09:35:14,837 - [w=12] -   batch  45/80       0.1 ms   76.00 MB
2026-06-03 09:35:14,837 - [w=12] -   batch  46/80       0.1 ms   76.00 MB
2026-06-03 09:35:14,837 - [w=12] -   batch  47/80       0.1 ms   76.00 MB
2026-06-03 09:35:14,837 - [w=12] -   batch  48/80       0.1 ms   76.00 MB
2026-06-03 09:35:23,756 - [w=12] -   batch  49/80    8919.1 ms   76.00 MB
2026-06-03 09:35:25,572 - [w=12] -   batch  50/80    1815.2 ms   76.00 MB
2026-06-03 09:35:25,572 - [w=12] -   batch  51/80       0.2 ms   76.00 MB
2026-06-03 09:35:25,572 - [w=12] -   batch  52/80       0.2 ms   76.00 MB
2026-06-03 09:35:25,573 - [w=12] -   batch  53/80       0.2 ms   76.00 MB
2026-06-03 09:35:25,573 - [w=12] -   batch  54/80       0.1 ms   76.00 MB
2026-06-03 09:35:25,573 - [w=12] -   batch  55/80       0.1 ms   76.00 MB
2026-06-03 09:35:25,573 - [w=12] -   batch  56/80       0.1 ms   76.00 MB
2026-06-03 09:35:25,573 - [w=12] -   batch  57/80       0.1 ms   76.00 MB
2026-06-03 09:35:25,573 - [w=12] -   batch  58/80       0.1 ms   76.00 MB
2026-06-03 09:35:25,573 - [w=12] -   batch  59/80       0.1 ms   76.00 MB
2026-06-03 09:35:25,574 - [w=12] -   batch  60/80       0.1 ms   76.00 MB
2026-06-03 09:35:33,813 - [w=12] -   batch  61/80    8239.4 ms   76.00 MB
2026-06-03 09:35:36,281 - [w=12] -   batch  62/80    2467.5 ms   76.00 MB
2026-06-03 09:35:36,281 - [w=12] -   batch  63/80       0.2 ms   76.00 MB
2026-06-03 09:35:36,281 - [w=12] -   batch  64/80       0.1 ms   76.00 MB
2026-06-03 09:35:36,281 - [w=12] -   batch  65/80       0.1 ms   76.00 MB
2026-06-03 09:35:36,281 - [w=12] -   batch  66/80       0.0 ms   76.00 MB
2026-06-03 09:35:36,282 - [w=12] -   batch  67/80       0.1 ms   76.00 MB
2026-06-03 09:35:36,282 - [w=12] -   batch  68/80       0.1 ms   76.00 MB
2026-06-03 09:35:36,282 - [w=12] -   batch  69/80       0.1 ms   76.00 MB
2026-06-03 09:35:36,282 - [w=12] -   batch  70/80       0.1 ms   76.00 MB
2026-06-03 09:35:36,282 - [w=12] -   batch  71/80       0.1 ms   76.00 MB
2026-06-03 09:35:36,282 - [w=12] -   batch  72/80       0.0 ms   76.00 MB
2026-06-03 09:35:44,776 - [w=12] -   batch  73/80    8493.5 ms   76.00 MB
2026-06-03 09:35:46,446 - [w=12] -   batch  74/80    1669.7 ms   76.00 MB
2026-06-03 09:35:46,446 - [w=12] -   batch  75/80       0.2 ms   76.00 MB
2026-06-03 09:35:46,446 - [w=12] -   batch  76/80       0.1 ms   76.00 MB
2026-06-03 09:35:46,446 - [w=12] -   batch  77/80       0.1 ms   76.00 MB
2026-06-03 09:35:46,446 - [w=12] -   batch  78/80       0.2 ms   76.00 MB
2026-06-03 09:35:46,447 - [w=12] -   batch  79/80       0.1 ms   76.00 MB
2026-06-03 09:35:46,753 - [w=12] -   batch  80/80     305.9 ms   76.00 MB
2026-06-03 09:35:58,189 - INFO - cold batch: 11468.5 ms (includes worker startup)
2026-06-03 09:35:58,190 - INFO - --- warm batches | n=79 | mean=  831.7 ms | median=    0.1 ms | p95= 8536.1 ms | max= 9682.6 ms | sum=  65.70 s
2026-06-03 09:35:58,190 - INFO - --- throughput |    9.6 samples/s |   1.20 batches/s
2026-06-03 09:35:58,190 - INFO - ================================================================================
2026-06-03 09:35:58,190 - INFO - Profiling complete.
