2026-06-15 11:57:30,829 - INFO - Recurrent UNet Model Successfully Configured and Initialized.
2026-06-15 11:57:30,847 - INFO - Starting from scratch (no valid checkpoint provided).
2026-06-15 11:57:35,957 - INFO - Train: 4480000 samples, Val: 640000 samples
2026-06-15 11:57:35,960 - INFO - Starting training from epoch 1
2026-06-15 11:57:52,753 - INFO - Epoch [1/1], Batch [1/15], Loss: 2.2360 (Overall: 2.3067, Change: 2.1653), TF Ratio: 1.000
2026-06-15 11:57:53,105 - INFO - Epoch [1/1], Batch [2/15], Loss: 2.1932 (Overall: 2.3469, Change: 1.9537), TF Ratio: 1.000
2026-06-15 11:57:53,256 - INFO - Epoch [1/1], Batch [3/15], Loss: 2.3552 (Overall: 2.3679, Change: 2.9907), TF Ratio: 0.999
2026-06-15 11:57:53,451 - INFO - Epoch [1/1], Batch [4/15], Loss: 2.3148 (Overall: 2.2997, Change: 2.0878), TF Ratio: 0.999
2026-06-15 11:57:53,601 - INFO - Epoch [1/1], Batch [5/15], Loss: 2.2429 (Overall: 1.9363, Change: 1.9735), TF Ratio: 0.999
2026-06-15 11:57:53,752 - INFO - Epoch [1/1], Batch [6/15], Loss: 2.3295 (Overall: 2.3013, Change: 3.2241), TF Ratio: 0.999
2026-06-15 11:57:53,902 - INFO - Epoch [1/1], Batch [7/15], Loss: 2.2873 (Overall: 1.9993, Change: 2.0682), TF Ratio: 0.999
2026-06-15 11:57:54,053 - INFO - Epoch [1/1], Batch [8/15], Loss: 2.2463 (Overall: 1.9805, Change: 1.9380), TF Ratio: 0.998
2026-06-15 11:57:54,204 - INFO - Epoch [1/1], Batch [9/15], Loss: 2.2142 (Overall: 1.8763, Change: 2.0400), TF Ratio: 0.998
2026-06-15 11:57:54,354 - INFO - Epoch [1/1], Batch [10/15], Loss: 2.1817 (Overall: 1.8171, Change: 1.9605), TF Ratio: 0.998
2026-06-15 11:57:55,317 - INFO - Epoch [1/1], Batch [11/15], Loss: 2.1651 (Overall: 1.9299, Change: 2.0675), TF Ratio: 0.998
2026-06-15 11:58:06,039 - INFO - Epoch [1/1], Batch [12/15], Loss: 2.1469 (Overall: 1.8455, Change: 2.0485), TF Ratio: 0.998
2026-06-15 11:58:07,692 - INFO - Epoch [1/1], Batch [13/15], Loss: 2.1349 (Overall: 2.0892, Change: 1.8918), TF Ratio: 0.997
2026-06-15 11:58:07,931 - INFO - Epoch [1/1], Batch [14/15], Loss: 2.1133 (Overall: 1.7719, Change: 1.8929), TF Ratio: 0.997
2026-06-15 11:58:08,086 - INFO - Epoch [1/1], Batch [15/15], Loss: 2.0952 (Overall: 1.8802, Change: 1.8032), TF Ratio: 0.997
2026-06-15 11:58:46,294 - INFO - [profiling] 5 active batches (host-side, approx): wall=12.923s, dataloader stall=12.078s (93.5% of wall). For exact GPU timing see nsys stats output.
2026-06-15 11:58:47,079 - INFO - Profiling capture complete — running one validation pass before exit.
2026-06-15 11:59:14,220 - INFO - [profiling] Validation loss: 1.5609 (1 steps)
