2026-06-05 16:41:27,600 - INFO - Split: train | land_index=/gpfs/projects/ehpc606/ai4land/CONCERTO/land_index/land_pixel_index_sample.npy
2026-06-05 16:41:27,600 - INFO - Stores: /gpfs/scratch/ehpc736/data/AI4LAND_NON_preprocessed-data-2000-2015.zarr
2026-06-05 16:41:27,600 - INFO - Sweep: num_workers=[0, 1, 4, 12] | num_batches=80 | batch_timeout=30s
2026-06-05 16:41:38,008 - INFO - Dataset: SingleZarrDataset | length=6,272,000
2026-06-05 16:41:38,008 - INFO - ================================================================================
2026-06-05 16:41:38,008 - INFO - PHASE 1 — __getitem__ + per-modality merged (50 samples)
2026-06-05 16:41:38,008 - INFO - ================================================================================
2026-06-05 16:41:41,437 - INFO - shapes: (2, 15, 256, 256) (2, 1, 256, 256) (6, 256, 256) (1, 256, 256) (2, 256, 256) | bytes/sample:   9.50 MB
2026-06-05 16:41:41,437 - INFO -   sample   1/50   3429.2 ms
2026-06-05 16:41:42,686 - INFO -   sample   2/50   1248.3 ms
2026-06-05 16:41:43,785 - INFO -   sample   3/50   1099.2 ms
2026-06-05 16:41:44,911 - INFO -   sample   4/50   1126.5 ms
2026-06-05 16:41:46,071 - INFO -   sample   5/50   1159.7 ms
2026-06-05 16:41:47,256 - INFO -   sample   6/50   1184.9 ms
2026-06-05 16:41:48,453 - INFO -   sample   7/50   1196.2 ms
2026-06-05 16:41:49,466 - INFO -   sample   8/50   1013.3 ms
2026-06-05 16:41:50,554 - INFO -   sample   9/50   1087.7 ms
2026-06-05 16:41:51,593 - INFO -   sample  10/50   1038.9 ms
2026-06-05 16:41:52,666 - INFO -   sample  11/50   1073.0 ms
2026-06-05 16:41:53,764 - INFO -   sample  12/50   1097.8 ms
2026-06-05 16:41:54,774 - INFO -   sample  13/50   1009.9 ms
2026-06-05 16:41:55,874 - INFO -   sample  14/50   1099.4 ms
2026-06-05 16:41:56,877 - INFO -   sample  15/50   1002.9 ms
2026-06-05 16:41:58,006 - INFO -   sample  16/50   1128.7 ms
2026-06-05 16:41:59,207 - INFO -   sample  17/50   1201.4 ms
2026-06-05 16:42:00,361 - INFO -   sample  18/50   1153.8 ms
2026-06-05 16:42:01,489 - INFO -   sample  19/50   1128.0 ms
2026-06-05 16:42:02,806 - INFO -   sample  20/50   1317.2 ms
2026-06-05 16:42:03,808 - INFO -   sample  21/50   1001.6 ms
2026-06-05 16:42:04,876 - INFO -   sample  22/50   1067.8 ms
2026-06-05 16:42:05,866 - INFO -   sample  23/50    989.7 ms
2026-06-05 16:42:07,137 - INFO -   sample  24/50   1271.4 ms
2026-06-05 16:42:08,181 - INFO -   sample  25/50   1043.2 ms
2026-06-05 16:42:09,375 - INFO -   sample  26/50   1194.2 ms
2026-06-05 16:42:10,544 - INFO -   sample  27/50   1168.5 ms
2026-06-05 16:42:11,561 - INFO -   sample  28/50   1017.1 ms
2026-06-05 16:42:12,673 - INFO -   sample  29/50   1112.2 ms
2026-06-05 16:42:13,715 - INFO -   sample  30/50   1041.3 ms
2026-06-05 16:42:14,884 - INFO -   sample  31/50   1169.6 ms
2026-06-05 16:42:15,928 - INFO -   sample  32/50   1043.9 ms
2026-06-05 16:42:17,018 - INFO -   sample  33/50   1089.8 ms
2026-06-05 16:42:18,026 - INFO -   sample  34/50   1007.7 ms
2026-06-05 16:42:19,198 - INFO -   sample  35/50   1171.5 ms
2026-06-05 16:42:20,203 - INFO -   sample  36/50   1004.8 ms
2026-06-05 16:42:21,392 - INFO -   sample  37/50   1189.1 ms
2026-06-05 16:42:22,500 - INFO -   sample  38/50   1108.5 ms
2026-06-05 16:42:23,818 - INFO -   sample  39/50   1317.8 ms
2026-06-05 16:42:25,115 - INFO -   sample  40/50   1296.2 ms
2026-06-05 16:42:26,213 - INFO -   sample  41/50   1098.0 ms
2026-06-05 16:42:27,460 - INFO -   sample  42/50   1247.4 ms
2026-06-05 16:42:28,674 - INFO -   sample  43/50   1213.6 ms
2026-06-05 16:42:30,054 - INFO -   sample  44/50   1379.8 ms
2026-06-05 16:42:31,242 - INFO -   sample  45/50   1188.4 ms
2026-06-05 16:42:32,446 - INFO -   sample  46/50   1203.5 ms
2026-06-05 16:42:33,429 - INFO -   sample  47/50    982.6 ms
2026-06-05 16:42:34,412 - INFO -   sample  48/50    983.0 ms
2026-06-05 16:42:35,616 - INFO -   sample  49/50   1204.0 ms
2026-06-05 16:42:39,089 - INFO -   sample  50/50   3473.2 ms
2026-06-05 16:42:39,090 - INFO - --- getitem | n=50 | mean= 1221.5 ms | median= 1127.2 ms | p95= 1351.9 ms | max= 3473.2 ms | sum=  61.08 s
2026-06-05 16:42:39,090 - INFO - --- per-modality (load + preprocess merged) ---
2026-06-05 16:42:39,090 - INFO -   _get_luh2_data        : calls= 100 | mean=  411.8 ms | median=  382.4 ms | max= 2676.2 ms | total= 41.18 s (67.4%)
2026-06-05 16:42:39,090 - INFO -   _get_population_data  : calls= 100 | mean=   69.2 ms | median=   46.4 ms | max= 2201.0 ms | total=  6.92 s (11.3%)
2026-06-05 16:42:39,090 - INFO -   _get_kg_data          : calls= 100 | mean=   41.2 ms | median=   39.2 ms | max=  135.2 ms | total=  4.12 s ( 6.8%)
2026-06-05 16:42:39,090 - INFO -   _get_static_data      : calls=  50 | mean=   87.0 ms | median=   84.5 ms | max=  136.2 ms | total=  4.35 s ( 7.1%)
2026-06-05 16:42:39,090 - INFO -   _get_hilda_prior      : calls=  50 | mean=   41.7 ms | median=   41.8 ms | max=   64.2 ms | total=  2.09 s ( 3.4%)
2026-06-05 16:42:39,090 - INFO -   _get_hilda_target     : calls=  50 | mean=   45.1 ms | median=   43.9 ms | max=   90.6 ms | total=  2.25 s ( 3.7%)
2026-06-05 16:42:39,132 - INFO - ================================================================================
2026-06-05 16:42:39,132 - INFO - PHASE 2 — __getitem__ + load vs preprocess split (50 samples)
2026-06-05 16:42:39,132 - INFO - ================================================================================
2026-06-05 16:42:40,127 - INFO -   sample   1/50    994.9 ms
2026-06-05 16:42:41,134 - INFO -   sample   2/50   1007.6 ms
2026-06-05 16:42:42,043 - INFO -   sample   3/50    908.2 ms
2026-06-05 16:42:43,004 - INFO -   sample   4/50    961.1 ms
2026-06-05 16:42:44,061 - INFO -   sample   5/50   1056.7 ms
2026-06-05 16:42:44,984 - INFO -   sample   6/50    923.5 ms
2026-06-05 16:42:46,017 - INFO -   sample   7/50   1032.2 ms
2026-06-05 16:42:47,080 - INFO -   sample   8/50   1063.2 ms
2026-06-05 16:42:48,066 - INFO -   sample   9/50    986.3 ms
2026-06-05 16:42:49,105 - INFO -   sample  10/50   1038.1 ms
2026-06-05 16:42:50,048 - INFO -   sample  11/50    943.8 ms
2026-06-05 16:42:51,131 - INFO -   sample  12/50   1082.7 ms
2026-06-05 16:42:52,038 - INFO -   sample  13/50    906.5 ms
2026-06-05 16:42:52,957 - INFO -   sample  14/50    919.0 ms
2026-06-05 16:42:54,059 - INFO -   sample  15/50   1101.4 ms
2026-06-05 16:42:55,045 - INFO -   sample  16/50    985.9 ms
2026-06-05 16:42:55,992 - INFO -   sample  17/50    947.7 ms
2026-06-05 16:42:56,913 - INFO -   sample  18/50    920.8 ms
2026-06-05 16:42:58,015 - INFO -   sample  19/50   1101.2 ms
2026-06-05 16:42:59,094 - INFO -   sample  20/50   1079.1 ms
2026-06-05 16:42:59,995 - INFO -   sample  21/50    901.0 ms
2026-06-05 16:43:00,923 - INFO -   sample  22/50    927.6 ms
2026-06-05 16:43:01,942 - INFO -   sample  23/50   1018.7 ms
2026-06-05 16:43:02,994 - INFO -   sample  24/50   1052.8 ms
2026-06-05 16:43:04,023 - INFO -   sample  25/50   1028.1 ms
2026-06-05 16:43:05,067 - INFO -   sample  26/50   1044.1 ms
2026-06-05 16:43:06,091 - INFO -   sample  27/50   1023.5 ms
2026-06-05 16:43:07,195 - INFO -   sample  28/50   1104.1 ms
2026-06-05 16:43:08,223 - INFO -   sample  29/50   1027.9 ms
2026-06-05 16:43:09,403 - INFO -   sample  30/50   1180.3 ms
2026-06-05 16:43:10,479 - INFO -   sample  31/50   1075.9 ms
2026-06-05 16:43:11,515 - INFO -   sample  32/50   1035.1 ms
2026-06-05 16:43:12,464 - INFO -   sample  33/50    949.5 ms
2026-06-05 16:43:13,448 - INFO -   sample  34/50    983.6 ms
2026-06-05 16:43:14,411 - INFO -   sample  35/50    962.8 ms
2026-06-05 16:43:15,540 - INFO -   sample  36/50   1128.9 ms
2026-06-05 16:43:16,515 - INFO -   sample  37/50    975.5 ms
2026-06-05 16:43:17,618 - INFO -   sample  38/50   1102.8 ms
2026-06-05 16:43:18,536 - INFO -   sample  39/50    917.4 ms
2026-06-05 16:43:19,459 - INFO -   sample  40/50    923.5 ms
2026-06-05 16:43:20,472 - INFO -   sample  41/50   1012.2 ms
2026-06-05 16:43:21,523 - INFO -   sample  42/50   1051.0 ms
2026-06-05 16:43:22,393 - INFO -   sample  43/50    869.6 ms
2026-06-05 16:43:23,538 - INFO -   sample  44/50   1145.6 ms
2026-06-05 16:43:24,525 - INFO -   sample  45/50    986.5 ms
2026-06-05 16:43:25,634 - INFO -   sample  46/50   1109.4 ms
2026-06-05 16:43:26,779 - INFO -   sample  47/50   1144.4 ms
2026-06-05 16:43:27,758 - INFO -   sample  48/50    978.8 ms
2026-06-05 16:43:28,722 - INFO -   sample  49/50    964.3 ms
2026-06-05 16:43:29,713 - INFO -   sample  50/50    990.4 ms
2026-06-05 16:43:29,713 - INFO - --- getitem | n=50 | mean= 1011.5 ms | median= 1009.9 ms | p95= 1137.4 ms | max= 1180.3 ms | sum=  50.58 s
2026-06-05 16:43:29,713 - INFO - --- per-modality (load | preprocess split) ---
2026-06-05 16:43:29,713 - INFO -   luh2          : calls= 100 | load mean=  307.7 ms total= 30.77 s (60.8%) | prep mean=   33.6 ms total=  3.36 s ( 6.6%)
2026-06-05 16:43:29,713 - INFO -   population    : calls= 100 | load mean=   46.5 ms total=  4.65 s ( 9.2%) | prep mean=    0.1 ms total=  0.01 s ( 0.0%)
2026-06-05 16:43:29,713 - INFO -   kg            : calls= 100 | load mean=   39.0 ms total=  3.90 s ( 7.7%) | prep mean=    0.0 ms total=  0.00 s ( 0.0%)
2026-06-05 16:43:29,713 - INFO -   static        : calls=  50 | load mean=   46.8 ms total=  2.34 s ( 4.6%) | prep mean=   18.9 ms total=  0.95 s ( 1.9%)
2026-06-05 16:43:29,714 - INFO -   hilda_prior   : calls=  50 | load mean=   43.5 ms total=  2.18 s ( 4.3%) | prep mean=    0.2 ms total=  0.01 s ( 0.0%)
2026-06-05 16:43:29,714 - INFO -   hilda_target  : calls=  50 | load mean=   43.7 ms total=  2.19 s ( 4.3%) | prep mean=    0.4 ms total=  0.02 s ( 0.0%)
2026-06-05 16:43:29,714 - INFO - ================================================================================
2026-06-05 16:43:29,714 - INFO - PHASE 3 — DataLoader sweep over num_workers=[0, 1, 4, 12] (batch_size=8, prefetch_factor=4 when workers>0, pin_memory=True, persistent_workers=False) — 80 batches per config, per-batch timeout=30s, wall budget=900s
2026-06-05 16:43:29,714 - INFO - ================================================================================
2026-06-05 16:43:29,714 - INFO - --------------------------------------------------------------------------------
2026-06-05 16:43:29,714 - INFO - num_workers = 0
2026-06-05 16:43:29,714 - INFO - --------------------------------------------------------------------------------
2026-06-05 16:43:42,105 - [w=0] -   batch   1/80    9791.4 ms   76.00 MB
2026-06-05 16:43:50,571 - [w=0] -   batch   2/80    8465.7 ms   76.00 MB
2026-06-05 16:43:59,848 - [w=0] -   batch   3/80    9277.2 ms   76.00 MB
2026-06-05 16:44:08,850 - [w=0] -   batch   4/80    9001.8 ms   76.00 MB
2026-06-05 16:44:17,790 - [w=0] -   batch   5/80    8939.8 ms   76.00 MB
2026-06-05 16:44:26,325 - [w=0] -   batch   6/80    8534.0 ms   76.00 MB
2026-06-05 16:44:35,380 - [w=0] -   batch   7/80    9055.6 ms   76.00 MB
2026-06-05 16:44:44,403 - [w=0] -   batch   8/80    9022.4 ms   76.00 MB
2026-06-05 16:44:53,251 - [w=0] -   batch   9/80    8848.1 ms   76.00 MB
2026-06-05 16:45:02,400 - [w=0] -   batch  10/80    9148.0 ms   76.00 MB
2026-06-05 16:45:11,366 - [w=0] -   batch  11/80    8966.0 ms   76.00 MB
2026-06-05 16:45:20,918 - [w=0] -   batch  12/80    9551.8 ms   76.00 MB
2026-06-05 16:45:30,208 - [w=0] -   batch  13/80    9290.2 ms   76.00 MB
2026-06-05 16:45:39,497 - [w=0] -   batch  14/80    9289.2 ms   76.00 MB
2026-06-05 16:45:48,422 - [w=0] -   batch  15/80    8924.5 ms   76.00 MB
2026-06-05 16:45:56,429 - [w=0] -   batch  16/80    8006.2 ms   76.00 MB
2026-06-05 16:46:05,539 - [w=0] -   batch  17/80    9110.2 ms   76.00 MB
2026-06-05 16:46:16,945 - [w=0] -   batch  18/80   11405.2 ms   76.00 MB
2026-06-05 16:46:26,548 - [w=0] -   batch  19/80    9603.8 ms   76.00 MB
2026-06-05 16:46:35,406 - [w=0] -   batch  20/80    8857.4 ms   76.00 MB
2026-06-05 16:46:44,151 - [w=0] -   batch  21/80    8745.2 ms   76.00 MB
2026-06-05 16:46:53,142 - [w=0] -   batch  22/80    8990.4 ms   76.00 MB
2026-06-05 16:47:01,950 - [w=0] -   batch  23/80    8808.3 ms   76.00 MB
2026-06-05 16:47:11,190 - [w=0] -   batch  24/80    9239.5 ms   76.00 MB
2026-06-05 16:47:19,981 - [w=0] -   batch  25/80    8790.8 ms   76.00 MB
2026-06-05 16:47:31,439 - [w=0] -   batch  26/80   11457.6 ms   76.00 MB
2026-06-05 16:47:42,051 - [w=0] -   batch  27/80   10611.6 ms   76.00 MB
2026-06-05 16:47:51,693 - [w=0] -   batch  28/80    9642.1 ms   76.00 MB
2026-06-05 16:48:00,443 - [w=0] -   batch  29/80    8750.2 ms   76.00 MB
2026-06-05 16:48:09,336 - [w=0] -   batch  30/80    8892.3 ms   76.00 MB
2026-06-05 16:48:18,339 - [w=0] -   batch  31/80    9002.9 ms   76.00 MB
2026-06-05 16:48:27,843 - [w=0] -   batch  32/80    9503.8 ms   76.00 MB
2026-06-05 16:48:37,575 - [w=0] -   batch  33/80    9732.1 ms   76.00 MB
2026-06-05 16:48:46,260 - [w=0] -   batch  34/80    8684.8 ms   76.00 MB
2026-06-05 16:48:55,334 - [w=0] -   batch  35/80    9073.0 ms   76.00 MB
2026-06-05 16:49:04,613 - [w=0] -   batch  36/80    9279.4 ms   76.00 MB
2026-06-05 16:49:13,813 - [w=0] -   batch  37/80    9199.7 ms   76.00 MB
2026-06-05 16:49:23,487 - [w=0] -   batch  38/80    9674.1 ms   76.00 MB
2026-06-05 16:49:34,191 - [w=0] -   batch  39/80   10703.2 ms   76.00 MB
2026-06-05 16:49:43,070 - [w=0] -   batch  40/80    8878.9 ms   76.00 MB
2026-06-05 16:49:51,991 - [w=0] -   batch  41/80    8920.5 ms   76.00 MB
2026-06-05 16:50:01,194 - [w=0] -   batch  42/80    9202.9 ms   76.00 MB
2026-06-05 16:50:11,250 - [w=0] -   batch  43/80   10056.6 ms   76.00 MB
2026-06-05 16:50:19,944 - [w=0] -   batch  44/80    8693.8 ms   76.00 MB
2026-06-05 16:50:31,188 - [w=0] -   batch  45/80   11243.6 ms   76.00 MB
2026-06-05 16:50:40,356 - [w=0] -   batch  46/80    9168.0 ms   76.00 MB
2026-06-05 16:50:49,481 - [w=0] -   batch  47/80    9124.3 ms   76.00 MB
2026-06-05 16:51:00,709 - [w=0] -   batch  48/80   11227.7 ms   76.00 MB
2026-06-05 16:51:11,174 - [w=0] -   batch  49/80   10464.8 ms   76.00 MB
2026-06-05 16:51:21,699 - [w=0] -   batch  50/80   10525.4 ms   76.00 MB
2026-06-05 16:51:30,947 - [w=0] -   batch  51/80    9247.2 ms   76.00 MB
2026-06-05 16:51:40,303 - [w=0] -   batch  52/80    9355.7 ms   76.00 MB
2026-06-05 16:51:49,234 - [w=0] -   batch  53/80    8930.6 ms   76.00 MB
2026-06-05 16:51:58,037 - [w=0] -   batch  54/80    8803.4 ms   76.00 MB
2026-06-05 16:52:07,170 - [w=0] -   batch  55/80    9132.5 ms   76.00 MB
2026-06-05 16:52:16,729 - [w=0] -   batch  56/80    9559.3 ms   76.00 MB
2026-06-05 16:52:28,555 - [w=0] -   batch  57/80   11825.2 ms   76.00 MB
2026-06-05 16:52:37,837 - [w=0] -   batch  58/80    9281.8 ms   76.00 MB
2026-06-05 16:52:46,828 - [w=0] -   batch  59/80    8991.0 ms   76.00 MB
2026-06-05 16:52:55,565 - [w=0] -   batch  60/80    8737.4 ms   76.00 MB
2026-06-05 16:53:04,518 - [w=0] -   batch  61/80    8952.4 ms   76.00 MB
2026-06-05 16:53:13,319 - [w=0] -   batch  62/80    8801.2 ms   76.00 MB
2026-06-05 16:53:22,854 - [w=0] -   batch  63/80    9534.5 ms   76.00 MB
2026-06-05 16:53:31,215 - [w=0] -   batch  64/80    8360.9 ms   76.00 MB
2026-06-05 16:53:39,797 - [w=0] -   batch  65/80    8581.1 ms   76.00 MB
2026-06-05 16:53:48,881 - [w=0] -   batch  66/80    9084.5 ms   76.00 MB
2026-06-05 16:53:57,839 - [w=0] -   batch  67/80    8957.9 ms   76.00 MB
2026-06-05 16:54:06,933 - [w=0] -   batch  68/80    9093.3 ms   76.00 MB
2026-06-05 16:54:15,356 - [w=0] -   batch  69/80    8422.8 ms   76.00 MB
2026-06-05 16:54:23,944 - [w=0] -   batch  70/80    8587.7 ms   76.00 MB
2026-06-05 16:54:33,488 - [w=0] -   batch  71/80    9544.5 ms   76.00 MB
2026-06-05 16:54:42,230 - [w=0] -   batch  72/80    8741.4 ms   76.00 MB
2026-06-05 16:54:51,192 - [w=0] -   batch  73/80    8962.2 ms   76.00 MB
2026-06-05 16:55:00,274 - [w=0] -   batch  74/80    9081.3 ms   76.00 MB
2026-06-05 16:55:09,308 - [w=0] -   batch  75/80    9033.7 ms   76.00 MB
2026-06-05 16:55:18,427 - [w=0] -   batch  76/80    9118.5 ms   76.00 MB
2026-06-05 16:55:27,636 - [w=0] -   batch  77/80    9209.1 ms   76.00 MB
2026-06-05 16:55:36,130 - [w=0] -   batch  78/80    8494.0 ms   76.00 MB
2026-06-05 16:55:44,384 - [w=0] -   batch  79/80    8253.9 ms   76.00 MB
2026-06-05 16:55:52,688 - [w=0] -   batch  80/80    8303.4 ms   76.00 MB
2026-06-05 16:55:59,975 - INFO - cold batch: 9791.4 ms (includes worker startup)
2026-06-05 16:55:59,975 - INFO - --- warm batches | n=79 | mean= 9247.7 ms | median= 9073.0 ms | p95=11229.3 ms | max=11825.2 ms | sum= 730.57 s
2026-06-05 16:55:59,975 - INFO - --- throughput |    0.9 samples/s |   0.11 batches/s
2026-06-05 16:55:59,976 - INFO - --------------------------------------------------------------------------------
2026-06-05 16:55:59,976 - INFO - num_workers = 1
2026-06-05 16:55:59,976 - INFO - --------------------------------------------------------------------------------
2026-06-05 16:56:16,146 - [w=1] -   batch   1/80   10022.0 ms   76.00 MB
2026-06-05 16:56:24,625 - [w=1] -   batch   2/80    8478.7 ms   76.00 MB
2026-06-05 16:56:33,143 - [w=1] -   batch   3/80    8517.5 ms   76.00 MB
2026-06-05 16:56:41,968 - [w=1] -   batch   4/80    8824.7 ms   76.00 MB
2026-06-05 16:56:50,916 - [w=1] -   batch   5/80    8948.6 ms   76.00 MB
2026-06-05 16:56:59,728 - [w=1] -   batch   6/80    8811.2 ms   76.00 MB
2026-06-05 16:57:08,693 - [w=1] -   batch   7/80    8965.4 ms   76.00 MB
2026-06-05 16:57:17,657 - [w=1] -   batch   8/80    8963.9 ms   76.00 MB
2026-06-05 16:57:28,964 - [w=1] -   batch   9/80   11306.4 ms   76.00 MB
2026-06-05 16:57:37,638 - [w=1] -   batch  10/80    8674.0 ms   76.00 MB
2026-06-05 16:57:47,042 - [w=1] -   batch  11/80    9403.3 ms   76.00 MB
2026-06-05 16:57:56,035 - [w=1] -   batch  12/80    8993.5 ms   76.00 MB
2026-06-05 16:58:04,799 - [w=1] -   batch  13/80    8763.6 ms   76.00 MB
2026-06-05 16:58:13,750 - [w=1] -   batch  14/80    8951.1 ms   76.00 MB
2026-06-05 16:58:22,857 - [w=1] -   batch  15/80    9106.4 ms   76.00 MB
2026-06-05 16:58:35,250 - [w=1] -   batch  16/80   12393.2 ms   76.00 MB
2026-06-05 16:58:43,894 - [w=1] -   batch  17/80    8643.4 ms   76.00 MB
2026-06-05 16:58:53,547 - [w=1] -   batch  18/80    9653.5 ms   76.00 MB
2026-06-05 16:59:02,143 - [w=1] -   batch  19/80    8595.4 ms   76.00 MB
2026-06-05 16:59:10,920 - [w=1] -   batch  20/80    8776.9 ms   76.00 MB
2026-06-05 16:59:20,130 - [w=1] -   batch  21/80    9210.1 ms   76.00 MB
2026-06-05 16:59:29,082 - [w=1] -   batch  22/80    8951.5 ms   76.00 MB
2026-06-05 16:59:37,976 - [w=1] -   batch  23/80    8894.2 ms   76.00 MB
2026-06-05 16:59:46,390 - [w=1] -   batch  24/80    8413.2 ms   76.00 MB
2026-06-05 16:59:55,309 - [w=1] -   batch  25/80    8918.9 ms   76.00 MB
2026-06-05 17:00:03,281 - [w=1] -   batch  26/80    7971.7 ms   76.00 MB
2026-06-05 17:00:12,494 - [w=1] -   batch  27/80    9212.9 ms   76.00 MB
2026-06-05 17:00:21,629 - [w=1] -   batch  28/80    9135.2 ms   76.00 MB
2026-06-05 17:00:30,034 - [w=1] -   batch  29/80    8404.5 ms   76.00 MB
2026-06-05 17:00:39,150 - [w=1] -   batch  30/80    9116.1 ms   76.00 MB
2026-06-05 17:00:47,696 - [w=1] -   batch  31/80    8545.4 ms   76.00 MB
2026-06-05 17:00:56,226 - [w=1] -   batch  32/80    8530.3 ms   76.00 MB
2026-06-05 17:01:07,143 - [w=1] -   batch  33/80   10916.2 ms   76.00 MB
2026-06-05 17:01:15,846 - [w=1] -   batch  34/80    8703.4 ms   76.00 MB
2026-06-05 17:01:26,671 - [w=1] -   batch  35/80   10824.9 ms   76.00 MB
2026-06-05 17:01:35,596 - [w=1] -   batch  36/80    8924.7 ms   76.00 MB
2026-06-05 17:01:43,804 - [w=1] -   batch  37/80    8206.9 ms   76.00 MB
2026-06-05 17:01:52,695 - [w=1] -   batch  38/80    8891.6 ms   76.00 MB
2026-06-05 17:02:01,361 - [w=1] -   batch  39/80    8666.0 ms   76.00 MB
2026-06-05 17:02:10,566 - [w=1] -   batch  40/80    9204.4 ms   76.00 MB
2026-06-05 17:02:19,657 - [w=1] -   batch  41/80    9090.3 ms   76.00 MB
2026-06-05 17:02:30,317 - [w=1] -   batch  42/80   10660.0 ms   76.00 MB
2026-06-05 17:02:41,429 - [w=1] -   batch  43/80   11111.9 ms   76.00 MB
2026-06-05 17:02:50,383 - [w=1] -   batch  44/80    8953.6 ms   76.00 MB
2026-06-05 17:02:58,950 - [w=1] -   batch  45/80    8567.1 ms   76.00 MB
2026-06-05 17:03:07,738 - [w=1] -   batch  46/80    8788.0 ms   76.00 MB
2026-06-05 17:03:16,874 - [w=1] -   batch  47/80    9136.2 ms   76.00 MB
2026-06-05 17:03:25,948 - [w=1] -   batch  48/80    9073.4 ms   76.00 MB
2026-06-05 17:03:34,995 - [w=1] -   batch  49/80    9046.6 ms   76.00 MB
2026-06-05 17:03:43,937 - [w=1] -   batch  50/80    8941.7 ms   76.00 MB
2026-06-05 17:03:52,831 - [w=1] -   batch  51/80    8894.2 ms   76.00 MB
2026-06-05 17:04:01,869 - [w=1] -   batch  52/80    9037.7 ms   76.00 MB
2026-06-05 17:04:10,960 - [w=1] -   batch  53/80    9090.5 ms   76.00 MB
2026-06-05 17:04:22,226 - [w=1] -   batch  54/80   11265.8 ms   76.00 MB
2026-06-05 17:04:31,849 - [w=1] -   batch  55/80    9622.8 ms   76.00 MB
2026-06-05 17:04:40,650 - [w=1] -   batch  56/80    8801.2 ms   76.00 MB
2026-06-05 17:04:49,407 - [w=1] -   batch  57/80    8756.9 ms   76.00 MB
2026-06-05 17:04:57,645 - [w=1] -   batch  58/80    8237.3 ms   76.00 MB
2026-06-05 17:05:08,726 - [w=1] -   batch  59/80   11081.2 ms   76.00 MB
2026-06-05 17:05:17,668 - [w=1] -   batch  60/80    8941.7 ms   76.00 MB
2026-06-05 17:05:26,406 - [w=1] -   batch  61/80    8738.5 ms   76.00 MB
2026-06-05 17:05:35,381 - [w=1] -   batch  62/80    8974.9 ms   76.00 MB
2026-06-05 17:05:48,387 - [w=1] -   batch  63/80   13005.7 ms   76.00 MB
2026-06-05 17:05:57,487 - [w=1] -   batch  64/80    9099.7 ms   76.00 MB
2026-06-05 17:06:06,415 - [w=1] -   batch  65/80    8927.2 ms   76.00 MB
2026-06-05 17:06:15,468 - [w=1] -   batch  66/80    9053.4 ms   76.00 MB
2026-06-05 17:06:24,201 - [w=1] -   batch  67/80    8732.8 ms   76.00 MB
2026-06-05 17:06:32,740 - [w=1] -   batch  68/80    8539.0 ms   76.00 MB
2026-06-05 17:06:41,934 - [w=1] -   batch  69/80    9193.9 ms   76.00 MB
2026-06-05 17:06:51,321 - [w=1] -   batch  70/80    9385.9 ms   76.00 MB
2026-06-05 17:06:59,451 - [w=1] -   batch  71/80    8130.7 ms   76.00 MB
2026-06-05 17:07:08,125 - [w=1] -   batch  72/80    8673.2 ms   76.00 MB
2026-06-05 17:07:17,294 - [w=1] -   batch  73/80    9169.1 ms   76.00 MB
2026-06-05 17:07:25,845 - [w=1] -   batch  74/80    8550.6 ms   76.00 MB
2026-06-05 17:07:34,585 - [w=1] -   batch  75/80    8739.6 ms   76.00 MB
2026-06-05 17:07:43,171 - [w=1] -   batch  76/80    8585.5 ms   76.00 MB
2026-06-05 17:07:51,887 - [w=1] -   batch  77/80    8716.6 ms   76.00 MB
2026-06-05 17:08:00,480 - [w=1] -   batch  78/80    8592.5 ms   76.00 MB
2026-06-05 17:08:09,034 - [w=1] -   batch  79/80    8553.3 ms   76.00 MB
2026-06-05 17:08:18,281 - [w=1] -   batch  80/80    9246.9 ms   76.00 MB
2026-06-05 17:08:23,799 - INFO - cold batch: 10022.0 ms (includes worker startup)
2026-06-05 17:08:23,800 - INFO - --- warm batches | n=79 | mean= 9140.8 ms | median= 8941.7 ms | p95=11127.3 ms | max=13005.7 ms | sum= 722.12 s
2026-06-05 17:08:23,800 - INFO - --- throughput |    0.9 samples/s |   0.11 batches/s
2026-06-05 17:08:23,800 - INFO - --------------------------------------------------------------------------------
2026-06-05 17:08:23,800 - INFO - num_workers = 4
2026-06-05 17:08:23,800 - INFO - --------------------------------------------------------------------------------
2026-06-05 17:08:48,361 - [w=4] -   batch   1/80   10105.8 ms   76.00 MB
2026-06-05 17:08:48,595 - [w=4] -   batch   2/80     233.1 ms   76.00 MB
2026-06-05 17:08:48,595 - [w=4] -   batch   3/80       0.2 ms   76.00 MB
2026-06-05 17:08:48,595 - [w=4] -   batch   4/80       0.0 ms   76.00 MB
2026-06-05 17:08:57,841 - [w=4] -   batch   5/80    9246.1 ms   76.00 MB
2026-06-05 17:08:57,953 - [w=4] -   batch   6/80     111.9 ms   76.00 MB
2026-06-05 17:08:57,953 - [w=4] -   batch   7/80       0.2 ms   76.00 MB
2026-06-05 17:08:58,052 - [w=4] -   batch   8/80      98.6 ms   76.00 MB
2026-06-05 17:09:06,775 - [w=4] -   batch   9/80    8722.3 ms   76.00 MB
2026-06-05 17:09:07,267 - [w=4] -   batch  10/80     492.6 ms   76.00 MB
2026-06-05 17:09:07,268 - [w=4] -   batch  11/80       0.2 ms   76.00 MB
2026-06-05 17:09:07,268 - [w=4] -   batch  12/80       0.1 ms   76.00 MB
2026-06-05 17:09:17,763 - [w=4] -   batch  13/80   10494.9 ms   76.00 MB
2026-06-05 17:09:18,558 - [w=4] -   batch  14/80     795.2 ms   76.00 MB
2026-06-05 17:09:18,559 - [w=4] -   batch  15/80       0.2 ms   76.00 MB
2026-06-05 17:09:18,559 - [w=4] -   batch  16/80       0.2 ms   76.00 MB
2026-06-05 17:09:26,969 - [w=4] -   batch  17/80    8410.2 ms   76.00 MB
2026-06-05 17:09:28,026 - [w=4] -   batch  18/80    1056.4 ms   76.00 MB
2026-06-05 17:09:28,026 - [w=4] -   batch  19/80       0.2 ms   76.00 MB
2026-06-05 17:09:28,026 - [w=4] -   batch  20/80       0.1 ms   76.00 MB
2026-06-05 17:09:36,735 - [w=4] -   batch  21/80    8708.9 ms   76.00 MB
2026-06-05 17:09:37,654 - [w=4] -   batch  22/80     919.0 ms   76.00 MB
2026-06-05 17:09:37,655 - [w=4] -   batch  23/80       0.2 ms   76.00 MB
2026-06-05 17:09:37,655 - [w=4] -   batch  24/80       0.1 ms   76.00 MB
2026-06-05 17:09:48,555 - [w=4] -   batch  25/80   10900.1 ms   76.00 MB
2026-06-05 17:09:49,520 - [w=4] -   batch  26/80     964.6 ms   76.00 MB
2026-06-05 17:09:49,520 - [w=4] -   batch  27/80       0.1 ms   76.00 MB
2026-06-05 17:09:49,520 - [w=4] -   batch  28/80       0.1 ms   76.00 MB
2026-06-05 17:09:58,480 - [w=4] -   batch  29/80    8960.2 ms   76.00 MB
2026-06-05 17:09:58,739 - [w=4] -   batch  30/80     258.0 ms   76.00 MB
2026-06-05 17:09:58,739 - [w=4] -   batch  31/80       0.2 ms   76.00 MB
2026-06-05 17:09:58,739 - [w=4] -   batch  32/80       0.1 ms   76.00 MB
2026-06-05 17:10:08,329 - [w=4] -   batch  33/80    9590.1 ms   76.00 MB
2026-06-05 17:10:08,329 - [w=4] -   batch  34/80       0.1 ms   76.00 MB
2026-06-05 17:10:08,330 - [w=4] -   batch  35/80       0.1 ms   76.00 MB
2026-06-05 17:10:08,330 - [w=4] -   batch  36/80       0.1 ms   76.00 MB
2026-06-05 17:10:17,220 - [w=4] -   batch  37/80    8889.8 ms   76.00 MB
2026-06-05 17:10:17,450 - [w=4] -   batch  38/80     230.6 ms   76.00 MB
2026-06-05 17:10:17,451 - [w=4] -   batch  39/80       0.2 ms   76.00 MB
2026-06-05 17:10:17,451 - [w=4] -   batch  40/80       0.1 ms   76.00 MB
2026-06-05 17:10:27,143 - [w=4] -   batch  41/80    9692.1 ms   76.00 MB
2026-06-05 17:10:28,777 - [w=4] -   batch  42/80    1633.9 ms   76.00 MB
2026-06-05 17:10:28,777 - [w=4] -   batch  43/80       0.2 ms   76.00 MB
2026-06-05 17:10:28,778 - [w=4] -   batch  44/80       0.1 ms   76.00 MB
2026-06-05 17:10:35,687 - [w=4] -   batch  45/80    6909.4 ms   76.00 MB
2026-06-05 17:10:40,344 - [w=4] -   batch  46/80    4656.7 ms   76.00 MB
2026-06-05 17:10:40,344 - [w=4] -   batch  47/80       0.2 ms   76.00 MB
2026-06-05 17:10:40,345 - [w=4] -   batch  48/80       0.1 ms   76.00 MB
2026-06-05 17:10:46,835 - [w=4] -   batch  49/80    6490.1 ms   76.00 MB
2026-06-05 17:10:50,070 - [w=4] -   batch  50/80    3234.7 ms   76.00 MB
2026-06-05 17:10:50,572 - [w=4] -   batch  51/80     502.5 ms   76.00 MB
2026-06-05 17:10:50,573 - [w=4] -   batch  52/80       0.2 ms   76.00 MB
2026-06-05 17:10:58,671 - [w=4] -   batch  53/80    8098.5 ms   76.00 MB
2026-06-05 17:10:59,575 - [w=4] -   batch  54/80     904.2 ms   76.00 MB
2026-06-05 17:11:00,264 - [w=4] -   batch  55/80     687.9 ms   76.00 MB
2026-06-05 17:11:00,264 - [w=4] -   batch  56/80       0.1 ms   76.00 MB
2026-06-05 17:11:08,267 - [w=4] -   batch  57/80    8003.0 ms   76.00 MB
2026-06-05 17:11:08,649 - [w=4] -   batch  58/80     381.8 ms   76.00 MB
2026-06-05 17:11:09,815 - [w=4] -   batch  59/80    1166.1 ms   76.00 MB
2026-06-05 17:11:09,815 - [w=4] -   batch  60/80       0.2 ms   76.00 MB
2026-06-05 17:11:17,721 - [w=4] -   batch  61/80    7905.4 ms   76.00 MB
2026-06-05 17:11:18,440 - [w=4] -   batch  62/80     719.4 ms   76.00 MB
2026-06-05 17:11:18,979 - [w=4] -   batch  63/80     538.7 ms   76.00 MB
2026-06-05 17:11:18,979 - [w=4] -   batch  64/80       0.1 ms   76.00 MB
2026-06-05 17:11:27,728 - [w=4] -   batch  65/80    8748.2 ms   76.00 MB
2026-06-05 17:11:27,755 - [w=4] -   batch  66/80      27.3 ms   76.00 MB
2026-06-05 17:11:28,374 - [w=4] -   batch  67/80     618.6 ms   76.00 MB
2026-06-05 17:11:28,374 - [w=4] -   batch  68/80       0.1 ms   76.00 MB
2026-06-05 17:11:37,137 - [w=4] -   batch  69/80    8763.2 ms   76.00 MB
2026-06-05 17:11:37,320 - [w=4] -   batch  70/80     182.4 ms   76.00 MB
2026-06-05 17:11:38,499 - [w=4] -   batch  71/80    1178.7 ms   76.00 MB
2026-06-05 17:11:38,499 - [w=4] -   batch  72/80       0.2 ms   76.00 MB
2026-06-05 17:11:46,513 - [w=4] -   batch  73/80    8013.5 ms   76.00 MB
2026-06-05 17:11:46,513 - [w=4] -   batch  74/80       0.1 ms   76.00 MB
2026-06-05 17:11:47,793 - [w=4] -   batch  75/80    1279.8 ms   76.00 MB
2026-06-05 17:11:47,793 - [w=4] -   batch  76/80       0.2 ms   76.00 MB
2026-06-05 17:11:55,249 - [w=4] -   batch  77/80    7456.1 ms   76.00 MB
2026-06-05 17:11:55,249 - [w=4] -   batch  78/80       0.1 ms   76.00 MB
2026-06-05 17:11:57,413 - [w=4] -   batch  79/80    2163.4 ms   76.00 MB
2026-06-05 17:11:57,413 - [w=4] -   batch  80/80       0.1 ms   76.00 MB
2026-06-05 17:12:06,935 - INFO - cold batch: 10105.8 ms (includes worker startup)
2026-06-05 17:12:06,935 - INFO - --- warm batches | n=79 | mean= 2392.9 ms | median=  233.1 ms | p95= 9280.5 ms | max=10900.1 ms | sum= 189.04 s
2026-06-05 17:12:06,935 - INFO - --- throughput |    3.3 samples/s |   0.42 batches/s
2026-06-05 17:12:06,936 - INFO - --------------------------------------------------------------------------------
2026-06-05 17:12:06,936 - INFO - num_workers = 12
2026-06-05 17:12:06,936 - INFO - --------------------------------------------------------------------------------
2026-06-05 17:12:48,145 - [w=12] -   batch   1/80   10797.3 ms   76.00 MB
2026-06-05 17:12:49,522 - [w=12] -   batch   2/80    1377.4 ms   76.00 MB
2026-06-05 17:12:52,718 - [w=12] -   batch   3/80    3195.9 ms   76.00 MB
2026-06-05 17:12:52,719 - [w=12] -   batch   4/80       0.2 ms   76.00 MB
2026-06-05 17:12:52,719 - [w=12] -   batch   5/80       0.1 ms   76.00 MB
2026-06-05 17:12:52,719 - [w=12] -   batch   6/80       0.1 ms   76.00 MB
2026-06-05 17:12:52,719 - [w=12] -   batch   7/80       0.1 ms   76.00 MB
2026-06-05 17:12:52,719 - [w=12] -   batch   8/80       0.0 ms   76.00 MB
2026-06-05 17:12:52,719 - [w=12] -   batch   9/80       0.2 ms   76.00 MB
2026-06-05 17:12:52,720 - [w=12] -   batch  10/80       0.1 ms   76.00 MB
2026-06-05 17:12:52,720 - [w=12] -   batch  11/80       0.1 ms   76.00 MB
2026-06-05 17:12:52,720 - [w=12] -   batch  12/80       0.1 ms   76.00 MB
2026-06-05 17:12:59,314 - [w=12] -   batch  13/80    6594.2 ms   76.00 MB
2026-06-05 17:13:00,618 - [w=12] -   batch  14/80    1304.1 ms   76.00 MB
2026-06-05 17:13:03,774 - [w=12] -   batch  15/80    3155.0 ms   76.00 MB
2026-06-05 17:13:03,774 - [w=12] -   batch  16/80       0.2 ms   76.00 MB
2026-06-05 17:13:03,774 - [w=12] -   batch  17/80       0.1 ms   76.00 MB
2026-06-05 17:13:03,774 - [w=12] -   batch  18/80       0.1 ms   76.00 MB
2026-06-05 17:13:03,774 - [w=12] -   batch  19/80       0.1 ms   76.00 MB
2026-06-05 17:13:03,774 - [w=12] -   batch  20/80       0.1 ms   76.00 MB
2026-06-05 17:13:03,775 - [w=12] -   batch  21/80       0.1 ms   76.00 MB
2026-06-05 17:13:03,775 - [w=12] -   batch  22/80       0.1 ms   76.00 MB
2026-06-05 17:13:03,775 - [w=12] -   batch  23/80       0.1 ms   76.00 MB
2026-06-05 17:13:03,775 - [w=12] -   batch  24/80       0.1 ms   76.00 MB
2026-06-05 17:13:12,362 - [w=12] -   batch  25/80    8586.8 ms   76.00 MB
2026-06-05 17:13:12,362 - [w=12] -   batch  26/80       0.2 ms   76.00 MB
2026-06-05 17:13:13,937 - [w=12] -   batch  27/80    1574.7 ms   76.00 MB
2026-06-05 17:13:13,937 - [w=12] -   batch  28/80       0.1 ms   76.00 MB
2026-06-05 17:13:13,937 - [w=12] -   batch  29/80       0.2 ms   76.00 MB
2026-06-05 17:13:13,938 - [w=12] -   batch  30/80       0.2 ms   76.00 MB
2026-06-05 17:13:13,938 - [w=12] -   batch  31/80       0.1 ms   76.00 MB
2026-06-05 17:13:13,938 - [w=12] -   batch  32/80       0.1 ms   76.00 MB
2026-06-05 17:13:13,938 - [w=12] -   batch  33/80       0.1 ms   76.00 MB
2026-06-05 17:13:14,349 - [w=12] -   batch  34/80     411.1 ms   76.00 MB
2026-06-05 17:13:14,350 - [w=12] -   batch  35/80       0.1 ms   76.00 MB
2026-06-05 17:13:14,350 - [w=12] -   batch  36/80       0.2 ms   76.00 MB
2026-06-05 17:13:23,227 - [w=12] -   batch  37/80    8877.5 ms   76.00 MB
2026-06-05 17:13:23,228 - [w=12] -   batch  38/80       0.1 ms   76.00 MB
2026-06-05 17:13:24,364 - [w=12] -   batch  39/80    1136.3 ms   76.00 MB
2026-06-05 17:13:24,364 - [w=12] -   batch  40/80       0.1 ms   76.00 MB
2026-06-05 17:13:24,364 - [w=12] -   batch  41/80       0.2 ms   76.00 MB
2026-06-05 17:13:24,365 - [w=12] -   batch  42/80       0.1 ms   76.00 MB
2026-06-05 17:13:24,365 - [w=12] -   batch  43/80       0.1 ms   76.00 MB
2026-06-05 17:13:24,365 - [w=12] -   batch  44/80       0.1 ms   76.00 MB
2026-06-05 17:13:24,365 - [w=12] -   batch  45/80       0.0 ms   76.00 MB
2026-06-05 17:13:24,735 - [w=12] -   batch  46/80     370.4 ms   76.00 MB
2026-06-05 17:13:24,736 - [w=12] -   batch  47/80       0.2 ms   76.00 MB
2026-06-05 17:13:24,736 - [w=12] -   batch  48/80       0.2 ms   76.00 MB
2026-06-05 17:13:35,604 - [w=12] -   batch  49/80   10868.3 ms   76.00 MB
2026-06-05 17:13:35,605 - [w=12] -   batch  50/80       0.2 ms   76.00 MB
2026-06-05 17:13:36,650 - [w=12] -   batch  51/80    1045.1 ms   76.00 MB
2026-06-05 17:13:36,650 - [w=12] -   batch  52/80       0.2 ms   76.00 MB
2026-06-05 17:13:36,650 - [w=12] -   batch  53/80       0.1 ms   76.00 MB
2026-06-05 17:13:36,650 - [w=12] -   batch  54/80       0.1 ms   76.00 MB
2026-06-05 17:13:36,651 - [w=12] -   batch  55/80       0.1 ms   76.00 MB
2026-06-05 17:13:36,651 - [w=12] -   batch  56/80       0.0 ms   76.00 MB
2026-06-05 17:13:36,651 - [w=12] -   batch  57/80       0.0 ms   76.00 MB
2026-06-05 17:13:38,295 - [w=12] -   batch  58/80    1643.8 ms   76.00 MB
2026-06-05 17:13:38,295 - [w=12] -   batch  59/80       0.1 ms   76.00 MB
2026-06-05 17:13:38,295 - [w=12] -   batch  60/80       0.1 ms   76.00 MB
2026-06-05 17:13:50,036 - [w=12] -   batch  61/80   11741.3 ms   76.00 MB
2026-06-05 17:13:50,037 - [w=12] -   batch  62/80       0.2 ms   76.00 MB
2026-06-05 17:13:50,037 - [w=12] -   batch  63/80       0.1 ms   76.00 MB
2026-06-05 17:13:50,037 - [w=12] -   batch  64/80       0.1 ms   76.00 MB
2026-06-05 17:13:50,037 - [w=12] -   batch  65/80       0.1 ms   76.00 MB
2026-06-05 17:13:50,037 - [w=12] -   batch  66/80       0.1 ms   76.00 MB
2026-06-05 17:13:50,037 - [w=12] -   batch  67/80       0.1 ms   76.00 MB
2026-06-05 17:13:50,037 - [w=12] -   batch  68/80       0.1 ms   76.00 MB
2026-06-05 17:13:50,037 - [w=12] -   batch  69/80       0.1 ms   76.00 MB
2026-06-05 17:13:50,733 - [w=12] -   batch  70/80     695.2 ms   76.00 MB
2026-06-05 17:13:50,733 - [w=12] -   batch  71/80       0.2 ms   76.00 MB
2026-06-05 17:13:50,733 - [w=12] -   batch  72/80       0.1 ms   76.00 MB
2026-06-05 17:14:00,317 - [w=12] -   batch  73/80    9584.0 ms   76.00 MB
2026-06-05 17:14:00,317 - [w=12] -   batch  74/80       0.2 ms   76.00 MB
2026-06-05 17:14:02,283 - [w=12] -   batch  75/80    1965.0 ms   76.00 MB
2026-06-05 17:14:02,283 - [w=12] -   batch  76/80       0.2 ms   76.00 MB
2026-06-05 17:14:02,283 - [w=12] -   batch  77/80       0.1 ms   76.00 MB
2026-06-05 17:14:02,283 - [w=12] -   batch  78/80       0.1 ms   76.00 MB
2026-06-05 17:14:02,283 - [w=12] -   batch  79/80       0.1 ms   76.00 MB
2026-06-05 17:14:02,283 - [w=12] -   batch  80/80       0.1 ms   76.00 MB
2026-06-05 17:14:12,912 - INFO - cold batch: 10797.3 ms (includes worker startup)
2026-06-05 17:14:12,912 - INFO - --- warm batches | n=79 | mean=  938.4 ms | median=    0.1 ms | p95= 8615.9 ms | max=11741.3 ms | sum=  74.13 s
2026-06-05 17:14:12,912 - INFO - --- throughput |    8.5 samples/s |   1.07 batches/s
2026-06-05 17:14:12,912 - INFO - ================================================================================
2026-06-05 17:14:12,912 - INFO - Profiling complete.
