wandb: Using wandb-core as the SDK backend.  Please refer to https://wandb.me/wandb-core for more information.
wandb: Tracking run with wandb version 0.18.7
wandb: W&B syncing is set to `offline` in this directory.  
wandb: Run `wandb online` or set WANDB_MODE=online to enable cloud syncing.
wandb:                                                                                
wandb: 
wandb: Run history:
wandb: avg_train_loss █▅▄▃▃▂▂▂▁▁
wandb:   avg_val_loss ▇▂▅█▂▄▂▁▁▄
wandb:  best_val_loss █▂▁
wandb:          epoch ▁▂▃▃▄▅▆▆▇█
wandb:  learning_rate ▁▁▁▁▁▁▁▁▁▁
wandb: 
wandb: Run summary:
wandb: avg_train_loss 0.8502
wandb:   avg_val_loss 0.62795
wandb:  best_val_loss 0.59114
wandb:          epoch 10
wandb:  learning_rate 0.0005
wandb: 
wandb: You can sync this run to the cloud by running:
wandb: wandb sync /gpfs/scratch/bsc32/bsc096444/ai4land-tfm/logs/training/42441497/wandb/offline-run-20260626_190659-tqtcktg7
wandb: Find logs at: ./logs/training/42441497/wandb/offline-run-20260626_190659-tqtcktg7/logs
