2026-06-01 14:28:54,028 - INFO - Split: train | land_index=/gpfs/projects/ehpc606/ai4land/CONCERTO/land_index/land_pixel_index_sample.npy
2026-06-01 14:28:54,028 - INFO - Stores: /gpfs/scratch/ehpc736/data/AI4LAND_NON_preprocessed-data-2000-2015.zarr
2026-06-01 14:28:54,028 - INFO - use_synchronizer: True
2026-06-01 14:29:05,670 - INFO - Dataset: SingleZarrDataset | length=6,272,000
2026-06-01 14:29:05,670 - INFO - ================================================================================
2026-06-01 14:29:05,670 - INFO - PHASE 1 — single-thread __getitem__ (50 samples)
2026-06-01 14:29:05,670 - INFO - ================================================================================
2026-06-01 14:29:09,267 - INFO - sample shapes: (2, 15, 256, 256)/float32 (2, 1, 256, 256)/uint8 (6, 256, 256)/float32 (1, 256, 256)/float32 (2, 256, 256)/uint8
2026-06-01 14:29:09,268 - INFO -   sample   1/50  idx=  559781   3597.1 ms    9.50 MB
2026-06-01 14:29:10,600 - INFO -   sample   2/50  idx= 4854252   1332.7 ms    9.50 MB
2026-06-01 14:29:11,749 - INFO -   sample   3/50  idx= 4105472   1148.7 ms    9.50 MB
2026-06-01 14:29:12,850 - INFO -   sample   4/50  idx= 2752645   1101.1 ms    9.50 MB
2026-06-01 14:29:13,994 - INFO -   sample   5/50  idx= 2715871   1142.9 ms    9.50 MB
2026-06-01 14:29:15,126 - INFO -   sample   6/50  idx= 5385126   1132.3 ms    9.50 MB
2026-06-01 14:29:16,173 - INFO -   sample   7/50  idx=  539051   1047.2 ms    9.50 MB
2026-06-01 14:29:17,196 - INFO -   sample   8/50  idx= 4373892   1022.6 ms    9.50 MB
2026-06-01 14:29:18,288 - INFO -   sample   9/50  idx= 1263616   1091.7 ms    9.50 MB
2026-06-01 14:29:19,363 - INFO -   sample  10/50  idx=  590680   1075.3 ms    9.50 MB
2026-06-01 14:29:20,465 - INFO -   sample  11/50  idx= 3302076   1101.2 ms    9.50 MB
2026-06-01 14:29:21,470 - INFO -   sample  12/50  idx= 6119103   1005.0 ms    9.50 MB
2026-06-01 14:29:22,473 - INFO -   sample  13/50  idx= 4614638   1003.0 ms    9.50 MB
2026-06-01 14:29:23,569 - INFO -   sample  14/50  idx= 4773868   1096.1 ms    9.50 MB
2026-06-01 14:29:24,578 - INFO -   sample  15/50  idx= 4500017   1009.0 ms    9.50 MB
2026-06-01 14:29:25,671 - INFO -   sample  16/50  idx= 4930195   1093.1 ms    9.50 MB
2026-06-01 14:29:26,785 - INFO -   sample  17/50  idx= 3218957   1113.4 ms    9.50 MB
2026-06-01 14:29:27,920 - INFO -   sample  18/50  idx=  803528   1135.4 ms    9.50 MB
2026-06-01 14:29:29,128 - INFO -   sample  19/50  idx= 5266900   1207.9 ms    9.50 MB
2026-06-01 14:29:30,434 - INFO -   sample  20/50  idx= 2824820   1305.6 ms    9.50 MB
2026-06-01 14:29:31,438 - INFO -   sample  21/50  idx= 3138207   1003.8 ms    9.50 MB
2026-06-01 14:29:32,529 - INFO -   sample  22/50  idx= 2325645   1090.6 ms    9.50 MB
2026-06-01 14:29:33,529 - INFO -   sample  23/50  idx= 1144951    999.7 ms    9.50 MB
2026-06-01 14:29:34,732 - INFO -   sample  24/50  idx= 5812670   1203.1 ms    9.50 MB
2026-06-01 14:29:35,800 - INFO -   sample  25/50  idx= 4901991   1067.5 ms    9.50 MB
2026-06-01 14:29:37,064 - INFO -   sample  26/50  idx= 4038322   1263.9 ms    9.50 MB
2026-06-01 14:29:38,287 - INFO -   sample  27/50  idx= 2523942   1223.2 ms    9.50 MB
2026-06-01 14:29:39,262 - INFO -   sample  28/50  idx= 5160360    975.2 ms    9.50 MB
2026-06-01 14:29:40,368 - INFO -   sample  29/50  idx= 3420931   1105.9 ms    9.50 MB
2026-06-01 14:29:41,419 - INFO -   sample  30/50  idx= 2781093   1051.1 ms    9.50 MB
2026-06-01 14:29:42,535 - INFO -   sample  31/50  idx= 2825282   1115.8 ms    9.50 MB
2026-06-01 14:29:43,606 - INFO -   sample  32/50  idx= 1425241   1070.7 ms    9.50 MB
2026-06-01 14:29:44,699 - INFO -   sample  33/50  idx=  577876   1092.7 ms    9.50 MB
2026-06-01 14:29:45,684 - INFO -   sample  34/50  idx= 3478355    984.9 ms    9.50 MB
2026-06-01 14:29:46,763 - INFO -   sample  35/50  idx= 5568845   1078.4 ms    9.50 MB
2026-06-01 14:29:47,843 - INFO -   sample  36/50  idx=  400261   1080.4 ms    9.50 MB
2026-06-01 14:29:49,157 - INFO -   sample  37/50  idx= 5383202   1313.6 ms    9.50 MB
2026-06-01 14:29:50,242 - INFO -   sample  38/50  idx= 5190902   1085.1 ms    9.50 MB
2026-06-01 14:29:51,519 - INFO -   sample  39/50  idx= 1735836   1277.0 ms    9.50 MB
2026-06-01 14:29:52,778 - INFO -   sample  40/50  idx= 3961799   1258.4 ms    9.50 MB
2026-06-01 14:29:53,760 - INFO -   sample  41/50  idx= 1036316    982.1 ms    9.50 MB
2026-06-01 14:29:54,986 - INFO -   sample  42/50  idx= 4754726   1226.2 ms    9.50 MB
2026-06-01 14:29:56,230 - INFO -   sample  43/50  idx= 4393680   1243.6 ms    9.50 MB
2026-06-01 14:29:57,578 - INFO -   sample  44/50  idx= 2223586   1347.5 ms    9.50 MB
2026-06-01 14:29:58,779 - INFO -   sample  45/50  idx=  425994   1201.3 ms    9.50 MB
2026-06-01 14:29:59,949 - INFO -   sample  46/50  idx= 6088218   1169.8 ms    9.50 MB
2026-06-01 14:30:00,954 - INFO -   sample  47/50  idx= 2795351   1005.1 ms    9.50 MB
2026-06-01 14:30:01,991 - INFO -   sample  48/50  idx= 5601655   1036.6 ms    9.50 MB
2026-06-01 14:30:03,225 - INFO -   sample  49/50  idx= 4251908   1233.6 ms    9.50 MB
2026-06-01 14:30:04,530 - INFO -   sample  50/50  idx= 4882021   1304.8 ms    9.50 MB
2026-06-01 14:30:04,530 - INFO - --- getitem | n=50 | mean= 1177.1 ms | median= 1101.1 ms | p95= 1324.1 ms | max= 3597.1 ms | sum=  58.85 s
2026-06-01 14:30:04,530 - INFO - --- size    | per-sample mean=  9.50 MB | max=  9.50 MB | total=475.00 MB
2026-06-01 14:30:04,531 - INFO - ================================================================================
2026-06-01 14:30:04,531 - INFO - PHASE 2 — DataLoader (batch_size=8, num_workers=12, prefetch_factor=4, pin_memory=True) — 50 batches
2026-06-01 14:30:04,531 - INFO - ================================================================================
slurmstepd: error: *** JOB 41321400 ON as01r1b02 CANCELLED AT 2026-06-01T14:58:40 DUE TO TIME LIMIT ***
slurmstepd: error: *** STEP 41321400.0 ON as01r1b02 CANCELLED AT 2026-06-01T14:58:40 DUE TO TIME LIMIT ***
srun: Job step aborted: Waiting up to 32 seconds for job step to finish.
