2026-06-11 15:25:10,195 - INFO - Recurrent UNet Model Successfully Configured and Initialized.
2026-06-11 15:25:10,215 - INFO - Starting from scratch (no valid checkpoint provided).
2026-06-11 15:25:10,745 - INFO - Train: 4480000 samples, Val: 640000 samples
2026-06-11 15:25:12,270 - INFO - Starting training from epoch 1
2026-06-11 15:25:21,078 - INFO - Epoch [1/1], Batch [1/200], Loss: 2.2479 (Overall: 2.2284, Change: 2.2674), TF Ratio: 1.000
2026-06-11 15:25:21,265 - INFO - Epoch [1/1], Batch [2/200], Loss: 2.2504 (Overall: 2.2814, Change: 2.2242), TF Ratio: 1.000
2026-06-11 15:25:21,416 - INFO - Epoch [1/1], Batch [3/200], Loss: 2.2499 (Overall: 2.3169, Change: 2.1813), TF Ratio: 0.999
2026-06-11 15:25:21,681 - INFO - Epoch [1/1], Batch [4/200], Loss: 2.2641 (Overall: 2.2704, Change: 2.3425), TF Ratio: 0.999
2026-06-11 15:25:21,834 - INFO - Epoch [1/1], Batch [5/200], Loss: 2.1925 (Overall: 1.7271, Change: 2.0853), TF Ratio: 0.999
2026-06-11 15:25:21,985 - INFO - Epoch [1/1], Batch [6/200], Loss: 2.1782 (Overall: 2.0943, Change: 2.1194), TF Ratio: 0.999
2026-06-11 15:25:22,137 - INFO - Epoch [1/1], Batch [7/200], Loss: 2.1572 (Overall: 1.8964, Change: 2.1652), TF Ratio: 0.999
2026-06-11 15:25:22,305 - INFO - Epoch [1/1], Batch [8/200], Loss: 2.1297 (Overall: 1.9337, Change: 1.9410), TF Ratio: 0.998
2026-06-11 15:25:22,462 - INFO - Epoch [1/1], Batch [9/200], Loss: 2.0977 (Overall: 1.6364, Change: 2.0471), TF Ratio: 0.998
2026-06-11 15:25:22,623 - INFO - Epoch [1/1], Batch [10/200], Loss: 2.0664 (Overall: 1.5757, Change: 1.9938), TF Ratio: 0.998
2026-06-11 15:25:22,777 - INFO - Epoch [1/1], Batch [11/200], Loss: 2.0390 (Overall: 1.6392, Change: 1.8911), TF Ratio: 0.998
2026-06-11 15:25:22,934 - INFO - Epoch [1/1], Batch [12/200], Loss: 2.0281 (Overall: 1.6431, Change: 2.1738), TF Ratio: 0.998
2026-06-11 15:25:23,096 - INFO - Epoch [1/1], Batch [13/200], Loss: 2.0079 (Overall: 1.6731, Change: 1.8574), TF Ratio: 0.997
2026-06-11 15:25:23,251 - INFO - Epoch [1/1], Batch [14/200], Loss: 1.9794 (Overall: 1.3943, Change: 1.8222), TF Ratio: 0.997
2026-06-11 15:25:24,963 - INFO - Epoch [1/1], Batch [15/200], Loss: 1.9693 (Overall: 1.6517, Change: 2.0059), TF Ratio: 0.997
2026-06-11 15:25:25,120 - INFO - Epoch [1/1], Batch [16/200], Loss: 1.9589 (Overall: 1.6596, Change: 1.9448), TF Ratio: 0.997
2026-06-11 15:25:25,273 - INFO - Epoch [1/1], Batch [17/200], Loss: 1.9382 (Overall: 1.3928, Change: 1.8228), TF Ratio: 0.997
2026-06-11 15:25:25,426 - INFO - Epoch [1/1], Batch [18/200], Loss: 1.9264 (Overall: 1.5001, Change: 1.9493), TF Ratio: 0.996
2026-06-11 15:25:25,577 - INFO - Epoch [1/1], Batch [19/200], Loss: 1.9131 (Overall: 1.5306, Change: 1.8180), TF Ratio: 0.996
2026-06-11 15:25:25,735 - INFO - Epoch [1/1], Batch [20/200], Loss: 1.9022 (Overall: 1.5407, Change: 1.8489), TF Ratio: 0.996
2026-06-11 15:25:25,895 - INFO - Epoch [1/1], Batch [21/200], Loss: 1.8911 (Overall: 1.4107, Change: 1.9279), TF Ratio: 0.996
2026-06-11 15:25:26,047 - INFO - Epoch [1/1], Batch [22/200], Loss: 1.8780 (Overall: 1.4121, Change: 1.7935), TF Ratio: 0.996
2026-06-11 15:25:26,199 - INFO - Epoch [1/1], Batch [23/200], Loss: 1.8686 (Overall: 1.4511, Change: 1.8740), TF Ratio: 0.995
2026-06-11 15:25:26,354 - INFO - Epoch [1/1], Batch [24/200], Loss: 1.8603 (Overall: 1.4471, Change: 1.8886), TF Ratio: 0.995
2026-06-11 15:25:26,510 - INFO - Epoch [1/1], Batch [25/200], Loss: 1.8501 (Overall: 1.5233, Change: 1.6870), TF Ratio: 0.995
2026-06-11 15:25:26,663 - INFO - Epoch [1/1], Batch [26/200], Loss: 1.8431 (Overall: 1.4684, Change: 1.8695), TF Ratio: 0.995
2026-06-11 15:25:26,817 - INFO - Epoch [1/1], Batch [27/200], Loss: 1.8330 (Overall: 1.2716, Change: 1.8700), TF Ratio: 0.995
2026-06-11 15:25:26,992 - INFO - Epoch [1/1], Batch [28/200], Loss: 1.8187 (Overall: 1.2000, Change: 1.6641), TF Ratio: 0.994
2026-06-11 15:25:27,146 - INFO - Epoch [1/1], Batch [29/200], Loss: 1.8100 (Overall: 1.4495, Change: 1.6870), TF Ratio: 0.994
2026-06-11 15:25:27,300 - INFO - Epoch [1/1], Batch [30/200], Loss: 1.8013 (Overall: 1.3905, Change: 1.7064), TF Ratio: 0.994
2026-06-11 15:25:27,463 - INFO - Epoch [1/1], Batch [31/200], Loss: 1.7932 (Overall: 1.3696, Change: 1.7276), TF Ratio: 0.994
2026-06-11 15:25:27,625 - INFO - Epoch [1/1], Batch [32/200], Loss: 1.7870 (Overall: 1.3070, Change: 1.8833), TF Ratio: 0.994
2026-06-11 15:25:35,612 - INFO - Epoch [1/1], Batch [33/200], Loss: 1.7743 (Overall: 1.2391, Change: 1.4966), TF Ratio: 0.993
2026-06-11 15:25:35,763 - INFO - Epoch [1/1], Batch [34/200], Loss: 1.7632 (Overall: 1.2258, Change: 1.5702), TF Ratio: 0.993
2026-06-11 15:25:35,914 - INFO - Epoch [1/1], Batch [35/200], Loss: 1.7564 (Overall: 1.4579, Change: 1.5943), TF Ratio: 0.993
2026-06-11 15:25:36,076 - INFO - Epoch [1/1], Batch [36/200], Loss: 1.7499 (Overall: 1.4516, Change: 1.5924), TF Ratio: 0.993
2026-06-11 15:25:36,228 - INFO - Epoch [1/1], Batch [37/200], Loss: 1.7437 (Overall: 1.2921, Change: 1.7447), TF Ratio: 0.993
2026-06-11 15:25:36,381 - INFO - Epoch [1/1], Batch [38/200], Loss: 1.7371 (Overall: 1.1504, Change: 1.8359), TF Ratio: 0.992
2026-06-11 15:25:36,534 - INFO - Epoch [1/1], Batch [39/200], Loss: 1.7312 (Overall: 1.2784, Change: 1.7408), TF Ratio: 0.992
2026-06-11 15:25:36,692 - INFO - Epoch [1/1], Batch [40/200], Loss: 1.7261 (Overall: 1.2812, Change: 1.7715), TF Ratio: 0.992
2026-06-11 15:25:36,846 - INFO - Epoch [1/1], Batch [41/200], Loss: 1.7250 (Overall: 1.5459, Change: 1.8108), TF Ratio: 0.992
2026-06-11 15:25:36,998 - INFO - Epoch [1/1], Batch [42/200], Loss: 1.7159 (Overall: 1.1870, Change: 1.5034), TF Ratio: 0.992
2026-06-11 15:25:37,150 - INFO - Epoch [1/1], Batch [43/200], Loss: 1.7113 (Overall: 1.0883, Change: 1.9459), TF Ratio: 0.991
2026-06-11 15:25:37,308 - INFO - Epoch [1/1], Batch [44/200], Loss: 1.7117 (Overall: 1.7117, Change: 1.7478), TF Ratio: 0.991
2026-06-11 15:25:37,461 - INFO - Epoch [1/1], Batch [45/200], Loss: 1.7075 (Overall: 1.4489, Change: 1.5954), TF Ratio: 0.991
2026-06-11 15:25:37,623 - INFO - Epoch [1/1], Batch [46/200], Loss: 1.7010 (Overall: 1.1189, Change: 1.6997), TF Ratio: 0.991
2026-06-11 15:25:37,775 - INFO - Epoch [1/1], Batch [47/200], Loss: 1.6995 (Overall: 1.4161, Change: 1.8411), TF Ratio: 0.991
2026-06-11 15:25:38,053 - INFO - Epoch [1/1], Batch [48/200], Loss: 1.6982 (Overall: 1.2845, Change: 1.9908), TF Ratio: 0.990
2026-06-11 15:25:38,207 - INFO - Epoch [1/1], Batch [49/200], Loss: 1.6903 (Overall: 1.1545, Change: 1.4661), TF Ratio: 0.990
2026-06-11 15:25:38,359 - INFO - Epoch [1/1], Batch [50/200], Loss: 1.6861 (Overall: 1.2594, Change: 1.7055), TF Ratio: 0.990
2026-06-11 15:25:38,511 - INFO - Epoch [1/1], Batch [51/200], Loss: 1.6818 (Overall: 1.2264, Change: 1.7042), TF Ratio: 0.990
2026-06-11 15:25:38,673 - INFO - Epoch [1/1], Batch [52/200], Loss: 1.6807 (Overall: 1.3166, Change: 1.9387), TF Ratio: 0.990
2026-06-11 15:25:38,830 - INFO - Epoch [1/1], Batch [53/200], Loss: 1.6754 (Overall: 1.3786, Change: 1.4201), TF Ratio: 0.989
2026-06-11 15:25:46,913 - INFO - Epoch [1/1], Batch [54/200], Loss: 1.6698 (Overall: 1.3555, Change: 1.3826), TF Ratio: 0.989
2026-06-11 15:25:47,067 - INFO - Epoch [1/1], Batch [55/200], Loss: 1.6618 (Overall: 1.1299, Change: 1.3374), TF Ratio: 0.989
2026-06-11 15:25:47,218 - INFO - Epoch [1/1], Batch [56/200], Loss: 1.6582 (Overall: 1.1780, Change: 1.7425), TF Ratio: 0.989
2026-06-11 15:25:47,369 - INFO - Epoch [1/1], Batch [57/200], Loss: 1.6540 (Overall: 1.1672, Change: 1.6702), TF Ratio: 0.989
2026-06-11 15:25:47,520 - INFO - Epoch [1/1], Batch [58/200], Loss: 1.6492 (Overall: 1.0498, Change: 1.6968), TF Ratio: 0.988
2026-06-11 15:25:47,671 - INFO - Epoch [1/1], Batch [59/200], Loss: 1.6442 (Overall: 1.0868, Change: 1.6236), TF Ratio: 0.988
2026-06-11 15:25:47,831 - INFO - Epoch [1/1], Batch [60/200], Loss: 1.6407 (Overall: 1.2780, Change: 1.5849), TF Ratio: 0.988
2026-06-11 15:25:47,985 - INFO - Epoch [1/1], Batch [61/200], Loss: 1.6370 (Overall: 1.0729, Change: 1.7652), TF Ratio: 0.988
2026-06-11 15:25:48,138 - INFO - Epoch [1/1], Batch [62/200], Loss: 1.6334 (Overall: 1.1579, Change: 1.6635), TF Ratio: 0.988
2026-06-11 15:25:48,290 - INFO - Epoch [1/1], Batch [63/200], Loss: 1.6302 (Overall: 1.3196, Change: 1.5501), TF Ratio: 0.987
2026-06-11 15:25:48,446 - INFO - Epoch [1/1], Batch [64/200], Loss: 1.6281 (Overall: 1.3140, Change: 1.6732), TF Ratio: 0.987
2026-06-11 15:25:48,600 - INFO - Epoch [1/1], Batch [65/200], Loss: 1.6299 (Overall: 1.7959, Change: 1.6920), TF Ratio: 0.987
2026-06-11 15:25:48,762 - INFO - Epoch [1/1], Batch [66/200], Loss: 1.6286 (Overall: 1.1243, Change: 1.9723), TF Ratio: 0.987
2026-06-11 15:25:48,914 - INFO - Epoch [1/1], Batch [67/200], Loss: 1.6243 (Overall: 1.0504, Change: 1.6321), TF Ratio: 0.987
2026-06-11 15:25:49,077 - INFO - Epoch [1/1], Batch [68/200], Loss: 1.6211 (Overall: 1.0599, Change: 1.7513), TF Ratio: 0.986
2026-06-11 15:25:49,238 - INFO - Epoch [1/1], Batch [69/200], Loss: 1.6167 (Overall: 1.0624, Change: 1.5749), TF Ratio: 0.986
2026-06-11 15:25:49,392 - INFO - Epoch [1/1], Batch [70/200], Loss: 1.6125 (Overall: 1.2076, Change: 1.4283), TF Ratio: 0.986
2026-06-11 15:25:49,544 - INFO - Epoch [1/1], Batch [71/200], Loss: 1.6101 (Overall: 1.2464, Change: 1.6465), TF Ratio: 0.986
2026-06-11 15:25:49,699 - INFO - Epoch [1/1], Batch [72/200], Loss: 1.6054 (Overall: 1.1466, Change: 1.3867), TF Ratio: 0.986
2026-06-11 15:25:49,851 - INFO - Epoch [1/1], Batch [73/200], Loss: 1.5979 (Overall: 1.0472, Change: 1.0755), TF Ratio: 0.985
2026-06-11 15:25:50,007 - INFO - Epoch [1/1], Batch [74/200], Loss: 1.5951 (Overall: 1.2867, Change: 1.4878), TF Ratio: 0.985
2026-06-11 15:25:50,169 - INFO - Epoch [1/1], Batch [75/200], Loss: 1.5998 (Overall: 1.8454, Change: 2.0607), TF Ratio: 0.985
2026-06-11 15:25:50,339 - INFO - Epoch [1/1], Batch [76/200], Loss: 1.5949 (Overall: 1.0158, Change: 1.4314), TF Ratio: 0.985
2026-06-11 15:25:50,500 - INFO - Epoch [1/1], Batch [77/200], Loss: 1.5919 (Overall: 1.2544, Change: 1.4705), TF Ratio: 0.985
2026-06-11 15:25:50,654 - INFO - Epoch [1/1], Batch [78/200], Loss: 1.5891 (Overall: 0.9747, Change: 1.7775), TF Ratio: 0.984
2026-06-11 15:25:50,805 - INFO - Epoch [1/1], Batch [79/200], Loss: 1.5863 (Overall: 1.2543, Change: 1.4782), TF Ratio: 0.984
2026-06-11 15:25:50,968 - INFO - Epoch [1/1], Batch [80/200], Loss: 1.5845 (Overall: 1.1607, Change: 1.7323), TF Ratio: 0.984
2026-06-11 15:25:51,120 - INFO - Epoch [1/1], Batch [81/200], Loss: 1.5796 (Overall: 0.9920, Change: 1.3742), TF Ratio: 0.984
2026-06-11 15:25:51,273 - INFO - Epoch [1/1], Batch [82/200], Loss: 1.5773 (Overall: 1.2920, Change: 1.4919), TF Ratio: 0.984
2026-06-11 15:25:51,443 - INFO - Epoch [1/1], Batch [83/200], Loss: 1.5736 (Overall: 1.1147, Change: 1.4247), TF Ratio: 0.983
2026-06-11 15:25:51,603 - INFO - Epoch [1/1], Batch [84/200], Loss: 1.5697 (Overall: 1.0010, Change: 1.4970), TF Ratio: 0.983
2026-06-11 15:25:51,768 - INFO - Epoch [1/1], Batch [85/200], Loss: 1.5663 (Overall: 1.0469, Change: 1.5167), TF Ratio: 0.983
2026-06-11 15:25:51,921 - INFO - Epoch [1/1], Batch [86/200], Loss: 1.5645 (Overall: 1.0716, Change: 1.7490), TF Ratio: 0.983
2026-06-11 15:25:52,072 - INFO - Epoch [1/1], Batch [87/200], Loss: 1.5594 (Overall: 0.9923, Change: 1.2429), TF Ratio: 0.983
2026-06-11 15:25:52,242 - INFO - Epoch [1/1], Batch [88/200], Loss: 1.5562 (Overall: 1.1230, Change: 1.4296), TF Ratio: 0.982
2026-06-11 15:26:03,889 - INFO - Epoch [1/1], Batch [89/200], Loss: 1.5536 (Overall: 1.0889, Change: 1.5687), TF Ratio: 0.982
2026-06-11 15:26:04,040 - INFO - Epoch [1/1], Batch [90/200], Loss: 1.5532 (Overall: 1.3502, Change: 1.6781), TF Ratio: 0.982
2026-06-11 15:26:04,193 - INFO - Epoch [1/1], Batch [91/200], Loss: 1.5536 (Overall: 1.1511, Change: 2.0347), TF Ratio: 0.982
2026-06-11 15:26:04,348 - INFO - Epoch [1/1], Batch [92/200], Loss: 1.5511 (Overall: 1.0127, Change: 1.6269), TF Ratio: 0.982
2026-06-11 15:26:04,502 - INFO - Epoch [1/1], Batch [93/200], Loss: 1.5499 (Overall: 1.1453, Change: 1.7417), TF Ratio: 0.981
2026-06-11 15:26:04,665 - INFO - Epoch [1/1], Batch [94/200], Loss: 1.5461 (Overall: 1.0824, Change: 1.2950), TF Ratio: 0.981
2026-06-11 15:26:04,818 - INFO - Epoch [1/1], Batch [95/200], Loss: 1.5434 (Overall: 1.0661, Change: 1.5162), TF Ratio: 0.981
2026-06-11 15:26:04,971 - INFO - Epoch [1/1], Batch [96/200], Loss: 1.5426 (Overall: 1.2754, Change: 1.6628), TF Ratio: 0.981
2026-06-11 15:26:05,124 - INFO - Epoch [1/1], Batch [97/200], Loss: 1.5406 (Overall: 1.1163, Change: 1.5812), TF Ratio: 0.981
2026-06-11 15:26:05,276 - INFO - Epoch [1/1], Batch [98/200], Loss: 1.5374 (Overall: 0.9101, Change: 1.5425), TF Ratio: 0.980
2026-06-11 15:26:05,438 - INFO - Epoch [1/1], Batch [99/200], Loss: 1.5373 (Overall: 1.3062, Change: 1.7402), TF Ratio: 0.980
2026-06-11 15:26:05,591 - INFO - Epoch [1/1], Batch [100/200], Loss: 1.5361 (Overall: 1.2122, Change: 1.6300), TF Ratio: 0.980
2026-06-11 15:26:05,744 - INFO - Epoch [1/1], Batch [101/200], Loss: 1.5331 (Overall: 1.0168, Change: 1.4490), TF Ratio: 0.980
2026-06-11 15:26:05,904 - INFO - Epoch [1/1], Batch [102/200], Loss: 1.5307 (Overall: 0.9870, Change: 1.5966), TF Ratio: 0.980
2026-06-11 15:26:06,058 - INFO - Epoch [1/1], Batch [103/200], Loss: 1.5291 (Overall: 1.0872, Change: 1.6431), TF Ratio: 0.979
2026-06-11 15:26:06,233 - INFO - Epoch [1/1], Batch [104/200], Loss: 1.5271 (Overall: 0.9380, Change: 1.7083), TF Ratio: 0.979
2026-06-11 15:26:06,397 - INFO - Epoch [1/1], Batch [105/200], Loss: 1.5248 (Overall: 1.0331, Change: 1.5287), TF Ratio: 0.979
2026-06-11 15:26:06,549 - INFO - Epoch [1/1], Batch [106/200], Loss: 1.5233 (Overall: 1.0390, Change: 1.6848), TF Ratio: 0.979
2026-06-11 15:26:06,703 - INFO - Epoch [1/1], Batch [107/200], Loss: 1.5209 (Overall: 0.9859, Change: 1.5480), TF Ratio: 0.979
2026-06-11 15:26:06,859 - INFO - Epoch [1/1], Batch [108/200], Loss: 1.5189 (Overall: 0.9647, Change: 1.6451), TF Ratio: 0.978
2026-06-11 15:26:07,021 - INFO - Epoch [1/1], Batch [109/200], Loss: 1.5169 (Overall: 0.9738, Change: 1.6375), TF Ratio: 0.978
2026-06-11 15:26:07,180 - INFO - Epoch [1/1], Batch [110/200], Loss: 1.5148 (Overall: 1.0007, Change: 1.5579), TF Ratio: 0.978
2026-06-11 15:26:07,332 - INFO - Epoch [1/1], Batch [111/200], Loss: 1.5142 (Overall: 1.2574, Change: 1.6492), TF Ratio: 0.978
2026-06-11 15:26:07,488 - INFO - Epoch [1/1], Batch [112/200], Loss: 1.5108 (Overall: 1.0412, Change: 1.2264), TF Ratio: 0.978
2026-06-11 15:26:07,640 - INFO - Epoch [1/1], Batch [113/200], Loss: 1.5106 (Overall: 1.2029, Change: 1.7615), TF Ratio: 0.977
2026-06-11 15:26:07,794 - INFO - Epoch [1/1], Batch [114/200], Loss: 1.5082 (Overall: 0.9317, Change: 1.5634), TF Ratio: 0.977
2026-06-11 15:26:07,946 - INFO - Epoch [1/1], Batch [115/200], Loss: 1.5072 (Overall: 1.2535, Change: 1.5320), TF Ratio: 0.977
2026-06-11 15:26:08,117 - INFO - Epoch [1/1], Batch [116/200], Loss: 1.5074 (Overall: 1.1810, Change: 1.8669), TF Ratio: 0.977
2026-06-11 15:26:08,270 - INFO - Epoch [1/1], Batch [117/200], Loss: 1.5079 (Overall: 1.2454, Change: 1.8923), TF Ratio: 0.977
2026-06-11 15:26:08,422 - INFO - Epoch [1/1], Batch [118/200], Loss: 1.5108 (Overall: 1.7934, Change: 1.9158), TF Ratio: 0.976
2026-06-11 15:26:08,576 - INFO - Epoch [1/1], Batch [119/200], Loss: 1.5077 (Overall: 1.0827, Change: 1.1964), TF Ratio: 0.976
2026-06-11 15:26:08,757 - INFO - Epoch [1/1], Batch [120/200], Loss: 1.5055 (Overall: 0.9839, Change: 1.4924), TF Ratio: 0.976
2026-06-11 15:26:08,910 - INFO - Epoch [1/1], Batch [121/200], Loss: 1.5024 (Overall: 0.9262, Change: 1.3401), TF Ratio: 0.976
2026-06-11 15:26:09,062 - INFO - Epoch [1/1], Batch [122/200], Loss: 1.5007 (Overall: 1.0752, Change: 1.5081), TF Ratio: 0.976
2026-06-11 15:26:09,220 - INFO - Epoch [1/1], Batch [123/200], Loss: 1.4984 (Overall: 0.9034, Change: 1.5321), TF Ratio: 0.975
2026-06-11 15:26:09,388 - INFO - Epoch [1/1], Batch [124/200], Loss: 1.4964 (Overall: 0.8967, Change: 1.6001), TF Ratio: 0.975
2026-06-11 15:26:09,556 - INFO - Epoch [1/1], Batch [125/200], Loss: 1.4962 (Overall: 1.2031, Change: 1.7458), TF Ratio: 0.975
2026-06-11 15:26:09,708 - INFO - Epoch [1/1], Batch [126/200], Loss: 1.4940 (Overall: 1.0561, Change: 1.3778), TF Ratio: 0.975
2026-06-11 15:26:09,863 - INFO - Epoch [1/1], Batch [127/200], Loss: 1.4923 (Overall: 1.0698, Change: 1.4977), TF Ratio: 0.975
2026-06-11 15:26:10,017 - INFO - Epoch [1/1], Batch [128/200], Loss: 1.4911 (Overall: 1.0102, Change: 1.6674), TF Ratio: 0.974
2026-06-11 15:26:10,174 - INFO - Epoch [1/1], Batch [129/200], Loss: 1.4903 (Overall: 1.1178, Change: 1.6613), TF Ratio: 0.974
2026-06-11 15:26:10,327 - INFO - Epoch [1/1], Batch [130/200], Loss: 1.4885 (Overall: 1.0789, Change: 1.4340), TF Ratio: 0.974
2026-06-11 15:26:10,480 - INFO - Epoch [1/1], Batch [131/200], Loss: 1.4865 (Overall: 1.0802, Change: 1.3583), TF Ratio: 0.974
2026-06-11 15:26:10,661 - INFO - Epoch [1/1], Batch [132/200], Loss: 1.4841 (Overall: 1.0273, Change: 1.3277), TF Ratio: 0.974
2026-06-11 15:26:10,815 - INFO - Epoch [1/1], Batch [133/200], Loss: 1.4832 (Overall: 1.2115, Change: 1.4975), TF Ratio: 0.973
2026-06-11 15:26:10,967 - INFO - Epoch [1/1], Batch [134/200], Loss: 1.4819 (Overall: 1.0191, Change: 1.6183), TF Ratio: 0.973
2026-06-11 15:26:11,119 - INFO - Epoch [1/1], Batch [135/200], Loss: 1.4802 (Overall: 0.9903, Change: 1.5124), TF Ratio: 0.973
2026-06-11 15:26:11,286 - INFO - Epoch [1/1], Batch [136/200], Loss: 1.4786 (Overall: 0.9013, Change: 1.6314), TF Ratio: 0.973
2026-06-11 15:26:11,442 - INFO - Epoch [1/1], Batch [137/200], Loss: 1.4760 (Overall: 1.0669, Change: 1.1603), TF Ratio: 0.973
2026-06-11 15:26:11,594 - INFO - Epoch [1/1], Batch [138/200], Loss: 1.4733 (Overall: 1.0061, Change: 1.1992), TF Ratio: 0.972
2026-06-11 15:26:11,747 - INFO - Epoch [1/1], Batch [139/200], Loss: 1.4717 (Overall: 1.0533, Change: 1.4448), TF Ratio: 0.972
2026-06-11 15:26:11,908 - INFO - Epoch [1/1], Batch [140/200], Loss: 1.4711 (Overall: 1.2646, Change: 1.5141), TF Ratio: 0.972
2026-06-11 15:26:12,063 - INFO - Epoch [1/1], Batch [141/200], Loss: 1.4714 (Overall: 1.2828, Change: 1.7377), TF Ratio: 0.972
2026-06-11 15:26:12,220 - INFO - Epoch [1/1], Batch [142/200], Loss: 1.4710 (Overall: 1.3373, Change: 1.5020), TF Ratio: 0.972
2026-06-11 15:26:12,377 - INFO - Epoch [1/1], Batch [143/200], Loss: 1.4705 (Overall: 1.4314, Change: 1.3717), TF Ratio: 0.971
2026-06-11 15:26:12,532 - INFO - Epoch [1/1], Batch [144/200], Loss: 1.4691 (Overall: 1.0513, Change: 1.4809), TF Ratio: 0.971
2026-06-11 15:26:12,691 - INFO - Epoch [1/1], Batch [145/200], Loss: 1.4675 (Overall: 1.0263, Change: 1.4429), TF Ratio: 0.971
2026-06-11 15:26:12,847 - INFO - Epoch [1/1], Batch [146/200], Loss: 1.4669 (Overall: 0.9567, Change: 1.7984), TF Ratio: 0.971
2026-06-11 15:26:13,002 - INFO - Epoch [1/1], Batch [147/200], Loss: 1.4647 (Overall: 1.0076, Change: 1.2973), TF Ratio: 0.971
2026-06-11 15:26:13,168 - INFO - Epoch [1/1], Batch [148/200], Loss: 1.4641 (Overall: 1.1966, Change: 1.5587), TF Ratio: 0.970
2026-06-11 15:26:13,322 - INFO - Epoch [1/1], Batch [149/200], Loss: 1.4609 (Overall: 1.0373, Change: 0.9146), TF Ratio: 0.970
2026-06-11 15:26:13,475 - INFO - Epoch [1/1], Batch [150/200], Loss: 1.4617 (Overall: 1.4957, Change: 1.6704), TF Ratio: 0.970
2026-06-11 15:26:13,629 - INFO - Epoch [1/1], Batch [151/200], Loss: 1.4603 (Overall: 1.1165, Change: 1.3839), TF Ratio: 0.970
2026-06-11 15:26:13,787 - INFO - Epoch [1/1], Batch [152/200], Loss: 1.4603 (Overall: 1.0909, Change: 1.8290), TF Ratio: 0.970
2026-06-11 15:26:13,943 - INFO - Epoch [1/1], Batch [153/200], Loss: 1.4598 (Overall: 1.0384, Change: 1.7312), TF Ratio: 0.969
2026-06-11 15:26:14,098 - INFO - Epoch [1/1], Batch [154/200], Loss: 1.4595 (Overall: 0.9418, Change: 1.9050), TF Ratio: 0.969
2026-06-11 15:26:14,256 - INFO - Epoch [1/1], Batch [155/200], Loss: 1.4584 (Overall: 0.8681, Change: 1.6873), TF Ratio: 0.969
2026-06-11 15:26:25,127 - INFO - Epoch [1/1], Batch [156/200], Loss: 1.4584 (Overall: 1.4088, Change: 1.5245), TF Ratio: 0.969
2026-06-11 15:26:25,284 - INFO - Epoch [1/1], Batch [157/200], Loss: 1.4577 (Overall: 0.9927, Change: 1.6879), TF Ratio: 0.969
2026-06-11 15:26:25,435 - INFO - Epoch [1/1], Batch [158/200], Loss: 1.4555 (Overall: 0.9765, Change: 1.2687), TF Ratio: 0.968
2026-06-11 15:26:25,586 - INFO - Epoch [1/1], Batch [159/200], Loss: 1.4561 (Overall: 1.2874, Change: 1.7958), TF Ratio: 0.968
2026-06-11 15:26:35,817 - INFO - Epoch [1/1], Batch [160/200], Loss: 1.4563 (Overall: 1.3563, Change: 1.6169), TF Ratio: 0.968
2026-06-11 15:26:35,975 - INFO - Epoch [1/1], Batch [161/200], Loss: 1.4552 (Overall: 1.1552, Change: 1.4048), TF Ratio: 0.968
2026-06-11 15:26:36,128 - INFO - Epoch [1/1], Batch [162/200], Loss: 1.4547 (Overall: 1.1638, Change: 1.6010), TF Ratio: 0.968
2026-06-11 15:26:36,284 - INFO - Epoch [1/1], Batch [163/200], Loss: 1.4547 (Overall: 0.9803, Change: 1.9127), TF Ratio: 0.967
2026-06-11 15:26:36,439 - INFO - Epoch [1/1], Batch [164/200], Loss: 1.4542 (Overall: 1.2512, Change: 1.5017), TF Ratio: 0.967
2026-06-11 15:26:36,593 - INFO - Epoch [1/1], Batch [165/200], Loss: 1.4521 (Overall: 0.9962, Change: 1.2242), TF Ratio: 0.967
2026-06-11 15:26:36,746 - INFO - Epoch [1/1], Batch [166/200], Loss: 1.4523 (Overall: 1.2705, Change: 1.6907), TF Ratio: 0.967
2026-06-11 15:26:36,899 - INFO - Epoch [1/1], Batch [167/200], Loss: 1.4503 (Overall: 0.8882, Change: 1.3447), TF Ratio: 0.967
2026-06-11 15:26:37,055 - INFO - Epoch [1/1], Batch [168/200], Loss: 1.4487 (Overall: 0.8456, Change: 1.5086), TF Ratio: 0.966
2026-06-11 15:26:37,209 - INFO - Epoch [1/1], Batch [169/200], Loss: 1.4472 (Overall: 0.8068, Change: 1.5956), TF Ratio: 0.966
2026-06-11 15:26:37,362 - INFO - Epoch [1/1], Batch [170/200], Loss: 1.4468 (Overall: 1.1034, Change: 1.6450), TF Ratio: 0.966
2026-06-11 15:26:37,515 - INFO - Epoch [1/1], Batch [171/200], Loss: 1.4458 (Overall: 1.0777, Change: 1.4940), TF Ratio: 0.966
2026-06-11 15:26:37,680 - INFO - Epoch [1/1], Batch [172/200], Loss: 1.4448 (Overall: 1.0654, Change: 1.4728), TF Ratio: 0.966
2026-06-11 15:26:37,833 - INFO - Epoch [1/1], Batch [173/200], Loss: 1.4451 (Overall: 1.3865, Change: 1.6151), TF Ratio: 0.965
2026-06-11 15:26:37,986 - INFO - Epoch [1/1], Batch [174/200], Loss: 1.4435 (Overall: 0.8379, Change: 1.5069), TF Ratio: 0.965
2026-06-11 15:26:38,141 - INFO - Epoch [1/1], Batch [175/200], Loss: 1.4430 (Overall: 1.2696, Change: 1.4122), TF Ratio: 0.965
2026-06-11 15:26:38,308 - INFO - Epoch [1/1], Batch [176/200], Loss: 1.4413 (Overall: 0.7847, Change: 1.5167), TF Ratio: 0.965
2026-06-11 15:26:38,464 - INFO - Epoch [1/1], Batch [177/200], Loss: 1.4411 (Overall: 1.0568, Change: 1.7393), TF Ratio: 0.965
2026-06-11 15:26:38,623 - INFO - Epoch [1/1], Batch [178/200], Loss: 1.4415 (Overall: 1.1011, Change: 1.9266), TF Ratio: 0.964
2026-06-11 15:26:38,776 - INFO - Epoch [1/1], Batch [179/200], Loss: 1.4393 (Overall: 0.8529, Change: 1.2502), TF Ratio: 0.964
2026-06-11 15:26:38,944 - INFO - Epoch [1/1], Batch [180/200], Loss: 1.4388 (Overall: 1.1885, Change: 1.5152), TF Ratio: 0.964
2026-06-11 15:26:39,098 - INFO - Epoch [1/1], Batch [181/200], Loss: 1.4384 (Overall: 1.0760, Change: 1.6618), TF Ratio: 0.964
2026-06-11 15:26:39,251 - INFO - Epoch [1/1], Batch [182/200], Loss: 1.4378 (Overall: 0.9896, Change: 1.6508), TF Ratio: 0.964
2026-06-11 15:26:39,404 - INFO - Epoch [1/1], Batch [183/200], Loss: 1.4385 (Overall: 1.1241, Change: 2.0057), TF Ratio: 0.963
2026-06-11 15:26:39,578 - INFO - Epoch [1/1], Batch [184/200], Loss: 1.4379 (Overall: 1.2930, Change: 1.3630), TF Ratio: 0.963
2026-06-11 15:26:39,754 - INFO - Epoch [1/1], Batch [185/200], Loss: 1.4361 (Overall: 0.8996, Change: 1.3184), TF Ratio: 0.963
2026-06-11 15:26:39,906 - INFO - Epoch [1/1], Batch [186/200], Loss: 1.4363 (Overall: 1.2524, Change: 1.7039), TF Ratio: 0.963
2026-06-11 15:26:40,058 - INFO - Epoch [1/1], Batch [187/200], Loss: 1.4363 (Overall: 1.0202, Change: 1.8335), TF Ratio: 0.963
2026-06-11 15:26:43,233 - INFO - Epoch [1/1], Batch [188/200], Loss: 1.4361 (Overall: 1.0279, Change: 1.7934), TF Ratio: 0.962
2026-06-11 15:26:43,386 - INFO - Epoch [1/1], Batch [189/200], Loss: 1.4350 (Overall: 0.9528, Change: 1.4943), TF Ratio: 0.962
2026-06-11 15:26:43,541 - INFO - Epoch [1/1], Batch [190/200], Loss: 1.4334 (Overall: 0.7354, Change: 1.5250), TF Ratio: 0.962
2026-06-11 15:26:43,694 - INFO - Epoch [1/1], Batch [191/200], Loss: 1.4319 (Overall: 0.9304, Change: 1.3682), TF Ratio: 0.962
2026-06-11 15:26:43,849 - INFO - Epoch [1/1], Batch [192/200], Loss: 1.4320 (Overall: 1.2122, Change: 1.6973), TF Ratio: 0.962
2026-06-11 15:26:44,002 - INFO - Epoch [1/1], Batch [193/200], Loss: 1.4319 (Overall: 1.1727, Change: 1.6363), TF Ratio: 0.961
2026-06-11 15:26:44,156 - INFO - Epoch [1/1], Batch [194/200], Loss: 1.4310 (Overall: 0.9904, Change: 1.5230), TF Ratio: 0.961
2026-06-11 15:26:44,311 - INFO - Epoch [1/1], Batch [195/200], Loss: 1.4299 (Overall: 0.8221, Change: 1.6075), TF Ratio: 0.961
2026-06-11 15:26:44,474 - INFO - Epoch [1/1], Batch [196/200], Loss: 1.4292 (Overall: 1.0331, Change: 1.5470), TF Ratio: 0.961
2026-06-11 15:26:44,629 - INFO - Epoch [1/1], Batch [197/200], Loss: 1.4281 (Overall: 1.0855, Change: 1.3566), TF Ratio: 0.961
2026-06-11 15:26:44,781 - INFO - Epoch [1/1], Batch [198/200], Loss: 1.4276 (Overall: 1.2424, Change: 1.4185), TF Ratio: 0.960
2026-06-11 15:26:44,934 - INFO - Epoch [1/1], Batch [199/200], Loss: 1.4269 (Overall: 0.9849, Change: 1.5918), TF Ratio: 0.960
2026-06-11 15:26:45,098 - INFO - Epoch [1/1], Batch [200/200], Loss: 1.4265 (Overall: 0.9431, Change: 1.7452), TF Ratio: 0.960
2026-06-11 15:26:48,807 - INFO - Epoch 1 done. Validating...
2026-06-11 15:27:11,607 - INFO - Epoch [1/1] | Train: 1.4228 | Val: 0.9002
2026-06-11 15:27:11,806 - INFO - Checkpoint saved: /gpfs/scratch/bsc32/bsc096444/ai4land-tfm/trained_models/unet_impl/41654675/best_model.pth
2026-06-11 15:27:12,026 - INFO - Checkpoint saved: /gpfs/scratch/bsc32/bsc096444/ai4land-tfm/trained_models/unet_impl/41654675/model_epoch_1.pth
2026-06-11 15:27:12,370 - INFO - Training complete.
