2026-06-07 09:06:35,626 - INFO - Split: train | land_index=/gpfs/projects/ehpc606/ai4land/CONCERTO/land_index/land_pixel_index_sample.npy
2026-06-07 09:06:35,627 - INFO - Stores: /gpfs/scratch/ehpc736/data/AI4LAND_NON_preprocessed-data-2000-2015.zarr
2026-06-07 09:06:35,627 - INFO - Sweep: num_workers=[0, 1, 4, 12] | num_batches=80 | batch_timeout=30s
2026-06-07 09:06:44,262 - INFO - Dataset: SingleZarrDataset | length=6,272,000
2026-06-07 09:06:44,263 - INFO - ================================================================================
2026-06-07 09:06:44,263 - INFO - PHASE 1 — __getitem__ + per-modality merged (50 samples)
2026-06-07 09:06:44,263 - INFO - ================================================================================
2026-06-07 09:06:47,465 - INFO - shapes: (2, 15, 256, 256) (2, 1, 256, 256) (6, 256, 256) (1, 256, 256) (2, 256, 256) | bytes/sample:   9.50 MB
2026-06-07 09:06:47,465 - INFO -   sample   1/50   3202.4 ms
2026-06-07 09:06:48,783 - INFO -   sample   2/50   1318.1 ms
2026-06-07 09:06:49,939 - INFO -   sample   3/50   1155.3 ms
2026-06-07 09:06:51,141 - INFO -   sample   4/50   1202.4 ms
2026-06-07 09:06:52,301 - INFO -   sample   5/50   1159.9 ms
2026-06-07 09:06:53,478 - INFO -   sample   6/50   1176.3 ms
2026-06-07 09:06:54,683 - INFO -   sample   7/50   1204.8 ms
2026-06-07 09:06:55,682 - INFO -   sample   8/50    999.0 ms
2026-06-07 09:06:56,800 - INFO -   sample   9/50   1117.9 ms
2026-06-07 09:06:57,860 - INFO -   sample  10/50   1060.4 ms
2026-06-07 09:06:58,994 - INFO -   sample  11/50   1133.9 ms
2026-06-07 09:07:00,135 - INFO -   sample  12/50   1140.8 ms
2026-06-07 09:07:01,187 - INFO -   sample  13/50   1051.2 ms
2026-06-07 09:07:02,314 - INFO -   sample  14/50   1127.0 ms
2026-06-07 09:07:03,331 - INFO -   sample  15/50   1017.6 ms
2026-06-07 09:07:04,591 - INFO -   sample  16/50   1260.1 ms
2026-06-07 09:07:05,648 - INFO -   sample  17/50   1055.9 ms
2026-06-07 09:07:06,823 - INFO -   sample  18/50   1175.6 ms
2026-06-07 09:07:08,049 - INFO -   sample  19/50   1225.6 ms
2026-06-07 09:07:09,375 - INFO -   sample  20/50   1326.2 ms
2026-06-07 09:07:10,428 - INFO -   sample  21/50   1052.5 ms
2026-06-07 09:07:11,575 - INFO -   sample  22/50   1146.7 ms
2026-06-07 09:07:12,653 - INFO -   sample  23/50   1078.2 ms
2026-06-07 09:07:13,940 - INFO -   sample  24/50   1287.3 ms
2026-06-07 09:07:15,021 - INFO -   sample  25/50   1080.0 ms
2026-06-07 09:07:16,287 - INFO -   sample  26/50   1266.0 ms
2026-06-07 09:07:17,768 - INFO -   sample  27/50   1480.9 ms
2026-06-07 09:07:18,878 - INFO -   sample  28/50   1110.2 ms
2026-06-07 09:07:20,153 - INFO -   sample  29/50   1274.6 ms
2026-06-07 09:07:21,287 - INFO -   sample  30/50   1134.4 ms
2026-06-07 09:07:22,555 - INFO -   sample  31/50   1267.4 ms
2026-06-07 09:07:23,620 - INFO -   sample  32/50   1065.7 ms
2026-06-07 09:07:24,759 - INFO -   sample  33/50   1138.1 ms
2026-06-07 09:07:25,809 - INFO -   sample  34/50   1050.5 ms
2026-06-07 09:07:27,005 - INFO -   sample  35/50   1196.0 ms
2026-06-07 09:07:28,133 - INFO -   sample  36/50   1127.1 ms
2026-06-07 09:07:29,371 - INFO -   sample  37/50   1237.8 ms
2026-06-07 09:07:30,468 - INFO -   sample  38/50   1096.9 ms
2026-06-07 09:07:31,723 - INFO -   sample  39/50   1254.9 ms
2026-06-07 09:07:33,035 - INFO -   sample  40/50   1312.7 ms
2026-06-07 09:07:34,102 - INFO -   sample  41/50   1066.8 ms
2026-06-07 09:07:35,425 - INFO -   sample  42/50   1322.9 ms
2026-06-07 09:07:36,669 - INFO -   sample  43/50   1243.2 ms
2026-06-07 09:07:38,096 - INFO -   sample  44/50   1427.5 ms
2026-06-07 09:07:39,263 - INFO -   sample  45/50   1166.9 ms
2026-06-07 09:07:40,449 - INFO -   sample  46/50   1186.1 ms
2026-06-07 09:07:41,617 - INFO -   sample  47/50   1167.5 ms
2026-06-07 09:07:42,712 - INFO -   sample  48/50   1094.7 ms
2026-06-07 09:07:44,020 - INFO -   sample  49/50   1308.1 ms
2026-06-07 09:07:45,395 - INFO -   sample  50/50   1374.2 ms
2026-06-07 09:07:45,395 - INFO - --- getitem | n=50 | mean= 1222.5 ms | median= 1167.2 ms | p95= 1403.5 ms | max= 3202.4 ms | sum=  61.13 s
2026-06-07 09:07:45,395 - INFO - --- per-modality (load + preprocess merged) ---
2026-06-07 09:07:45,395 - INFO -   _get_luh2_data        : calls= 100 | mean=  444.0 ms | median=  414.9 ms | max= 2403.4 ms | total= 44.40 s (72.6%)
2026-06-07 09:07:45,395 - INFO -   _get_population_data  : calls= 100 | mean=   42.4 ms | median=   40.4 ms | max=   88.6 ms | total=  4.24 s ( 6.9%)
2026-06-07 09:07:45,395 - INFO -   _get_kg_data          : calls= 100 | mean=   39.0 ms | median=   38.4 ms | max=   62.7 ms | total=  3.90 s ( 6.4%)
2026-06-07 09:07:45,395 - INFO -   _get_static_data      : calls=  50 | mean=   82.1 ms | median=   82.3 ms | max=  114.1 ms | total=  4.10 s ( 6.7%)
2026-06-07 09:07:45,395 - INFO -   _get_hilda_prior      : calls=  50 | mean=   42.3 ms | median=   40.9 ms | max=  127.1 ms | total=  2.11 s ( 3.5%)
2026-06-07 09:07:45,395 - INFO -   _get_hilda_target     : calls=  50 | mean=   43.9 ms | median=   42.3 ms | max=   67.5 ms | total=  2.19 s ( 3.6%)
2026-06-07 09:07:45,424 - INFO - ================================================================================
2026-06-07 09:07:45,424 - INFO - PHASE 2 — __getitem__ + load vs preprocess split (50 samples)
2026-06-07 09:07:45,424 - INFO - ================================================================================
2026-06-07 09:07:46,531 - INFO -   sample   1/50   1107.6 ms
2026-06-07 09:07:47,637 - INFO -   sample   2/50   1105.8 ms
2026-06-07 09:07:48,640 - INFO -   sample   3/50   1003.0 ms
2026-06-07 09:07:49,755 - INFO -   sample   4/50   1114.6 ms
2026-06-07 09:07:51,068 - INFO -   sample   5/50   1312.6 ms
2026-06-07 09:07:52,186 - INFO -   sample   6/50   1118.3 ms
2026-06-07 09:07:53,272 - INFO -   sample   7/50   1085.8 ms
2026-06-07 09:07:54,342 - INFO -   sample   8/50   1069.7 ms
2026-06-07 09:07:55,532 - INFO -   sample   9/50   1189.7 ms
2026-06-07 09:07:56,637 - INFO -   sample  10/50   1105.4 ms
2026-06-07 09:07:57,677 - INFO -   sample  11/50   1039.6 ms
2026-06-07 09:07:58,719 - INFO -   sample  12/50   1041.4 ms
2026-06-07 09:07:59,742 - INFO -   sample  13/50   1023.3 ms
2026-06-07 09:08:00,927 - INFO -   sample  14/50   1185.0 ms
2026-06-07 09:08:02,115 - INFO -   sample  15/50   1187.5 ms
2026-06-07 09:08:03,175 - INFO -   sample  16/50   1060.0 ms
2026-06-07 09:08:04,209 - INFO -   sample  17/50   1033.6 ms
2026-06-07 09:08:05,343 - INFO -   sample  18/50   1134.8 ms
2026-06-07 09:08:06,414 - INFO -   sample  19/50   1070.7 ms
2026-06-07 09:08:07,534 - INFO -   sample  20/50   1119.8 ms
2026-06-07 09:08:08,566 - INFO -   sample  21/50   1031.4 ms
2026-06-07 09:08:09,658 - INFO -   sample  22/50   1092.0 ms
2026-06-07 09:08:10,905 - INFO -   sample  23/50   1247.2 ms
2026-06-07 09:08:11,981 - INFO -   sample  24/50   1075.6 ms
2026-06-07 09:08:13,078 - INFO -   sample  25/50   1097.4 ms
2026-06-07 09:08:14,103 - INFO -   sample  26/50   1025.0 ms
2026-06-07 09:08:15,243 - INFO -   sample  27/50   1139.6 ms
2026-06-07 09:08:16,606 - INFO -   sample  28/50   1363.1 ms
2026-06-07 09:08:17,725 - INFO -   sample  29/50   1118.0 ms
2026-06-07 09:08:18,962 - INFO -   sample  30/50   1237.2 ms
2026-06-07 09:08:20,098 - INFO -   sample  31/50   1136.0 ms
2026-06-07 09:08:21,252 - INFO -   sample  32/50   1153.7 ms
2026-06-07 09:08:22,240 - INFO -   sample  33/50    987.8 ms
2026-06-07 09:08:23,370 - INFO -   sample  34/50   1129.9 ms
2026-06-07 09:08:24,414 - INFO -   sample  35/50   1043.8 ms
2026-06-07 09:08:25,675 - INFO -   sample  36/50   1261.4 ms
2026-06-07 09:08:26,717 - INFO -   sample  37/50   1041.9 ms
2026-06-07 09:08:27,951 - INFO -   sample  38/50   1233.2 ms
2026-06-07 09:08:29,118 - INFO -   sample  39/50   1167.7 ms
2026-06-07 09:08:30,233 - INFO -   sample  40/50   1114.5 ms
2026-06-07 09:08:31,286 - INFO -   sample  41/50   1052.6 ms
2026-06-07 09:08:32,408 - INFO -   sample  42/50   1121.6 ms
2026-06-07 09:08:33,462 - INFO -   sample  43/50   1054.5 ms
2026-06-07 09:08:34,745 - INFO -   sample  44/50   1282.6 ms
2026-06-07 09:08:35,789 - INFO -   sample  45/50   1044.3 ms
2026-06-07 09:08:36,986 - INFO -   sample  46/50   1196.8 ms
2026-06-07 09:08:38,167 - INFO -   sample  47/50   1180.2 ms
2026-06-07 09:08:39,278 - INFO -   sample  48/50   1111.2 ms
2026-06-07 09:08:40,428 - INFO -   sample  49/50   1149.6 ms
2026-06-07 09:08:41,559 - INFO -   sample  50/50   1131.0 ms
2026-06-07 09:08:41,559 - INFO - --- getitem | n=50 | mean= 1122.6 ms | median= 1114.6 ms | p95= 1273.1 ms | max= 1363.1 ms | sum=  56.13 s
2026-06-07 09:08:41,559 - INFO - --- per-modality (load | preprocess split) ---
2026-06-07 09:08:41,559 - INFO -   luh2          : calls= 100 | load mean=  380.1 ms total= 38.01 s (67.7%) | prep mean=   31.9 ms total=  3.19 s ( 5.7%)
2026-06-07 09:08:41,560 - INFO -   population    : calls= 100 | load mean=   40.1 ms total=  4.01 s ( 7.1%) | prep mean=    0.1 ms total=  0.01 s ( 0.0%)
2026-06-07 09:08:41,560 - INFO -   kg            : calls= 100 | load mean=   35.6 ms total=  3.56 s ( 6.3%) | prep mean=    0.0 ms total=  0.00 s ( 0.0%)
2026-06-07 09:08:41,560 - INFO -   static        : calls=  50 | load mean=   42.7 ms total=  2.14 s ( 3.8%) | prep mean=   18.6 ms total=  0.93 s ( 1.7%)
2026-06-07 09:08:41,560 - INFO -   hilda_prior   : calls=  50 | load mean=   41.7 ms total=  2.08 s ( 3.7%) | prep mean=    0.2 ms total=  0.01 s ( 0.0%)
2026-06-07 09:08:41,560 - INFO -   hilda_target  : calls=  50 | load mean=   40.3 ms total=  2.01 s ( 3.6%) | prep mean=    0.4 ms total=  0.02 s ( 0.0%)
2026-06-07 09:08:41,560 - INFO - ================================================================================
2026-06-07 09:08:41,560 - INFO - PHASE 3 — DataLoader sweep over num_workers=[0, 1, 4, 12] (batch_size=8, prefetch_factor=4 when workers>0, pin_memory=True, persistent_workers=False) — 80 batches per config, per-batch timeout=30s, wall budget=900s
2026-06-07 09:08:41,560 - INFO - ================================================================================
2026-06-07 09:08:41,560 - INFO - --------------------------------------------------------------------------------
2026-06-07 09:08:41,560 - INFO - num_workers = 0
2026-06-07 09:08:41,560 - INFO - --------------------------------------------------------------------------------
2026-06-07 09:08:54,790 - [w=0] -   batch   1/80    9870.0 ms   76.00 MB
2026-06-07 09:09:03,824 - [w=0] -   batch   2/80    9033.3 ms   76.00 MB
2026-06-07 09:09:12,612 - [w=0] -   batch   3/80    8787.9 ms   76.00 MB
2026-06-07 09:09:21,852 - [w=0] -   batch   4/80    9240.3 ms   76.00 MB
2026-06-07 09:09:30,990 - [w=0] -   batch   5/80    9137.1 ms   76.00 MB
2026-06-07 09:09:40,490 - [w=0] -   batch   6/80    9500.5 ms   76.00 MB
2026-06-07 09:09:49,792 - [w=0] -   batch   7/80    9301.5 ms   76.00 MB
2026-06-07 09:09:58,990 - [w=0] -   batch   8/80    9197.2 ms   76.00 MB
2026-06-07 09:10:08,290 - [w=0] -   batch   9/80    9300.4 ms   76.00 MB
2026-06-07 09:10:17,499 - [w=0] -   batch  10/80    9208.2 ms   76.00 MB
2026-06-07 09:10:25,929 - [w=0] -   batch  11/80    8429.9 ms   76.00 MB
2026-06-07 09:10:35,146 - [w=0] -   batch  12/80    9217.3 ms   76.00 MB
2026-06-07 09:10:44,872 - [w=0] -   batch  13/80    9725.6 ms   76.00 MB
2026-06-07 09:10:53,750 - [w=0] -   batch  14/80    8878.3 ms   76.00 MB
2026-06-07 09:11:02,748 - [w=0] -   batch  15/80    8997.4 ms   76.00 MB
2026-06-07 09:11:11,821 - [w=0] -   batch  16/80    9072.6 ms   76.00 MB
2026-06-07 09:11:21,576 - [w=0] -   batch  17/80    9755.4 ms   76.00 MB
2026-06-07 09:11:30,080 - [w=0] -   batch  18/80    8502.9 ms   76.00 MB
2026-06-07 09:11:39,510 - [w=0] -   batch  19/80    9430.2 ms   76.00 MB
2026-06-07 09:11:48,592 - [w=0] -   batch  20/80    9082.0 ms   76.00 MB
2026-06-07 09:11:58,106 - [w=0] -   batch  21/80    9513.4 ms   76.00 MB
2026-06-07 09:12:07,437 - [w=0] -   batch  22/80    9331.1 ms   76.00 MB
2026-06-07 09:12:16,718 - [w=0] -   batch  23/80    9280.8 ms   76.00 MB
2026-06-07 09:12:26,012 - [w=0] -   batch  24/80    9294.1 ms   76.00 MB
2026-06-07 09:12:35,110 - [w=0] -   batch  25/80    9097.0 ms   76.00 MB
2026-06-07 09:12:44,552 - [w=0] -   batch  26/80    9442.5 ms   76.00 MB
2026-06-07 09:12:53,737 - [w=0] -   batch  27/80    9184.2 ms   76.00 MB
2026-06-07 09:13:03,079 - [w=0] -   batch  28/80    9342.3 ms   76.00 MB
2026-06-07 09:13:12,523 - [w=0] -   batch  29/80    9443.1 ms   76.00 MB
2026-06-07 09:13:22,089 - [w=0] -   batch  30/80    9566.7 ms   76.00 MB
2026-06-07 09:13:31,245 - [w=0] -   batch  31/80    9155.9 ms   76.00 MB
2026-06-07 09:13:40,757 - [w=0] -   batch  32/80    9511.8 ms   76.00 MB
2026-06-07 09:13:50,081 - [w=0] -   batch  33/80    9323.0 ms   76.00 MB
2026-06-07 09:13:59,006 - [w=0] -   batch  34/80    8924.9 ms   76.00 MB
2026-06-07 09:14:08,617 - [w=0] -   batch  35/80    9611.0 ms   76.00 MB
2026-06-07 09:14:17,199 - [w=0] -   batch  36/80    8582.0 ms   76.00 MB
2026-06-07 09:14:26,484 - [w=0] -   batch  37/80    9284.3 ms   76.00 MB
2026-06-07 09:14:35,339 - [w=0] -   batch  38/80    8854.7 ms   76.00 MB
2026-06-07 09:14:44,462 - [w=0] -   batch  39/80    9123.2 ms   76.00 MB
2026-06-07 09:14:53,721 - [w=0] -   batch  40/80    9258.3 ms   76.00 MB
2026-06-07 09:15:02,463 - [w=0] -   batch  41/80    8742.2 ms   76.00 MB
2026-06-07 09:15:11,357 - [w=0] -   batch  42/80    8893.7 ms   76.00 MB
2026-06-07 09:15:19,612 - [w=0] -   batch  43/80    8255.3 ms   76.00 MB
2026-06-07 09:15:28,754 - [w=0] -   batch  44/80    9141.0 ms   76.00 MB
2026-06-07 09:15:37,961 - [w=0] -   batch  45/80    9207.1 ms   76.00 MB
2026-06-07 09:15:46,183 - [w=0] -   batch  46/80    8221.6 ms   76.00 MB
2026-06-07 09:15:55,690 - [w=0] -   batch  47/80    9506.8 ms   76.00 MB
2026-06-07 09:16:04,821 - [w=0] -   batch  48/80    9131.4 ms   76.00 MB
2026-06-07 09:16:13,559 - [w=0] -   batch  49/80    8737.4 ms   76.00 MB
2026-06-07 09:16:22,558 - [w=0] -   batch  50/80    8998.7 ms   76.00 MB
2026-06-07 09:16:31,759 - [w=0] -   batch  51/80    9201.7 ms   76.00 MB
2026-06-07 09:16:40,158 - [w=0] -   batch  52/80    8397.9 ms   76.00 MB
2026-06-07 09:16:48,927 - [w=0] -   batch  53/80    8769.1 ms   76.00 MB
2026-06-07 09:16:57,395 - [w=0] -   batch  54/80    8468.1 ms   76.00 MB
2026-06-07 09:17:06,962 - [w=0] -   batch  55/80    9566.8 ms   76.00 MB
2026-06-07 09:17:15,870 - [w=0] -   batch  56/80    8907.4 ms   76.00 MB
2026-06-07 09:17:24,943 - [w=0] -   batch  57/80    9073.1 ms   76.00 MB
2026-06-07 09:17:34,377 - [w=0] -   batch  58/80    9433.4 ms   76.00 MB
2026-06-07 09:17:43,605 - [w=0] -   batch  59/80    9228.7 ms   76.00 MB
2026-06-07 09:17:52,931 - [w=0] -   batch  60/80    9325.2 ms   76.00 MB
2026-06-07 09:18:01,834 - [w=0] -   batch  61/80    8902.6 ms   76.00 MB
2026-06-07 09:18:10,845 - [w=0] -   batch  62/80    9011.3 ms   76.00 MB
2026-06-07 09:18:19,345 - [w=0] -   batch  63/80    8499.2 ms   76.00 MB
2026-06-07 09:18:27,813 - [w=0] -   batch  64/80    8468.7 ms   76.00 MB
2026-06-07 09:18:36,379 - [w=0] -   batch  65/80    8565.3 ms   76.00 MB
2026-06-07 09:18:45,087 - [w=0] -   batch  66/80    8707.5 ms   76.00 MB
2026-06-07 09:18:54,164 - [w=0] -   batch  67/80    9077.3 ms   76.00 MB
2026-06-07 09:19:02,864 - [w=0] -   batch  68/80    8699.6 ms   76.00 MB
2026-06-07 09:19:12,569 - [w=0] -   batch  69/80    9704.8 ms   76.00 MB
2026-06-07 09:19:20,961 - [w=0] -   batch  70/80    8391.9 ms   76.00 MB
2026-06-07 09:19:29,007 - [w=0] -   batch  71/80    8046.0 ms   76.00 MB
2026-06-07 09:19:37,249 - [w=0] -   batch  72/80    8241.7 ms   76.00 MB
2026-06-07 09:19:45,903 - [w=0] -   batch  73/80    8653.7 ms   76.00 MB
2026-06-07 09:19:54,548 - [w=0] -   batch  74/80    8644.6 ms   76.00 MB
2026-06-07 09:20:03,491 - [w=0] -   batch  75/80    8942.6 ms   76.00 MB
2026-06-07 09:20:12,148 - [w=0] -   batch  76/80    8657.2 ms   76.00 MB
2026-06-07 09:20:21,304 - [w=0] -   batch  77/80    9155.9 ms   76.00 MB
2026-06-07 09:20:30,398 - [w=0] -   batch  78/80    9093.4 ms   76.00 MB
2026-06-07 09:20:39,276 - [w=0] -   batch  79/80    8878.6 ms   76.00 MB
2026-06-07 09:20:47,701 - [w=0] -   batch  80/80    8424.7 ms   76.00 MB
2026-06-07 09:20:49,228 - INFO - cold batch: 9870.0 ms (includes worker startup)
2026-06-07 09:20:49,229 - INFO - --- warm batches | n=79 | mean= 9024.0 ms | median= 9093.4 ms | p95= 9571.2 ms | max= 9755.4 ms | sum= 712.90 s
2026-06-07 09:20:49,229 - INFO - --- throughput |    0.9 samples/s |   0.11 batches/s
2026-06-07 09:20:49,229 - INFO - --------------------------------------------------------------------------------
2026-06-07 09:20:49,229 - INFO - num_workers = 1
2026-06-07 09:20:49,229 - INFO - --------------------------------------------------------------------------------
2026-06-07 09:21:03,463 - [w=1] -   batch   1/80    9318.9 ms   76.00 MB
2026-06-07 09:21:12,470 - [w=1] -   batch   2/80    9006.1 ms   76.00 MB
2026-06-07 09:21:20,847 - [w=1] -   batch   3/80    8377.7 ms   76.00 MB
2026-06-07 09:21:29,348 - [w=1] -   batch   4/80    8500.1 ms   76.00 MB
2026-06-07 09:21:38,379 - [w=1] -   batch   5/80    9031.5 ms   76.00 MB
2026-06-07 09:21:47,180 - [w=1] -   batch   6/80    8800.3 ms   76.00 MB
2026-06-07 09:21:55,852 - [w=1] -   batch   7/80    8672.0 ms   76.00 MB
2026-06-07 09:22:04,923 - [w=1] -   batch   8/80    9070.7 ms   76.00 MB
2026-06-07 09:22:13,903 - [w=1] -   batch   9/80    8979.6 ms   76.00 MB
2026-06-07 09:22:22,749 - [w=1] -   batch  10/80    8846.0 ms   76.00 MB
2026-06-07 09:22:31,678 - [w=1] -   batch  11/80    8929.0 ms   76.00 MB
2026-06-07 09:22:40,051 - [w=1] -   batch  12/80    8373.5 ms   76.00 MB
2026-06-07 09:22:49,029 - [w=1] -   batch  13/80    8977.3 ms   76.00 MB
2026-06-07 09:22:57,704 - [w=1] -   batch  14/80    8675.4 ms   76.00 MB
2026-06-07 09:23:06,886 - [w=1] -   batch  15/80    9181.1 ms   76.00 MB
2026-06-07 09:23:16,211 - [w=1] -   batch  16/80    9324.7 ms   76.00 MB
2026-06-07 09:23:25,374 - [w=1] -   batch  17/80    9163.1 ms   76.00 MB
2026-06-07 09:23:34,310 - [w=1] -   batch  18/80    8935.7 ms   76.00 MB
2026-06-07 09:23:42,664 - [w=1] -   batch  19/80    8353.8 ms   76.00 MB
2026-06-07 09:23:52,156 - [w=1] -   batch  20/80    9491.8 ms   76.00 MB
2026-06-07 09:24:00,607 - [w=1] -   batch  21/80    8450.8 ms   76.00 MB
2026-06-07 09:24:09,644 - [w=1] -   batch  22/80    9037.2 ms   76.00 MB
2026-06-07 09:24:18,385 - [w=1] -   batch  23/80    8741.0 ms   76.00 MB
2026-06-07 09:24:27,516 - [w=1] -   batch  24/80    9130.6 ms   76.00 MB
2026-06-07 09:24:38,553 - [w=1] -   batch  25/80   11037.2 ms   76.00 MB
2026-06-07 09:24:46,887 - [w=1] -   batch  26/80    8334.2 ms   76.00 MB
2026-06-07 09:24:56,065 - [w=1] -   batch  27/80    9177.1 ms   76.00 MB
2026-06-07 09:25:07,215 - [w=1] -   batch  28/80   11150.6 ms   76.00 MB
2026-06-07 09:25:16,373 - [w=1] -   batch  29/80    9157.8 ms   76.00 MB
2026-06-07 09:25:24,616 - [w=1] -   batch  30/80    8242.9 ms   76.00 MB
2026-06-07 09:25:35,614 - [w=1] -   batch  31/80   10997.1 ms   76.00 MB
2026-06-07 09:25:44,921 - [w=1] -   batch  32/80    9307.0 ms   76.00 MB
2026-06-07 09:25:54,372 - [w=1] -   batch  33/80    9450.8 ms   76.00 MB
2026-06-07 09:26:03,466 - [w=1] -   batch  34/80    9094.4 ms   76.00 MB
2026-06-07 09:26:12,244 - [w=1] -   batch  35/80    8777.9 ms   76.00 MB
2026-06-07 09:26:20,585 - [w=1] -   batch  36/80    8340.7 ms   76.00 MB
2026-06-07 09:26:29,348 - [w=1] -   batch  37/80    8762.4 ms   76.00 MB
2026-06-07 09:26:38,768 - [w=1] -   batch  38/80    9420.2 ms   76.00 MB
2026-06-07 09:26:47,517 - [w=1] -   batch  39/80    8748.5 ms   76.00 MB
2026-06-07 09:26:57,293 - [w=1] -   batch  40/80    9775.4 ms   76.00 MB
2026-06-07 09:27:10,776 - [w=1] -   batch  41/80   13483.3 ms   76.00 MB
2026-06-07 09:27:19,912 - [w=1] -   batch  42/80    9136.2 ms   76.00 MB
2026-06-07 09:27:27,903 - [w=1] -   batch  43/80    7990.0 ms   76.00 MB
2026-06-07 09:27:37,131 - [w=1] -   batch  44/80    9228.0 ms   76.00 MB
2026-06-07 09:27:45,189 - [w=1] -   batch  45/80    8058.0 ms   76.00 MB
2026-06-07 09:27:53,247 - [w=1] -   batch  46/80    8058.3 ms   76.00 MB
2026-06-07 09:28:01,689 - [w=1] -   batch  47/80    8441.4 ms   76.00 MB
2026-06-07 09:28:10,695 - [w=1] -   batch  48/80    9005.6 ms   76.00 MB
2026-06-07 09:28:19,050 - [w=1] -   batch  49/80    8355.8 ms   76.00 MB
2026-06-07 09:28:27,870 - [w=1] -   batch  50/80    8819.0 ms   76.00 MB
2026-06-07 09:28:36,823 - [w=1] -   batch  51/80    8953.6 ms   76.00 MB
2026-06-07 09:28:45,962 - [w=1] -   batch  52/80    9137.8 ms   76.00 MB
2026-06-07 09:28:53,807 - [w=1] -   batch  53/80    7845.6 ms   76.00 MB
2026-06-07 09:29:03,089 - [w=1] -   batch  54/80    9281.2 ms   76.00 MB
2026-06-07 09:29:11,682 - [w=1] -   batch  55/80    8592.9 ms   76.00 MB
2026-06-07 09:29:20,483 - [w=1] -   batch  56/80    8801.0 ms   76.00 MB
2026-06-07 09:29:29,605 - [w=1] -   batch  57/80    9121.9 ms   76.00 MB
2026-06-07 09:29:38,362 - [w=1] -   batch  58/80    8757.1 ms   76.00 MB
2026-06-07 09:29:47,306 - [w=1] -   batch  59/80    8944.0 ms   76.00 MB
2026-06-07 09:29:56,749 - [w=1] -   batch  60/80    9442.3 ms   76.00 MB
2026-06-07 09:30:06,025 - [w=1] -   batch  61/80    9275.8 ms   76.00 MB
2026-06-07 09:30:15,711 - [w=1] -   batch  62/80    9686.3 ms   76.00 MB
2026-06-07 09:30:24,015 - [w=1] -   batch  63/80    8303.8 ms   76.00 MB
2026-06-07 09:30:32,955 - [w=1] -   batch  64/80    8940.1 ms   76.00 MB
2026-06-07 09:30:40,938 - [w=1] -   batch  65/80    7982.7 ms   76.00 MB
2026-06-07 09:30:50,025 - [w=1] -   batch  66/80    9087.0 ms   76.00 MB
2026-06-07 09:30:58,893 - [w=1] -   batch  67/80    8867.3 ms   76.00 MB
2026-06-07 09:31:07,976 - [w=1] -   batch  68/80    9082.8 ms   76.00 MB
2026-06-07 09:31:17,020 - [w=1] -   batch  69/80    9044.4 ms   76.00 MB
2026-06-07 09:31:25,596 - [w=1] -   batch  70/80    8575.1 ms   76.00 MB
2026-06-07 09:31:34,297 - [w=1] -   batch  71/80    8701.4 ms   76.00 MB
2026-06-07 09:31:42,485 - [w=1] -   batch  72/80    8187.7 ms   76.00 MB
2026-06-07 09:31:51,242 - [w=1] -   batch  73/80    8756.9 ms   76.00 MB
2026-06-07 09:31:59,839 - [w=1] -   batch  74/80    8596.3 ms   76.00 MB
2026-06-07 09:32:08,112 - [w=1] -   batch  75/80    8273.6 ms   76.00 MB
2026-06-07 09:32:16,382 - [w=1] -   batch  76/80    8269.8 ms   76.00 MB
2026-06-07 09:32:25,046 - [w=1] -   batch  77/80    8663.1 ms   76.00 MB
2026-06-07 09:32:33,620 - [w=1] -   batch  78/80    8574.2 ms   76.00 MB
2026-06-07 09:32:42,521 - [w=1] -   batch  79/80    8901.1 ms   76.00 MB
2026-06-07 09:32:51,323 - [w=1] -   batch  80/80    8801.4 ms   76.00 MB
2026-06-07 09:32:56,883 - INFO - cold batch: 9318.9 ms (includes worker startup)
2026-06-07 09:32:56,883 - INFO - --- warm batches | n=79 | mean= 8960.1 ms | median= 8901.1 ms | p95= 9897.6 ms | max=13483.3 ms | sum= 707.85 s
2026-06-07 09:32:56,883 - INFO - --- throughput |    0.9 samples/s |   0.11 batches/s
2026-06-07 09:32:56,883 - INFO - --------------------------------------------------------------------------------
2026-06-07 09:32:56,883 - INFO - num_workers = 4
2026-06-07 09:32:56,884 - INFO - --------------------------------------------------------------------------------
2026-06-07 09:33:20,609 - [w=4] -   batch   1/80    9824.6 ms   76.00 MB
2026-06-07 09:33:21,545 - [w=4] -   batch   2/80     936.1 ms   76.00 MB
2026-06-07 09:33:21,545 - [w=4] -   batch   3/80       0.1 ms   76.00 MB
2026-06-07 09:33:21,892 - [w=4] -   batch   4/80     346.9 ms   76.00 MB
2026-06-07 09:33:30,357 - [w=4] -   batch   5/80    8464.4 ms   76.00 MB
2026-06-07 09:33:30,672 - [w=4] -   batch   6/80     314.6 ms   76.00 MB
2026-06-07 09:33:30,672 - [w=4] -   batch   7/80       0.2 ms   76.00 MB
2026-06-07 09:33:31,262 - [w=4] -   batch   8/80     589.9 ms   76.00 MB
2026-06-07 09:33:41,044 - [w=4] -   batch   9/80    9782.4 ms   76.00 MB
2026-06-07 09:33:41,045 - [w=4] -   batch  10/80       0.2 ms   76.00 MB
2026-06-07 09:33:41,045 - [w=4] -   batch  11/80       0.1 ms   76.00 MB
2026-06-07 09:33:41,045 - [w=4] -   batch  12/80       0.1 ms   76.00 MB
2026-06-07 09:33:51,274 - [w=4] -   batch  13/80   10228.9 ms   76.00 MB
2026-06-07 09:33:51,274 - [w=4] -   batch  14/80       0.2 ms   76.00 MB
2026-06-07 09:33:51,274 - [w=4] -   batch  15/80       0.1 ms   76.00 MB
2026-06-07 09:33:51,274 - [w=4] -   batch  16/80       0.0 ms   76.00 MB
2026-06-07 09:34:01,045 - [w=4] -   batch  17/80    9770.4 ms   76.00 MB
2026-06-07 09:34:01,184 - [w=4] -   batch  18/80     138.4 ms   76.00 MB
2026-06-07 09:34:01,184 - [w=4] -   batch  19/80       0.2 ms   76.00 MB
2026-06-07 09:34:01,184 - [w=4] -   batch  20/80       0.1 ms   76.00 MB
2026-06-07 09:34:10,752 - [w=4] -   batch  21/80    9567.7 ms   76.00 MB
2026-06-07 09:34:10,752 - [w=4] -   batch  22/80       0.1 ms   76.00 MB
2026-06-07 09:34:10,752 - [w=4] -   batch  23/80       0.1 ms   76.00 MB
2026-06-07 09:34:10,752 - [w=4] -   batch  24/80       0.1 ms   76.00 MB
2026-06-07 09:34:20,353 - [w=4] -   batch  25/80    9600.4 ms   76.00 MB
2026-06-07 09:34:20,353 - [w=4] -   batch  26/80       0.2 ms   76.00 MB
2026-06-07 09:34:20,353 - [w=4] -   batch  27/80       0.1 ms   76.00 MB
2026-06-07 09:34:20,833 - [w=4] -   batch  28/80     479.6 ms   76.00 MB
2026-06-07 09:34:30,247 - [w=4] -   batch  29/80    9413.8 ms   76.00 MB
2026-06-07 09:34:30,247 - [w=4] -   batch  30/80       0.1 ms   76.00 MB
2026-06-07 09:34:30,247 - [w=4] -   batch  31/80       0.0 ms   76.00 MB
2026-06-07 09:34:30,808 - [w=4] -   batch  32/80     561.2 ms   76.00 MB
2026-06-07 09:34:40,316 - [w=4] -   batch  33/80    9507.1 ms   76.00 MB
2026-06-07 09:34:40,316 - [w=4] -   batch  34/80       0.1 ms   76.00 MB
2026-06-07 09:34:40,316 - [w=4] -   batch  35/80       0.1 ms   76.00 MB
2026-06-07 09:34:40,614 - [w=4] -   batch  36/80     297.9 ms   76.00 MB
2026-06-07 09:34:50,779 - [w=4] -   batch  37/80   10165.2 ms   76.00 MB
2026-06-07 09:34:50,780 - [w=4] -   batch  38/80       0.1 ms   76.00 MB
2026-06-07 09:34:50,780 - [w=4] -   batch  39/80       0.2 ms   76.00 MB
2026-06-07 09:34:50,780 - [w=4] -   batch  40/80       0.1 ms   76.00 MB
2026-06-07 09:35:00,542 - [w=4] -   batch  41/80    9761.9 ms   76.00 MB
2026-06-07 09:35:00,542 - [w=4] -   batch  42/80       0.1 ms   76.00 MB
2026-06-07 09:35:00,543 - [w=4] -   batch  43/80       0.1 ms   76.00 MB
2026-06-07 09:35:00,543 - [w=4] -   batch  44/80       0.1 ms   76.00 MB
2026-06-07 09:35:10,729 - [w=4] -   batch  45/80   10186.0 ms   76.00 MB
2026-06-07 09:35:10,729 - [w=4] -   batch  46/80       0.2 ms   76.00 MB
2026-06-07 09:35:10,729 - [w=4] -   batch  47/80       0.1 ms   76.00 MB
2026-06-07 09:35:10,920 - [w=4] -   batch  48/80     190.4 ms   76.00 MB
2026-06-07 09:35:20,543 - [w=4] -   batch  49/80    9622.9 ms   76.00 MB
2026-06-07 09:35:20,543 - [w=4] -   batch  50/80       0.1 ms   76.00 MB
2026-06-07 09:35:20,543 - [w=4] -   batch  51/80       0.1 ms   76.00 MB
2026-06-07 09:35:21,713 - [w=4] -   batch  52/80    1169.9 ms   76.00 MB
2026-06-07 09:35:30,061 - [w=4] -   batch  53/80    8347.6 ms   76.00 MB
2026-06-07 09:35:30,061 - [w=4] -   batch  54/80       0.1 ms   76.00 MB
2026-06-07 09:35:30,061 - [w=4] -   batch  55/80       0.1 ms   76.00 MB
2026-06-07 09:35:31,303 - [w=4] -   batch  56/80    1241.5 ms   76.00 MB
2026-06-07 09:35:39,856 - [w=4] -   batch  57/80    8553.6 ms   76.00 MB
2026-06-07 09:35:39,857 - [w=4] -   batch  58/80       0.2 ms   76.00 MB
2026-06-07 09:35:39,857 - [w=4] -   batch  59/80       0.1 ms   76.00 MB
2026-06-07 09:35:40,968 - [w=4] -   batch  60/80    1110.6 ms   76.00 MB
2026-06-07 09:35:49,348 - [w=4] -   batch  61/80    8379.8 ms   76.00 MB
2026-06-07 09:35:49,348 - [w=4] -   batch  62/80       0.2 ms   76.00 MB
2026-06-07 09:35:49,348 - [w=4] -   batch  63/80       0.0 ms   76.00 MB
2026-06-07 09:35:51,189 - [w=4] -   batch  64/80    1840.6 ms   76.00 MB
2026-06-07 09:35:58,875 - [w=4] -   batch  65/80    7686.6 ms   76.00 MB
2026-06-07 09:35:58,876 - [w=4] -   batch  66/80       0.1 ms   76.00 MB
2026-06-07 09:35:58,876 - [w=4] -   batch  67/80       0.1 ms   76.00 MB
2026-06-07 09:36:01,005 - [w=4] -   batch  68/80    2128.9 ms   76.00 MB
2026-06-07 09:36:08,852 - [w=4] -   batch  69/80    7846.7 ms   76.00 MB
2026-06-07 09:36:08,852 - [w=4] -   batch  70/80       0.1 ms   76.00 MB
2026-06-07 09:36:08,852 - [w=4] -   batch  71/80       0.2 ms   76.00 MB
2026-06-07 09:36:11,052 - [w=4] -   batch  72/80    2199.8 ms   76.00 MB
2026-06-07 09:36:18,619 - [w=4] -   batch  73/80    7566.7 ms   76.00 MB
2026-06-07 09:36:19,345 - [w=4] -   batch  74/80     726.2 ms   76.00 MB
2026-06-07 09:36:19,345 - [w=4] -   batch  75/80       0.1 ms   76.00 MB
2026-06-07 09:36:20,974 - [w=4] -   batch  76/80    1628.7 ms   76.00 MB
2026-06-07 09:36:28,145 - [w=4] -   batch  77/80    7170.8 ms   76.00 MB
2026-06-07 09:36:29,466 - [w=4] -   batch  78/80    1321.0 ms   76.00 MB
2026-06-07 09:36:29,466 - [w=4] -   batch  79/80       0.1 ms   76.00 MB
2026-06-07 09:36:30,352 - [w=4] -   batch  80/80     885.4 ms   76.00 MB
2026-06-07 09:36:40,638 - INFO - cold batch: 9824.6 ms (includes worker startup)
2026-06-07 09:36:40,638 - INFO - --- warm batches | n=79 | mean= 2401.7 ms | median=    0.2 ms | p95= 9771.6 ms | max=10228.9 ms | sum= 189.74 s
2026-06-07 09:36:40,638 - INFO - --- throughput |    3.3 samples/s |   0.42 batches/s
2026-06-07 09:36:40,638 - INFO - --------------------------------------------------------------------------------
2026-06-07 09:36:40,638 - INFO - num_workers = 12
2026-06-07 09:36:40,638 - INFO - --------------------------------------------------------------------------------
2026-06-07 09:37:18,388 - [w=12] -   batch   1/80   11932.2 ms   76.00 MB
2026-06-07 09:37:18,389 - [w=12] -   batch   2/80       0.2 ms   76.00 MB
2026-06-07 09:37:18,389 - [w=12] -   batch   3/80       0.1 ms   76.00 MB
2026-06-07 09:37:19,136 - [w=12] -   batch   4/80     746.8 ms   76.00 MB
2026-06-07 09:37:19,136 - [w=12] -   batch   5/80       0.1 ms   76.00 MB
2026-06-07 09:37:19,136 - [w=12] -   batch   6/80       0.0 ms   76.00 MB
2026-06-07 09:37:19,136 - [w=12] -   batch   7/80       0.2 ms   76.00 MB
2026-06-07 09:37:19,136 - [w=12] -   batch   8/80       0.1 ms   76.00 MB
2026-06-07 09:37:19,136 - [w=12] -   batch   9/80       0.1 ms   76.00 MB
2026-06-07 09:37:19,136 - [w=12] -   batch  10/80       0.0 ms   76.00 MB
2026-06-07 09:37:19,137 - [w=12] -   batch  11/80       0.1 ms   76.00 MB
2026-06-07 09:37:19,137 - [w=12] -   batch  12/80       0.2 ms   76.00 MB
2026-06-07 09:37:29,506 - [w=12] -   batch  13/80   10368.6 ms   76.00 MB
2026-06-07 09:37:29,506 - [w=12] -   batch  14/80       0.2 ms   76.00 MB
2026-06-07 09:37:29,506 - [w=12] -   batch  15/80       0.1 ms   76.00 MB
2026-06-07 09:37:30,638 - [w=12] -   batch  16/80    1131.7 ms   76.00 MB
2026-06-07 09:37:30,638 - [w=12] -   batch  17/80       0.1 ms   76.00 MB
2026-06-07 09:37:30,638 - [w=12] -   batch  18/80       0.1 ms   76.00 MB
2026-06-07 09:37:30,638 - [w=12] -   batch  19/80       0.1 ms   76.00 MB
2026-06-07 09:37:30,638 - [w=12] -   batch  20/80       0.0 ms   76.00 MB
2026-06-07 09:37:30,639 - [w=12] -   batch  21/80       0.2 ms   76.00 MB
2026-06-07 09:37:30,844 - [w=12] -   batch  22/80     205.7 ms   76.00 MB
2026-06-07 09:37:30,845 - [w=12] -   batch  23/80       0.1 ms   76.00 MB
2026-06-07 09:37:30,845 - [w=12] -   batch  24/80       0.1 ms   76.00 MB
2026-06-07 09:37:41,283 - [w=12] -   batch  25/80   10438.3 ms   76.00 MB
2026-06-07 09:37:41,571 - [w=12] -   batch  26/80     287.4 ms   76.00 MB
2026-06-07 09:37:41,571 - [w=12] -   batch  27/80       0.3 ms   76.00 MB
2026-06-07 09:37:42,113 - [w=12] -   batch  28/80     541.7 ms   76.00 MB
2026-06-07 09:37:42,113 - [w=12] -   batch  29/80       0.2 ms   76.00 MB
2026-06-07 09:37:42,113 - [w=12] -   batch  30/80       0.0 ms   76.00 MB
2026-06-07 09:37:42,113 - [w=12] -   batch  31/80       0.0 ms   76.00 MB
2026-06-07 09:37:42,114 - [w=12] -   batch  32/80       0.3 ms   76.00 MB
2026-06-07 09:37:42,114 - [w=12] -   batch  33/80       0.1 ms   76.00 MB
2026-06-07 09:37:42,114 - [w=12] -   batch  34/80       0.1 ms   76.00 MB
2026-06-07 09:37:42,114 - [w=12] -   batch  35/80       0.1 ms   76.00 MB
2026-06-07 09:37:42,114 - [w=12] -   batch  36/80       0.1 ms   76.00 MB
2026-06-07 09:37:52,588 - [w=12] -   batch  37/80   10473.6 ms   76.00 MB
2026-06-07 09:37:53,585 - [w=12] -   batch  38/80     997.5 ms   76.00 MB
2026-06-07 09:37:53,586 - [w=12] -   batch  39/80       0.1 ms   76.00 MB
2026-06-07 09:37:53,586 - [w=12] -   batch  40/80       0.2 ms   76.00 MB
2026-06-07 09:37:53,586 - [w=12] -   batch  41/80       0.1 ms   76.00 MB
2026-06-07 09:37:53,586 - [w=12] -   batch  42/80       0.1 ms   76.00 MB
2026-06-07 09:37:53,586 - [w=12] -   batch  43/80       0.1 ms   76.00 MB
2026-06-07 09:37:53,586 - [w=12] -   batch  44/80       0.1 ms   76.00 MB
2026-06-07 09:37:53,587 - [w=12] -   batch  45/80       0.0 ms   76.00 MB
2026-06-07 09:37:53,587 - [w=12] -   batch  46/80       0.2 ms   76.00 MB
2026-06-07 09:37:53,587 - [w=12] -   batch  47/80       0.1 ms   76.00 MB
2026-06-07 09:37:53,587 - [w=12] -   batch  48/80       0.1 ms   76.00 MB
2026-06-07 09:38:04,546 - [w=12] -   batch  49/80   10958.6 ms   76.00 MB
2026-06-07 09:38:04,856 - [w=12] -   batch  50/80     309.7 ms   76.00 MB
2026-06-07 09:38:04,856 - [w=12] -   batch  51/80       0.1 ms   76.00 MB
2026-06-07 09:38:04,999 - [w=12] -   batch  52/80     142.8 ms   76.00 MB
2026-06-07 09:38:04,999 - [w=12] -   batch  53/80       0.2 ms   76.00 MB
2026-06-07 09:38:04,999 - [w=12] -   batch  54/80       0.1 ms   76.00 MB
2026-06-07 09:38:04,999 - [w=12] -   batch  55/80       0.1 ms   76.00 MB
2026-06-07 09:38:04,999 - [w=12] -   batch  56/80       0.1 ms   76.00 MB
2026-06-07 09:38:05,000 - [w=12] -   batch  57/80       0.1 ms   76.00 MB
2026-06-07 09:38:05,000 - [w=12] -   batch  58/80       0.1 ms   76.00 MB
2026-06-07 09:38:05,000 - [w=12] -   batch  59/80       0.1 ms   76.00 MB
2026-06-07 09:38:05,000 - [w=12] -   batch  60/80       0.1 ms   76.00 MB
2026-06-07 09:38:16,055 - [w=12] -   batch  61/80   11055.3 ms   76.00 MB
2026-06-07 09:38:16,698 - [w=12] -   batch  62/80     642.2 ms   76.00 MB
2026-06-07 09:38:16,698 - [w=12] -   batch  63/80       0.1 ms   76.00 MB
2026-06-07 09:38:16,698 - [w=12] -   batch  64/80       0.2 ms   76.00 MB
2026-06-07 09:38:16,698 - [w=12] -   batch  65/80       0.1 ms   76.00 MB
2026-06-07 09:38:16,698 - [w=12] -   batch  66/80       0.1 ms   76.00 MB
2026-06-07 09:38:16,699 - [w=12] -   batch  67/80       0.1 ms   76.00 MB
2026-06-07 09:38:16,699 - [w=12] -   batch  68/80       0.1 ms   76.00 MB
2026-06-07 09:38:17,039 - [w=12] -   batch  69/80     339.9 ms   76.00 MB
2026-06-07 09:38:17,039 - [w=12] -   batch  70/80       0.2 ms   76.00 MB
2026-06-07 09:38:17,039 - [w=12] -   batch  71/80       0.1 ms   76.00 MB
2026-06-07 09:38:17,039 - [w=12] -   batch  72/80       0.1 ms   76.00 MB
2026-06-07 09:38:27,122 - [w=12] -   batch  73/80   10082.4 ms   76.00 MB
2026-06-07 09:38:28,340 - [w=12] -   batch  74/80    1217.4 ms   76.00 MB
2026-06-07 09:38:28,340 - [w=12] -   batch  75/80       0.1 ms   76.00 MB
2026-06-07 09:38:28,340 - [w=12] -   batch  76/80       0.2 ms   76.00 MB
2026-06-07 09:38:28,340 - [w=12] -   batch  77/80       0.2 ms   76.00 MB
2026-06-07 09:38:28,340 - [w=12] -   batch  78/80       0.2 ms   76.00 MB
2026-06-07 09:38:28,341 - [w=12] -   batch  79/80       0.1 ms   76.00 MB
2026-06-07 09:38:28,341 - [w=12] -   batch  80/80       0.1 ms   76.00 MB
2026-06-07 09:38:39,587 - INFO - cold batch: 11932.2 ms (includes worker startup)
2026-06-07 09:38:39,588 - INFO - --- warm batches | n=79 | mean=  885.4 ms | median=    0.1 ms | p95=10375.6 ms | max=11055.3 ms | sum=  69.95 s
2026-06-07 09:38:39,588 - INFO - --- throughput |    9.0 samples/s |   1.13 batches/s
2026-06-07 09:38:39,588 - INFO - ================================================================================
2026-06-07 09:38:39,588 - INFO - Profiling complete.
