START TIME: Wed Jun 24 20:25:19 CEST 2026
idx,tensor,max_abs_diff,equal
7997542,x_continuous,0.000e+00,True
7997542,x_kg,0.000e+00,True
7997542,x_static,0.000e+00,True
7997542,x_hilda,0.000e+00,True
7997542,targets,0.000e+00,True
9926067,x_continuous,0.000e+00,True
9926067,x_kg,0.000e+00,True
9926067,x_static,0.000e+00,True
9926067,x_hilda,0.000e+00,True
9926067,targets,0.000e+00,True
2966876,x_continuous,0.000e+00,True
2966876,x_kg,0.000e+00,True
2966876,x_static,0.000e+00,True
2966876,x_hilda,0.000e+00,True
2966876,targets,0.000e+00,True
646414,x_continuous,0.000e+00,True
646414,x_kg,0.000e+00,True
646414,x_static,0.000e+00,True
646414,x_hilda,0.000e+00,True
646414,targets,0.000e+00,True
8210026,x_continuous,0.000e+00,True
8210026,x_kg,0.000e+00,True
8210026,x_static,0.000e+00,True
8210026,x_hilda,0.000e+00,True
8210026,targets,0.000e+00,True
3147335,x_continuous,0.000e+00,True
3147335,x_kg,0.000e+00,True
3147335,x_static,0.000e+00,True
3147335,x_hilda,0.000e+00,True
3147335,targets,0.000e+00,True
12818620,x_continuous,0.000e+00,True
12818620,x_kg,0.000e+00,True
12818620,x_static,0.000e+00,True
12818620,x_hilda,0.000e+00,True
12818620,targets,0.000e+00,True
5051924,x_continuous,0.000e+00,True
5051924,x_kg,0.000e+00,True
5051924,x_static,0.000e+00,True
5051924,x_hilda,0.000e+00,True
5051924,targets,0.000e+00,True
974950,x_continuous,0.000e+00,True
974950,x_kg,0.000e+00,True
974950,x_static,0.000e+00,True
974950,x_hilda,0.000e+00,True
974950,targets,0.000e+00,True
12437113,x_continuous,0.000e+00,True
12437113,x_kg,0.000e+00,True
12437113,x_static,0.000e+00,True
12437113,x_hilda,0.000e+00,True
12437113,targets,0.000e+00,True
871378,x_continuous,0.000e+00,True
871378,x_kg,0.000e+00,True
871378,x_static,0.000e+00,True
871378,x_hilda,0.000e+00,True
871378,targets,0.000e+00,True
9549014,x_continuous,0.000e+00,True
9549014,x_kg,0.000e+00,True
9549014,x_static,0.000e+00,True
9549014,x_hilda,0.000e+00,True
9549014,targets,0.000e+00,True
187210,x_continuous,0.000e+00,True
187210,x_kg,0.000e+00,True
187210,x_static,0.000e+00,True
187210,x_hilda,0.000e+00,True
187210,targets,0.000e+00,True
4458954,x_continuous,0.000e+00,True
4458954,x_kg,0.000e+00,True
4458954,x_static,0.000e+00,True
4458954,x_hilda,0.000e+00,True
4458954,targets,0.000e+00,True
7238231,x_continuous,0.000e+00,True
7238231,x_kg,0.000e+00,True
7238231,x_static,0.000e+00,True
7238231,x_hilda,0.000e+00,True
7238231,targets,0.000e+00,True
3187572,x_continuous,0.000e+00,True
3187572,x_kg,0.000e+00,True
3187572,x_static,0.000e+00,True
3187572,x_hilda,0.000e+00,True
3187572,targets,0.000e+00,True
10249315,x_continuous,0.000e+00,True
10249315,x_kg,0.000e+00,True
10249315,x_static,0.000e+00,True
10249315,x_hilda,0.000e+00,True
10249315,targets,0.000e+00,True
10088295,x_continuous,0.000e+00,True
10088295,x_kg,0.000e+00,True
10088295,x_static,0.000e+00,True
10088295,x_hilda,0.000e+00,True
10088295,targets,0.000e+00,True
10428567,x_continuous,0.000e+00,True
10428567,x_kg,0.000e+00,True
10428567,x_static,0.000e+00,True
10428567,x_hilda,0.000e+00,True
10428567,targets,0.000e+00,True
984706,x_continuous,0.000e+00,True
984706,x_kg,0.000e+00,True
984706,x_static,0.000e+00,True
984706,x_hilda,0.000e+00,True
984706,targets,0.000e+00,True
9689749,x_continuous,0.000e+00,True
9689749,x_kg,0.000e+00,True
9689749,x_static,0.000e+00,True
9689749,x_hilda,0.000e+00,True
9689749,targets,0.000e+00,True
6125876,x_continuous,0.000e+00,True
6125876,x_kg,0.000e+00,True
6125876,x_static,0.000e+00,True
6125876,x_hilda,0.000e+00,True
6125876,targets,0.000e+00,True
6691073,x_continuous,0.000e+00,True
6691073,x_kg,0.000e+00,True
6691073,x_static,0.000e+00,True
6691073,x_hilda,0.000e+00,True
6691073,targets,0.000e+00,True
4641111,x_continuous,0.000e+00,True
4641111,x_kg,0.000e+00,True
4641111,x_static,0.000e+00,True
4641111,x_hilda,0.000e+00,True
4641111,targets,0.000e+00,True
6673899,x_continuous,0.000e+00,True
6673899,x_kg,0.000e+00,True
6673899,x_static,0.000e+00,True
6673899,x_hilda,0.000e+00,True
6673899,targets,0.000e+00,True
3213213,x_continuous,0.000e+00,True
3213213,x_kg,0.000e+00,True
3213213,x_static,0.000e+00,True
3213213,x_hilda,0.000e+00,True
3213213,targets,0.000e+00,True
6709541,x_continuous,0.000e+00,True
6709541,x_kg,0.000e+00,True
6709541,x_static,0.000e+00,True
6709541,x_hilda,0.000e+00,True
6709541,targets,0.000e+00,True
3344769,x_continuous,0.000e+00,True
3344769,x_kg,0.000e+00,True
3344769,x_static,0.000e+00,True
3344769,x_hilda,0.000e+00,True
3344769,targets,0.000e+00,True
6852287,x_continuous,0.000e+00,True
6852287,x_kg,0.000e+00,True
6852287,x_static,0.000e+00,True
6852287,x_hilda,0.000e+00,True
6852287,targets,0.000e+00,True
10636219,x_continuous,0.000e+00,True
10636219,x_kg,0.000e+00,True
10636219,x_static,0.000e+00,True
10636219,x_hilda,0.000e+00,True
10636219,targets,0.000e+00,True
516372,x_continuous,0.000e+00,True
516372,x_kg,0.000e+00,True
516372,x_static,0.000e+00,True
516372,x_hilda,0.000e+00,True
516372,targets,0.000e+00,True
1822880,x_continuous,0.000e+00,True
1822880,x_kg,0.000e+00,True
1822880,x_static,0.000e+00,True
1822880,x_hilda,0.000e+00,True
1822880,targets,0.000e+00,True
7830475,x_continuous,0.000e+00,True
7830475,x_kg,0.000e+00,True
7830475,x_static,0.000e+00,True
7830475,x_hilda,0.000e+00,True
7830475,targets,0.000e+00,True
3030329,x_continuous,0.000e+00,True
3030329,x_kg,0.000e+00,True
3030329,x_static,0.000e+00,True
3030329,x_hilda,0.000e+00,True
3030329,targets,0.000e+00,True
10291733,x_continuous,0.000e+00,True
10291733,x_kg,0.000e+00,True
10291733,x_static,0.000e+00,True
10291733,x_hilda,0.000e+00,True
10291733,targets,0.000e+00,True
4109564,x_continuous,0.000e+00,True
4109564,x_kg,0.000e+00,True
4109564,x_static,0.000e+00,True
4109564,x_hilda,0.000e+00,True
4109564,targets,0.000e+00,True
5269739,x_continuous,0.000e+00,True
5269739,x_kg,0.000e+00,True
5269739,x_static,0.000e+00,True
5269739,x_hilda,0.000e+00,True
5269739,targets,0.000e+00,True
7212376,x_continuous,0.000e+00,True
7212376,x_kg,0.000e+00,True
7212376,x_static,0.000e+00,True
7212376,x_hilda,0.000e+00,True
7212376,targets,0.000e+00,True
4419632,x_continuous,0.000e+00,True
4419632,x_kg,0.000e+00,True
4419632,x_static,0.000e+00,True
4419632,x_hilda,0.000e+00,True
4419632,targets,0.000e+00,True
10370010,x_continuous,0.000e+00,True
10370010,x_kg,0.000e+00,True
10370010,x_static,0.000e+00,True
10370010,x_hilda,0.000e+00,True
10370010,targets,0.000e+00,True
3888186,x_continuous,0.000e+00,True
3888186,x_kg,0.000e+00,True
3888186,x_static,0.000e+00,True
3888186,x_hilda,0.000e+00,True
3888186,targets,0.000e+00,True
11789822,x_continuous,0.000e+00,True
11789822,x_kg,0.000e+00,True
11789822,x_static,0.000e+00,True
11789822,x_hilda,0.000e+00,True
11789822,targets,0.000e+00,True
8721577,x_continuous,0.000e+00,True
8721577,x_kg,0.000e+00,True
8721577,x_static,0.000e+00,True
8721577,x_hilda,0.000e+00,True
8721577,targets,0.000e+00,True
3627519,x_continuous,0.000e+00,True
3627519,x_kg,0.000e+00,True
3627519,x_static,0.000e+00,True
3627519,x_hilda,0.000e+00,True
3627519,targets,0.000e+00,True
8351707,x_continuous,0.000e+00,True
8351707,x_kg,0.000e+00,True
8351707,x_static,0.000e+00,True
8351707,x_hilda,0.000e+00,True
8351707,targets,0.000e+00,True
10088123,x_continuous,0.000e+00,True
10088123,x_kg,0.000e+00,True
10088123,x_static,0.000e+00,True
10088123,x_hilda,0.000e+00,True
10088123,targets,0.000e+00,True
12232143,x_continuous,0.000e+00,True
12232143,x_kg,0.000e+00,True
12232143,x_static,0.000e+00,True
12232143,x_hilda,0.000e+00,True
12232143,targets,0.000e+00,True
2625294,x_continuous,0.000e+00,True
2625294,x_kg,0.000e+00,True
2625294,x_static,0.000e+00,True
2625294,x_hilda,0.000e+00,True
2625294,targets,0.000e+00,True
3925693,x_continuous,0.000e+00,True
3925693,x_kg,0.000e+00,True
3925693,x_static,0.000e+00,True
3925693,x_hilda,0.000e+00,True
3925693,targets,0.000e+00,True
8671677,x_continuous,0.000e+00,True
8671677,x_kg,0.000e+00,True
8671677,x_static,0.000e+00,True
8671677,x_hilda,0.000e+00,True
8671677,targets,0.000e+00,True
465070,x_continuous,0.000e+00,True
465070,x_kg,0.000e+00,True
465070,x_static,0.000e+00,True
465070,x_hilda,0.000e+00,True
465070,targets,0.000e+00,True
5707709,x_continuous,0.000e+00,True
5707709,x_kg,0.000e+00,True
5707709,x_static,0.000e+00,True
5707709,x_hilda,0.000e+00,True
5707709,targets,0.000e+00,True
4792370,x_continuous,0.000e+00,True
4792370,x_kg,0.000e+00,True
4792370,x_static,0.000e+00,True
4792370,x_hilda,0.000e+00,True
4792370,targets,0.000e+00,True
2661739,x_continuous,0.000e+00,True
2661739,x_kg,0.000e+00,True
2661739,x_static,0.000e+00,True
2661739,x_hilda,0.000e+00,True
2661739,targets,0.000e+00,True
4460086,x_continuous,0.000e+00,True
4460086,x_kg,0.000e+00,True
4460086,x_static,0.000e+00,True
4460086,x_hilda,0.000e+00,True
4460086,targets,0.000e+00,True
11424499,x_continuous,0.000e+00,True
11424499,x_kg,0.000e+00,True
11424499,x_static,0.000e+00,True
11424499,x_hilda,0.000e+00,True
11424499,targets,0.000e+00,True
12241215,x_continuous,0.000e+00,True
12241215,x_kg,0.000e+00,True
12241215,x_static,0.000e+00,True
12241215,x_hilda,0.000e+00,True
12241215,targets,0.000e+00,True
10491384,x_continuous,0.000e+00,True
10491384,x_kg,0.000e+00,True
10491384,x_static,0.000e+00,True
10491384,x_hilda,0.000e+00,True
10491384,targets,0.000e+00,True
2702978,x_continuous,0.000e+00,True
2702978,x_kg,0.000e+00,True
2702978,x_static,0.000e+00,True
2702978,x_hilda,0.000e+00,True
2702978,targets,0.000e+00,True
6695908,x_continuous,0.000e+00,True
6695908,x_kg,0.000e+00,True
6695908,x_static,0.000e+00,True
6695908,x_hilda,0.000e+00,True
6695908,targets,0.000e+00,True
11625266,x_continuous,0.000e+00,True
11625266,x_kg,0.000e+00,True
11625266,x_static,0.000e+00,True
11625266,x_hilda,0.000e+00,True
11625266,targets,0.000e+00,True
9258630,x_continuous,0.000e+00,True
9258630,x_kg,0.000e+00,True
9258630,x_static,0.000e+00,True
9258630,x_hilda,0.000e+00,True
9258630,targets,0.000e+00,True
10795540,x_continuous,0.000e+00,True
10795540,x_kg,0.000e+00,True
10795540,x_static,0.000e+00,True
10795540,x_hilda,0.000e+00,True
10795540,targets,0.000e+00,True
6239560,x_continuous,0.000e+00,True
6239560,x_kg,0.000e+00,True
6239560,x_static,0.000e+00,True
6239560,x_hilda,0.000e+00,True
6239560,targets,0.000e+00,True
3874470,x_continuous,0.000e+00,True
3874470,x_kg,0.000e+00,True
3874470,x_static,0.000e+00,True
3874470,x_hilda,0.000e+00,True
3874470,targets,0.000e+00,True
4492561,x_continuous,0.000e+00,True
4492561,x_kg,0.000e+00,True
4492561,x_static,0.000e+00,True
4492561,x_hilda,0.000e+00,True
4492561,targets,0.000e+00,True
8232323,x_continuous,0.000e+00,True
8232323,x_kg,0.000e+00,True
8232323,x_static,0.000e+00,True
8232323,x_hilda,0.000e+00,True
8232323,targets,0.000e+00,True
5765720,x_continuous,0.000e+00,True
5765720,x_kg,0.000e+00,True
5765720,x_static,0.000e+00,True
5765720,x_hilda,0.000e+00,True
5765720,targets,0.000e+00,True
1438011,x_continuous,0.000e+00,True
1438011,x_kg,0.000e+00,True
1438011,x_static,0.000e+00,True
1438011,x_hilda,0.000e+00,True
1438011,targets,0.000e+00,True
5224461,x_continuous,0.000e+00,True
5224461,x_kg,0.000e+00,True
5224461,x_static,0.000e+00,True
5224461,x_hilda,0.000e+00,True
5224461,targets,0.000e+00,True
8360177,x_continuous,0.000e+00,True
8360177,x_kg,0.000e+00,True
8360177,x_static,0.000e+00,True
8360177,x_hilda,0.000e+00,True
8360177,targets,0.000e+00,True
2231289,x_continuous,0.000e+00,True
2231289,x_kg,0.000e+00,True
2231289,x_static,0.000e+00,True
2231289,x_hilda,0.000e+00,True
2231289,targets,0.000e+00,True
9426184,x_continuous,0.000e+00,True
9426184,x_kg,0.000e+00,True
9426184,x_static,0.000e+00,True
9426184,x_hilda,0.000e+00,True
9426184,targets,0.000e+00,True
2974553,x_continuous,0.000e+00,True
2974553,x_kg,0.000e+00,True
2974553,x_static,0.000e+00,True
2974553,x_hilda,0.000e+00,True
2974553,targets,0.000e+00,True
12778548,x_continuous,0.000e+00,True
12778548,x_kg,0.000e+00,True
12778548,x_static,0.000e+00,True
12778548,x_hilda,0.000e+00,True
12778548,targets,0.000e+00,True
7681409,x_continuous,0.000e+00,True
7681409,x_kg,0.000e+00,True
7681409,x_static,0.000e+00,True
7681409,x_hilda,0.000e+00,True
7681409,targets,0.000e+00,True
12998483,x_continuous,0.000e+00,True
12998483,x_kg,0.000e+00,True
12998483,x_static,0.000e+00,True
12998483,x_hilda,0.000e+00,True
12998483,targets,0.000e+00,True
11836507,x_continuous,0.000e+00,True
11836507,x_kg,0.000e+00,True
11836507,x_static,0.000e+00,True
11836507,x_hilda,0.000e+00,True
11836507,targets,0.000e+00,True
1160558,x_continuous,0.000e+00,True
1160558,x_kg,0.000e+00,True
1160558,x_static,0.000e+00,True
1160558,x_hilda,0.000e+00,True
1160558,targets,0.000e+00,True
8834491,x_continuous,0.000e+00,True
8834491,x_kg,0.000e+00,True
8834491,x_static,0.000e+00,True
8834491,x_hilda,0.000e+00,True
8834491,targets,0.000e+00,True
12470214,x_continuous,0.000e+00,True
12470214,x_kg,0.000e+00,True
12470214,x_static,0.000e+00,True
12470214,x_hilda,0.000e+00,True
12470214,targets,0.000e+00,True
9035691,x_continuous,0.000e+00,True
9035691,x_kg,0.000e+00,True
9035691,x_static,0.000e+00,True
9035691,x_hilda,0.000e+00,True
9035691,targets,0.000e+00,True
1328636,x_continuous,0.000e+00,True
1328636,x_kg,0.000e+00,True
1328636,x_static,0.000e+00,True
1328636,x_hilda,0.000e+00,True
1328636,targets,0.000e+00,True
9904903,x_continuous,0.000e+00,True
9904903,x_kg,0.000e+00,True
9904903,x_static,0.000e+00,True
9904903,x_hilda,0.000e+00,True
9904903,targets,0.000e+00,True
3377582,x_continuous,0.000e+00,True
3377582,x_kg,0.000e+00,True
3377582,x_static,0.000e+00,True
3377582,x_hilda,0.000e+00,True
3377582,targets,0.000e+00,True
9875490,x_continuous,0.000e+00,True
9875490,x_kg,0.000e+00,True
9875490,x_static,0.000e+00,True
9875490,x_hilda,0.000e+00,True
9875490,targets,0.000e+00,True
8861389,x_continuous,0.000e+00,True
8861389,x_kg,0.000e+00,True
8861389,x_static,0.000e+00,True
8861389,x_hilda,0.000e+00,True
8861389,targets,0.000e+00,True
232528,x_continuous,0.000e+00,True
232528,x_kg,0.000e+00,True
232528,x_static,0.000e+00,True
232528,x_hilda,0.000e+00,True
232528,targets,0.000e+00,True
9371555,x_continuous,0.000e+00,True
9371555,x_kg,0.000e+00,True
9371555,x_static,0.000e+00,True
9371555,x_hilda,0.000e+00,True
9371555,targets,0.000e+00,True
8618033,x_continuous,0.000e+00,True
8618033,x_kg,0.000e+00,True
8618033,x_static,0.000e+00,True
8618033,x_hilda,0.000e+00,True
8618033,targets,0.000e+00,True
11591527,x_continuous,0.000e+00,True
11591527,x_kg,0.000e+00,True
11591527,x_static,0.000e+00,True
11591527,x_hilda,0.000e+00,True
11591527,targets,0.000e+00,True
3612547,x_continuous,0.000e+00,True
3612547,x_kg,0.000e+00,True
3612547,x_static,0.000e+00,True
3612547,x_hilda,0.000e+00,True
3612547,targets,0.000e+00,True
548865,x_continuous,0.000e+00,True
548865,x_kg,0.000e+00,True
548865,x_static,0.000e+00,True
548865,x_hilda,0.000e+00,True
548865,targets,0.000e+00,True
2350589,x_continuous,0.000e+00,True
2350589,x_kg,0.000e+00,True
2350589,x_static,0.000e+00,True
2350589,x_hilda,0.000e+00,True
2350589,targets,0.000e+00,True
3275141,x_continuous,0.000e+00,True
3275141,x_kg,0.000e+00,True
3275141,x_static,0.000e+00,True
3275141,x_hilda,0.000e+00,True
3275141,targets,0.000e+00,True
942645,x_continuous,0.000e+00,True
942645,x_kg,0.000e+00,True
942645,x_static,0.000e+00,True
942645,x_hilda,0.000e+00,True
942645,targets,0.000e+00,True
12742761,x_continuous,0.000e+00,True
12742761,x_kg,0.000e+00,True
12742761,x_static,0.000e+00,True
12742761,x_hilda,0.000e+00,True
12742761,targets,0.000e+00,True
11054339,x_continuous,0.000e+00,True
11054339,x_kg,0.000e+00,True
11054339,x_static,0.000e+00,True
11054339,x_hilda,0.000e+00,True
11054339,targets,0.000e+00,True
6743861,x_continuous,0.000e+00,True
6743861,x_kg,0.000e+00,True
6743861,x_static,0.000e+00,True
6743861,x_hilda,0.000e+00,True
6743861,targets,0.000e+00,True
3289564,x_continuous,0.000e+00,True
3289564,x_kg,0.000e+00,True
3289564,x_static,0.000e+00,True
3289564,x_hilda,0.000e+00,True
3289564,targets,0.000e+00,True

--- per-tensor max |diff| over 100 samples ---
  x_continuous   max_abs_diff=0.000e+00
  x_kg           max_abs_diff=0.000e+00
  x_static       max_abs_diff=0.000e+00
  x_hilda        max_abs_diff=0.000e+00
  targets        max_abs_diff=0.000e+00

PARITY: PASS
END TIME: Wed Jun 24 20:26:19 CEST 2026
