2026-06-03 19:22:09,232 - INFO - Split: train | land_index=/gpfs/projects/ehpc606/ai4land/CONCERTO/land_index/land_pixel_index_sample.npy
2026-06-03 19:22:09,232 - INFO - Stores: luh2=PosixPath('/gpfs/scratch/ehpc606/ai4land/CONCERTO/luh2_1850-2015_cube_512.zarr') hilda=PosixPath('/gpfs/projects/ehpc606/ai4land/CONCERTO/hilda_1899-2020_cube_512_single_channel_8_class_clean.zarr') static=PosixPath('/gpfs/projects/ehpc606/ai4land/CONCERTO/static_cube_processed.zarr') koppen_geiger=PosixPath('/gpfs/projects/ehpc606/ai4land/CONCERTO/koppen_geiger_annual_cube_1901-2020_512.zarr') population=PosixPath('/gpfs/projects/ehpc606/ai4land/CONCERTO/population_histsoc_cube_1850-2020_512.zarr')
2026-06-03 19:22:09,232 - INFO - use_synchronizer: True
2026-06-03 19:22:09,232 - INFO - Sweep: num_workers=[0, 1, 4, 12] | num_batches=80 | batch_timeout=30s
2026-06-03 19:22:24,497 - INFO - Dataset: MultiZarrDataset | length=6,272,000
2026-06-03 19:22:24,498 - INFO - ================================================================================
2026-06-03 19:22:24,498 - INFO - PHASE 1 — __getitem__ + per-modality merged (50 samples)
2026-06-03 19:22:24,498 - INFO - ================================================================================
2026-06-03 19:22:35,538 - INFO - shapes: (2, 15, 256, 256) (2, 1, 256, 256) (6, 256, 256) (1, 256, 256) (2, 256, 256) | bytes/sample:   9.88 MB
2026-06-03 19:22:35,538 - INFO -   sample   1/50  11040.0 ms
2026-06-03 19:22:43,918 - INFO -   sample   2/50   8379.8 ms
2026-06-03 19:22:52,022 - INFO -   sample   3/50   8103.9 ms
2026-06-03 19:22:59,952 - INFO -   sample   4/50   7930.0 ms
2026-06-03 19:23:07,927 - INFO -   sample   5/50   7975.4 ms
2026-06-03 19:23:15,826 - INFO -   sample   6/50   7898.6 ms
2026-06-03 19:23:23,420 - INFO -   sample   7/50   7593.9 ms
2026-06-03 19:23:31,175 - INFO -   sample   8/50   7754.4 ms
2026-06-03 19:23:38,973 - INFO -   sample   9/50   7798.1 ms
2026-06-03 19:23:46,745 - INFO -   sample  10/50   7772.1 ms
2026-06-03 19:23:54,348 - INFO -   sample  11/50   7602.8 ms
2026-06-03 19:24:02,002 - INFO -   sample  12/50   7653.6 ms
2026-06-03 19:24:09,651 - INFO -   sample  13/50   7649.3 ms
2026-06-03 19:24:17,460 - INFO -   sample  14/50   7808.1 ms
2026-06-03 19:24:25,283 - INFO -   sample  15/50   7823.4 ms
2026-06-03 19:24:33,306 - INFO -   sample  16/50   8022.5 ms
2026-06-03 19:24:41,265 - INFO -   sample  17/50   7959.2 ms
2026-06-03 19:24:50,100 - INFO -   sample  18/50   8834.8 ms
2026-06-03 19:24:58,000 - INFO -   sample  19/50   7900.3 ms
2026-06-03 19:25:06,104 - INFO -   sample  20/50   8103.7 ms
2026-06-03 19:25:13,951 - INFO -   sample  21/50   7846.5 ms
2026-06-03 19:25:21,869 - INFO -   sample  22/50   7918.2 ms
2026-06-03 19:25:29,617 - INFO -   sample  23/50   7747.2 ms
2026-06-03 19:25:37,446 - INFO -   sample  24/50   7828.9 ms
2026-06-03 19:25:45,177 - INFO -   sample  25/50   7731.7 ms
2026-06-03 19:25:53,220 - INFO -   sample  26/50   8042.2 ms
2026-06-03 19:26:01,033 - INFO -   sample  27/50   7812.9 ms
2026-06-03 19:26:08,564 - INFO -   sample  28/50   7531.0 ms
2026-06-03 19:26:16,684 - INFO -   sample  29/50   8120.0 ms
2026-06-03 19:26:24,671 - INFO -   sample  30/50   7987.0 ms
2026-06-03 19:26:32,492 - INFO -   sample  31/50   7820.3 ms
2026-06-03 19:26:40,708 - INFO -   sample  32/50   8216.7 ms
2026-06-03 19:26:48,834 - INFO -   sample  33/50   8125.1 ms
2026-06-03 19:26:56,952 - INFO -   sample  34/50   8118.2 ms
2026-06-03 19:27:05,547 - INFO -   sample  35/50   8594.4 ms
2026-06-03 19:27:13,537 - INFO -   sample  36/50   7990.8 ms
2026-06-03 19:27:21,588 - INFO -   sample  37/50   8050.3 ms
2026-06-03 19:27:29,234 - INFO -   sample  38/50   7645.7 ms
2026-06-03 19:27:37,141 - INFO -   sample  39/50   7907.5 ms
2026-06-03 19:27:45,049 - INFO -   sample  40/50   7907.6 ms
2026-06-03 19:27:52,762 - INFO -   sample  41/50   7713.1 ms
2026-06-03 19:28:00,634 - INFO -   sample  42/50   7871.4 ms
2026-06-03 19:28:08,726 - INFO -   sample  43/50   8091.8 ms
2026-06-03 19:28:16,712 - INFO -   sample  44/50   7985.9 ms
2026-06-03 19:28:24,678 - INFO -   sample  45/50   7965.6 ms
2026-06-03 19:28:32,659 - INFO -   sample  46/50   7981.1 ms
2026-06-03 19:28:40,484 - INFO -   sample  47/50   7824.9 ms
2026-06-03 19:28:48,232 - INFO -   sample  48/50   7747.6 ms
2026-06-03 19:28:56,478 - INFO -   sample  49/50   8246.5 ms
2026-06-03 19:29:04,652 - INFO -   sample  50/50   8173.1 ms
2026-06-03 19:29:04,652 - INFO - --- getitem | n=50 | mean= 8002.9 ms | median= 7912.9 ms | p95= 8497.8 ms | max=11040.0 ms | sum= 400.15 s
2026-06-03 19:29:04,652 - INFO - --- per-modality (load + preprocess merged) ---
2026-06-03 19:29:04,652 - INFO -   _get_luh2_data        : calls= 100 | mean= 3297.3 ms | median= 3253.9 ms | max= 6188.2 ms | total=329.73 s (82.4%)
2026-06-03 19:29:04,652 - INFO -   _get_population_data  : calls= 100 | mean=  291.4 ms | median=  285.7 ms | max=  613.1 ms | total= 29.14 s ( 7.3%)
2026-06-03 19:29:04,652 - INFO -   _get_kg_data          : calls= 100 | mean=  185.6 ms | median=  185.3 ms | max=  213.9 ms | total= 18.56 s ( 4.6%)
2026-06-03 19:29:04,653 - INFO -   _get_static_data      : calls=  50 | mean=   73.4 ms | median=   72.2 ms | max=  110.8 ms | total=  3.67 s ( 0.9%)
2026-06-03 19:29:04,653 - INFO -   _get_hilda_prior      : calls=  50 | mean=  190.4 ms | median=  192.0 ms | max=  227.4 ms | total=  9.52 s ( 2.4%)
2026-06-03 19:29:04,653 - INFO -   _get_hilda_target     : calls=  50 | mean=  186.6 ms | median=  184.5 ms | max=  234.4 ms | total=  9.33 s ( 2.3%)
2026-06-03 19:29:04,654 - INFO - PHASE 2 skipped — load/preprocess split only implemented for SingleZarrDataset
2026-06-03 19:29:04,654 - INFO - ================================================================================
2026-06-03 19:29:04,654 - INFO - PHASE 3 — DataLoader sweep over num_workers=[0, 1, 4, 12] (batch_size=8, prefetch_factor=4 when workers>0, pin_memory=True, persistent_workers=False) — 80 batches per config, per-batch timeout=30s, wall budget=900s
2026-06-03 19:29:04,654 - INFO - ================================================================================
2026-06-03 19:29:04,654 - INFO - --------------------------------------------------------------------------------
2026-06-03 19:29:04,654 - INFO - num_workers = 0
2026-06-03 19:29:04,654 - INFO - --------------------------------------------------------------------------------
2026-06-03 19:29:39,943 - [w=0] - batch 1 exceeded 30s, aborting
2026-06-03 19:29:40,637 - WARNING - num_workers=0: stopped at batch 1
2026-06-03 19:29:40,638 - INFO - --------------------------------------------------------------------------------
2026-06-03 19:29:40,638 - INFO - num_workers = 1
2026-06-03 19:29:40,638 - INFO - --------------------------------------------------------------------------------
2026-06-03 19:30:21,995 - [w=1] - batch 1 exceeded 30s, aborting
2026-06-03 19:30:27,533 - WARNING - num_workers=1: stopped at batch 1
2026-06-03 19:30:27,534 - INFO - --------------------------------------------------------------------------------
2026-06-03 19:30:27,534 - INFO - num_workers = 4
2026-06-03 19:30:27,534 - INFO - --------------------------------------------------------------------------------
2026-06-03 19:31:29,511 - [w=4] - batch 1 exceeded 30s, aborting
2026-06-03 19:31:50,008 - WARNING - num_workers=4: stopped at batch 1
2026-06-03 19:31:50,009 - INFO - --------------------------------------------------------------------------------
2026-06-03 19:31:50,009 - INFO - num_workers = 12
2026-06-03 19:31:50,009 - INFO - --------------------------------------------------------------------------------
2026-06-03 19:33:50,490 - [w=12] - batch 1 exceeded 30s, aborting
2026-06-03 19:34:48,701 - WARNING - num_workers=12: stopped at batch 1
2026-06-03 19:34:48,701 - INFO - ================================================================================
2026-06-03 19:34:48,701 - INFO - Profiling complete.
