2026-06-11 15:28:19,036 - INFO - Recurrent UNet Model Successfully Configured and Initialized.
2026-06-11 15:28:19,039 - INFO - Starting from scratch (no valid checkpoint provided).
2026-06-11 15:28:19,543 - INFO - Train: 4480000 samples, Val: 640000 samples
2026-06-11 15:28:21,063 - INFO - Starting training from epoch 1
2026-06-11 15:28:26,259 - INFO - Epoch [1/1], Batch [1/200], Loss: 2.1725 (Overall: 2.0476, Change: 2.2974), TF Ratio: 1.000
2026-06-11 15:28:26,455 - INFO - Epoch [1/1], Batch [2/200], Loss: 2.1614 (Overall: 2.1183, Change: 2.1824), TF Ratio: 1.000
2026-06-11 15:28:26,608 - INFO - Epoch [1/1], Batch [3/200], Loss: 2.1514 (Overall: 2.1357, Change: 2.1268), TF Ratio: 0.999
2026-06-11 15:28:27,377 - INFO - Epoch [1/1], Batch [4/200], Loss: 2.1560 (Overall: 2.1226, Change: 2.2175), TF Ratio: 0.999
2026-06-11 15:28:27,542 - INFO - Epoch [1/1], Batch [5/200], Loss: 2.0961 (Overall: 1.8187, Change: 1.8936), TF Ratio: 0.999
2026-06-11 15:28:27,725 - INFO - Epoch [1/1], Batch [6/200], Loss: 2.0627 (Overall: 1.7838, Change: 2.0081), TF Ratio: 0.999
2026-06-11 15:28:27,901 - INFO - Epoch [1/1], Batch [7/200], Loss: 2.0310 (Overall: 1.7701, Change: 1.9112), TF Ratio: 0.999
2026-06-11 15:28:28,100 - INFO - Epoch [1/1], Batch [8/200], Loss: 2.0108 (Overall: 1.7467, Change: 1.9928), TF Ratio: 0.998
2026-06-11 15:28:28,255 - INFO - Epoch [1/1], Batch [9/200], Loss: 1.9725 (Overall: 1.5831, Change: 1.7486), TF Ratio: 0.998
2026-06-11 15:28:28,407 - INFO - Epoch [1/1], Batch [10/200], Loss: 1.9333 (Overall: 1.6684, Change: 1.4916), TF Ratio: 0.998
2026-06-11 15:28:28,581 - INFO - Epoch [1/1], Batch [11/200], Loss: 1.9121 (Overall: 1.6343, Change: 1.7658), TF Ratio: 0.998
2026-06-11 15:28:28,744 - INFO - Epoch [1/1], Batch [12/200], Loss: 1.9066 (Overall: 1.6839, Change: 2.0105), TF Ratio: 0.998
2026-06-11 15:28:28,898 - INFO - Epoch [1/1], Batch [13/200], Loss: 1.8907 (Overall: 1.4438, Change: 1.9558), TF Ratio: 0.997
2026-06-11 15:28:29,071 - INFO - Epoch [1/1], Batch [14/200], Loss: 1.8904 (Overall: 1.9050, Change: 1.8670), TF Ratio: 0.997
2026-06-11 15:28:29,224 - INFO - Epoch [1/1], Batch [15/200], Loss: 1.8727 (Overall: 1.5914, Change: 1.6590), TF Ratio: 0.997
2026-06-11 15:28:31,522 - INFO - Epoch [1/1], Batch [16/200], Loss: 1.8507 (Overall: 1.3743, Change: 1.6663), TF Ratio: 0.997
2026-06-11 15:28:31,678 - INFO - Epoch [1/1], Batch [17/200], Loss: 1.8353 (Overall: 1.3238, Change: 1.8540), TF Ratio: 0.997
2026-06-11 15:28:31,831 - INFO - Epoch [1/1], Batch [18/200], Loss: 1.8228 (Overall: 1.3991, Change: 1.8202), TF Ratio: 0.996
2026-06-11 15:28:31,983 - INFO - Epoch [1/1], Batch [19/200], Loss: 1.8051 (Overall: 1.3511, Change: 1.6222), TF Ratio: 0.996
2026-06-11 15:28:32,168 - INFO - Epoch [1/1], Batch [20/200], Loss: 1.7911 (Overall: 1.3255, Change: 1.7243), TF Ratio: 0.996
2026-06-11 15:28:32,321 - INFO - Epoch [1/1], Batch [21/200], Loss: 1.7820 (Overall: 1.2989, Change: 1.9026), TF Ratio: 0.996
2026-06-11 15:28:32,482 - INFO - Epoch [1/1], Batch [22/200], Loss: 1.7732 (Overall: 1.4463, Change: 1.7306), TF Ratio: 0.996
2026-06-11 15:28:32,635 - INFO - Epoch [1/1], Batch [23/200], Loss: 1.7606 (Overall: 1.2826, Change: 1.6843), TF Ratio: 0.995
2026-06-11 15:28:32,789 - INFO - Epoch [1/1], Batch [24/200], Loss: 1.7490 (Overall: 1.4947, Change: 1.4716), TF Ratio: 0.995
2026-06-11 15:28:32,945 - INFO - Epoch [1/1], Batch [25/200], Loss: 1.7412 (Overall: 1.3027, Change: 1.8040), TF Ratio: 0.995
2026-06-11 15:28:33,098 - INFO - Epoch [1/1], Batch [26/200], Loss: 1.7357 (Overall: 1.3737, Change: 1.8235), TF Ratio: 0.995
2026-06-11 15:28:33,257 - INFO - Epoch [1/1], Batch [27/200], Loss: 1.7231 (Overall: 1.2833, Change: 1.5047), TF Ratio: 0.995
2026-06-11 15:28:33,414 - INFO - Epoch [1/1], Batch [28/200], Loss: 1.7198 (Overall: 1.2339, Change: 2.0268), TF Ratio: 0.994
2026-06-11 15:28:33,577 - INFO - Epoch [1/1], Batch [29/200], Loss: 1.7149 (Overall: 1.2904, Change: 1.8653), TF Ratio: 0.994
2026-06-11 15:28:33,732 - INFO - Epoch [1/1], Batch [30/200], Loss: 1.7135 (Overall: 1.5664, Change: 1.7816), TF Ratio: 0.994
2026-06-11 15:28:33,898 - INFO - Epoch [1/1], Batch [31/200], Loss: 1.7027 (Overall: 1.1265, Change: 1.6310), TF Ratio: 0.994
2026-06-11 15:28:34,059 - INFO - Epoch [1/1], Batch [32/200], Loss: 1.6937 (Overall: 1.1222, Change: 1.7053), TF Ratio: 0.994
2026-06-11 15:28:34,217 - INFO - Epoch [1/1], Batch [33/200], Loss: 1.6909 (Overall: 1.4871, Change: 1.7156), TF Ratio: 0.993
2026-06-11 15:28:34,373 - INFO - Epoch [1/1], Batch [34/200], Loss: 1.6840 (Overall: 1.0922, Change: 1.8204), TF Ratio: 0.993
2026-06-11 15:28:34,536 - INFO - Epoch [1/1], Batch [35/200], Loss: 1.6839 (Overall: 1.6304, Change: 1.7322), TF Ratio: 0.993
2026-06-11 15:28:34,723 - INFO - Epoch [1/1], Batch [36/200], Loss: 1.6781 (Overall: 1.1391, Change: 1.8117), TF Ratio: 0.993
2026-06-11 15:28:34,879 - INFO - Epoch [1/1], Batch [37/200], Loss: 1.6805 (Overall: 1.6302, Change: 1.9049), TF Ratio: 0.993
2026-06-11 15:28:35,033 - INFO - Epoch [1/1], Batch [38/200], Loss: 1.6756 (Overall: 1.2190, Change: 1.7698), TF Ratio: 0.992
2026-06-11 15:28:35,187 - INFO - Epoch [1/1], Batch [39/200], Loss: 1.6750 (Overall: 1.4291, Change: 1.8764), TF Ratio: 0.992
2026-06-11 15:28:36,796 - INFO - Epoch [1/1], Batch [40/200], Loss: 1.6697 (Overall: 1.2491, Change: 1.6732), TF Ratio: 0.992
2026-06-11 15:28:36,960 - INFO - Epoch [1/1], Batch [41/200], Loss: 1.6621 (Overall: 1.2185, Change: 1.5018), TF Ratio: 0.992
2026-06-11 15:28:37,111 - INFO - Epoch [1/1], Batch [42/200], Loss: 1.6574 (Overall: 1.0997, Change: 1.8285), TF Ratio: 0.992
2026-06-11 15:28:37,263 - INFO - Epoch [1/1], Batch [43/200], Loss: 1.6543 (Overall: 1.0801, Change: 1.9654), TF Ratio: 0.991
2026-06-11 15:28:37,419 - INFO - Epoch [1/1], Batch [44/200], Loss: 1.6465 (Overall: 1.3948, Change: 1.2298), TF Ratio: 0.991
2026-06-11 15:28:37,572 - INFO - Epoch [1/1], Batch [45/200], Loss: 1.6389 (Overall: 0.9777, Change: 1.6284), TF Ratio: 0.991
2026-06-11 15:28:37,725 - INFO - Epoch [1/1], Batch [46/200], Loss: 1.6309 (Overall: 1.0364, Change: 1.5046), TF Ratio: 0.991
2026-06-11 15:28:37,878 - INFO - Epoch [1/1], Batch [47/200], Loss: 1.6271 (Overall: 1.1173, Change: 1.7893), TF Ratio: 0.991
2026-06-11 15:28:38,045 - INFO - Epoch [1/1], Batch [48/200], Loss: 1.6205 (Overall: 1.0772, Change: 1.5406), TF Ratio: 0.990
2026-06-11 15:28:38,201 - INFO - Epoch [1/1], Batch [49/200], Loss: 1.6178 (Overall: 1.1756, Change: 1.8028), TF Ratio: 0.990
2026-06-11 15:28:38,353 - INFO - Epoch [1/1], Batch [50/200], Loss: 1.6172 (Overall: 1.2353, Change: 1.9367), TF Ratio: 0.990
2026-06-11 15:28:38,515 - INFO - Epoch [1/1], Batch [51/200], Loss: 1.6110 (Overall: 1.0145, Change: 1.5919), TF Ratio: 0.990
2026-06-11 15:28:38,830 - INFO - Epoch [1/1], Batch [52/200], Loss: 1.6060 (Overall: 1.1093, Change: 1.5953), TF Ratio: 0.990
2026-06-11 15:28:38,982 - INFO - Epoch [1/1], Batch [53/200], Loss: 1.5999 (Overall: 1.2763, Change: 1.2818), TF Ratio: 0.989
2026-06-11 15:28:39,133 - INFO - Epoch [1/1], Batch [54/200], Loss: 1.5976 (Overall: 1.1926, Change: 1.7646), TF Ratio: 0.989
2026-06-11 15:28:39,284 - INFO - Epoch [1/1], Batch [55/200], Loss: 1.5899 (Overall: 1.0417, Change: 1.3051), TF Ratio: 0.989
2026-06-11 15:28:39,446 - INFO - Epoch [1/1], Batch [56/200], Loss: 1.5893 (Overall: 1.1578, Change: 1.9578), TF Ratio: 0.989
2026-06-11 15:28:39,598 - INFO - Epoch [1/1], Batch [57/200], Loss: 1.5854 (Overall: 0.9521, Change: 1.7730), TF Ratio: 0.989
2026-06-11 15:28:39,750 - INFO - Epoch [1/1], Batch [58/200], Loss: 1.5822 (Overall: 1.1909, Change: 1.6180), TF Ratio: 0.988
2026-06-11 15:28:39,901 - INFO - Epoch [1/1], Batch [59/200], Loss: 1.5778 (Overall: 1.1199, Change: 1.5253), TF Ratio: 0.988
2026-06-11 15:28:40,057 - INFO - Epoch [1/1], Batch [60/200], Loss: 1.5751 (Overall: 1.0499, Change: 1.7791), TF Ratio: 0.988
2026-06-11 15:28:40,209 - INFO - Epoch [1/1], Batch [61/200], Loss: 1.5690 (Overall: 0.8158, Change: 1.5928), TF Ratio: 0.988
2026-06-11 15:28:40,375 - INFO - Epoch [1/1], Batch [62/200], Loss: 1.5708 (Overall: 1.4096, Change: 1.9487), TF Ratio: 0.988
2026-06-11 15:28:40,527 - INFO - Epoch [1/1], Batch [63/200], Loss: 1.5647 (Overall: 0.8327, Change: 1.5370), TF Ratio: 0.987
2026-06-11 15:28:45,066 - INFO - Epoch [1/1], Batch [64/200], Loss: 1.5640 (Overall: 1.2591, Change: 1.7781), TF Ratio: 0.987
2026-06-11 15:28:45,240 - INFO - Epoch [1/1], Batch [65/200], Loss: 1.5581 (Overall: 0.9233, Change: 1.4422), TF Ratio: 0.987
2026-06-11 15:28:45,400 - INFO - Epoch [1/1], Batch [66/200], Loss: 1.5511 (Overall: 0.9355, Change: 1.2631), TF Ratio: 0.987
2026-06-11 15:28:45,554 - INFO - Epoch [1/1], Batch [67/200], Loss: 1.5543 (Overall: 1.3442, Change: 2.1851), TF Ratio: 0.987
2026-06-11 15:28:45,708 - INFO - Epoch [1/1], Batch [68/200], Loss: 1.5522 (Overall: 1.1613, Change: 1.6633), TF Ratio: 0.986
2026-06-11 15:28:45,863 - INFO - Epoch [1/1], Batch [69/200], Loss: 1.5488 (Overall: 1.0120, Change: 1.6234), TF Ratio: 0.986
2026-06-11 15:28:46,020 - INFO - Epoch [1/1], Batch [70/200], Loss: 1.5438 (Overall: 0.8914, Change: 1.5004), TF Ratio: 0.986
2026-06-11 15:28:46,173 - INFO - Epoch [1/1], Batch [71/200], Loss: 1.5408 (Overall: 0.9206, Change: 1.7388), TF Ratio: 0.986
2026-06-11 15:28:46,328 - INFO - Epoch [1/1], Batch [72/200], Loss: 1.5362 (Overall: 0.8832, Change: 1.5326), TF Ratio: 0.986
2026-06-11 15:28:46,484 - INFO - Epoch [1/1], Batch [73/200], Loss: 1.5345 (Overall: 1.2442, Change: 1.5888), TF Ratio: 0.985
2026-06-11 15:28:46,640 - INFO - Epoch [1/1], Batch [74/200], Loss: 1.5361 (Overall: 1.3009, Change: 2.0053), TF Ratio: 0.985
2026-06-11 15:28:46,795 - INFO - Epoch [1/1], Batch [75/200], Loss: 1.5339 (Overall: 1.0796, Change: 1.6595), TF Ratio: 0.985
2026-06-11 15:28:47,685 - INFO - Epoch [1/1], Batch [76/200], Loss: 1.5287 (Overall: 0.9338, Change: 1.3460), TF Ratio: 0.985
2026-06-11 15:28:47,841 - INFO - Epoch [1/1], Batch [77/200], Loss: 1.5273 (Overall: 1.2144, Change: 1.6312), TF Ratio: 0.985
2026-06-11 15:28:48,000 - INFO - Epoch [1/1], Batch [78/200], Loss: 1.5242 (Overall: 0.9215, Change: 1.6405), TF Ratio: 0.984
2026-06-11 15:28:48,155 - INFO - Epoch [1/1], Batch [79/200], Loss: 1.5214 (Overall: 0.9757, Change: 1.6350), TF Ratio: 0.984
2026-06-11 15:28:48,314 - INFO - Epoch [1/1], Batch [80/200], Loss: 1.5177 (Overall: 1.0900, Change: 1.3636), TF Ratio: 0.984
2026-06-11 15:28:48,470 - INFO - Epoch [1/1], Batch [81/200], Loss: 1.5158 (Overall: 1.0157, Change: 1.7118), TF Ratio: 0.984
2026-06-11 15:28:48,631 - INFO - Epoch [1/1], Batch [82/200], Loss: 1.5157 (Overall: 1.3301, Change: 1.6871), TF Ratio: 0.984
2026-06-11 15:28:48,785 - INFO - Epoch [1/1], Batch [83/200], Loss: 1.5126 (Overall: 0.9558, Change: 1.5597), TF Ratio: 0.983
2026-06-11 15:28:48,944 - INFO - Epoch [1/1], Batch [84/200], Loss: 1.5078 (Overall: 0.8997, Change: 1.3064), TF Ratio: 0.983
2026-06-11 15:28:49,104 - INFO - Epoch [1/1], Batch [85/200], Loss: 1.5046 (Overall: 0.9829, Change: 1.4953), TF Ratio: 0.983
2026-06-11 15:28:49,260 - INFO - Epoch [1/1], Batch [86/200], Loss: 1.5033 (Overall: 1.1298, Change: 1.6527), TF Ratio: 0.983
2026-06-11 15:28:49,423 - INFO - Epoch [1/1], Batch [87/200], Loss: 1.4993 (Overall: 0.9071, Change: 1.4047), TF Ratio: 0.983
2026-06-11 15:28:49,586 - INFO - Epoch [1/1], Batch [88/200], Loss: 1.4967 (Overall: 0.9341, Change: 1.6028), TF Ratio: 0.982
2026-06-11 15:28:49,751 - INFO - Epoch [1/1], Batch [89/200], Loss: 1.4965 (Overall: 1.1315, Change: 1.8301), TF Ratio: 0.982
2026-06-11 15:28:49,905 - INFO - Epoch [1/1], Batch [90/200], Loss: 1.4953 (Overall: 0.9794, Change: 1.7928), TF Ratio: 0.982
2026-06-11 15:28:50,057 - INFO - Epoch [1/1], Batch [91/200], Loss: 1.4954 (Overall: 0.9058, Change: 2.1128), TF Ratio: 0.982
2026-06-11 15:28:50,216 - INFO - Epoch [1/1], Batch [92/200], Loss: 1.4927 (Overall: 0.9478, Change: 1.5359), TF Ratio: 0.982
2026-06-11 15:28:50,377 - INFO - Epoch [1/1], Batch [93/200], Loss: 1.4894 (Overall: 0.8528, Change: 1.5327), TF Ratio: 0.981
2026-06-11 15:28:50,530 - INFO - Epoch [1/1], Batch [94/200], Loss: 1.4885 (Overall: 1.0719, Change: 1.7298), TF Ratio: 0.981
2026-06-11 15:28:50,683 - INFO - Epoch [1/1], Batch [95/200], Loss: 1.4879 (Overall: 1.1648, Change: 1.6926), TF Ratio: 0.981
2026-06-11 15:28:50,854 - INFO - Epoch [1/1], Batch [96/200], Loss: 1.4879 (Overall: 1.2449, Change: 1.7401), TF Ratio: 0.981
2026-06-11 15:28:51,007 - INFO - Epoch [1/1], Batch [97/200], Loss: 1.4862 (Overall: 1.1596, Change: 1.4908), TF Ratio: 0.981
2026-06-11 15:28:51,159 - INFO - Epoch [1/1], Batch [98/200], Loss: 1.4822 (Overall: 0.8317, Change: 1.3585), TF Ratio: 0.980
2026-06-11 15:28:51,311 - INFO - Epoch [1/1], Batch [99/200], Loss: 1.4814 (Overall: 1.0418, Change: 1.7499), TF Ratio: 0.980
2026-06-11 15:28:51,477 - INFO - Epoch [1/1], Batch [100/200], Loss: 1.4812 (Overall: 0.9814, Change: 1.9500), TF Ratio: 0.980
2026-06-11 15:28:51,630 - INFO - Epoch [1/1], Batch [101/200], Loss: 1.4783 (Overall: 0.9432, Change: 1.4369), TF Ratio: 0.980
2026-06-11 15:28:51,784 - INFO - Epoch [1/1], Batch [102/200], Loss: 1.4780 (Overall: 1.0666, Change: 1.8134), TF Ratio: 0.980
2026-06-11 15:28:51,936 - INFO - Epoch [1/1], Batch [103/200], Loss: 1.4767 (Overall: 1.1946, Change: 1.5090), TF Ratio: 0.979
2026-06-11 15:28:52,102 - INFO - Epoch [1/1], Batch [104/200], Loss: 1.4746 (Overall: 0.8763, Change: 1.6351), TF Ratio: 0.979
2026-06-11 15:28:52,256 - INFO - Epoch [1/1], Batch [105/200], Loss: 1.4732 (Overall: 0.9919, Change: 1.6697), TF Ratio: 0.979
2026-06-11 15:28:52,416 - INFO - Epoch [1/1], Batch [106/200], Loss: 1.4734 (Overall: 1.2532, Change: 1.7323), TF Ratio: 0.979
2026-06-11 15:28:52,569 - INFO - Epoch [1/1], Batch [107/200], Loss: 1.4729 (Overall: 1.0903, Change: 1.7473), TF Ratio: 0.979
2026-06-11 15:28:52,727 - INFO - Epoch [1/1], Batch [108/200], Loss: 1.4723 (Overall: 1.1073, Change: 1.7135), TF Ratio: 0.978
2026-06-11 15:28:52,880 - INFO - Epoch [1/1], Batch [109/200], Loss: 1.4697 (Overall: 0.7437, Change: 1.6204), TF Ratio: 0.978
2026-06-11 15:28:53,033 - INFO - Epoch [1/1], Batch [110/200], Loss: 1.4671 (Overall: 0.8227, Change: 1.5482), TF Ratio: 0.978
2026-06-11 15:28:53,185 - INFO - Epoch [1/1], Batch [111/200], Loss: 1.4655 (Overall: 0.9026, Change: 1.6782), TF Ratio: 0.978
2026-06-11 15:28:53,348 - INFO - Epoch [1/1], Batch [112/200], Loss: 1.4630 (Overall: 0.8969, Change: 1.4724), TF Ratio: 0.978
2026-06-11 15:28:53,500 - INFO - Epoch [1/1], Batch [113/200], Loss: 1.4612 (Overall: 0.9501, Change: 1.5825), TF Ratio: 0.977
2026-06-11 15:28:53,653 - INFO - Epoch [1/1], Batch [114/200], Loss: 1.4596 (Overall: 0.8892, Change: 1.6605), TF Ratio: 0.977
2026-06-11 15:28:53,819 - INFO - Epoch [1/1], Batch [115/200], Loss: 1.4576 (Overall: 0.9495, Change: 1.5109), TF Ratio: 0.977
2026-06-11 15:28:53,975 - INFO - Epoch [1/1], Batch [116/200], Loss: 1.4578 (Overall: 0.8836, Change: 2.0741), TF Ratio: 0.977
2026-06-11 15:28:54,130 - INFO - Epoch [1/1], Batch [117/200], Loss: 1.4545 (Overall: 0.9404, Change: 1.2057), TF Ratio: 0.977
2026-06-11 15:28:54,294 - INFO - Epoch [1/1], Batch [118/200], Loss: 1.4534 (Overall: 1.0823, Change: 1.5592), TF Ratio: 0.976
2026-06-11 15:28:54,453 - INFO - Epoch [1/1], Batch [119/200], Loss: 1.4547 (Overall: 1.3548, Change: 1.8618), TF Ratio: 0.976
2026-06-11 15:28:54,611 - INFO - Epoch [1/1], Batch [120/200], Loss: 1.4516 (Overall: 0.8774, Change: 1.2956), TF Ratio: 0.976
2026-06-11 15:28:54,772 - INFO - Epoch [1/1], Batch [121/200], Loss: 1.4509 (Overall: 0.9451, Change: 1.7943), TF Ratio: 0.976
2026-06-11 15:28:54,924 - INFO - Epoch [1/1], Batch [122/200], Loss: 1.4487 (Overall: 0.8882, Change: 1.4711), TF Ratio: 0.976
2026-06-11 15:28:55,090 - INFO - Epoch [1/1], Batch [123/200], Loss: 1.4484 (Overall: 1.1718, Change: 1.6451), TF Ratio: 0.975
2026-06-11 15:28:55,247 - INFO - Epoch [1/1], Batch [124/200], Loss: 1.4474 (Overall: 0.9861, Change: 1.6618), TF Ratio: 0.975
2026-06-11 15:28:55,410 - INFO - Epoch [1/1], Batch [125/200], Loss: 1.4459 (Overall: 0.9074, Change: 1.6185), TF Ratio: 0.975
2026-06-11 15:28:55,565 - INFO - Epoch [1/1], Batch [126/200], Loss: 1.4452 (Overall: 0.9353, Change: 1.7675), TF Ratio: 0.975
2026-06-11 15:28:55,727 - INFO - Epoch [1/1], Batch [127/200], Loss: 1.4460 (Overall: 1.1078, Change: 2.0057), TF Ratio: 0.975
2026-06-11 15:28:55,886 - INFO - Epoch [1/1], Batch [128/200], Loss: 1.4448 (Overall: 1.0072, Change: 1.5659), TF Ratio: 0.974
2026-06-11 15:28:56,069 - INFO - Epoch [1/1], Batch [129/200], Loss: 1.4421 (Overall: 0.9354, Change: 1.2681), TF Ratio: 0.974
2026-06-11 15:28:56,222 - INFO - Epoch [1/1], Batch [130/200], Loss: 1.4422 (Overall: 1.0513, Change: 1.8486), TF Ratio: 0.974
2026-06-11 15:28:56,374 - INFO - Epoch [1/1], Batch [131/200], Loss: 1.4409 (Overall: 0.9142, Change: 1.6225), TF Ratio: 0.974
2026-06-11 15:28:56,539 - INFO - Epoch [1/1], Batch [132/200], Loss: 1.4394 (Overall: 0.9502, Change: 1.5551), TF Ratio: 0.974
2026-06-11 15:28:56,692 - INFO - Epoch [1/1], Batch [133/200], Loss: 1.4372 (Overall: 0.8543, Change: 1.4369), TF Ratio: 0.973
2026-06-11 15:28:56,847 - INFO - Epoch [1/1], Batch [134/200], Loss: 1.4381 (Overall: 1.0371, Change: 2.0773), TF Ratio: 0.973
2026-06-11 15:28:57,005 - INFO - Epoch [1/1], Batch [135/200], Loss: 1.4362 (Overall: 0.9599, Change: 1.3863), TF Ratio: 0.973
2026-06-11 15:28:57,159 - INFO - Epoch [1/1], Batch [136/200], Loss: 1.4359 (Overall: 1.1733, Change: 1.6375), TF Ratio: 0.973
2026-06-11 15:28:57,312 - INFO - Epoch [1/1], Batch [137/200], Loss: 1.4341 (Overall: 0.8488, Change: 1.5271), TF Ratio: 0.973
2026-06-11 15:28:57,471 - INFO - Epoch [1/1], Batch [138/200], Loss: 1.4324 (Overall: 0.8689, Change: 1.5146), TF Ratio: 0.972
2026-06-11 15:28:57,624 - INFO - Epoch [1/1], Batch [139/200], Loss: 1.4313 (Overall: 0.9335, Change: 1.6313), TF Ratio: 0.972
2026-06-11 15:28:57,804 - INFO - Epoch [1/1], Batch [140/200], Loss: 1.4285 (Overall: 0.9484, Change: 1.1440), TF Ratio: 0.972
2026-06-11 15:28:57,959 - INFO - Epoch [1/1], Batch [141/200], Loss: 1.4268 (Overall: 1.0287, Change: 1.3394), TF Ratio: 0.972
2026-06-11 15:28:58,113 - INFO - Epoch [1/1], Batch [142/200], Loss: 1.4258 (Overall: 0.9837, Change: 1.5832), TF Ratio: 0.972
2026-06-11 15:28:58,272 - INFO - Epoch [1/1], Batch [143/200], Loss: 1.4235 (Overall: 0.8506, Change: 1.3507), TF Ratio: 0.971
2026-06-11 15:28:58,439 - INFO - Epoch [1/1], Batch [144/200], Loss: 1.4208 (Overall: 0.8418, Change: 1.2158), TF Ratio: 0.971
2026-06-11 15:28:58,602 - INFO - Epoch [1/1], Batch [145/200], Loss: 1.4198 (Overall: 0.9737, Change: 1.5832), TF Ratio: 0.971
2026-06-11 15:28:58,760 - INFO - Epoch [1/1], Batch [146/200], Loss: 1.4188 (Overall: 0.9197, Change: 1.6304), TF Ratio: 0.971
2026-06-11 15:28:58,931 - INFO - Epoch [1/1], Batch [147/200], Loss: 1.4169 (Overall: 0.7996, Change: 1.4844), TF Ratio: 0.971
2026-06-11 15:28:59,088 - INFO - Epoch [1/1], Batch [148/200], Loss: 1.4160 (Overall: 1.0276, Change: 1.5258), TF Ratio: 0.970
2026-06-11 15:28:59,249 - INFO - Epoch [1/1], Batch [149/200], Loss: 1.4149 (Overall: 0.9105, Change: 1.5882), TF Ratio: 0.970
2026-06-11 15:28:59,405 - INFO - Epoch [1/1], Batch [150/200], Loss: 1.4141 (Overall: 1.0425, Change: 1.5563), TF Ratio: 0.970
2026-06-11 15:28:59,570 - INFO - Epoch [1/1], Batch [151/200], Loss: 1.4120 (Overall: 0.9084, Change: 1.2784), TF Ratio: 0.970
2026-06-11 15:28:59,727 - INFO - Epoch [1/1], Batch [152/200], Loss: 1.4082 (Overall: 0.7599, Change: 0.9130), TF Ratio: 0.970
2026-06-11 15:28:59,883 - INFO - Epoch [1/1], Batch [153/200], Loss: 1.4069 (Overall: 0.7984, Change: 1.6411), TF Ratio: 0.969
2026-06-11 15:29:00,045 - INFO - Epoch [1/1], Batch [154/200], Loss: 1.4059 (Overall: 0.8984, Change: 1.5974), TF Ratio: 0.969
2026-06-11 15:29:00,201 - INFO - Epoch [1/1], Batch [155/200], Loss: 1.4058 (Overall: 0.9267, Change: 1.8472), TF Ratio: 0.969
2026-06-11 15:29:00,369 - INFO - Epoch [1/1], Batch [156/200], Loss: 1.4039 (Overall: 0.7292, Change: 1.4862), TF Ratio: 0.969
2026-06-11 15:29:00,528 - INFO - Epoch [1/1], Batch [157/200], Loss: 1.4029 (Overall: 1.0395, Change: 1.4713), TF Ratio: 0.969
2026-06-11 15:29:00,684 - INFO - Epoch [1/1], Batch [158/200], Loss: 1.4025 (Overall: 1.2666, Change: 1.3877), TF Ratio: 0.968
2026-06-11 15:29:00,842 - INFO - Epoch [1/1], Batch [159/200], Loss: 1.4033 (Overall: 1.3154, Change: 1.7702), TF Ratio: 0.968
2026-06-11 15:29:00,996 - INFO - Epoch [1/1], Batch [160/200], Loss: 1.4017 (Overall: 0.9275, Change: 1.3609), TF Ratio: 0.968
2026-06-11 15:29:01,149 - INFO - Epoch [1/1], Batch [161/200], Loss: 1.4017 (Overall: 1.1416, Change: 1.6682), TF Ratio: 0.968
2026-06-11 15:29:01,301 - INFO - Epoch [1/1], Batch [162/200], Loss: 1.4010 (Overall: 0.9372, Change: 1.6339), TF Ratio: 0.968
2026-06-11 15:29:01,454 - INFO - Epoch [1/1], Batch [163/200], Loss: 1.4005 (Overall: 1.0984, Change: 1.5434), TF Ratio: 0.967
2026-06-11 15:29:01,616 - INFO - Epoch [1/1], Batch [164/200], Loss: 1.3986 (Overall: 0.7898, Change: 1.3847), TF Ratio: 0.967
2026-06-11 15:29:01,769 - INFO - Epoch [1/1], Batch [165/200], Loss: 1.3975 (Overall: 1.0083, Change: 1.4191), TF Ratio: 0.967
2026-06-11 15:29:01,922 - INFO - Epoch [1/1], Batch [166/200], Loss: 1.3969 (Overall: 0.9635, Change: 1.6172), TF Ratio: 0.967
2026-06-11 15:29:02,075 - INFO - Epoch [1/1], Batch [167/200], Loss: 1.3962 (Overall: 0.9245, Change: 1.6634), TF Ratio: 0.967
2026-06-11 15:29:02,243 - INFO - Epoch [1/1], Batch [168/200], Loss: 1.3966 (Overall: 1.0917, Change: 1.8196), TF Ratio: 0.966
2026-06-11 15:29:02,398 - INFO - Epoch [1/1], Batch [169/200], Loss: 1.3955 (Overall: 0.8922, Change: 1.5456), TF Ratio: 0.966
2026-06-11 15:29:02,551 - INFO - Epoch [1/1], Batch [170/200], Loss: 1.3965 (Overall: 1.3005, Change: 1.8181), TF Ratio: 0.966
2026-06-11 15:29:02,704 - INFO - Epoch [1/1], Batch [171/200], Loss: 1.3945 (Overall: 1.0885, Change: 1.0230), TF Ratio: 0.966
2026-06-11 15:29:02,876 - INFO - Epoch [1/1], Batch [172/200], Loss: 1.3938 (Overall: 0.8935, Change: 1.6612), TF Ratio: 0.966
2026-06-11 15:29:03,039 - INFO - Epoch [1/1], Batch [173/200], Loss: 1.3933 (Overall: 1.1082, Change: 1.4951), TF Ratio: 0.965
2026-06-11 15:29:03,191 - INFO - Epoch [1/1], Batch [174/200], Loss: 1.3922 (Overall: 0.8112, Change: 1.6045), TF Ratio: 0.965
2026-06-11 15:29:03,345 - INFO - Epoch [1/1], Batch [175/200], Loss: 1.3905 (Overall: 0.8143, Change: 1.3592), TF Ratio: 0.965
2026-06-11 15:29:03,508 - INFO - Epoch [1/1], Batch [176/200], Loss: 1.3890 (Overall: 0.8219, Change: 1.4481), TF Ratio: 0.965
2026-06-11 15:29:03,662 - INFO - Epoch [1/1], Batch [177/200], Loss: 1.3871 (Overall: 0.8223, Change: 1.2835), TF Ratio: 0.965
2026-06-11 15:29:03,816 - INFO - Epoch [1/1], Batch [178/200], Loss: 1.3872 (Overall: 0.9469, Change: 1.8531), TF Ratio: 0.964
2026-06-11 15:29:03,970 - INFO - Epoch [1/1], Batch [179/200], Loss: 1.3862 (Overall: 0.8569, Change: 1.5616), TF Ratio: 0.964
2026-06-11 15:29:04,131 - INFO - Epoch [1/1], Batch [180/200], Loss: 1.3871 (Overall: 1.3152, Change: 1.7885), TF Ratio: 0.964
2026-06-11 15:29:04,299 - INFO - Epoch [1/1], Batch [181/200], Loss: 1.3871 (Overall: 1.0888, Change: 1.6862), TF Ratio: 0.964
2026-06-11 15:29:04,452 - INFO - Epoch [1/1], Batch [182/200], Loss: 1.3864 (Overall: 0.9290, Change: 1.5724), TF Ratio: 0.964
2026-06-11 15:29:04,613 - INFO - Epoch [1/1], Batch [183/200], Loss: 1.3852 (Overall: 1.0465, Change: 1.2967), TF Ratio: 0.963
2026-06-11 15:29:04,787 - INFO - Epoch [1/1], Batch [184/200], Loss: 1.3836 (Overall: 0.8326, Change: 1.3547), TF Ratio: 0.963
2026-06-11 15:29:04,940 - INFO - Epoch [1/1], Batch [185/200], Loss: 1.3830 (Overall: 0.8605, Change: 1.6800), TF Ratio: 0.963
2026-06-11 15:29:05,094 - INFO - Epoch [1/1], Batch [186/200], Loss: 1.3813 (Overall: 0.7831, Change: 1.3614), TF Ratio: 0.963
2026-06-11 15:29:05,248 - INFO - Epoch [1/1], Batch [187/200], Loss: 1.3800 (Overall: 0.8068, Change: 1.4508), TF Ratio: 0.963
2026-06-11 15:29:05,408 - INFO - Epoch [1/1], Batch [188/200], Loss: 1.3793 (Overall: 0.9340, Change: 1.5712), TF Ratio: 0.962
2026-06-11 15:29:05,561 - INFO - Epoch [1/1], Batch [189/200], Loss: 1.3781 (Overall: 0.8069, Change: 1.4963), TF Ratio: 0.962
2026-06-11 15:29:05,713 - INFO - Epoch [1/1], Batch [190/200], Loss: 1.3760 (Overall: 0.8603, Change: 1.0851), TF Ratio: 0.962
2026-06-11 15:29:05,865 - INFO - Epoch [1/1], Batch [191/200], Loss: 1.3748 (Overall: 0.8054, Change: 1.4897), TF Ratio: 0.962
2026-06-11 15:29:06,024 - INFO - Epoch [1/1], Batch [192/200], Loss: 1.3734 (Overall: 0.7084, Change: 1.5283), TF Ratio: 0.962
2026-06-11 15:29:06,176 - INFO - Epoch [1/1], Batch [193/200], Loss: 1.3726 (Overall: 1.0404, Change: 1.3677), TF Ratio: 0.961
2026-06-11 15:29:06,328 - INFO - Epoch [1/1], Batch [194/200], Loss: 1.3718 (Overall: 0.9714, Change: 1.4606), TF Ratio: 0.961
2026-06-11 15:29:06,482 - INFO - Epoch [1/1], Batch [195/200], Loss: 1.3709 (Overall: 0.8450, Change: 1.5794), TF Ratio: 0.961
2026-06-11 15:29:06,649 - INFO - Epoch [1/1], Batch [196/200], Loss: 1.3703 (Overall: 1.0170, Change: 1.4929), TF Ratio: 0.961
2026-06-11 15:29:06,823 - INFO - Epoch [1/1], Batch [197/200], Loss: 1.3700 (Overall: 1.1658, Change: 1.4201), TF Ratio: 0.961
2026-06-11 15:29:06,974 - INFO - Epoch [1/1], Batch [198/200], Loss: 1.3688 (Overall: 0.7429, Change: 1.5381), TF Ratio: 0.960
2026-06-11 15:29:07,126 - INFO - Epoch [1/1], Batch [199/200], Loss: 1.3694 (Overall: 1.2866, Change: 1.7022), TF Ratio: 0.960
2026-06-11 15:29:07,289 - INFO - Epoch [1/1], Batch [200/200], Loss: 1.3691 (Overall: 1.2590, Change: 1.3533), TF Ratio: 0.960
2026-06-11 15:29:11,595 - INFO - Epoch 1 done. Validating...
2026-06-11 15:29:22,610 - INFO - Epoch [1/1] | Train: 1.3699 | Val: 1.1704
2026-06-11 15:29:22,856 - INFO - Checkpoint saved: /gpfs/scratch/bsc32/bsc096444/ai4land-tfm/trained_models/unet_impl/41654676/best_model.pth
2026-06-11 15:29:23,049 - INFO - Checkpoint saved: /gpfs/scratch/bsc32/bsc096444/ai4land-tfm/trained_models/unet_impl/41654676/model_epoch_1.pth
2026-06-11 15:29:23,359 - INFO - Training complete.
