2026-06-07 10:17:37,859 - INFO - Split: train | land_index=/gpfs/projects/ehpc606/ai4land/CONCERTO/land_index/land_pixel_index_sample.npy
2026-06-07 10:17:37,859 - INFO - Stores: /gpfs/scratch/ehpc736/data/AI4LAND_NON_preprocessed-data-2000-2015.zarr
2026-06-07 10:17:37,859 - INFO - Sweep: num_workers=[0, 1, 4, 12] | num_batches=80 | batch_timeout=30s
2026-06-07 10:17:47,184 - INFO - Dataset: SingleZarrDataset | length=6,272,000
2026-06-07 10:17:47,185 - INFO - ================================================================================
2026-06-07 10:17:47,185 - INFO - PHASE 1 — __getitem__ + per-modality merged (50 samples)
2026-06-07 10:17:47,185 - INFO - ================================================================================
2026-06-07 10:17:50,228 - INFO - shapes: (2, 15, 256, 256) (2, 1, 256, 256) (6, 256, 256) (1, 256, 256) (2, 256, 256) | bytes/sample:   9.50 MB
2026-06-07 10:17:50,228 - INFO -   sample   1/50   3043.4 ms
2026-06-07 10:17:51,399 - INFO -   sample   2/50   1171.0 ms
2026-06-07 10:17:52,389 - INFO -   sample   3/50    989.5 ms
2026-06-07 10:17:53,414 - INFO -   sample   4/50   1024.9 ms
2026-06-07 10:17:54,466 - INFO -   sample   5/50   1052.3 ms
2026-06-07 10:17:55,642 - INFO -   sample   6/50   1175.2 ms
2026-06-07 10:17:56,758 - INFO -   sample   7/50   1115.9 ms
2026-06-07 10:17:57,662 - INFO -   sample   8/50    904.0 ms
2026-06-07 10:17:58,686 - INFO -   sample   9/50   1023.8 ms
2026-06-07 10:17:59,611 - INFO -   sample  10/50    925.0 ms
2026-06-07 10:18:00,721 - INFO -   sample  11/50   1109.9 ms
2026-06-07 10:18:01,652 - INFO -   sample  12/50    930.5 ms
2026-06-07 10:18:02,565 - INFO -   sample  13/50    913.7 ms
2026-06-07 10:18:03,563 - INFO -   sample  14/50    997.5 ms
2026-06-07 10:18:04,593 - INFO -   sample  15/50   1029.7 ms
2026-06-07 10:18:05,646 - INFO -   sample  16/50   1052.6 ms
2026-06-07 10:18:06,618 - INFO -   sample  17/50    972.7 ms
2026-06-07 10:18:07,667 - INFO -   sample  18/50   1048.1 ms
2026-06-07 10:18:08,890 - INFO -   sample  19/50   1223.7 ms
2026-06-07 10:18:10,064 - INFO -   sample  20/50   1173.7 ms
2026-06-07 10:18:11,086 - INFO -   sample  21/50   1022.0 ms
2026-06-07 10:18:12,136 - INFO -   sample  22/50   1049.0 ms
2026-06-07 10:18:13,070 - INFO -   sample  23/50    934.4 ms
2026-06-07 10:18:14,176 - INFO -   sample  24/50   1105.9 ms
2026-06-07 10:18:15,255 - INFO -   sample  25/50   1078.7 ms
2026-06-07 10:18:16,377 - INFO -   sample  26/50   1121.9 ms
2026-06-07 10:18:17,434 - INFO -   sample  27/50   1056.9 ms
2026-06-07 10:18:18,425 - INFO -   sample  28/50    991.0 ms
2026-06-07 10:18:19,563 - INFO -   sample  29/50   1137.8 ms
2026-06-07 10:18:20,604 - INFO -   sample  30/50   1040.3 ms
2026-06-07 10:18:21,654 - INFO -   sample  31/50   1050.3 ms
2026-06-07 10:18:22,800 - INFO -   sample  32/50   1146.0 ms
2026-06-07 10:18:23,812 - INFO -   sample  33/50   1012.3 ms
2026-06-07 10:18:24,712 - INFO -   sample  34/50    899.3 ms
2026-06-07 10:18:25,703 - INFO -   sample  35/50    990.9 ms
2026-06-07 10:18:26,807 - INFO -   sample  36/50   1103.5 ms
2026-06-07 10:18:27,980 - INFO -   sample  37/50   1173.1 ms
2026-06-07 10:18:28,977 - INFO -   sample  38/50    997.2 ms
2026-06-07 10:18:30,180 - INFO -   sample  39/50   1203.3 ms
2026-06-07 10:18:31,349 - INFO -   sample  40/50   1168.8 ms
2026-06-07 10:18:32,262 - INFO -   sample  41/50    912.9 ms
2026-06-07 10:18:33,492 - INFO -   sample  42/50   1229.7 ms
2026-06-07 10:18:34,616 - INFO -   sample  43/50   1123.8 ms
2026-06-07 10:18:35,898 - INFO -   sample  44/50   1281.4 ms
2026-06-07 10:18:37,049 - INFO -   sample  45/50   1151.4 ms
2026-06-07 10:18:38,109 - INFO -   sample  46/50   1060.1 ms
2026-06-07 10:18:39,054 - INFO -   sample  47/50    944.9 ms
2026-06-07 10:18:40,146 - INFO -   sample  48/50   1091.0 ms
2026-06-07 10:18:41,296 - INFO -   sample  49/50   1150.3 ms
2026-06-07 10:18:42,425 - INFO -   sample  50/50   1129.2 ms
2026-06-07 10:18:42,426 - INFO - --- getitem | n=50 | mean= 1104.7 ms | median= 1054.8 ms | p95= 1227.0 ms | max= 3043.4 ms | sum=  55.23 s
2026-06-07 10:18:42,426 - INFO - --- per-modality (load + preprocess merged) ---
2026-06-07 10:18:42,426 - INFO -   _get_luh2_data        : calls= 100 | mean=  384.3 ms | median=  351.4 ms | max= 2310.5 ms | total= 38.43 s (69.6%)
2026-06-07 10:18:42,426 - INFO -   _get_population_data  : calls= 100 | mean=   41.6 ms | median=   40.5 ms | max=   66.4 ms | total=  4.16 s ( 7.5%)
2026-06-07 10:18:42,426 - INFO -   _get_kg_data          : calls= 100 | mean=   40.5 ms | median=   38.7 ms | max=   86.1 ms | total=  4.05 s ( 7.3%)
2026-06-07 10:18:42,426 - INFO -   _get_static_data      : calls=  50 | mean=   84.9 ms | median=   82.3 ms | max=  152.6 ms | total=  4.24 s ( 7.7%)
2026-06-07 10:18:42,426 - INFO -   _get_hilda_prior      : calls=  50 | mean=   42.1 ms | median=   41.0 ms | max=  103.4 ms | total=  2.10 s ( 3.8%)
2026-06-07 10:18:42,426 - INFO -   _get_hilda_target     : calls=  50 | mean=   41.6 ms | median=   41.2 ms | max=   51.9 ms | total=  2.08 s ( 3.8%)
2026-06-07 10:18:42,452 - INFO - ================================================================================
2026-06-07 10:18:42,452 - INFO - PHASE 2 — __getitem__ + load vs preprocess split (50 samples)
2026-06-07 10:18:42,452 - INFO - ================================================================================
2026-06-07 10:18:43,556 - INFO -   sample   1/50   1103.7 ms
2026-06-07 10:18:44,520 - INFO -   sample   2/50    963.5 ms
2026-06-07 10:18:45,450 - INFO -   sample   3/50    930.3 ms
2026-06-07 10:18:46,392 - INFO -   sample   4/50    941.7 ms
2026-06-07 10:18:47,391 - INFO -   sample   5/50    998.7 ms
2026-06-07 10:18:48,498 - INFO -   sample   6/50   1107.3 ms
2026-06-07 10:18:49,481 - INFO -   sample   7/50    982.8 ms
2026-06-07 10:18:50,623 - INFO -   sample   8/50   1142.2 ms
2026-06-07 10:18:51,702 - INFO -   sample   9/50   1078.3 ms
2026-06-07 10:18:52,673 - INFO -   sample  10/50    970.9 ms
2026-06-07 10:18:53,527 - INFO -   sample  11/50    854.1 ms
2026-06-07 10:18:54,547 - INFO -   sample  12/50   1019.8 ms
2026-06-07 10:18:55,466 - INFO -   sample  13/50    919.3 ms
2026-06-07 10:18:56,510 - INFO -   sample  14/50   1043.7 ms
2026-06-07 10:18:57,593 - INFO -   sample  15/50   1082.5 ms
2026-06-07 10:18:58,586 - INFO -   sample  16/50    993.0 ms
2026-06-07 10:18:59,489 - INFO -   sample  17/50    903.2 ms
2026-06-07 10:19:00,482 - INFO -   sample  18/50    992.7 ms
2026-06-07 10:19:01,432 - INFO -   sample  19/50    949.4 ms
2026-06-07 10:19:02,489 - INFO -   sample  20/50   1056.9 ms
2026-06-07 10:19:03,388 - INFO -   sample  21/50    898.8 ms
2026-06-07 10:19:04,282 - INFO -   sample  22/50    893.9 ms
2026-06-07 10:19:05,374 - INFO -   sample  23/50   1092.0 ms
2026-06-07 10:19:06,388 - INFO -   sample  24/50   1014.1 ms
2026-06-07 10:19:07,365 - INFO -   sample  25/50    977.1 ms
2026-06-07 10:19:08,279 - INFO -   sample  26/50    913.9 ms
2026-06-07 10:19:09,375 - INFO -   sample  27/50   1096.2 ms
2026-06-07 10:19:10,515 - INFO -   sample  28/50   1139.8 ms
2026-06-07 10:19:11,504 - INFO -   sample  29/50    988.2 ms
2026-06-07 10:19:12,739 - INFO -   sample  30/50   1235.0 ms
2026-06-07 10:19:13,641 - INFO -   sample  31/50    902.3 ms
2026-06-07 10:19:14,630 - INFO -   sample  32/50    988.3 ms
2026-06-07 10:19:15,695 - INFO -   sample  33/50   1065.2 ms
2026-06-07 10:19:16,600 - INFO -   sample  34/50    904.5 ms
2026-06-07 10:19:17,545 - INFO -   sample  35/50    945.2 ms
2026-06-07 10:19:18,640 - INFO -   sample  36/50   1094.4 ms
2026-06-07 10:19:19,784 - INFO -   sample  37/50   1144.5 ms
2026-06-07 10:19:20,902 - INFO -   sample  38/50   1117.9 ms
2026-06-07 10:19:21,874 - INFO -   sample  39/50    971.6 ms
2026-06-07 10:19:22,761 - INFO -   sample  40/50    887.0 ms
2026-06-07 10:19:23,881 - INFO -   sample  41/50   1119.6 ms
2026-06-07 10:19:24,898 - INFO -   sample  42/50   1017.2 ms
2026-06-07 10:19:25,800 - INFO -   sample  43/50    902.1 ms
2026-06-07 10:19:26,918 - INFO -   sample  44/50   1117.3 ms
2026-06-07 10:19:27,950 - INFO -   sample  45/50   1032.4 ms
2026-06-07 10:19:29,062 - INFO -   sample  46/50   1111.2 ms
2026-06-07 10:19:30,090 - INFO -   sample  47/50   1028.4 ms
2026-06-07 10:19:31,089 - INFO -   sample  48/50    998.6 ms
2026-06-07 10:19:32,193 - INFO -   sample  49/50   1103.9 ms
2026-06-07 10:19:33,212 - INFO -   sample  50/50   1018.8 ms
2026-06-07 10:19:33,212 - INFO - --- getitem | n=50 | mean= 1015.1 ms | median= 1006.4 ms | p95= 1141.1 ms | max= 1235.0 ms | sum=  50.75 s
2026-06-07 10:19:33,212 - INFO - --- per-modality (load | preprocess split) ---
2026-06-07 10:19:33,212 - INFO -   luh2          : calls= 100 | load mean=  322.7 ms total= 32.27 s (63.6%) | prep mean=   32.9 ms total=  3.29 s ( 6.5%)
2026-06-07 10:19:33,212 - INFO -   population    : calls= 100 | load mean=   41.0 ms total=  4.10 s ( 8.1%) | prep mean=    0.1 ms total=  0.01 s ( 0.0%)
2026-06-07 10:19:33,212 - INFO -   kg            : calls= 100 | load mean=   37.1 ms total=  3.71 s ( 7.3%) | prep mean=    0.0 ms total=  0.00 s ( 0.0%)
2026-06-07 10:19:33,212 - INFO -   static        : calls=  50 | load mean=   43.3 ms total=  2.16 s ( 4.3%) | prep mean=   18.8 ms total=  0.94 s ( 1.9%)
2026-06-07 10:19:33,212 - INFO -   hilda_prior   : calls=  50 | load mean=   40.7 ms total=  2.04 s ( 4.0%) | prep mean=    0.2 ms total=  0.01 s ( 0.0%)
2026-06-07 10:19:33,212 - INFO -   hilda_target  : calls=  50 | load mean=   40.6 ms total=  2.03 s ( 4.0%) | prep mean=    0.4 ms total=  0.02 s ( 0.0%)
2026-06-07 10:19:33,213 - INFO - ================================================================================
2026-06-07 10:19:33,213 - INFO - PHASE 3 — DataLoader sweep over num_workers=[0, 1, 4, 12] (batch_size=8, prefetch_factor=4 when workers>0, pin_memory=True, persistent_workers=False) — 80 batches per config, per-batch timeout=30s, wall budget=900s
2026-06-07 10:19:33,213 - INFO - ================================================================================
2026-06-07 10:19:33,213 - INFO - --------------------------------------------------------------------------------
2026-06-07 10:19:33,213 - INFO - num_workers = 0
2026-06-07 10:19:33,213 - INFO - --------------------------------------------------------------------------------
2026-06-07 10:19:45,406 - [w=0] -   batch   1/80    9380.0 ms   76.00 MB
2026-06-07 10:19:53,467 - [w=0] -   batch   2/80    8060.4 ms   76.00 MB
2026-06-07 10:20:01,484 - [w=0] -   batch   3/80    8017.3 ms   76.00 MB
2026-06-07 10:20:10,212 - [w=0] -   batch   4/80    8727.6 ms   76.00 MB
2026-06-07 10:20:18,681 - [w=0] -   batch   5/80    8469.1 ms   76.00 MB
2026-06-07 10:20:26,844 - [w=0] -   batch   6/80    8162.1 ms   76.00 MB
2026-06-07 10:20:35,251 - [w=0] -   batch   7/80    8407.1 ms   76.00 MB
2026-06-07 10:20:44,064 - [w=0] -   batch   8/80    8812.9 ms   76.00 MB
2026-06-07 10:20:52,282 - [w=0] -   batch   9/80    8217.6 ms   76.00 MB
2026-06-07 10:21:01,241 - [w=0] -   batch  10/80    8959.5 ms   76.00 MB
2026-06-07 10:21:09,425 - [w=0] -   batch  11/80    8183.2 ms   76.00 MB
2026-06-07 10:21:18,127 - [w=0] -   batch  12/80    8702.1 ms   76.00 MB
2026-06-07 10:21:26,225 - [w=0] -   batch  13/80    8097.8 ms   76.00 MB
2026-06-07 10:21:34,532 - [w=0] -   batch  14/80    8307.2 ms   76.00 MB
2026-06-07 10:21:43,287 - [w=0] -   batch  15/80    8754.8 ms   76.00 MB
2026-06-07 10:21:51,783 - [w=0] -   batch  16/80    8495.0 ms   76.00 MB
2026-06-07 10:22:00,204 - [w=0] -   batch  17/80    8421.3 ms   76.00 MB
2026-06-07 10:22:08,767 - [w=0] -   batch  18/80    8563.0 ms   76.00 MB
2026-06-07 10:22:17,626 - [w=0] -   batch  19/80    8858.9 ms   76.00 MB
2026-06-07 10:22:25,722 - [w=0] -   batch  20/80    8095.1 ms   76.00 MB
2026-06-07 10:22:34,685 - [w=0] -   batch  21/80    8962.8 ms   76.00 MB
2026-06-07 10:22:43,358 - [w=0] -   batch  22/80    8672.9 ms   76.00 MB
2026-06-07 10:22:52,428 - [w=0] -   batch  23/80    9069.7 ms   76.00 MB
2026-06-07 10:23:00,563 - [w=0] -   batch  24/80    8134.8 ms   76.00 MB
2026-06-07 10:23:09,125 - [w=0] -   batch  25/80    8562.2 ms   76.00 MB
2026-06-07 10:23:17,868 - [w=0] -   batch  26/80    8742.6 ms   76.00 MB
2026-06-07 10:23:26,388 - [w=0] -   batch  27/80    8519.6 ms   76.00 MB
2026-06-07 10:23:34,717 - [w=0] -   batch  28/80    8329.4 ms   76.00 MB
2026-06-07 10:23:43,243 - [w=0] -   batch  29/80    8525.3 ms   76.00 MB
2026-06-07 10:23:51,070 - [w=0] -   batch  30/80    7826.9 ms   76.00 MB
2026-06-07 10:23:58,966 - [w=0] -   batch  31/80    7895.8 ms   76.00 MB
2026-06-07 10:24:07,344 - [w=0] -   batch  32/80    8377.7 ms   76.00 MB
2026-06-07 10:24:15,475 - [w=0] -   batch  33/80    8131.4 ms   76.00 MB
2026-06-07 10:24:24,227 - [w=0] -   batch  34/80    8751.3 ms   76.00 MB
2026-06-07 10:24:32,537 - [w=0] -   batch  35/80    8310.2 ms   76.00 MB
2026-06-07 10:24:40,998 - [w=0] -   batch  36/80    8460.5 ms   76.00 MB
2026-06-07 10:24:49,305 - [w=0] -   batch  37/80    8306.4 ms   76.00 MB
2026-06-07 10:24:57,336 - [w=0] -   batch  38/80    8031.2 ms   76.00 MB
2026-06-07 10:25:05,774 - [w=0] -   batch  39/80    8437.9 ms   76.00 MB
2026-06-07 10:25:14,581 - [w=0] -   batch  40/80    8806.8 ms   76.00 MB
2026-06-07 10:25:22,788 - [w=0] -   batch  41/80    8206.3 ms   76.00 MB
2026-06-07 10:25:31,716 - [w=0] -   batch  42/80    8928.1 ms   76.00 MB
2026-06-07 10:25:39,705 - [w=0] -   batch  43/80    7989.3 ms   76.00 MB
2026-06-07 10:25:48,679 - [w=0] -   batch  44/80    8973.5 ms   76.00 MB
2026-06-07 10:25:56,911 - [w=0] -   batch  45/80    8231.3 ms   76.00 MB
2026-06-07 10:26:04,981 - [w=0] -   batch  46/80    8070.4 ms   76.00 MB
2026-06-07 10:26:13,485 - [w=0] -   batch  47/80    8503.6 ms   76.00 MB
2026-06-07 10:26:21,538 - [w=0] -   batch  48/80    8053.0 ms   76.00 MB
2026-06-07 10:26:29,729 - [w=0] -   batch  49/80    8190.5 ms   76.00 MB
2026-06-07 10:26:37,598 - [w=0] -   batch  50/80    7869.3 ms   76.00 MB
2026-06-07 10:26:46,382 - [w=0] -   batch  51/80    8783.7 ms   76.00 MB
2026-06-07 10:26:54,569 - [w=0] -   batch  52/80    8186.7 ms   76.00 MB
2026-06-07 10:27:03,649 - [w=0] -   batch  53/80    9079.6 ms   76.00 MB
2026-06-07 10:27:11,758 - [w=0] -   batch  54/80    8108.8 ms   76.00 MB
2026-06-07 10:27:19,926 - [w=0] -   batch  55/80    8168.0 ms   76.00 MB
2026-06-07 10:27:28,229 - [w=0] -   batch  56/80    8302.7 ms   76.00 MB
2026-06-07 10:27:36,637 - [w=0] -   batch  57/80    8407.4 ms   76.00 MB
2026-06-07 10:27:45,193 - [w=0] -   batch  58/80    8556.2 ms   76.00 MB
2026-06-07 10:27:53,952 - [w=0] -   batch  59/80    8758.6 ms   76.00 MB
2026-06-07 10:28:02,390 - [w=0] -   batch  60/80    8437.6 ms   76.00 MB
2026-06-07 10:28:10,676 - [w=0] -   batch  61/80    8286.2 ms   76.00 MB
2026-06-07 10:28:18,885 - [w=0] -   batch  62/80    8208.3 ms   76.00 MB
2026-06-07 10:28:27,450 - [w=0] -   batch  63/80    8564.9 ms   76.00 MB
2026-06-07 10:28:36,097 - [w=0] -   batch  64/80    8646.9 ms   76.00 MB
2026-06-07 10:28:45,086 - [w=0] -   batch  65/80    8989.2 ms   76.00 MB
2026-06-07 10:28:53,156 - [w=0] -   batch  66/80    8070.0 ms   76.00 MB
2026-06-07 10:29:01,631 - [w=0] -   batch  67/80    8474.5 ms   76.00 MB
2026-06-07 10:29:09,981 - [w=0] -   batch  68/80    8350.1 ms   76.00 MB
2026-06-07 10:29:18,825 - [w=0] -   batch  69/80    8843.7 ms   76.00 MB
2026-06-07 10:29:27,190 - [w=0] -   batch  70/80    8364.4 ms   76.00 MB
2026-06-07 10:29:35,108 - [w=0] -   batch  71/80    7917.8 ms   76.00 MB
2026-06-07 10:29:43,788 - [w=0] -   batch  72/80    8680.0 ms   76.00 MB
2026-06-07 10:29:51,694 - [w=0] -   batch  73/80    7905.8 ms   76.00 MB
2026-06-07 10:30:00,367 - [w=0] -   batch  74/80    8672.4 ms   76.00 MB
2026-06-07 10:30:08,626 - [w=0] -   batch  75/80    8259.4 ms   76.00 MB
2026-06-07 10:30:17,221 - [w=0] -   batch  76/80    8594.2 ms   76.00 MB
2026-06-07 10:30:25,429 - [w=0] -   batch  77/80    8207.8 ms   76.00 MB
2026-06-07 10:30:32,994 - [w=0] -   batch  78/80    7565.3 ms   76.00 MB
2026-06-07 10:30:41,070 - [w=0] -   batch  79/80    8075.6 ms   76.00 MB
2026-06-07 10:30:49,110 - [w=0] -   batch  80/80    8040.4 ms   76.00 MB
2026-06-07 10:30:54,360 - INFO - cold batch: 9380.0 ms (includes worker startup)
2026-06-07 10:30:54,360 - INFO - --- warm batches | n=79 | mean= 8401.1 ms | median= 8377.7 ms | p95= 8963.9 ms | max= 9079.6 ms | sum= 663.69 s
2026-06-07 10:30:54,360 - INFO - --- throughput |    1.0 samples/s |   0.12 batches/s
2026-06-07 10:30:54,360 - INFO - --------------------------------------------------------------------------------
2026-06-07 10:30:54,360 - INFO - num_workers = 1
2026-06-07 10:30:54,360 - INFO - --------------------------------------------------------------------------------
2026-06-07 10:31:08,807 - [w=1] -   batch   1/80    8840.4 ms   76.00 MB
2026-06-07 10:31:16,832 - [w=1] -   batch   2/80    8024.7 ms   76.00 MB
2026-06-07 10:31:24,756 - [w=1] -   batch   3/80    7924.3 ms   76.00 MB
2026-06-07 10:31:32,639 - [w=1] -   batch   4/80    7883.0 ms   76.00 MB
2026-06-07 10:31:40,986 - [w=1] -   batch   5/80    8347.1 ms   76.00 MB
2026-06-07 10:31:49,262 - [w=1] -   batch   6/80    8275.7 ms   76.00 MB
2026-06-07 10:31:57,789 - [w=1] -   batch   7/80    8526.1 ms   76.00 MB
2026-06-07 10:32:05,475 - [w=1] -   batch   8/80    7685.8 ms   76.00 MB
2026-06-07 10:32:13,724 - [w=1] -   batch   9/80    8249.2 ms   76.00 MB
2026-06-07 10:32:21,457 - [w=1] -   batch  10/80    7732.5 ms   76.00 MB
2026-06-07 10:32:30,034 - [w=1] -   batch  11/80    8577.7 ms   76.00 MB
2026-06-07 10:32:38,018 - [w=1] -   batch  12/80    7983.9 ms   76.00 MB
2026-06-07 10:32:46,228 - [w=1] -   batch  13/80    8208.9 ms   76.00 MB
2026-06-07 10:32:54,626 - [w=1] -   batch  14/80    8398.6 ms   76.00 MB
2026-06-07 10:33:02,692 - [w=1] -   batch  15/80    8065.1 ms   76.00 MB
2026-06-07 10:33:10,960 - [w=1] -   batch  16/80    8267.9 ms   76.00 MB
2026-06-07 10:33:19,012 - [w=1] -   batch  17/80    8051.5 ms   76.00 MB
2026-06-07 10:33:27,170 - [w=1] -   batch  18/80    8158.1 ms   76.00 MB
2026-06-07 10:33:35,294 - [w=1] -   batch  19/80    8123.6 ms   76.00 MB
2026-06-07 10:33:42,914 - [w=1] -   batch  20/80    7620.3 ms   76.00 MB
2026-06-07 10:33:50,874 - [w=1] -   batch  21/80    7960.2 ms   76.00 MB
2026-06-07 10:33:59,017 - [w=1] -   batch  22/80    8142.1 ms   76.00 MB
2026-06-07 10:34:07,704 - [w=1] -   batch  23/80    8687.4 ms   76.00 MB
2026-06-07 10:34:15,468 - [w=1] -   batch  24/80    7763.9 ms   76.00 MB
2026-06-07 10:34:24,343 - [w=1] -   batch  25/80    8874.2 ms   76.00 MB
2026-06-07 10:34:32,512 - [w=1] -   batch  26/80    8169.0 ms   76.00 MB
2026-06-07 10:34:40,651 - [w=1] -   batch  27/80    8139.2 ms   76.00 MB
2026-06-07 10:34:48,944 - [w=1] -   batch  28/80    8292.2 ms   76.00 MB
2026-06-07 10:34:57,157 - [w=1] -   batch  29/80    8212.9 ms   76.00 MB
2026-06-07 10:35:05,673 - [w=1] -   batch  30/80    8516.1 ms   76.00 MB
2026-06-07 10:35:14,160 - [w=1] -   batch  31/80    8486.8 ms   76.00 MB
2026-06-07 10:35:22,270 - [w=1] -   batch  32/80    8110.4 ms   76.00 MB
2026-06-07 10:35:30,280 - [w=1] -   batch  33/80    8009.0 ms   76.00 MB
2026-06-07 10:35:38,705 - [w=1] -   batch  34/80    8425.1 ms   76.00 MB
2026-06-07 10:35:47,124 - [w=1] -   batch  35/80    8418.5 ms   76.00 MB
2026-06-07 10:35:54,716 - [w=1] -   batch  36/80    7592.2 ms   76.00 MB
2026-06-07 10:36:02,329 - [w=1] -   batch  37/80    7613.2 ms   76.00 MB
2026-06-07 10:36:10,610 - [w=1] -   batch  38/80    8280.0 ms   76.00 MB
2026-06-07 10:36:18,674 - [w=1] -   batch  39/80    8064.5 ms   76.00 MB
2026-06-07 10:36:26,465 - [w=1] -   batch  40/80    7790.9 ms   76.00 MB
2026-06-07 10:36:34,673 - [w=1] -   batch  41/80    8207.6 ms   76.00 MB
2026-06-07 10:36:42,986 - [w=1] -   batch  42/80    8312.3 ms   76.00 MB
2026-06-07 10:36:50,444 - [w=1] -   batch  43/80    7457.9 ms   76.00 MB
2026-06-07 10:36:58,778 - [w=1] -   batch  44/80    8334.6 ms   76.00 MB
2026-06-07 10:37:07,676 - [w=1] -   batch  45/80    8897.8 ms   76.00 MB
2026-06-07 10:37:16,299 - [w=1] -   batch  46/80    8622.0 ms   76.00 MB
2026-06-07 10:37:24,611 - [w=1] -   batch  47/80    8312.6 ms   76.00 MB
2026-06-07 10:37:32,564 - [w=1] -   batch  48/80    7952.4 ms   76.00 MB
2026-06-07 10:37:41,439 - [w=1] -   batch  49/80    8875.2 ms   76.00 MB
2026-06-07 10:37:49,258 - [w=1] -   batch  50/80    7818.6 ms   76.00 MB
2026-06-07 10:37:58,060 - [w=1] -   batch  51/80    8801.7 ms   76.00 MB
2026-06-07 10:38:05,285 - [w=1] -   batch  52/80    7225.1 ms   76.00 MB
2026-06-07 10:38:12,928 - [w=1] -   batch  53/80    7642.9 ms   76.00 MB
2026-06-07 10:38:21,171 - [w=1] -   batch  54/80    8243.1 ms   76.00 MB
2026-06-07 10:38:29,644 - [w=1] -   batch  55/80    8472.1 ms   76.00 MB
2026-06-07 10:38:36,673 - [w=1] -   batch  56/80    7029.4 ms   76.00 MB
2026-06-07 10:38:45,234 - [w=1] -   batch  57/80    8560.6 ms   76.00 MB
2026-06-07 10:38:53,283 - [w=1] -   batch  58/80    8049.2 ms   76.00 MB
2026-06-07 10:39:01,427 - [w=1] -   batch  59/80    8143.3 ms   76.00 MB
2026-06-07 10:39:08,903 - [w=1] -   batch  60/80    7476.1 ms   76.00 MB
2026-06-07 10:39:16,856 - [w=1] -   batch  61/80    7952.5 ms   76.00 MB
2026-06-07 10:39:25,423 - [w=1] -   batch  62/80    8566.9 ms   76.00 MB
2026-06-07 10:39:33,095 - [w=1] -   batch  63/80    7672.0 ms   76.00 MB
2026-06-07 10:39:40,769 - [w=1] -   batch  64/80    7673.5 ms   76.00 MB
2026-06-07 10:39:48,178 - [w=1] -   batch  65/80    7409.7 ms   76.00 MB
2026-06-07 10:39:55,870 - [w=1] -   batch  66/80    7691.4 ms   76.00 MB
2026-06-07 10:40:04,015 - [w=1] -   batch  67/80    8144.9 ms   76.00 MB
2026-06-07 10:40:11,987 - [w=1] -   batch  68/80    7971.9 ms   76.00 MB
2026-06-07 10:40:20,555 - [w=1] -   batch  69/80    8567.9 ms   76.00 MB
2026-06-07 10:40:28,247 - [w=1] -   batch  70/80    7692.2 ms   76.00 MB
2026-06-07 10:40:36,422 - [w=1] -   batch  71/80    8174.7 ms   76.00 MB
2026-06-07 10:40:44,541 - [w=1] -   batch  72/80    8118.5 ms   76.00 MB
2026-06-07 10:40:52,393 - [w=1] -   batch  73/80    7852.1 ms   76.00 MB
2026-06-07 10:41:00,384 - [w=1] -   batch  74/80    7990.6 ms   76.00 MB
2026-06-07 10:41:08,515 - [w=1] -   batch  75/80    8130.8 ms   76.00 MB
2026-06-07 10:41:16,668 - [w=1] -   batch  76/80    8153.0 ms   76.00 MB
2026-06-07 10:41:24,795 - [w=1] -   batch  77/80    8127.1 ms   76.00 MB
2026-06-07 10:41:33,266 - [w=1] -   batch  78/80    8470.3 ms   76.00 MB
2026-06-07 10:41:41,590 - [w=1] -   batch  79/80    8324.1 ms   76.00 MB
2026-06-07 10:41:50,140 - [w=1] -   batch  80/80    8549.0 ms   76.00 MB
2026-06-07 10:41:55,628 - INFO - cold batch: 8840.4 ms (includes worker startup)
2026-06-07 10:41:55,629 - INFO - --- warm batches | n=79 | mean= 8118.0 ms | median= 8142.1 ms | p95= 8698.8 ms | max= 8897.8 ms | sum= 641.32 s
2026-06-07 10:41:55,629 - INFO - --- throughput |    1.0 samples/s |   0.12 batches/s
2026-06-07 10:41:55,629 - INFO - --------------------------------------------------------------------------------
2026-06-07 10:41:55,629 - INFO - num_workers = 4
2026-06-07 10:41:55,629 - INFO - --------------------------------------------------------------------------------
2026-06-07 10:42:15,931 - [w=4] -   batch   1/80    9681.0 ms   76.00 MB
2026-06-07 10:42:17,076 - [w=4] -   batch   2/80    1144.5 ms   76.00 MB
2026-06-07 10:42:17,076 - [w=4] -   batch   3/80       0.2 ms   76.00 MB
2026-06-07 10:42:17,076 - [w=4] -   batch   4/80       0.2 ms   76.00 MB
2026-06-07 10:42:25,655 - [w=4] -   batch   5/80    8578.7 ms   76.00 MB
2026-06-07 10:42:27,013 - [w=4] -   batch   6/80    1358.1 ms   76.00 MB
2026-06-07 10:42:27,014 - [w=4] -   batch   7/80       0.2 ms   76.00 MB
2026-06-07 10:42:27,014 - [w=4] -   batch   8/80       0.1 ms   76.00 MB
2026-06-07 10:42:35,593 - [w=4] -   batch   9/80    8579.3 ms   76.00 MB
2026-06-07 10:42:36,459 - [w=4] -   batch  10/80     866.1 ms   76.00 MB
2026-06-07 10:42:36,460 - [w=4] -   batch  11/80       0.1 ms   76.00 MB
2026-06-07 10:42:36,460 - [w=4] -   batch  12/80       0.2 ms   76.00 MB
2026-06-07 10:42:45,469 - [w=4] -   batch  13/80    9008.6 ms   76.00 MB
2026-06-07 10:42:45,469 - [w=4] -   batch  14/80       0.2 ms   76.00 MB
2026-06-07 10:42:45,657 - [w=4] -   batch  15/80     188.5 ms   76.00 MB
2026-06-07 10:42:46,188 - [w=4] -   batch  16/80     530.6 ms   76.00 MB
2026-06-07 10:42:55,551 - [w=4] -   batch  17/80    9362.6 ms   76.00 MB
2026-06-07 10:42:55,551 - [w=4] -   batch  18/80       0.2 ms   76.00 MB
2026-06-07 10:42:55,551 - [w=4] -   batch  19/80       0.1 ms   76.00 MB
2026-06-07 10:42:55,881 - [w=4] -   batch  20/80     329.2 ms   76.00 MB
2026-06-07 10:43:04,721 - [w=4] -   batch  21/80    8840.1 ms   76.00 MB
2026-06-07 10:43:04,721 - [w=4] -   batch  22/80       0.2 ms   76.00 MB
2026-06-07 10:43:04,984 - [w=4] -   batch  23/80     262.8 ms   76.00 MB
2026-06-07 10:43:05,499 - [w=4] -   batch  24/80     514.8 ms   76.00 MB
2026-06-07 10:43:14,784 - [w=4] -   batch  25/80    9284.8 ms   76.00 MB
2026-06-07 10:43:14,784 - [w=4] -   batch  26/80       0.2 ms   76.00 MB
2026-06-07 10:43:14,784 - [w=4] -   batch  27/80       0.1 ms   76.00 MB
2026-06-07 10:43:15,245 - [w=4] -   batch  28/80     460.1 ms   76.00 MB
2026-06-07 10:43:23,968 - [w=4] -   batch  29/80    8723.2 ms   76.00 MB
2026-06-07 10:43:23,968 - [w=4] -   batch  30/80       0.2 ms   76.00 MB
2026-06-07 10:43:24,876 - [w=4] -   batch  31/80     907.5 ms   76.00 MB
2026-06-07 10:43:25,494 - [w=4] -   batch  32/80     618.1 ms   76.00 MB
2026-06-07 10:43:33,933 - [w=4] -   batch  33/80    8438.7 ms   76.00 MB
2026-06-07 10:43:33,933 - [w=4] -   batch  34/80       0.2 ms   76.00 MB
2026-06-07 10:43:34,832 - [w=4] -   batch  35/80     899.1 ms   76.00 MB
2026-06-07 10:43:35,964 - [w=4] -   batch  36/80    1131.0 ms   76.00 MB
2026-06-07 10:43:43,868 - [w=4] -   batch  37/80    7904.4 ms   76.00 MB
2026-06-07 10:43:43,868 - [w=4] -   batch  38/80       0.2 ms   76.00 MB
2026-06-07 10:43:44,797 - [w=4] -   batch  39/80     928.1 ms   76.00 MB
2026-06-07 10:43:46,880 - [w=4] -   batch  40/80    2083.7 ms   76.00 MB
2026-06-07 10:43:54,561 - [w=4] -   batch  41/80    7680.1 ms   76.00 MB
2026-06-07 10:43:54,561 - [w=4] -   batch  42/80       0.2 ms   76.00 MB
2026-06-07 10:43:54,561 - [w=4] -   batch  43/80       0.1 ms   76.00 MB
2026-06-07 10:43:56,919 - [w=4] -   batch  44/80    2357.9 ms   76.00 MB
2026-06-07 10:44:04,112 - [w=4] -   batch  45/80    7193.0 ms   76.00 MB
2026-06-07 10:44:04,112 - [w=4] -   batch  46/80       0.2 ms   76.00 MB
2026-06-07 10:44:04,113 - [w=4] -   batch  47/80       0.0 ms   76.00 MB
2026-06-07 10:44:07,257 - [w=4] -   batch  48/80    3144.4 ms   76.00 MB
2026-06-07 10:44:13,618 - [w=4] -   batch  49/80    6360.7 ms   76.00 MB
2026-06-07 10:44:13,618 - [w=4] -   batch  50/80       0.1 ms   76.00 MB
2026-06-07 10:44:13,875 - [w=4] -   batch  51/80     256.5 ms   76.00 MB
2026-06-07 10:44:17,497 - [w=4] -   batch  52/80    3622.6 ms   76.00 MB
2026-06-07 10:44:23,311 - [w=4] -   batch  53/80    5813.4 ms   76.00 MB
2026-06-07 10:44:23,311 - [w=4] -   batch  54/80       0.2 ms   76.00 MB
2026-06-07 10:44:23,743 - [w=4] -   batch  55/80     431.5 ms   76.00 MB
2026-06-07 10:44:27,055 - [w=4] -   batch  56/80    3312.0 ms   76.00 MB
2026-06-07 10:44:32,685 - [w=4] -   batch  57/80    5629.7 ms   76.00 MB
2026-06-07 10:44:32,828 - [w=4] -   batch  58/80     142.6 ms   76.00 MB
2026-06-07 10:44:33,279 - [w=4] -   batch  59/80     451.1 ms   76.00 MB
2026-06-07 10:44:36,540 - [w=4] -   batch  60/80    3260.9 ms   76.00 MB
2026-06-07 10:44:43,352 - [w=4] -   batch  61/80    6812.0 ms   76.00 MB
2026-06-07 10:44:43,352 - [w=4] -   batch  62/80       0.2 ms   76.00 MB
2026-06-07 10:44:43,353 - [w=4] -   batch  63/80       0.1 ms   76.00 MB
2026-06-07 10:44:46,368 - [w=4] -   batch  64/80    3015.0 ms   76.00 MB
2026-06-07 10:44:53,265 - [w=4] -   batch  65/80    6897.3 ms   76.00 MB
2026-06-07 10:44:53,265 - [w=4] -   batch  66/80       0.2 ms   76.00 MB
2026-06-07 10:44:53,266 - [w=4] -   batch  67/80       0.1 ms   76.00 MB
2026-06-07 10:44:56,134 - [w=4] -   batch  68/80    2868.4 ms   76.00 MB
2026-06-07 10:45:04,252 - [w=4] -   batch  69/80    8117.5 ms   76.00 MB
2026-06-07 10:45:04,252 - [w=4] -   batch  70/80       0.1 ms   76.00 MB
2026-06-07 10:45:04,252 - [w=4] -   batch  71/80       0.2 ms   76.00 MB
2026-06-07 10:45:05,844 - [w=4] -   batch  72/80    1591.5 ms   76.00 MB
2026-06-07 10:45:14,542 - [w=4] -   batch  73/80    8698.3 ms   76.00 MB
2026-06-07 10:45:14,543 - [w=4] -   batch  74/80       0.2 ms   76.00 MB
2026-06-07 10:45:14,543 - [w=4] -   batch  75/80       0.1 ms   76.00 MB
2026-06-07 10:45:15,209 - [w=4] -   batch  76/80     666.1 ms   76.00 MB
2026-06-07 10:45:24,557 - [w=4] -   batch  77/80    9348.3 ms   76.00 MB
2026-06-07 10:45:24,558 - [w=4] -   batch  78/80       0.2 ms   76.00 MB
2026-06-07 10:45:24,558 - [w=4] -   batch  79/80       0.1 ms   76.00 MB
2026-06-07 10:45:24,924 - [w=4] -   batch  80/80     365.9 ms   76.00 MB
2026-06-07 10:45:35,233 - INFO - cold batch: 9681.0 ms (includes worker startup)
2026-06-07 10:45:35,233 - INFO - --- warm batches | n=79 | mean= 2392.2 ms | median=  460.1 ms | p95= 8856.9 ms | max= 9362.6 ms | sum= 188.98 s
2026-06-07 10:45:35,234 - INFO - --- throughput |    3.3 samples/s |   0.42 batches/s
2026-06-07 10:45:35,234 - INFO - --------------------------------------------------------------------------------
2026-06-07 10:45:35,234 - INFO - num_workers = 12
2026-06-07 10:45:35,234 - INFO - --------------------------------------------------------------------------------
2026-06-07 10:46:14,922 - [w=12] -   batch   1/80   11288.3 ms   76.00 MB
2026-06-07 10:46:15,977 - [w=12] -   batch   2/80    1054.4 ms   76.00 MB
2026-06-07 10:46:15,977 - [w=12] -   batch   3/80       0.1 ms   76.00 MB
2026-06-07 10:46:15,977 - [w=12] -   batch   4/80       0.1 ms   76.00 MB
2026-06-07 10:46:15,977 - [w=12] -   batch   5/80       0.1 ms   76.00 MB
2026-06-07 10:46:15,977 - [w=12] -   batch   6/80       0.1 ms   76.00 MB
2026-06-07 10:46:15,977 - [w=12] -   batch   7/80       0.1 ms   76.00 MB
2026-06-07 10:46:16,075 - [w=12] -   batch   8/80      97.7 ms   76.00 MB
2026-06-07 10:46:16,076 - [w=12] -   batch   9/80       0.3 ms   76.00 MB
2026-06-07 10:46:16,076 - [w=12] -   batch  10/80       0.1 ms   76.00 MB
2026-06-07 10:46:16,076 - [w=12] -   batch  11/80       0.1 ms   76.00 MB
2026-06-07 10:46:16,076 - [w=12] -   batch  12/80       0.1 ms   76.00 MB
2026-06-07 10:46:25,989 - [w=12] -   batch  13/80    9912.5 ms   76.00 MB
2026-06-07 10:46:26,942 - [w=12] -   batch  14/80     953.5 ms   76.00 MB
2026-06-07 10:46:26,943 - [w=12] -   batch  15/80       0.2 ms   76.00 MB
2026-06-07 10:46:26,943 - [w=12] -   batch  16/80       0.2 ms   76.00 MB
2026-06-07 10:46:26,943 - [w=12] -   batch  17/80       0.1 ms   76.00 MB
2026-06-07 10:46:26,943 - [w=12] -   batch  18/80       0.1 ms   76.00 MB
2026-06-07 10:46:26,943 - [w=12] -   batch  19/80       0.1 ms   76.00 MB
2026-06-07 10:46:27,148 - [w=12] -   batch  20/80     204.1 ms   76.00 MB
2026-06-07 10:46:27,148 - [w=12] -   batch  21/80       0.2 ms   76.00 MB
2026-06-07 10:46:27,148 - [w=12] -   batch  22/80       0.1 ms   76.00 MB
2026-06-07 10:46:27,148 - [w=12] -   batch  23/80       0.1 ms   76.00 MB
2026-06-07 10:46:27,540 - [w=12] -   batch  24/80     391.7 ms   76.00 MB
2026-06-07 10:46:37,498 - [w=12] -   batch  25/80    9958.2 ms   76.00 MB
2026-06-07 10:46:38,471 - [w=12] -   batch  26/80     972.8 ms   76.00 MB
2026-06-07 10:46:38,472 - [w=12] -   batch  27/80       0.2 ms   76.00 MB
2026-06-07 10:46:38,472 - [w=12] -   batch  28/80       0.1 ms   76.00 MB
2026-06-07 10:46:38,472 - [w=12] -   batch  29/80       0.1 ms   76.00 MB
2026-06-07 10:46:38,472 - [w=12] -   batch  30/80       0.1 ms   76.00 MB
2026-06-07 10:46:38,472 - [w=12] -   batch  31/80       0.0 ms   76.00 MB
2026-06-07 10:46:38,472 - [w=12] -   batch  32/80       0.2 ms   76.00 MB
2026-06-07 10:46:38,472 - [w=12] -   batch  33/80       0.1 ms   76.00 MB
2026-06-07 10:46:38,473 - [w=12] -   batch  34/80       0.1 ms   76.00 MB
2026-06-07 10:46:38,473 - [w=12] -   batch  35/80       0.1 ms   76.00 MB
2026-06-07 10:46:38,988 - [w=12] -   batch  36/80     514.9 ms   76.00 MB
2026-06-07 10:46:48,669 - [w=12] -   batch  37/80    9681.3 ms   76.00 MB
2026-06-07 10:46:50,022 - [w=12] -   batch  38/80    1352.4 ms   76.00 MB
2026-06-07 10:46:50,022 - [w=12] -   batch  39/80       0.2 ms   76.00 MB
2026-06-07 10:46:50,022 - [w=12] -   batch  40/80       0.1 ms   76.00 MB
2026-06-07 10:46:50,022 - [w=12] -   batch  41/80       0.1 ms   76.00 MB
2026-06-07 10:46:50,022 - [w=12] -   batch  42/80       0.1 ms   76.00 MB
2026-06-07 10:46:50,023 - [w=12] -   batch  43/80       0.1 ms   76.00 MB
2026-06-07 10:46:50,023 - [w=12] -   batch  44/80       0.1 ms   76.00 MB
2026-06-07 10:46:50,023 - [w=12] -   batch  45/80       0.1 ms   76.00 MB
2026-06-07 10:46:50,023 - [w=12] -   batch  46/80       0.1 ms   76.00 MB
2026-06-07 10:46:50,023 - [w=12] -   batch  47/80       0.1 ms   76.00 MB
2026-06-07 10:46:50,023 - [w=12] -   batch  48/80       0.0 ms   76.00 MB
2026-06-07 10:47:00,378 - [w=12] -   batch  49/80   10354.9 ms   76.00 MB
2026-06-07 10:47:01,037 - [w=12] -   batch  50/80     658.7 ms   76.00 MB
2026-06-07 10:47:01,037 - [w=12] -   batch  51/80       0.1 ms   76.00 MB
2026-06-07 10:47:01,038 - [w=12] -   batch  52/80       0.1 ms   76.00 MB
2026-06-07 10:47:01,038 - [w=12] -   batch  53/80       0.2 ms   76.00 MB
2026-06-07 10:47:01,038 - [w=12] -   batch  54/80       0.1 ms   76.00 MB
2026-06-07 10:47:01,038 - [w=12] -   batch  55/80       0.1 ms   76.00 MB
2026-06-07 10:47:01,038 - [w=12] -   batch  56/80       0.1 ms   76.00 MB
2026-06-07 10:47:01,038 - [w=12] -   batch  57/80       0.1 ms   76.00 MB
2026-06-07 10:47:01,039 - [w=12] -   batch  58/80       0.1 ms   76.00 MB
2026-06-07 10:47:01,039 - [w=12] -   batch  59/80       0.2 ms   76.00 MB
2026-06-07 10:47:01,308 - [w=12] -   batch  60/80     269.5 ms   76.00 MB
2026-06-07 10:47:11,372 - [w=12] -   batch  61/80   10063.2 ms   76.00 MB
2026-06-07 10:47:11,840 - [w=12] -   batch  62/80     468.3 ms   76.00 MB
2026-06-07 10:47:12,793 - [w=12] -   batch  63/80     952.7 ms   76.00 MB
2026-06-07 10:47:12,793 - [w=12] -   batch  64/80       0.1 ms   76.00 MB
2026-06-07 10:47:12,794 - [w=12] -   batch  65/80       0.2 ms   76.00 MB
2026-06-07 10:47:12,794 - [w=12] -   batch  66/80       0.2 ms   76.00 MB
2026-06-07 10:47:12,794 - [w=12] -   batch  67/80       0.1 ms   76.00 MB
2026-06-07 10:47:12,794 - [w=12] -   batch  68/80       0.1 ms   76.00 MB
2026-06-07 10:47:12,794 - [w=12] -   batch  69/80       0.1 ms   76.00 MB
2026-06-07 10:47:12,794 - [w=12] -   batch  70/80       0.1 ms   76.00 MB
2026-06-07 10:47:12,794 - [w=12] -   batch  71/80       0.1 ms   76.00 MB
2026-06-07 10:47:12,794 - [w=12] -   batch  72/80       0.1 ms   76.00 MB
2026-06-07 10:47:23,208 - [w=12] -   batch  73/80   10413.0 ms   76.00 MB
2026-06-07 10:47:23,485 - [w=12] -   batch  74/80     277.3 ms   76.00 MB
2026-06-07 10:47:23,869 - [w=12] -   batch  75/80     384.3 ms   76.00 MB
2026-06-07 10:47:24,058 - [w=12] -   batch  76/80     188.3 ms   76.00 MB
2026-06-07 10:47:24,058 - [w=12] -   batch  77/80       0.2 ms   76.00 MB
2026-06-07 10:47:24,058 - [w=12] -   batch  78/80       0.1 ms   76.00 MB
2026-06-07 10:47:24,059 - [w=12] -   batch  79/80       0.1 ms   76.00 MB
2026-06-07 10:47:24,059 - [w=12] -   batch  80/80       0.0 ms   76.00 MB
2026-06-07 10:47:36,249 - INFO - cold batch: 11288.3 ms (includes worker startup)
2026-06-07 10:47:36,250 - INFO - --- warm batches | n=79 | mean=  875.1 ms | median=    0.1 ms | p95= 9917.1 ms | max=10413.0 ms | sum=  69.13 s
2026-06-07 10:47:36,250 - INFO - --- throughput |    9.1 samples/s |   1.14 batches/s
2026-06-07 10:47:36,250 - INFO - ================================================================================
2026-06-07 10:47:36,250 - INFO - Profiling complete.
