2026-05-26 17:32:53,259 - INFO - Recurrent UNet Model Successfully Configured and Initialized.
2026-05-26 17:32:53,263 - INFO - Starting from scratch (no valid checkpoint provided).
2026-05-26 17:32:59,455 - INFO - Train: 6272000 samples, Val: 896000 samples
2026-05-26 17:32:59,457 - INFO - Starting training from epoch 1
2026-05-26 17:34:44,071 - INFO - Epoch [1/1], Batch [1/15], Loss: 2.1586 (Overall: 2.1415, Change: 2.1757), TF Ratio: 1.000
2026-05-26 17:34:44,224 - INFO - Epoch [1/1], Batch [2/15], Loss: 2.2117 (Overall: 2.2221, Change: 2.3074), TF Ratio: 1.000
2026-05-26 17:34:44,375 - INFO - Epoch [1/1], Batch [3/15], Loss: 2.2249 (Overall: 2.2076, Change: 2.2950), TF Ratio: 0.999
2026-05-26 17:34:44,573 - INFO - Epoch [1/1], Batch [4/15], Loss: 2.2158 (Overall: 2.1249, Change: 2.2522), TF Ratio: 0.999
2026-05-26 17:34:51,198 - INFO - Epoch [1/1], Batch [5/15], Loss: 2.1710 (Overall: 1.9693, Change: 2.0147), TF Ratio: 0.999
2026-05-26 17:34:51,352 - INFO - Epoch [1/1], Batch [6/15], Loss: 2.1251 (Overall: 1.9214, Change: 1.8692), TF Ratio: 0.999
2026-05-26 17:34:51,502 - INFO - Epoch [1/1], Batch [7/15], Loss: 2.0971 (Overall: 1.9492, Change: 1.9093), TF Ratio: 0.999
2026-05-26 17:34:51,653 - INFO - Epoch [1/1], Batch [8/15], Loss: 2.0674 (Overall: 1.8392, Change: 1.8797), TF Ratio: 0.998
2026-05-26 17:34:51,803 - INFO - Epoch [1/1], Batch [9/15], Loss: 2.0645 (Overall: 1.9081, Change: 2.1737), TF Ratio: 0.998
2026-05-26 17:34:51,953 - INFO - Epoch [1/1], Batch [10/15], Loss: 2.0533 (Overall: 1.8697, Change: 2.0360), TF Ratio: 0.998
2026-05-26 17:34:52,849 - INFO - Epoch [1/1], Batch [11/15], Loss: 2.0296 (Overall: 1.7382, Change: 1.8476), TF Ratio: 0.998
2026-05-26 17:36:06,571 - INFO - Epoch [1/1], Batch [12/15], Loss: 2.0244 (Overall: 1.8318, Change: 2.1012), TF Ratio: 0.998
2026-05-26 17:36:06,729 - INFO - Epoch [1/1], Batch [13/15], Loss: 2.0083 (Overall: 1.7264, Change: 1.9057), TF Ratio: 0.997
2026-05-26 17:36:06,883 - INFO - Epoch [1/1], Batch [14/15], Loss: 1.9747 (Overall: 1.6354, Change: 1.4401), TF Ratio: 0.997
2026-05-26 17:36:07,037 - INFO - Epoch [1/1], Batch [15/15], Loss: 1.9729 (Overall: 1.7157, Change: 2.1801), TF Ratio: 0.997
2026-05-26 17:36:49,238 - INFO - [profiling] 5 active batches (host-side, approx): wall=74.342s, dataloader stall=73.581s (99.0% of wall). For exact GPU timing see nsys stats output.
2026-05-26 17:36:50,331 - INFO - Profiling capture complete — running one validation pass before exit.
2026-05-26 17:39:47,071 - INFO - [profiling] Validation loss: 1.5541 (1 steps)
