START TIME: Wed Jun 24 20:25:14 CEST 2026
arm,sample_idx,wall_ms
single_small,0,2178.657
single_small,1,1287.402
single_small,2,1219.176
single_small,3,1282.733
single_small,4,1595.384
single_small,5,1339.934
single_small,6,1233.566
single_small,7,1352.091
single_small,8,1297.237
single_small,9,1148.646
single_small,10,1231.130
single_small,11,1209.214
single_small,12,1266.688
single_small,13,1212.300
single_small,14,1209.814
single_small,15,1215.556
single_small,16,1210.661
single_small,17,1164.376
single_small,18,1563.502
single_small,19,1159.004
single_small,20,1155.210
single_small,21,1262.860
single_small,22,1237.701
single_small,23,1284.921
single_small,24,1168.904
single_small,25,1144.851
single_small,26,1249.104
single_small,27,1125.524
single_small,28,1220.021
single_small,29,1156.484
single_small,30,1343.653
single_small,31,1402.668
single_small,32,1267.480
single_small,33,1259.520
single_small,34,1495.566
single_small,35,1055.887
single_small,36,1299.679
single_small,37,1352.773
single_small,38,1210.033
single_small,39,1215.887
single_small,40,1152.803
single_small,41,1244.387
single_small,42,1280.668
single_small,43,1213.573
single_small,44,1266.015
single_small,45,1224.278
single_small,46,1183.295
single_small,47,1173.312
single_small,48,1242.992
single_small,49,1431.299
single_small,50,1233.059
single_small,51,1251.424
single_small,52,1227.764
single_small,53,1313.863
single_small,54,1274.507
single_small,55,1254.727
single_small,56,1197.630
single_small,57,1301.801
single_small,58,1387.014
single_small,59,1274.844
single_small,60,1337.358
single_small,61,1315.607
single_small,62,1875.813
single_small,63,1248.445
single_small,64,1236.847
single_small,65,1276.500
single_small,66,1324.348
single_small,67,1248.851
single_small,68,1205.738
single_small,69,1288.954
single_small,70,1228.807
single_small,71,1340.320
single_small,72,1311.632
single_small,73,1430.089
single_small,74,1161.333
single_small,75,1262.060
single_small,76,1232.880
single_small,77,1245.478
single_small,78,1257.503
single_small,79,1228.205
single_small,80,1710.149
single_small,81,1215.319
single_small,82,1404.294
single_small,83,1255.396
single_small,84,1193.423
single_small,85,1234.875
single_small,86,1228.643
single_small,87,1290.148
single_small,88,1223.159
single_small,89,1251.467
single_small,90,1254.107
single_small,91,1360.640
single_small,92,1209.850
single_small,93,1218.436
single_small,94,1330.567
single_small,95,1274.757
single_small,96,1779.955
single_small,97,1252.886
single_small,98,1235.574
single_small,99,1467.336
single_big,0,5464.192
single_big,1,5348.684
single_big,2,5728.233
single_big,3,5697.465
single_big,4,5693.402
single_big,5,5568.463
single_big,6,5576.799
single_big,7,5822.426
single_big,8,6067.038
single_big,9,5609.527
single_big,10,5440.230
single_big,11,5743.357
single_big,12,5465.334
single_big,13,5629.163
single_big,14,5666.068
single_big,15,5634.865
single_big,16,5458.624
single_big,17,5439.109
single_big,18,5623.946
single_big,19,5615.429
single_big,20,5449.052
single_big,21,5602.357
single_big,22,5812.762
single_big,23,5862.259
single_big,24,5565.999
single_big,25,5542.049
single_big,26,5587.925
single_big,27,5416.848
single_big,28,5410.612
single_big,29,5470.366
single_big,30,5580.098
single_big,31,5604.556
single_big,32,5525.923
single_big,33,5598.113
single_big,34,5391.644
single_big,35,5406.005
single_big,36,5574.392
single_big,37,6316.876
single_big,38,5360.156
single_big,39,5562.807
single_big,40,5449.037
single_big,41,7672.418
single_big,42,9061.271
single_big,43,5407.161
single_big,44,5695.581
single_big,45,5395.418
single_big,46,5524.775
single_big,47,5553.842
single_big,48,5656.638
single_big,49,5500.613
single_big,50,5275.512
single_big,51,5094.885
single_big,52,6100.382
single_big,53,5378.132
single_big,54,5256.782
single_big,55,5310.183
single_big,56,5427.610
single_big,57,5161.454
single_big,58,5689.324
single_big,59,5425.152
single_big,60,5718.859
single_big,61,5417.951
single_big,62,5743.961
single_big,63,5540.277
single_big,64,5853.682
single_big,65,5511.341
single_big,66,5479.271
single_big,67,5245.533
single_big,68,5601.528
single_big,69,5462.230
single_big,70,5191.603
single_big,71,5507.595
single_big,72,5602.075
single_big,73,5241.600
single_big,74,5267.763
single_big,75,5458.012
single_big,76,5609.826
single_big,77,5079.019
single_big,78,5398.268
single_big,79,5511.320
single_big,80,5866.863
single_big,81,5250.934
single_big,82,5689.977
single_big,83,5609.827
single_big,84,5522.225
single_big,85,5350.262
single_big,86,5381.439
single_big,87,5686.577
single_big,88,5348.698
single_big,89,5317.777
single_big,90,5289.695
single_big,91,5505.365
single_big,92,5172.686
single_big,93,5093.440
single_big,94,5818.338
single_big,95,5199.368
single_big,96,5386.758
single_big,97,5142.654
single_big,98,5517.865
single_big,99,5316.434
merged_small,0,141.131
merged_small,1,120.164
merged_small,2,161.990
merged_small,3,154.136
merged_small,4,109.369
merged_small,5,172.420
merged_small,6,106.267
merged_small,7,163.184
merged_small,8,120.018
merged_small,9,113.949
merged_small,10,131.417
merged_small,11,155.046
merged_small,12,192.617
merged_small,13,133.401
merged_small,14,104.006
merged_small,15,211.648
merged_small,16,135.378
merged_small,17,131.343
merged_small,18,188.342
merged_small,19,104.472
merged_small,20,103.748
merged_small,21,147.118
merged_small,22,184.062
merged_small,23,153.978
merged_small,24,136.555
merged_small,25,155.141
merged_small,26,153.606
merged_small,27,93.862
merged_small,28,92.691
merged_small,29,88.256
merged_small,30,188.940
merged_small,31,133.768
merged_small,32,122.721
merged_small,33,139.592
merged_small,34,118.285
merged_small,35,62.836
merged_small,36,131.517
merged_small,37,165.552
merged_small,38,165.585
merged_small,39,145.634
merged_small,40,122.032
merged_small,41,137.602
merged_small,42,111.094
merged_small,43,117.845
merged_small,44,138.107
merged_small,45,133.311
merged_small,46,132.977
merged_small,47,115.117
merged_small,48,115.584
merged_small,49,144.369
merged_small,50,133.196
merged_small,51,138.152
merged_small,52,135.344
merged_small,53,121.745
merged_small,54,107.450
merged_small,55,139.788
merged_small,56,101.570
merged_small,57,141.116
merged_small,58,175.857
merged_small,59,166.562
merged_small,60,159.156
merged_small,61,143.321
merged_small,62,154.868
merged_small,63,96.023
merged_small,64,120.313
merged_small,65,154.660
merged_small,66,156.323
merged_small,67,140.040
merged_small,68,141.620
merged_small,69,159.134
merged_small,70,134.943
merged_small,71,159.485
merged_small,72,132.086
merged_small,73,167.695
merged_small,74,157.956
merged_small,75,216.110
merged_small,76,181.306
merged_small,77,186.213
merged_small,78,120.330
merged_small,79,260.844
merged_small,80,191.452
merged_small,81,104.504
merged_small,82,276.553
merged_small,83,211.328
merged_small,84,149.881
merged_small,85,196.785
merged_small,86,182.698
merged_small,87,168.452
merged_small,88,111.433
merged_small,89,147.064
merged_small,90,121.559
merged_small,91,147.642
merged_small,92,112.713
merged_small,93,73.868
merged_small,94,181.584
merged_small,95,157.060
merged_small,96,143.955
merged_small,97,95.379
merged_small,98,133.263
merged_small,99,164.416
merged_big,0,247.397
merged_big,1,246.349
merged_big,2,268.254
merged_big,3,241.183
merged_big,4,238.551
merged_big,5,238.342
merged_big,6,246.761
merged_big,7,236.079
merged_big,8,252.770
merged_big,9,199.356
merged_big,10,230.522
merged_big,11,276.789
merged_big,12,230.278
merged_big,13,218.519
merged_big,14,188.871
merged_big,15,255.687
merged_big,16,240.777
merged_big,17,224.994
merged_big,18,394.627
merged_big,19,242.282
merged_big,20,227.409
merged_big,21,382.868
merged_big,22,474.755
merged_big,23,435.245
merged_big,24,307.781
merged_big,25,415.478
merged_big,26,371.793
merged_big,27,223.975
merged_big,28,223.418
merged_big,29,220.365
merged_big,30,314.334
merged_big,31,234.015
merged_big,32,202.880
merged_big,33,263.345
merged_big,34,217.959
merged_big,35,196.112
merged_big,36,229.722
merged_big,37,292.914
merged_big,38,237.279
merged_big,39,215.581
merged_big,40,197.793
merged_big,41,227.401
merged_big,42,221.419
merged_big,43,233.531
merged_big,44,226.030
merged_big,45,247.468
merged_big,46,227.987
merged_big,47,280.363
merged_big,48,214.128
merged_big,49,294.709
merged_big,50,294.472
merged_big,51,274.458
merged_big,52,209.005
merged_big,53,234.238
merged_big,54,209.159
merged_big,55,320.135
merged_big,56,228.055
merged_big,57,271.609
merged_big,58,274.887
merged_big,59,239.301
merged_big,60,248.041
merged_big,61,318.050
merged_big,62,418.505
merged_big,63,233.734
merged_big,64,252.846
merged_big,65,339.030
merged_big,66,323.240
merged_big,67,277.654
merged_big,68,341.362
merged_big,69,455.520
merged_big,70,277.959
merged_big,71,332.111
merged_big,72,357.463
merged_big,73,366.593
merged_big,74,250.948
merged_big,75,276.799
merged_big,76,279.615
merged_big,77,250.322
merged_big,78,213.416
merged_big,79,216.449
merged_big,80,242.413
merged_big,81,235.216
merged_big,82,259.195
merged_big,83,259.312
merged_big,84,225.319
merged_big,85,280.027
merged_big,86,235.441
merged_big,87,244.718
merged_big,88,204.627
merged_big,89,241.084
merged_big,90,236.390
merged_big,91,249.739
merged_big,92,237.801
merged_big,93,209.861
merged_big,94,262.528
merged_big,95,257.211
merged_big,96,238.724
merged_big,97,239.481
merged_big,98,241.719
merged_big,99,277.095
merged_big_raw,0,55.355
merged_big_raw,1,33.109
merged_big_raw,2,33.493
merged_big_raw,3,46.085
merged_big_raw,4,40.309
merged_big_raw,5,39.710
merged_big_raw,6,30.227
merged_big_raw,7,44.733
merged_big_raw,8,36.974
merged_big_raw,9,27.824
merged_big_raw,10,33.417
merged_big_raw,11,41.943
merged_big_raw,12,48.716
merged_big_raw,13,33.933
merged_big_raw,14,30.105
merged_big_raw,15,50.127
merged_big_raw,16,37.296
merged_big_raw,17,28.407
merged_big_raw,18,84.157
merged_big_raw,19,29.434
merged_big_raw,20,33.407
merged_big_raw,21,52.521
merged_big_raw,22,49.107
merged_big_raw,23,48.177
merged_big_raw,24,29.207
merged_big_raw,25,32.920
merged_big_raw,26,42.452
merged_big_raw,27,28.100
merged_big_raw,28,30.212
merged_big_raw,29,27.226
merged_big_raw,30,81.516
merged_big_raw,31,49.224
merged_big_raw,32,37.368
merged_big_raw,33,43.283
merged_big_raw,34,30.810
merged_big_raw,35,33.000
merged_big_raw,36,38.333
merged_big_raw,37,78.182
merged_big_raw,38,35.200
merged_big_raw,39,34.524
merged_big_raw,40,29.910
merged_big_raw,41,34.716
merged_big_raw,42,37.809
merged_big_raw,43,29.755
merged_big_raw,44,36.638
merged_big_raw,45,33.167
merged_big_raw,46,34.899
merged_big_raw,47,31.538
merged_big_raw,48,33.761
merged_big_raw,49,51.269
merged_big_raw,50,38.010
merged_big_raw,51,40.115
merged_big_raw,52,31.526
merged_big_raw,53,36.830
merged_big_raw,54,37.586
merged_big_raw,55,48.950
merged_big_raw,56,31.467
merged_big_raw,57,44.982
merged_big_raw,58,59.925
merged_big_raw,59,51.130
merged_big_raw,60,53.262
merged_big_raw,61,48.626
merged_big_raw,62,86.884
merged_big_raw,63,35.220
merged_big_raw,64,32.213
merged_big_raw,65,41.541
merged_big_raw,66,43.181
merged_big_raw,67,37.068
merged_big_raw,68,36.086
merged_big_raw,69,47.328
merged_big_raw,70,29.942
merged_big_raw,71,45.984
merged_big_raw,72,47.914
merged_big_raw,73,50.751
merged_big_raw,74,31.996
merged_big_raw,75,53.342
merged_big_raw,76,38.346
merged_big_raw,77,29.702
merged_big_raw,78,27.179
merged_big_raw,79,34.169
merged_big_raw,80,54.373
merged_big_raw,81,33.672
merged_big_raw,82,77.633
merged_big_raw,83,46.108
merged_big_raw,84,28.844
merged_big_raw,85,31.714
merged_big_raw,86,37.047
merged_big_raw,87,34.471
merged_big_raw,88,27.448
merged_big_raw,89,27.682
merged_big_raw,90,31.921
merged_big_raw,91,54.070
merged_big_raw,92,33.863
merged_big_raw,93,26.274
merged_big_raw,94,74.071
merged_big_raw,95,48.810
merged_big_raw,96,52.271
merged_big_raw,97,33.131
merged_big_raw,98,30.145
merged_big_raw,99,82.448
multi,0,8460.739
multi,1,8465.301
multi,2,8754.655
multi,3,8194.684
multi,4,8314.668
multi,5,7776.431
multi,6,8123.817
multi,7,8114.854
multi,8,8371.314
multi,9,8175.469
multi,10,8224.905
multi,11,8019.682
multi,12,8435.964
multi,13,7862.016
multi,14,8052.638
multi,15,8101.101
multi,16,7974.374
multi,17,7875.649
multi,18,8150.373
multi,19,7793.197
multi,20,7742.786
multi,21,8026.749
multi,22,8105.844
multi,23,7978.295
multi,24,7854.874
multi,25,7994.962
multi,26,7977.355
multi,27,7774.139
multi,28,7968.648
multi,29,8358.795
multi,30,8216.505
multi,31,8117.537
multi,32,7962.998
multi,33,7896.945
multi,34,7814.038
multi,35,7864.692
multi,36,8164.734
multi,37,8074.994
multi,38,8021.773
multi,39,8021.596
multi,40,7960.905
multi,41,8747.370
multi,42,7780.617
multi,43,7940.630
multi,44,7983.008
multi,45,7872.051
multi,46,8032.185
multi,47,7998.404
multi,48,7811.255
multi,49,7901.552
multi,50,7905.705
multi,51,8155.159
multi,52,8017.196
multi,53,8090.373
multi,54,8811.204
multi,55,8132.819
multi,56,8634.085
multi,57,8307.357
multi,58,8284.490
multi,59,7996.730
multi,60,7976.182
multi,61,8422.591
multi,62,8237.683
multi,63,8173.665
multi,64,7993.996
multi,65,8312.839
multi,66,8146.678
multi,67,8049.004
multi,68,8217.199
multi,69,8124.334
multi,70,7952.724
multi,71,8096.426
multi,72,8031.438
multi,73,8272.140
multi,74,7956.369
multi,75,8025.495
multi,76,8041.100
multi,77,7928.143
multi,78,8051.702
multi,79,7958.150
multi,80,8032.109
multi,81,7872.355
multi,82,8043.559
multi,83,8371.090
multi,84,7847.549
multi,85,8035.974
multi,86,7865.579
multi,87,8095.121
multi,88,12690.022
multi,89,8412.200
multi,90,8079.709
multi,91,8349.303
multi,92,7855.992
multi,93,8450.521
multi,94,8089.017
multi,95,8447.385
multi,96,8257.929
multi,97,8091.420
multi,98,8787.259
multi,99,8152.054

--- summary (ms per sample) ---
  single_small   median=  1251.4 ms  mean=  1288.6 ms  min= 1055.9  max=  2178.7  cold(first10)=  1393.5  warm(last10)=  1338.4
  single_big     median=  5511.3 ms  mean=  5568.8 ms  min= 5079.0  max=  9061.3  cold(first10)=  5657.6  warm(last10)=  5344.3
  merged_small   median=   139.9 ms  mean=   143.8 ms  min=   62.8  max=   276.6  cold(first10)=   136.3  warm(last10)=   133.1
  merged_big     median=   243.6 ms  mean=   264.4 ms  min=  188.9  max=   474.8  cold(first10)=   241.5  warm(last10)=   245.1
  merged_big_raw median=    37.0 ms  mean=    41.3 ms  min=   26.3  max=    86.9  cold(first10)=    38.8  warm(last10)=    46.7
  multi          median=  8052.2 ms  mean=  8153.4 ms  min= 7742.8  max= 12690.0  cold(first10)=  8275.2  warm(last10)=  8256.1
END TIME: Wed Jun 24 20:51:44 CEST 2026
