START TIME: Thu Jun 11 15:35:05 CEST 2026
Master: as04r5b11:29500
Launch command: uv run accelerate launch     --multi_gpu     --num_processes $(( 1 * 4 ))     --num_machines 1     --machine_rank ${SLURM_PROCID}     --main_process_ip as04r5b11     --main_process_port 29500     --mixed_precision bf16     --dynamo_backend no     /gpfs/scratch/bsc32/bsc096444/ai4land-tfm/src/ai4land/training/train.py     --config-name debug-merged     system.slurm_job_id=41654677     training.resume.path=
[2026-06-11 15:35:36,070][root][INFO] - Recurrent UNet Model Successfully Configured and Initialized.
[2026-06-11 15:35:36,084][root][INFO] - Starting from scratch (no valid checkpoint provided).
[2026-06-11 15:35:36,601][root][INFO] - Train: 4480000 samples, Val: 640000 samples
[2026-06-11 15:35:38,146][root][INFO] - Starting training from epoch 1
[2026-06-11 15:35:44,424][root][INFO] - Epoch [1/1], Batch [1/200], Loss: 2.1048 (Overall: 2.0873, Change: 2.1222), TF Ratio: 1.000
[2026-06-11 15:35:44,637][root][INFO] - Epoch [1/1], Batch [2/200], Loss: 2.1405 (Overall: 2.0709, Change: 2.2814), TF Ratio: 1.000
[2026-06-11 15:35:44,806][root][INFO] - Epoch [1/1], Batch [3/200], Loss: 2.1426 (Overall: 2.1290, Change: 2.1646), TF Ratio: 0.999
[2026-06-11 15:35:47,540][root][INFO] - Epoch [1/1], Batch [4/200], Loss: 2.1683 (Overall: 2.1416, Change: 2.3496), TF Ratio: 0.999
[2026-06-11 15:35:47,733][root][INFO] - Epoch [1/1], Batch [5/200], Loss: 2.1016 (Overall: 1.7302, Change: 1.9392), TF Ratio: 0.999
[2026-06-11 15:35:47,900][root][INFO] - Epoch [1/1], Batch [6/200], Loss: 2.0699 (Overall: 1.7553, Change: 2.0679), TF Ratio: 0.999
[2026-06-11 15:35:48,111][root][INFO] - Epoch [1/1], Batch [7/200], Loss: 2.0208 (Overall: 1.6669, Change: 1.7845), TF Ratio: 0.999
[2026-06-11 15:35:48,293][root][INFO] - Epoch [1/1], Batch [8/200], Loss: 2.0016 (Overall: 1.7060, Change: 2.0287), TF Ratio: 0.998
[2026-06-11 15:35:48,449][root][INFO] - Epoch [1/1], Batch [9/200], Loss: 1.9775 (Overall: 1.7894, Change: 1.7810), TF Ratio: 0.998
[2026-06-11 15:35:48,654][root][INFO] - Epoch [1/1], Batch [10/200], Loss: 1.9382 (Overall: 1.5278, Change: 1.6408), TF Ratio: 0.998
[2026-06-11 15:35:48,815][root][INFO] - Epoch [1/1], Batch [11/200], Loss: 1.9335 (Overall: 1.4770, Change: 2.2952), TF Ratio: 0.998
[2026-06-11 15:35:48,987][root][INFO] - Epoch [1/1], Batch [12/200], Loss: 1.9342 (Overall: 1.7958, Change: 2.0895), TF Ratio: 0.998
[2026-06-11 15:35:49,153][root][INFO] - Epoch [1/1], Batch [13/200], Loss: 1.9081 (Overall: 1.4262, Change: 1.7636), TF Ratio: 0.997
[2026-06-11 15:35:49,306][root][INFO] - Epoch [1/1], Batch [14/200], Loss: 1.8859 (Overall: 1.4443, Change: 1.7503), TF Ratio: 0.997
[2026-06-11 15:35:49,468][root][INFO] - Epoch [1/1], Batch [15/200], Loss: 1.8626 (Overall: 1.5099, Change: 1.5617), TF Ratio: 0.997
[2026-06-11 15:35:49,622][root][INFO] - Epoch [1/1], Batch [16/200], Loss: 1.8538 (Overall: 1.6800, Change: 1.7622), TF Ratio: 0.997
[2026-06-11 15:35:49,775][root][INFO] - Epoch [1/1], Batch [17/200], Loss: 1.8394 (Overall: 1.5102, Change: 1.7088), TF Ratio: 0.997
[2026-06-11 15:35:49,928][root][INFO] - Epoch [1/1], Batch [18/200], Loss: 1.8196 (Overall: 1.3626, Change: 1.6044), TF Ratio: 0.996
[2026-06-11 15:35:50,089][root][INFO] - Epoch [1/1], Batch [19/200], Loss: 1.8118 (Overall: 1.5534, Change: 1.7898), TF Ratio: 0.996
[2026-06-11 15:35:50,254][root][INFO] - Epoch [1/1], Batch [20/200], Loss: 1.7964 (Overall: 1.4699, Change: 1.5371), TF Ratio: 0.996
[2026-06-11 15:35:50,408][root][INFO] - Epoch [1/1], Batch [21/200], Loss: 1.7937 (Overall: 1.6563, Change: 1.8242), TF Ratio: 0.996
[2026-06-11 15:35:50,562][root][INFO] - Epoch [1/1], Batch [22/200], Loss: 1.7819 (Overall: 1.2909, Change: 1.7772), TF Ratio: 0.996
[2026-06-11 15:35:50,717][root][INFO] - Epoch [1/1], Batch [23/200], Loss: 1.7720 (Overall: 1.4321, Change: 1.6742), TF Ratio: 0.995
[2026-06-11 15:35:50,888][root][INFO] - Epoch [1/1], Batch [24/200], Loss: 1.7562 (Overall: 1.2107, Change: 1.5757), TF Ratio: 0.995
[2026-06-11 15:35:51,044][root][INFO] - Epoch [1/1], Batch [25/200], Loss: 1.7437 (Overall: 1.2003, Change: 1.6887), TF Ratio: 0.995
[2026-06-11 15:35:51,200][root][INFO] - Epoch [1/1], Batch [26/200], Loss: 1.7320 (Overall: 1.2522, Change: 1.6256), TF Ratio: 0.995
[2026-06-11 15:35:51,419][root][INFO] - Epoch [1/1], Batch [27/200], Loss: 1.7249 (Overall: 1.2074, Change: 1.8739), TF Ratio: 0.995
[2026-06-11 15:35:51,577][root][INFO] - Epoch [1/1], Batch [28/200], Loss: 1.7147 (Overall: 1.2006, Change: 1.6777), TF Ratio: 0.994
[2026-06-11 15:35:51,729][root][INFO] - Epoch [1/1], Batch [29/200], Loss: 1.7038 (Overall: 1.2166, Change: 1.5773), TF Ratio: 0.994
[2026-06-11 15:35:51,883][root][INFO] - Epoch [1/1], Batch [30/200], Loss: 1.6909 (Overall: 1.0894, Change: 1.5473), TF Ratio: 0.994
[2026-06-11 15:35:52,038][root][INFO] - Epoch [1/1], Batch [31/200], Loss: 1.6862 (Overall: 1.3748, Change: 1.7177), TF Ratio: 0.994
[2026-06-11 15:35:52,209][root][INFO] - Epoch [1/1], Batch [32/200], Loss: 1.6782 (Overall: 1.2084, Change: 1.6520), TF Ratio: 0.994
[2026-06-11 15:35:52,363][root][INFO] - Epoch [1/1], Batch [33/200], Loss: 1.6719 (Overall: 1.1620, Change: 1.7779), TF Ratio: 0.993
[2026-06-11 15:35:52,526][root][INFO] - Epoch [1/1], Batch [34/200], Loss: 1.6653 (Overall: 1.0613, Change: 1.8311), TF Ratio: 0.993
[2026-06-11 15:35:52,678][root][INFO] - Epoch [1/1], Batch [35/200], Loss: 1.6591 (Overall: 1.0742, Change: 1.8224), TF Ratio: 0.993
[2026-06-11 15:35:52,865][root][INFO] - Epoch [1/1], Batch [36/200], Loss: 1.6519 (Overall: 1.1019, Change: 1.6981), TF Ratio: 0.993
[2026-06-11 15:35:53,023][root][INFO] - Epoch [1/1], Batch [37/200], Loss: 1.6446 (Overall: 1.1317, Change: 1.6342), TF Ratio: 0.993
[2026-06-11 15:35:53,175][root][INFO] - Epoch [1/1], Batch [38/200], Loss: 1.6399 (Overall: 1.1176, Change: 1.8121), TF Ratio: 0.992
[2026-06-11 15:35:53,338][root][INFO] - Epoch [1/1], Batch [39/200], Loss: 1.6352 (Overall: 1.2196, Change: 1.6931), TF Ratio: 0.992
[2026-06-11 15:35:53,507][root][INFO] - Epoch [1/1], Batch [40/200], Loss: 1.6321 (Overall: 1.0869, Change: 1.9358), TF Ratio: 0.992
[2026-06-11 15:35:53,659][root][INFO] - Epoch [1/1], Batch [41/200], Loss: 1.6279 (Overall: 1.1218, Change: 1.7948), TF Ratio: 0.992
[2026-06-11 15:35:53,812][root][INFO] - Epoch [1/1], Batch [42/200], Loss: 1.6204 (Overall: 1.0737, Change: 1.5568), TF Ratio: 0.992
[2026-06-11 15:35:53,978][root][INFO] - Epoch [1/1], Batch [43/200], Loss: 1.6183 (Overall: 1.3952, Change: 1.6636), TF Ratio: 0.991
[2026-06-11 15:35:54,146][root][INFO] - Epoch [1/1], Batch [44/200], Loss: 1.6241 (Overall: 1.9910, Change: 1.7525), TF Ratio: 0.991
[2026-06-11 15:35:54,300][root][INFO] - Epoch [1/1], Batch [45/200], Loss: 1.6209 (Overall: 1.1234, Change: 1.8370), TF Ratio: 0.991
[2026-06-11 15:35:54,453][root][INFO] - Epoch [1/1], Batch [46/200], Loss: 1.6165 (Overall: 1.2227, Change: 1.6207), TF Ratio: 0.991
[2026-06-11 15:35:54,610][root][INFO] - Epoch [1/1], Batch [47/200], Loss: 1.6117 (Overall: 1.1838, Change: 1.5992), TF Ratio: 0.991
[2026-06-11 15:35:54,768][root][INFO] - Epoch [1/1], Batch [48/200], Loss: 1.6069 (Overall: 1.0113, Change: 1.7484), TF Ratio: 0.990
[2026-06-11 15:35:54,931][root][INFO] - Epoch [1/1], Batch [49/200], Loss: 1.6073 (Overall: 1.4926, Change: 1.7597), TF Ratio: 0.990
[2026-06-11 15:35:55,083][root][INFO] - Epoch [1/1], Batch [50/200], Loss: 1.6019 (Overall: 1.1351, Change: 1.5421), TF Ratio: 0.990
[2026-06-11 15:35:55,235][root][INFO] - Epoch [1/1], Batch [51/200], Loss: 1.5994 (Overall: 1.2810, Change: 1.6632), TF Ratio: 0.990
[2026-06-11 15:35:55,398][root][INFO] - Epoch [1/1], Batch [52/200], Loss: 1.5944 (Overall: 0.9926, Change: 1.6921), TF Ratio: 0.990
[2026-06-11 15:35:55,555][root][INFO] - Epoch [1/1], Batch [53/200], Loss: 1.5909 (Overall: 1.1062, Change: 1.7102), TF Ratio: 0.989
[2026-06-11 15:35:55,723][root][INFO] - Epoch [1/1], Batch [54/200], Loss: 1.5889 (Overall: 1.0470, Change: 1.9178), TF Ratio: 0.989
[2026-06-11 15:35:55,877][root][INFO] - Epoch [1/1], Batch [55/200], Loss: 1.5919 (Overall: 1.6629, Change: 1.8467), TF Ratio: 0.989
[2026-06-11 15:35:56,032][root][INFO] - Epoch [1/1], Batch [56/200], Loss: 1.5859 (Overall: 1.1303, Change: 1.3823), TF Ratio: 0.989
[2026-06-11 15:35:56,188][root][INFO] - Epoch [1/1], Batch [57/200], Loss: 1.5834 (Overall: 1.1051, Change: 1.7799), TF Ratio: 0.989
[2026-06-11 15:35:56,353][root][INFO] - Epoch [1/1], Batch [58/200], Loss: 1.5775 (Overall: 0.9766, Change: 1.5027), TF Ratio: 0.988
[2026-06-11 15:35:56,522][root][INFO] - Epoch [1/1], Batch [59/200], Loss: 1.5736 (Overall: 1.0607, Change: 1.6300), TF Ratio: 0.988
[2026-06-11 15:35:56,679][root][INFO] - Epoch [1/1], Batch [60/200], Loss: 1.5674 (Overall: 1.0627, Change: 1.3464), TF Ratio: 0.988
[2026-06-11 15:35:56,859][root][INFO] - Epoch [1/1], Batch [61/200], Loss: 1.5660 (Overall: 1.1709, Change: 1.7954), TF Ratio: 0.988
[2026-06-11 15:35:57,026][root][INFO] - Epoch [1/1], Batch [62/200], Loss: 1.5571 (Overall: 1.1645, Change: 0.8588), TF Ratio: 0.988
[2026-06-11 15:35:57,181][root][INFO] - Epoch [1/1], Batch [63/200], Loss: 1.5529 (Overall: 0.9569, Change: 1.6272), TF Ratio: 0.987
[2026-06-11 15:35:57,337][root][INFO] - Epoch [1/1], Batch [64/200], Loss: 1.5545 (Overall: 1.6119, Change: 1.7021), TF Ratio: 0.987
[2026-06-11 15:35:57,490][root][INFO] - Epoch [1/1], Batch [65/200], Loss: 1.5528 (Overall: 1.1366, Change: 1.7574), TF Ratio: 0.987
[2026-06-11 15:35:57,644][root][INFO] - Epoch [1/1], Batch [66/200], Loss: 1.5508 (Overall: 1.2171, Change: 1.6178), TF Ratio: 0.987
[2026-06-11 15:35:57,798][root][INFO] - Epoch [1/1], Batch [67/200], Loss: 1.5475 (Overall: 1.2193, Change: 1.4440), TF Ratio: 0.987
[2026-06-11 15:35:57,978][root][INFO] - Epoch [1/1], Batch [68/200], Loss: 1.5444 (Overall: 1.3473, Change: 1.3264), TF Ratio: 0.986
[2026-06-11 15:35:58,144][root][INFO] - Epoch [1/1], Batch [69/200], Loss: 1.5419 (Overall: 1.1126, Change: 1.6340), TF Ratio: 0.986
[2026-06-11 15:35:58,297][root][INFO] - Epoch [1/1], Batch [70/200], Loss: 1.5370 (Overall: 0.8815, Change: 1.5104), TF Ratio: 0.986
[2026-06-11 15:35:58,451][root][INFO] - Epoch [1/1], Batch [71/200], Loss: 1.5362 (Overall: 1.0720, Change: 1.8834), TF Ratio: 0.986
[2026-06-11 15:35:58,635][root][INFO] - Epoch [1/1], Batch [72/200], Loss: 1.5337 (Overall: 1.0324, Change: 1.6861), TF Ratio: 0.986
[2026-06-11 15:35:58,789][root][INFO] - Epoch [1/1], Batch [73/200], Loss: 1.5300 (Overall: 0.8570, Change: 1.6731), TF Ratio: 0.985
[2026-06-11 15:35:58,942][root][INFO] - Epoch [1/1], Batch [74/200], Loss: 1.5279 (Overall: 1.1730, Change: 1.5764), TF Ratio: 0.985
[2026-06-11 15:35:59,108][root][INFO] - Epoch [1/1], Batch [75/200], Loss: 1.5266 (Overall: 1.0672, Change: 1.7853), TF Ratio: 0.985
[2026-06-11 15:35:59,266][root][INFO] - Epoch [1/1], Batch [76/200], Loss: 1.5234 (Overall: 0.9959, Change: 1.5686), TF Ratio: 0.985
[2026-06-11 15:35:59,420][root][INFO] - Epoch [1/1], Batch [77/200], Loss: 1.5272 (Overall: 1.9045, Change: 1.7277), TF Ratio: 0.985
[2026-06-11 15:35:59,574][root][INFO] - Epoch [1/1], Batch [78/200], Loss: 1.5224 (Overall: 0.9742, Change: 1.3300), TF Ratio: 0.984
[2026-06-11 15:35:59,727][root][INFO] - Epoch [1/1], Batch [79/200], Loss: 1.5223 (Overall: 0.8933, Change: 2.1484), TF Ratio: 0.984
[2026-06-11 15:35:59,891][root][INFO] - Epoch [1/1], Batch [80/200], Loss: 1.5177 (Overall: 0.8330, Change: 1.4730), TF Ratio: 0.984
[2026-06-11 15:36:00,047][root][INFO] - Epoch [1/1], Batch [81/200], Loss: 1.5139 (Overall: 1.0319, Change: 1.3907), TF Ratio: 0.984
[2026-06-11 15:36:00,207][root][INFO] - Epoch [1/1], Batch [82/200], Loss: 1.5102 (Overall: 0.9997, Change: 1.4180), TF Ratio: 0.984
[2026-06-11 15:36:00,362][root][INFO] - Epoch [1/1], Batch [83/200], Loss: 1.5066 (Overall: 0.9091, Change: 1.5100), TF Ratio: 0.983
[2026-06-11 15:36:00,540][root][INFO] - Epoch [1/1], Batch [84/200], Loss: 1.5038 (Overall: 0.9302, Change: 1.6158), TF Ratio: 0.983
[2026-06-11 15:36:00,693][root][INFO] - Epoch [1/1], Batch [85/200], Loss: 1.5014 (Overall: 0.9845, Change: 1.6128), TF Ratio: 0.983
[2026-06-11 15:36:00,846][root][INFO] - Epoch [1/1], Batch [86/200], Loss: 1.4991 (Overall: 1.0028, Change: 1.6040), TF Ratio: 0.983
[2026-06-11 15:36:00,999][root][INFO] - Epoch [1/1], Batch [87/200], Loss: 1.4965 (Overall: 0.9543, Change: 1.5864), TF Ratio: 0.983
[2026-06-11 15:36:01,167][root][INFO] - Epoch [1/1], Batch [88/200], Loss: 1.4927 (Overall: 0.8791, Change: 1.4418), TF Ratio: 0.982
[2026-06-11 15:36:01,320][root][INFO] - Epoch [1/1], Batch [89/200], Loss: 1.4912 (Overall: 0.9580, Change: 1.7608), TF Ratio: 0.982
[2026-06-11 15:36:01,472][root][INFO] - Epoch [1/1], Batch [90/200], Loss: 1.4899 (Overall: 0.9432, Change: 1.8213), TF Ratio: 0.982
[2026-06-11 15:36:01,627][root][INFO] - Epoch [1/1], Batch [91/200], Loss: 1.4884 (Overall: 1.0230, Change: 1.6681), TF Ratio: 0.982
[2026-06-11 15:36:01,781][root][INFO] - Epoch [1/1], Batch [92/200], Loss: 1.4863 (Overall: 0.9022, Change: 1.6905), TF Ratio: 0.982
[2026-06-11 15:36:01,934][root][INFO] - Epoch [1/1], Batch [93/200], Loss: 1.4868 (Overall: 1.5592, Change: 1.5178), TF Ratio: 0.981
[2026-06-11 15:36:02,088][root][INFO] - Epoch [1/1], Batch [94/200], Loss: 1.4816 (Overall: 0.8725, Change: 1.1110), TF Ratio: 0.981
[2026-06-11 15:36:02,255][root][INFO] - Epoch [1/1], Batch [95/200], Loss: 1.4795 (Overall: 0.9820, Change: 1.5912), TF Ratio: 0.981
[2026-06-11 15:36:02,412][root][INFO] - Epoch [1/1], Batch [96/200], Loss: 1.4770 (Overall: 0.9575, Change: 1.5104), TF Ratio: 0.981
[2026-06-11 15:36:02,577][root][INFO] - Epoch [1/1], Batch [97/200], Loss: 1.4757 (Overall: 1.0208, Change: 1.6873), TF Ratio: 0.981
[2026-06-11 15:36:02,730][root][INFO] - Epoch [1/1], Batch [98/200], Loss: 1.4779 (Overall: 1.6111, Change: 1.7670), TF Ratio: 0.980
[2026-06-11 15:36:02,883][root][INFO] - Epoch [1/1], Batch [99/200], Loss: 1.4774 (Overall: 1.3036, Change: 1.5683), TF Ratio: 0.980
[2026-06-11 15:36:03,043][root][INFO] - Epoch [1/1], Batch [100/200], Loss: 1.4734 (Overall: 0.8120, Change: 1.3309), TF Ratio: 0.980
[2026-06-11 15:36:03,197][root][INFO] - Epoch [1/1], Batch [101/200], Loss: 1.4713 (Overall: 0.9000, Change: 1.6343), TF Ratio: 0.980
[2026-06-11 15:36:03,350][root][INFO] - Epoch [1/1], Batch [102/200], Loss: 1.4696 (Overall: 1.0147, Change: 1.5684), TF Ratio: 0.980
[2026-06-11 15:36:03,503][root][INFO] - Epoch [1/1], Batch [103/200], Loss: 1.4677 (Overall: 0.9820, Change: 1.5799), TF Ratio: 0.979
[2026-06-11 15:36:03,678][root][INFO] - Epoch [1/1], Batch [104/200], Loss: 1.4659 (Overall: 0.9583, Change: 1.5862), TF Ratio: 0.979
[2026-06-11 15:36:03,878][root][INFO] - Epoch [1/1], Batch [105/200], Loss: 1.4628 (Overall: 0.9619, Change: 1.3284), TF Ratio: 0.979
[2026-06-11 15:36:04,032][root][INFO] - Epoch [1/1], Batch [106/200], Loss: 1.4611 (Overall: 1.0589, Change: 1.5043), TF Ratio: 0.979
[2026-06-11 15:36:04,189][root][INFO] - Epoch [1/1], Batch [107/200], Loss: 1.4588 (Overall: 0.8624, Change: 1.5669), TF Ratio: 0.979
[2026-06-11 15:36:04,363][root][INFO] - Epoch [1/1], Batch [108/200], Loss: 1.4595 (Overall: 1.0976, Change: 1.9750), TF Ratio: 0.978
[2026-06-11 15:36:04,519][root][INFO] - Epoch [1/1], Batch [109/200], Loss: 1.4585 (Overall: 1.2072, Change: 1.4955), TF Ratio: 0.978
[2026-06-11 15:36:04,680][root][INFO] - Epoch [1/1], Batch [110/200], Loss: 1.4585 (Overall: 1.0785, Change: 1.8278), TF Ratio: 0.978
[2026-06-11 15:36:04,832][root][INFO] - Epoch [1/1], Batch [111/200], Loss: 1.4554 (Overall: 0.9045, Change: 1.3321), TF Ratio: 0.978
[2026-06-11 15:36:05,013][root][INFO] - Epoch [1/1], Batch [112/200], Loss: 1.4543 (Overall: 0.9846, Change: 1.6827), TF Ratio: 0.978
[2026-06-11 15:36:05,167][root][INFO] - Epoch [1/1], Batch [113/200], Loss: 1.4510 (Overall: 0.9029, Change: 1.2449), TF Ratio: 0.977
[2026-06-11 15:36:05,323][root][INFO] - Epoch [1/1], Batch [114/200], Loss: 1.4522 (Overall: 1.2515, Change: 1.9371), TF Ratio: 0.977
[2026-06-11 15:36:05,476][root][INFO] - Epoch [1/1], Batch [115/200], Loss: 1.4518 (Overall: 0.9981, Change: 1.8139), TF Ratio: 0.977
[2026-06-11 15:36:05,638][root][INFO] - Epoch [1/1], Batch [116/200], Loss: 1.4513 (Overall: 1.0264, Change: 1.7609), TF Ratio: 0.977
[2026-06-11 15:36:05,792][root][INFO] - Epoch [1/1], Batch [117/200], Loss: 1.4490 (Overall: 0.9757, Change: 1.3781), TF Ratio: 0.977
[2026-06-11 15:36:05,955][root][INFO] - Epoch [1/1], Batch [118/200], Loss: 1.4444 (Overall: 1.0586, Change: 0.7707), TF Ratio: 0.976
[2026-06-11 15:36:06,108][root][INFO] - Epoch [1/1], Batch [119/200], Loss: 1.4422 (Overall: 0.8822, Change: 1.4811), TF Ratio: 0.976
[2026-06-11 15:36:06,277][root][INFO] - Epoch [1/1], Batch [120/200], Loss: 1.4413 (Overall: 0.9884, Change: 1.6635), TF Ratio: 0.976
[2026-06-11 15:36:06,430][root][INFO] - Epoch [1/1], Batch [121/200], Loss: 1.4408 (Overall: 0.9858, Change: 1.7796), TF Ratio: 0.976
[2026-06-11 15:36:06,589][root][INFO] - Epoch [1/1], Batch [122/200], Loss: 1.4389 (Overall: 1.0629, Change: 1.3698), TF Ratio: 0.976
[2026-06-11 15:36:06,746][root][INFO] - Epoch [1/1], Batch [123/200], Loss: 1.4381 (Overall: 1.0299, Change: 1.6327), TF Ratio: 0.975
[2026-06-11 15:36:06,902][root][INFO] - Epoch [1/1], Batch [124/200], Loss: 1.4356 (Overall: 0.9532, Change: 1.3182), TF Ratio: 0.975
[2026-06-11 15:36:07,055][root][INFO] - Epoch [1/1], Batch [125/200], Loss: 1.4364 (Overall: 1.2096, Change: 1.8631), TF Ratio: 0.975
[2026-06-11 15:36:07,208][root][INFO] - Epoch [1/1], Batch [126/200], Loss: 1.4342 (Overall: 1.1802, Change: 1.1277), TF Ratio: 0.975
[2026-06-11 15:36:07,367][root][INFO] - Epoch [1/1], Batch [127/200], Loss: 1.4341 (Overall: 1.1590, Change: 1.6840), TF Ratio: 0.975
[2026-06-11 15:36:07,527][root][INFO] - Epoch [1/1], Batch [128/200], Loss: 1.4314 (Overall: 0.8580, Change: 1.3329), TF Ratio: 0.974
[2026-06-11 15:36:07,685][root][INFO] - Epoch [1/1], Batch [129/200], Loss: 1.4302 (Overall: 1.1093, Change: 1.4316), TF Ratio: 0.974
[2026-06-11 15:36:07,840][root][INFO] - Epoch [1/1], Batch [130/200], Loss: 1.4311 (Overall: 1.0584, Change: 2.0296), TF Ratio: 0.974
[2026-06-11 15:36:07,993][root][INFO] - Epoch [1/1], Batch [131/200], Loss: 1.4312 (Overall: 1.0653, Change: 1.8368), TF Ratio: 0.974
[2026-06-11 15:36:08,167][root][INFO] - Epoch [1/1], Batch [132/200], Loss: 1.4304 (Overall: 0.9811, Change: 1.6540), TF Ratio: 0.974
[2026-06-11 15:36:08,321][root][INFO] - Epoch [1/1], Batch [133/200], Loss: 1.4285 (Overall: 0.9537, Change: 1.4107), TF Ratio: 0.973
[2026-06-11 15:36:08,474][root][INFO] - Epoch [1/1], Batch [134/200], Loss: 1.4255 (Overall: 0.8112, Change: 1.2403), TF Ratio: 0.973
[2026-06-11 15:36:08,642][root][INFO] - Epoch [1/1], Batch [135/200], Loss: 1.4250 (Overall: 1.1522, Change: 1.5648), TF Ratio: 0.973
[2026-06-11 15:36:08,815][root][INFO] - Epoch [1/1], Batch [136/200], Loss: 1.4210 (Overall: 0.7870, Change: 0.9679), TF Ratio: 0.973
[2026-06-11 15:36:08,969][root][INFO] - Epoch [1/1], Batch [137/200], Loss: 1.4199 (Overall: 0.9299, Change: 1.6250), TF Ratio: 0.973
[2026-06-11 15:36:09,123][root][INFO] - Epoch [1/1], Batch [138/200], Loss: 1.4210 (Overall: 1.3371, Change: 1.8071), TF Ratio: 0.972
[2026-06-11 15:36:09,276][root][INFO] - Epoch [1/1], Batch [139/200], Loss: 1.4202 (Overall: 1.1394, Change: 1.4724), TF Ratio: 0.972
[2026-06-11 15:36:09,432][root][INFO] - Epoch [1/1], Batch [140/200], Loss: 1.4199 (Overall: 1.0760, Change: 1.6950), TF Ratio: 0.972
[2026-06-11 15:36:09,586][root][INFO] - Epoch [1/1], Batch [141/200], Loss: 1.4191 (Overall: 1.1284, Change: 1.4724), TF Ratio: 0.972
[2026-06-11 15:36:09,740][root][INFO] - Epoch [1/1], Batch [142/200], Loss: 1.4194 (Overall: 1.0563, Change: 1.8660), TF Ratio: 0.972
[2026-06-11 15:36:09,901][root][INFO] - Epoch [1/1], Batch [143/200], Loss: 1.4201 (Overall: 0.7959, Change: 2.2521), TF Ratio: 0.971
[2026-06-11 15:36:10,065][root][INFO] - Epoch [1/1], Batch [144/200], Loss: 1.4180 (Overall: 0.8738, Change: 1.3647), TF Ratio: 0.971
[2026-06-11 15:36:10,220][root][INFO] - Epoch [1/1], Batch [145/200], Loss: 1.4162 (Overall: 0.8634, Change: 1.4319), TF Ratio: 0.971
[2026-06-11 15:36:10,376][root][INFO] - Epoch [1/1], Batch [146/200], Loss: 1.4161 (Overall: 1.2212, Change: 1.5926), TF Ratio: 0.971
[2026-06-11 15:36:10,540][root][INFO] - Epoch [1/1], Batch [147/200], Loss: 1.4150 (Overall: 1.1295, Change: 1.3761), TF Ratio: 0.971
[2026-06-11 15:36:10,694][root][INFO] - Epoch [1/1], Batch [148/200], Loss: 1.4149 (Overall: 1.2428, Change: 1.5723), TF Ratio: 0.970
[2026-06-11 15:36:10,848][root][INFO] - Epoch [1/1], Batch [149/200], Loss: 1.4145 (Overall: 1.2236, Change: 1.4857), TF Ratio: 0.970
[2026-06-11 15:36:11,016][root][INFO] - Epoch [1/1], Batch [150/200], Loss: 1.4140 (Overall: 1.1925, Change: 1.4632), TF Ratio: 0.970
[2026-06-11 15:36:11,169][root][INFO] - Epoch [1/1], Batch [151/200], Loss: 1.4135 (Overall: 0.9027, Change: 1.7950), TF Ratio: 0.970
[2026-06-11 15:36:11,323][root][INFO] - Epoch [1/1], Batch [152/200], Loss: 1.4117 (Overall: 0.8141, Change: 1.4491), TF Ratio: 0.970
[2026-06-11 15:36:11,476][root][INFO] - Epoch [1/1], Batch [153/200], Loss: 1.4113 (Overall: 0.9273, Change: 1.7887), TF Ratio: 0.969
[2026-06-11 15:36:11,629][root][INFO] - Epoch [1/1], Batch [154/200], Loss: 1.4104 (Overall: 1.0839, Change: 1.4519), TF Ratio: 0.969
[2026-06-11 15:36:11,783][root][INFO] - Epoch [1/1], Batch [155/200], Loss: 1.4096 (Overall: 0.9093, Change: 1.6544), TF Ratio: 0.969
[2026-06-11 15:36:11,944][root][INFO] - Epoch [1/1], Batch [156/200], Loss: 1.4081 (Overall: 0.8953, Change: 1.4706), TF Ratio: 0.969
[2026-06-11 15:36:12,122][root][INFO] - Epoch [1/1], Batch [157/200], Loss: 1.4073 (Overall: 1.1859, Change: 1.3797), TF Ratio: 0.969
[2026-06-11 15:36:12,287][root][INFO] - Epoch [1/1], Batch [158/200], Loss: 1.4085 (Overall: 1.6151, Change: 1.5700), TF Ratio: 0.968
[2026-06-11 15:36:12,444][root][INFO] - Epoch [1/1], Batch [159/200], Loss: 1.4074 (Overall: 0.9233, Change: 1.5409), TF Ratio: 0.968
[2026-06-11 15:36:12,598][root][INFO] - Epoch [1/1], Batch [160/200], Loss: 1.4062 (Overall: 0.8848, Change: 1.5668), TF Ratio: 0.968
[2026-06-11 15:36:12,759][root][INFO] - Epoch [1/1], Batch [161/200], Loss: 1.4050 (Overall: 0.9908, Change: 1.4185), TF Ratio: 0.968
[2026-06-11 15:36:12,923][root][INFO] - Epoch [1/1], Batch [162/200], Loss: 1.4039 (Overall: 0.8581, Change: 1.5974), TF Ratio: 0.968
[2026-06-11 15:36:13,077][root][INFO] - Epoch [1/1], Batch [163/200], Loss: 1.4037 (Overall: 1.0462, Change: 1.6955), TF Ratio: 0.967
[2026-06-11 15:36:13,238][root][INFO] - Epoch [1/1], Batch [164/200], Loss: 1.4023 (Overall: 0.8921, Change: 1.4643), TF Ratio: 0.967
[2026-06-11 15:36:13,392][root][INFO] - Epoch [1/1], Batch [165/200], Loss: 1.4008 (Overall: 0.8882, Change: 1.4250), TF Ratio: 0.967
[2026-06-11 15:36:13,546][root][INFO] - Epoch [1/1], Batch [166/200], Loss: 1.3992 (Overall: 0.8701, Change: 1.4062), TF Ratio: 0.967
[2026-06-11 15:36:13,706][root][INFO] - Epoch [1/1], Batch [167/200], Loss: 1.3996 (Overall: 1.2411, Change: 1.6708), TF Ratio: 0.967
[2026-06-11 15:36:13,875][root][INFO] - Epoch [1/1], Batch [168/200], Loss: 1.3985 (Overall: 1.0247, Change: 1.4185), TF Ratio: 0.966
[2026-06-11 15:36:14,028][root][INFO] - Epoch [1/1], Batch [169/200], Loss: 1.3975 (Overall: 1.0543, Change: 1.3981), TF Ratio: 0.966
[2026-06-11 15:36:14,181][root][INFO] - Epoch [1/1], Batch [170/200], Loss: 1.3978 (Overall: 1.1075, Change: 1.7755), TF Ratio: 0.966
[2026-06-11 15:36:14,334][root][INFO] - Epoch [1/1], Batch [171/200], Loss: 1.3967 (Overall: 0.7900, Change: 1.6417), TF Ratio: 0.966
[2026-06-11 15:36:14,491][root][INFO] - Epoch [1/1], Batch [172/200], Loss: 1.3966 (Overall: 0.9883, Change: 1.7817), TF Ratio: 0.966
[2026-06-11 15:36:14,644][root][INFO] - Epoch [1/1], Batch [173/200], Loss: 1.3953 (Overall: 0.8208, Change: 1.5273), TF Ratio: 0.965
[2026-06-11 15:36:14,797][root][INFO] - Epoch [1/1], Batch [174/200], Loss: 1.3961 (Overall: 1.0818, Change: 1.9773), TF Ratio: 0.965
[2026-06-11 15:36:14,951][root][INFO] - Epoch [1/1], Batch [175/200], Loss: 1.3954 (Overall: 1.0776, Change: 1.4683), TF Ratio: 0.965
[2026-06-11 15:36:15,117][root][INFO] - Epoch [1/1], Batch [176/200], Loss: 1.3940 (Overall: 0.8817, Change: 1.4113), TF Ratio: 0.965
[2026-06-11 15:36:15,270][root][INFO] - Epoch [1/1], Batch [177/200], Loss: 1.3935 (Overall: 1.0405, Change: 1.5681), TF Ratio: 0.965
[2026-06-11 15:36:15,422][root][INFO] - Epoch [1/1], Batch [178/200], Loss: 1.3941 (Overall: 1.4526, Change: 1.5484), TF Ratio: 0.964
[2026-06-11 15:36:15,579][root][INFO] - Epoch [1/1], Batch [179/200], Loss: 1.3935 (Overall: 1.0023, Change: 1.5699), TF Ratio: 0.964
[2026-06-11 15:36:15,733][root][INFO] - Epoch [1/1], Batch [180/200], Loss: 1.3936 (Overall: 1.3229, Change: 1.5188), TF Ratio: 0.964
[2026-06-11 15:36:15,888][root][INFO] - Epoch [1/1], Batch [181/200], Loss: 1.3923 (Overall: 0.8279, Change: 1.4898), TF Ratio: 0.964
[2026-06-11 15:36:16,042][root][INFO] - Epoch [1/1], Batch [182/200], Loss: 1.3918 (Overall: 1.0006, Change: 1.5739), TF Ratio: 0.964
[2026-06-11 15:36:16,199][root][INFO] - Epoch [1/1], Batch [183/200], Loss: 1.3912 (Overall: 1.0023, Change: 1.5578), TF Ratio: 0.963
[2026-06-11 15:36:16,366][root][INFO] - Epoch [1/1], Batch [184/200], Loss: 1.3902 (Overall: 0.8763, Change: 1.5661), TF Ratio: 0.963
[2026-06-11 15:36:16,529][root][INFO] - Epoch [1/1], Batch [185/200], Loss: 1.3895 (Overall: 1.0471, Change: 1.4795), TF Ratio: 0.963
[2026-06-11 15:36:16,685][root][INFO] - Epoch [1/1], Batch [186/200], Loss: 1.3885 (Overall: 0.9282, Change: 1.4738), TF Ratio: 0.963
[2026-06-11 15:36:16,839][root][INFO] - Epoch [1/1], Batch [187/200], Loss: 1.3875 (Overall: 0.8794, Change: 1.5165), TF Ratio: 0.963
[2026-06-11 15:36:17,019][root][INFO] - Epoch [1/1], Batch [188/200], Loss: 1.3867 (Overall: 0.9346, Change: 1.5479), TF Ratio: 0.962
[2026-06-11 15:36:17,174][root][INFO] - Epoch [1/1], Batch [189/200], Loss: 1.3853 (Overall: 0.7676, Change: 1.4769), TF Ratio: 0.962
[2026-06-11 15:36:17,327][root][INFO] - Epoch [1/1], Batch [190/200], Loss: 1.3831 (Overall: 0.8751, Change: 1.0583), TF Ratio: 0.962
[2026-06-11 15:36:17,481][root][INFO] - Epoch [1/1], Batch [191/200], Loss: 1.3831 (Overall: 0.9184, Change: 1.8373), TF Ratio: 0.962
[2026-06-11 15:36:17,668][root][INFO] - Epoch [1/1], Batch [192/200], Loss: 1.3821 (Overall: 0.9018, Change: 1.4626), TF Ratio: 0.962
[2026-06-11 15:36:17,823][root][INFO] - Epoch [1/1], Batch [193/200], Loss: 1.3804 (Overall: 0.8707, Change: 1.2687), TF Ratio: 0.961
[2026-06-11 15:36:17,976][root][INFO] - Epoch [1/1], Batch [194/200], Loss: 1.3796 (Overall: 0.9482, Change: 1.4718), TF Ratio: 0.961
[2026-06-11 15:36:18,130][root][INFO] - Epoch [1/1], Batch [195/200], Loss: 1.3814 (Overall: 1.9284, Change: 1.5572), TF Ratio: 0.961
[2026-06-11 15:36:18,293][root][INFO] - Epoch [1/1], Batch [196/200], Loss: 1.3798 (Overall: 0.8567, Change: 1.2742), TF Ratio: 0.961
[2026-06-11 15:36:18,448][root][INFO] - Epoch [1/1], Batch [197/200], Loss: 1.3783 (Overall: 0.8485, Change: 1.3071), TF Ratio: 0.961
[2026-06-11 15:36:18,602][root][INFO] - Epoch [1/1], Batch [198/200], Loss: 1.3768 (Overall: 0.9619, Change: 1.1928), TF Ratio: 0.960
[2026-06-11 15:36:18,755][root][INFO] - Epoch [1/1], Batch [199/200], Loss: 1.3749 (Overall: 0.9110, Change: 1.0867), TF Ratio: 0.960
[2026-06-11 15:36:18,925][root][INFO] - Epoch [1/1], Batch [200/200], Loss: 1.3735 (Overall: 0.9547, Change: 1.2497), TF Ratio: 0.960
[2026-06-11 15:36:19,764][root][INFO] - Epoch 1 done. Validating...
[2026-06-11 15:36:26,991][root][INFO] - Epoch [1/1] | Train: 1.3771 | Val: 0.8695
[2026-06-11 15:36:27,262][root][INFO] - Checkpoint saved: /gpfs/scratch/bsc32/bsc096444/ai4land-tfm/trained_models/unet_impl/41654677/best_model.pth
[2026-06-11 15:36:27,474][root][INFO] - Checkpoint saved: /gpfs/scratch/bsc32/bsc096444/ai4land-tfm/trained_models/unet_impl/41654677/model_epoch_1.pth
[2026-06-11 15:36:27,850][root][INFO] - Training complete.
END TIME: Thu Jun 11 15:36:37 CEST 2026
