2026-06-15 12:06:37,573 - INFO - Recurrent UNet Model Successfully Configured and Initialized.
2026-06-15 12:06:37,586 - INFO - Starting from scratch (no valid checkpoint provided).
2026-06-15 12:06:38,439 - INFO - Train: 4480000 samples, Val: 640000 samples
2026-06-15 12:06:38,441 - INFO - Starting training from epoch 1
2026-06-15 12:06:43,544 - INFO - Epoch [1/1], Batch [1/15], Loss: 1.9206 (Overall: 2.2870, Change: 1.5542), TF Ratio: 1.000
2026-06-15 12:06:43,700 - INFO - Epoch [1/1], Batch [2/15], Loss: 2.0489 (Overall: 2.2535, Change: 2.1011), TF Ratio: 1.000
2026-06-15 12:06:43,880 - INFO - Epoch [1/1], Batch [3/15], Loss: 2.0943 (Overall: 2.1855, Change: 2.1844), TF Ratio: 0.999
2026-06-15 12:06:44,170 - INFO - Epoch [1/1], Batch [4/15], Loss: 2.1141 (Overall: 2.2458, Change: 2.1018), TF Ratio: 0.999
2026-06-15 12:06:44,357 - INFO - Epoch [1/1], Batch [5/15], Loss: 2.1196 (Overall: 2.0591, Change: 2.2238), TF Ratio: 0.999
2026-06-15 12:06:44,520 - INFO - Epoch [1/1], Batch [6/15], Loss: 2.1151 (Overall: 2.0034, Change: 2.1822), TF Ratio: 0.999
2026-06-15 12:06:44,673 - INFO - Epoch [1/1], Batch [7/15], Loss: 2.0899 (Overall: 1.8777, Change: 1.9994), TF Ratio: 0.999
2026-06-15 12:06:44,825 - INFO - Epoch [1/1], Batch [8/15], Loss: 2.1010 (Overall: 1.9232, Change: 2.4338), TF Ratio: 0.998
2026-06-15 12:06:44,976 - INFO - Epoch [1/1], Batch [9/15], Loss: 2.0766 (Overall: 1.8244, Change: 1.9394), TF Ratio: 0.998
2026-06-15 12:06:45,135 - INFO - Epoch [1/1], Batch [10/15], Loss: 2.0556 (Overall: 1.7308, Change: 2.0015), TF Ratio: 0.998
2026-06-15 12:06:46,166 - INFO - Epoch [1/1], Batch [11/15], Loss: 2.0567 (Overall: 1.8470, Change: 2.2892), TF Ratio: 0.998
2026-06-15 12:06:46,370 - INFO - Epoch [1/1], Batch [12/15], Loss: 2.0541 (Overall: 1.8166, Change: 2.2347), TF Ratio: 0.998
2026-06-15 12:06:46,533 - INFO - Epoch [1/1], Batch [13/15], Loss: 2.0273 (Overall: 1.7854, Change: 1.6240), TF Ratio: 0.997
2026-06-15 12:06:46,706 - INFO - Epoch [1/1], Batch [14/15], Loss: 2.0135 (Overall: 1.8968, Change: 1.7720), TF Ratio: 0.997
2026-06-15 12:06:46,861 - INFO - Epoch [1/1], Batch [15/15], Loss: 1.9989 (Overall: 1.7584, Change: 1.8320), TF Ratio: 0.997
2026-06-15 12:07:20,451 - INFO - [profiling] 5 active batches (host-side, approx): wall=0.867s, dataloader stall=0.022s (2.5% of wall). For exact GPU timing see nsys stats output.
2026-06-15 12:07:20,865 - INFO - Profiling capture complete — running one validation pass before exit.
2026-06-15 12:07:26,639 - INFO - [profiling] Validation loss: 1.9098 (1 steps)
