START TIME: Fri May 29 11:03:44 CEST 2026
Master: as02r3b31:29500
Launch command: uv run accelerate launch     --multi_gpu     --num_processes $(( 1 * 4 ))     --num_machines 1     --machine_rank ${SLURM_PROCID}     --main_process_ip as02r3b31     --main_process_port 29500     --mixed_precision bf16     --dynamo_backend no     /gpfs/scratch/bsc32/bsc096444/ai4land-tfm/src/ai4land/training/train.py     --config-name profiling-preprocessed     system.slurm_job_id=41199507     training.resume.path=
[2026-05-29 11:05:34,477][root][INFO] - Recurrent UNet Model Successfully Configured and Initialized.
[2026-05-29 11:05:34,495][root][INFO] - Starting from scratch (no valid checkpoint provided).
[2026-05-29 11:05:34,550][root][INFO] - Train: 6272000 samples, Val: 896000 samples
[2026-05-29 11:05:36,041][root][INFO] - Starting training from epoch 1
[2026-05-29 11:05:53,621][root][INFO] - Epoch [1/1], Batch [1/50], Loss: 1.1237 (Overall: 2.2474, Change: 0.0000), TF Ratio: 1.000
[2026-05-29 11:05:53,777][root][INFO] - Epoch [1/1], Batch [2/50], Loss: 1.1232 (Overall: 2.2455, Change: 0.0000), TF Ratio: 1.000
[2026-05-29 11:05:53,930][root][INFO] - Epoch [1/1], Batch [3/50], Loss: 1.1224 (Overall: 2.2415, Change: 0.0000), TF Ratio: 0.999
[2026-05-29 11:05:54,287][root][INFO] - Epoch [1/1], Batch [4/50], Loss: 1.1229 (Overall: 2.2486, Change: 0.0000), TF Ratio: 0.999
[2026-05-29 11:05:54,440][root][INFO] - Epoch [1/1], Batch [5/50], Loss: 1.1150 (Overall: 2.1669, Change: 0.0000), TF Ratio: 0.999
[2026-05-29 11:05:54,591][root][INFO] - Epoch [1/1], Batch [6/50], Loss: 1.1071 (Overall: 2.1351, Change: 0.0000), TF Ratio: 0.999
[2026-05-29 11:05:54,743][root][INFO] - Epoch [1/1], Batch [7/50], Loss: 1.1022 (Overall: 2.1456, Change: 0.0000), TF Ratio: 0.999
[2026-05-29 11:05:54,914][root][INFO] - Epoch [1/1], Batch [8/50], Loss: 1.0969 (Overall: 2.1195, Change: 0.0000), TF Ratio: 0.998
[2026-05-29 11:05:55,066][root][INFO] - Epoch [1/1], Batch [9/50], Loss: 1.0866 (Overall: 2.0094, Change: 0.0000), TF Ratio: 0.998
[2026-05-29 11:05:55,218][root][INFO] - Epoch [1/1], Batch [10/50], Loss: 1.0764 (Overall: 1.9685, Change: 0.0000), TF Ratio: 0.998
[2026-05-29 11:05:55,370][root][INFO] - Epoch [1/1], Batch [11/50], Loss: 1.0700 (Overall: 2.0127, Change: 0.0000), TF Ratio: 0.998
[2026-05-29 11:06:03,445][root][INFO] - Epoch [1/1], Batch [12/50], Loss: 1.0637 (Overall: 1.9890, Change: 0.0000), TF Ratio: 0.998
[2026-05-29 11:06:03,601][root][INFO] - Epoch [1/1], Batch [13/50], Loss: 1.0528 (Overall: 1.8421, Change: 0.0000), TF Ratio: 0.997
[2026-05-29 11:06:03,753][root][INFO] - Epoch [1/1], Batch [14/50], Loss: 1.0455 (Overall: 1.9021, Change: 0.0000), TF Ratio: 0.997
[2026-05-29 11:06:04,350][root][INFO] - Epoch [1/1], Batch [15/50], Loss: 1.0395 (Overall: 1.9100, Change: 0.0000), TF Ratio: 0.997
[2026-05-29 11:06:05,612][root][INFO] - Epoch [1/1], Batch [16/50], Loss: 1.0325 (Overall: 1.8571, Change: 0.0000), TF Ratio: 0.997
[2026-05-29 11:06:05,764][root][INFO] - Epoch [1/1], Batch [17/50], Loss: 1.0245 (Overall: 1.7925, Change: 0.0000), TF Ratio: 0.997
[2026-05-29 11:06:05,916][root][INFO] - Epoch [1/1], Batch [18/50], Loss: 1.0202 (Overall: 1.8921, Change: 0.0000), TF Ratio: 0.996
[2026-05-29 11:06:06,068][root][INFO] - Epoch [1/1], Batch [19/50], Loss: 1.0162 (Overall: 1.8896, Change: 0.0000), TF Ratio: 0.996
[2026-05-29 11:06:06,245][root][INFO] - Epoch [1/1], Batch [20/50], Loss: 1.0124 (Overall: 1.8818, Change: 0.0000), TF Ratio: 0.996
[2026-05-29 11:06:06,398][root][INFO] - Epoch [1/1], Batch [21/50], Loss: 1.0057 (Overall: 1.7408, Change: 0.0000), TF Ratio: 0.996
[2026-05-29 11:06:06,550][root][INFO] - Epoch [1/1], Batch [22/50], Loss: 1.0003 (Overall: 1.7774, Change: 0.0000), TF Ratio: 0.996
[2026-05-29 11:06:06,702][root][INFO] - Epoch [1/1], Batch [23/50], Loss: 0.9943 (Overall: 1.7226, Change: 0.0000), TF Ratio: 0.995
[2026-05-29 11:06:15,602][root][INFO] - Epoch [1/1], Batch [24/50], Loss: 0.9891 (Overall: 1.7387, Change: 0.0000), TF Ratio: 0.995
[2026-05-29 11:06:15,755][root][INFO] - Epoch [1/1], Batch [25/50], Loss: 0.9825 (Overall: 1.6487, Change: 0.0000), TF Ratio: 0.995
[2026-05-29 11:06:16,006][root][INFO] - Epoch [1/1], Batch [26/50], Loss: 0.9776 (Overall: 1.7087, Change: 0.0000), TF Ratio: 0.995
[2026-05-29 11:06:16,514][root][INFO] - Epoch [1/1], Batch [27/50], Loss: 0.9734 (Overall: 1.7304, Change: 0.0000), TF Ratio: 0.995
[2026-05-29 11:06:18,629][root][INFO] - Epoch [1/1], Batch [28/50], Loss: 0.9697 (Overall: 1.7376, Change: 0.0000), TF Ratio: 0.994
[2026-05-29 11:06:18,783][root][INFO] - Epoch [1/1], Batch [29/50], Loss: 0.9655 (Overall: 1.6994, Change: 0.0000), TF Ratio: 0.994
[2026-05-29 11:06:18,935][root][INFO] - Epoch [1/1], Batch [30/50], Loss: 0.9613 (Overall: 1.6778, Change: 0.0000), TF Ratio: 0.994
[2026-05-29 11:06:19,089][root][INFO] - Epoch [1/1], Batch [31/50], Loss: 0.9574 (Overall: 1.6797, Change: 0.0000), TF Ratio: 0.994
[2026-05-29 11:06:19,243][root][INFO] - Epoch [1/1], Batch [32/50], Loss: 0.9544 (Overall: 1.7221, Change: 0.0000), TF Ratio: 0.994
[2026-05-29 11:06:19,395][root][INFO] - Epoch [1/1], Batch [33/50], Loss: 0.9497 (Overall: 1.6004, Change: 0.0000), TF Ratio: 0.993
[2026-05-29 11:06:19,549][root][INFO] - Epoch [1/1], Batch [34/50], Loss: 0.9451 (Overall: 1.5866, Change: 0.0000), TF Ratio: 0.993
[2026-05-29 11:06:19,700][root][INFO] - Epoch [1/1], Batch [35/50], Loss: 0.9409 (Overall: 1.5917, Change: 0.0000), TF Ratio: 0.993
[2026-05-29 11:06:26,833][root][INFO] - Epoch [1/1], Batch [36/50], Loss: 0.9370 (Overall: 1.6042, Change: 0.0000), TF Ratio: 0.993
[2026-05-29 11:06:26,988][root][INFO] - Epoch [1/1], Batch [37/50], Loss: 0.9321 (Overall: 1.5146, Change: 0.0000), TF Ratio: 0.993
[2026-05-29 11:06:27,140][root][INFO] - Epoch [1/1], Batch [38/50], Loss: 0.9275 (Overall: 1.5081, Change: 0.0000), TF Ratio: 0.992
[2026-05-29 11:06:27,876][root][INFO] - Epoch [1/1], Batch [39/50], Loss: 0.9233 (Overall: 1.5278, Change: 0.0000), TF Ratio: 0.992
[2026-05-29 11:06:30,310][root][INFO] - Epoch [1/1], Batch [40/50], Loss: 0.9194 (Overall: 1.5347, Change: 0.0000), TF Ratio: 0.992
[2026-05-29 11:06:30,463][root][INFO] - Epoch [1/1], Batch [41/50], Loss: 0.9150 (Overall: 1.4829, Change: 0.0000), TF Ratio: 0.992
[2026-05-29 11:06:30,615][root][INFO] - Epoch [1/1], Batch [42/50], Loss: 0.9107 (Overall: 1.4677, Change: 0.0000), TF Ratio: 0.992
[2026-05-29 11:06:30,767][root][INFO] - Epoch [1/1], Batch [43/50], Loss: 0.9069 (Overall: 1.4948, Change: 0.0000), TF Ratio: 0.991
[2026-05-29 11:06:30,931][root][INFO] - Epoch [1/1], Batch [44/50], Loss: 0.9035 (Overall: 1.5149, Change: 0.0000), TF Ratio: 0.991
[2026-05-29 11:06:31,084][root][INFO] - Epoch [1/1], Batch [45/50], Loss: 0.8995 (Overall: 1.4447, Change: 0.0000), TF Ratio: 0.991
[2026-05-29 11:06:31,236][root][INFO] - Epoch [1/1], Batch [46/50], Loss: 0.8954 (Overall: 1.4260, Change: 0.0000), TF Ratio: 0.991
[2026-05-29 11:06:31,387][root][INFO] - Epoch [1/1], Batch [47/50], Loss: 0.8916 (Overall: 1.4339, Change: 0.0000), TF Ratio: 0.991
[2026-05-29 11:06:37,904][root][INFO] - Epoch [1/1], Batch [48/50], Loss: 0.8883 (Overall: 1.4641, Change: 0.0000), TF Ratio: 0.990
[2026-05-29 11:06:38,470][root][INFO] - Epoch [1/1], Batch [49/50], Loss: 0.8849 (Overall: 1.4395, Change: 0.0000), TF Ratio: 0.990
[2026-05-29 11:06:38,622][root][INFO] - Epoch [1/1], Batch [50/50], Loss: 0.8819 (Overall: 1.4719, Change: 0.0000), TF Ratio: 0.990
[2026-05-29 11:06:49,732][root][INFO] - Epoch 1 done. Validating...
[2026-05-29 11:07:15,567][root][INFO] - Epoch [1/1] | Train: 0.8830 | Val: 1.1810
[2026-05-29 11:07:15,825][root][INFO] - Checkpoint saved: /gpfs/scratch/bsc32/bsc096444/ai4land-tfm/trained_models/unet_impl/41199507/best_model.pth
[2026-05-29 11:07:16,047][root][INFO] - Checkpoint saved: /gpfs/scratch/bsc32/bsc096444/ai4land-tfm/trained_models/unet_impl/41199507/model_epoch_1.pth
[2026-05-29 11:07:16,402][root][INFO] - Training complete.
END TIME: Fri May 29 11:07:26 CEST 2026
