2026-06-08 08:52:51,041 - INFO - Split: train | land_index=/gpfs/projects/ehpc606/ai4land/CONCERTO/land_index/land_pixel_index_sample.npy
2026-06-08 08:52:51,041 - INFO - Stores: /gpfs/scratch/ehpc736/data/AI4LAND_NON_preprocessed-data-2000-2015.zarr
2026-06-08 08:52:51,041 - INFO - Sweep: num_workers=[12, 16, 19] | num_batches=80 | batch_timeout=30s
2026-06-08 08:52:59,368 - INFO - Dataset: SingleZarrDataset | length=6,272,000
2026-06-08 08:52:59,368 - INFO - ================================================================================
2026-06-08 08:52:59,368 - INFO - PHASE 1 — __getitem__ + per-modality merged (50 samples)
2026-06-08 08:52:59,368 - INFO - ================================================================================
2026-06-08 08:53:02,086 - INFO - shapes: (2, 15, 256, 256) (2, 1, 256, 256) (6, 256, 256) (1, 256, 256) (2, 256, 256) | bytes/sample:   9.50 MB
2026-06-08 08:53:02,086 - INFO -   sample   1/50   2718.4 ms
2026-06-08 08:53:03,373 - INFO -   sample   2/50   1286.4 ms
2026-06-08 08:53:04,533 - INFO -   sample   3/50   1159.6 ms
2026-06-08 08:53:05,627 - INFO -   sample   4/50   1094.4 ms
2026-06-08 08:53:06,671 - INFO -   sample   5/50   1044.0 ms
2026-06-08 08:53:07,845 - INFO -   sample   6/50   1173.5 ms
2026-06-08 08:53:08,932 - INFO -   sample   7/50   1087.5 ms
2026-06-08 08:53:09,974 - INFO -   sample   8/50   1041.7 ms
2026-06-08 08:53:11,014 - INFO -   sample   9/50   1039.4 ms
2026-06-08 08:53:12,004 - INFO -   sample  10/50    990.5 ms
2026-06-08 08:53:13,055 - INFO -   sample  11/50   1050.1 ms
2026-06-08 08:53:14,056 - INFO -   sample  12/50   1001.2 ms
2026-06-08 08:53:15,119 - INFO -   sample  13/50   1063.2 ms
2026-06-08 08:53:16,173 - INFO -   sample  14/50   1053.5 ms
2026-06-08 08:53:17,129 - INFO -   sample  15/50    956.3 ms
2026-06-08 08:53:18,182 - INFO -   sample  16/50   1052.3 ms
2026-06-08 08:53:19,256 - INFO -   sample  17/50   1073.9 ms
2026-06-08 08:53:20,446 - INFO -   sample  18/50   1190.3 ms
2026-06-08 08:53:21,603 - INFO -   sample  19/50   1156.9 ms
2026-06-08 08:53:22,908 - INFO -   sample  20/50   1304.3 ms
2026-06-08 08:53:23,892 - INFO -   sample  21/50    984.7 ms
2026-06-08 08:53:24,903 - INFO -   sample  22/50   1010.7 ms
2026-06-08 08:53:25,867 - INFO -   sample  23/50    964.0 ms
2026-06-08 08:53:27,006 - INFO -   sample  24/50   1138.9 ms
2026-06-08 08:53:28,069 - INFO -   sample  25/50   1062.1 ms
2026-06-08 08:53:30,176 - INFO -   sample  26/50   2107.6 ms
2026-06-08 08:53:31,201 - INFO -   sample  27/50   1024.6 ms
2026-06-08 08:53:32,248 - INFO -   sample  28/50   1047.3 ms
2026-06-08 08:53:33,329 - INFO -   sample  29/50   1080.7 ms
2026-06-08 08:53:34,374 - INFO -   sample  30/50   1044.4 ms
2026-06-08 08:53:35,454 - INFO -   sample  31/50   1079.8 ms
2026-06-08 08:53:36,608 - INFO -   sample  32/50   1154.4 ms
2026-06-08 08:53:37,645 - INFO -   sample  33/50   1036.8 ms
2026-06-08 08:53:38,563 - INFO -   sample  34/50    917.7 ms
2026-06-08 08:53:39,598 - INFO -   sample  35/50   1034.6 ms
2026-06-08 08:53:40,644 - INFO -   sample  36/50   1045.7 ms
2026-06-08 08:53:41,923 - INFO -   sample  37/50   1279.1 ms
2026-06-08 08:53:42,916 - INFO -   sample  38/50    992.6 ms
2026-06-08 08:53:44,065 - INFO -   sample  39/50   1149.6 ms
2026-06-08 08:53:45,397 - INFO -   sample  40/50   1331.4 ms
2026-06-08 08:53:46,386 - INFO -   sample  41/50    988.7 ms
2026-06-08 08:53:47,598 - INFO -   sample  42/50   1212.4 ms
2026-06-08 08:53:48,877 - INFO -   sample  43/50   1278.8 ms
2026-06-08 08:53:50,120 - INFO -   sample  44/50   1242.4 ms
2026-06-08 08:53:51,428 - INFO -   sample  45/50   1307.9 ms
2026-06-08 08:53:52,563 - INFO -   sample  46/50   1134.7 ms
2026-06-08 08:53:53,542 - INFO -   sample  47/50    979.2 ms
2026-06-08 08:53:54,617 - INFO -   sample  48/50   1074.5 ms
2026-06-08 08:53:55,948 - INFO -   sample  49/50   1331.8 ms
2026-06-08 08:53:57,173 - INFO -   sample  50/50   1224.6 ms
2026-06-08 08:53:57,174 - INFO - --- getitem | n=50 | mean= 1156.0 ms | median= 1074.2 ms | p95= 1331.6 ms | max= 2718.4 ms | sum=  57.80 s
2026-06-08 08:53:57,174 - INFO - --- per-modality (load + preprocess merged) ---
2026-06-08 08:53:57,174 - INFO -   _get_luh2_data        : calls= 100 | mean=  405.6 ms | median=  367.3 ms | max= 1971.1 ms | total= 40.56 s (70.2%)
2026-06-08 08:53:57,174 - INFO -   _get_population_data  : calls= 100 | mean=   47.2 ms | median=   45.0 ms | max=  133.9 ms | total=  4.72 s ( 8.2%)
2026-06-08 08:53:57,174 - INFO -   _get_kg_data          : calls= 100 | mean=   40.3 ms | median=   39.0 ms | max=  125.0 ms | total=  4.03 s ( 7.0%)
2026-06-08 08:53:57,174 - INFO -   _get_static_data      : calls=  50 | mean=   81.1 ms | median=   79.4 ms | max=  102.1 ms | total=  4.05 s ( 7.0%)
2026-06-08 08:53:57,174 - INFO -   _get_hilda_prior      : calls=  50 | mean=   42.7 ms | median=   41.3 ms | max=   79.6 ms | total=  2.14 s ( 3.7%)
2026-06-08 08:53:57,174 - INFO -   _get_hilda_target     : calls=  50 | mean=   42.9 ms | median=   41.5 ms | max=   70.2 ms | total=  2.14 s ( 3.7%)
2026-06-08 08:53:57,195 - INFO - ================================================================================
2026-06-08 08:53:57,195 - INFO - PHASE 2 — __getitem__ + load vs preprocess split (50 samples)
2026-06-08 08:53:57,195 - INFO - ================================================================================
2026-06-08 08:53:58,309 - INFO -   sample   1/50   1114.7 ms
2026-06-08 08:53:59,249 - INFO -   sample   2/50    939.9 ms
2026-06-08 08:54:00,168 - INFO -   sample   3/50    918.6 ms
2026-06-08 08:54:01,085 - INFO -   sample   4/50    916.6 ms
2026-06-08 08:54:02,039 - INFO -   sample   5/50    954.0 ms
2026-06-08 08:54:02,974 - INFO -   sample   6/50    935.1 ms
2026-06-08 08:54:03,922 - INFO -   sample   7/50    947.5 ms
2026-06-08 08:54:05,049 - INFO -   sample   8/50   1127.0 ms
2026-06-08 08:54:05,999 - INFO -   sample   9/50    950.0 ms
2026-06-08 08:54:06,997 - INFO -   sample  10/50    997.6 ms
2026-06-08 08:54:07,888 - INFO -   sample  11/50    891.2 ms
2026-06-08 08:54:08,841 - INFO -   sample  12/50    952.5 ms
2026-06-08 08:54:09,709 - INFO -   sample  13/50    867.8 ms
2026-06-08 08:54:10,608 - INFO -   sample  14/50    899.5 ms
2026-06-08 08:54:11,819 - INFO -   sample  15/50   1211.1 ms
2026-06-08 08:54:12,835 - INFO -   sample  16/50   1015.8 ms
2026-06-08 08:54:13,676 - INFO -   sample  17/50    840.8 ms
2026-06-08 08:54:14,588 - INFO -   sample  18/50    911.9 ms
2026-06-08 08:54:15,513 - INFO -   sample  19/50    924.2 ms
2026-06-08 08:54:16,481 - INFO -   sample  20/50    968.2 ms
2026-06-08 08:54:17,356 - INFO -   sample  21/50    875.0 ms
2026-06-08 08:54:18,266 - INFO -   sample  22/50    909.6 ms
2026-06-08 08:54:19,311 - INFO -   sample  23/50   1045.6 ms
2026-06-08 08:54:20,302 - INFO -   sample  24/50    990.6 ms
2026-06-08 08:54:21,257 - INFO -   sample  25/50    954.6 ms
2026-06-08 08:54:22,180 - INFO -   sample  26/50    923.0 ms
2026-06-08 08:54:23,164 - INFO -   sample  27/50    983.4 ms
2026-06-08 08:54:24,373 - INFO -   sample  28/50   1208.9 ms
2026-06-08 08:54:25,377 - INFO -   sample  29/50   1004.1 ms
2026-06-08 08:54:26,509 - INFO -   sample  30/50   1132.4 ms
2026-06-08 08:54:27,448 - INFO -   sample  31/50    938.1 ms
2026-06-08 08:54:28,460 - INFO -   sample  32/50   1011.9 ms
2026-06-08 08:54:29,502 - INFO -   sample  33/50   1041.8 ms
2026-06-08 08:54:30,444 - INFO -   sample  34/50    942.3 ms
2026-06-08 08:54:31,387 - INFO -   sample  35/50    943.2 ms
2026-06-08 08:54:32,493 - INFO -   sample  36/50   1105.7 ms
2026-06-08 08:54:33,504 - INFO -   sample  37/50   1011.2 ms
2026-06-08 08:54:34,669 - INFO -   sample  38/50   1164.5 ms
2026-06-08 08:54:35,625 - INFO -   sample  39/50    956.2 ms
2026-06-08 08:54:36,537 - INFO -   sample  40/50    911.5 ms
2026-06-08 08:54:37,523 - INFO -   sample  41/50    985.9 ms
2026-06-08 08:54:38,534 - INFO -   sample  42/50   1010.8 ms
2026-06-08 08:54:39,452 - INFO -   sample  43/50    918.3 ms
2026-06-08 08:54:40,603 - INFO -   sample  44/50   1150.5 ms
2026-06-08 08:54:41,639 - INFO -   sample  45/50   1035.8 ms
2026-06-08 08:54:42,748 - INFO -   sample  46/50   1108.5 ms
2026-06-08 08:54:43,769 - INFO -   sample  47/50   1021.8 ms
2026-06-08 08:54:44,765 - INFO -   sample  48/50    995.7 ms
2026-06-08 08:54:45,775 - INFO -   sample  49/50   1010.0 ms
2026-06-08 08:54:46,885 - INFO -   sample  50/50   1110.0 ms
2026-06-08 08:54:46,886 - INFO - --- getitem | n=50 | mean=  993.7 ms | median=  975.8 ms | p95= 1158.2 ms | max= 1211.1 ms | sum=  49.68 s
2026-06-08 08:54:46,886 - INFO - --- per-modality (load | preprocess split) ---
2026-06-08 08:54:46,886 - INFO -   luh2          : calls= 100 | load mean=  306.7 ms total= 30.67 s (61.7%) | prep mean=   33.4 ms total=  3.34 s ( 6.7%)
2026-06-08 08:54:46,886 - INFO -   population    : calls= 100 | load mean=   44.3 ms total=  4.43 s ( 8.9%) | prep mean=    0.1 ms total=  0.01 s ( 0.0%)
2026-06-08 08:54:46,886 - INFO -   kg            : calls= 100 | load mean=   37.7 ms total=  3.77 s ( 7.6%) | prep mean=    0.0 ms total=  0.00 s ( 0.0%)
2026-06-08 08:54:46,886 - INFO -   static        : calls=  50 | load mean=   41.8 ms total=  2.09 s ( 4.2%) | prep mean=   18.8 ms total=  0.94 s ( 1.9%)
2026-06-08 08:54:46,886 - INFO -   hilda_prior   : calls=  50 | load mean=   44.3 ms total=  2.22 s ( 4.5%) | prep mean=    0.2 ms total=  0.01 s ( 0.0%)
2026-06-08 08:54:46,886 - INFO -   hilda_target  : calls=  50 | load mean=   39.4 ms total=  1.97 s ( 4.0%) | prep mean=    0.4 ms total=  0.02 s ( 0.0%)
2026-06-08 08:54:46,886 - INFO - ================================================================================
2026-06-08 08:54:46,887 - INFO - PHASE 2b — cold/warm LUH2 (50 pairs)
2026-06-08 08:54:46,887 - INFO - ================================================================================
2026-06-08 08:55:27,813 - INFO - --- cold/warm LUH2 | n=50 pairs ---
2026-06-08 08:55:27,814 - INFO -   cold  | mean =    462.4 ms | median =    387.6 ms
2026-06-08 08:55:27,814 - INFO -   warm  | mean =    355.7 ms | median =    346.8 ms
2026-06-08 08:55:27,814 - INFO -   delta | mean =    106.7 ms ( 23.1% of cold)
2026-06-08 08:55:27,814 - INFO - ================================================================================
2026-06-08 08:55:27,814 - INFO - PHASE 3 — DataLoader sweep over num_workers=[12, 16, 19] (batch_size=8, prefetch_factor=4 when workers>0, pin_memory=True, persistent_workers=False) — 80 batches per config, per-batch timeout=30s, wall budget=900s
2026-06-08 08:55:27,814 - INFO - ================================================================================
2026-06-08 08:55:27,814 - INFO - --------------------------------------------------------------------------------
2026-06-08 08:55:27,814 - INFO - num_workers = 12
2026-06-08 08:55:27,814 - INFO - --------------------------------------------------------------------------------
2026-06-08 08:56:04,191 - [w=12] -   batch   1/80   11847.3 ms   76.00 MB
2026-06-08 08:56:05,139 - [w=12] -   batch   2/80     948.0 ms   76.00 MB
2026-06-08 08:56:05,140 - [w=12] -   batch   3/80       0.1 ms   76.00 MB
2026-06-08 08:56:05,140 - [w=12] -   batch   4/80       0.1 ms   76.00 MB
2026-06-08 08:56:05,140 - [w=12] -   batch   5/80       0.1 ms   76.00 MB
2026-06-08 08:56:05,140 - [w=12] -   batch   6/80       0.2 ms   76.00 MB
2026-06-08 08:56:05,140 - [w=12] -   batch   7/80       0.2 ms   76.00 MB
2026-06-08 08:56:05,140 - [w=12] -   batch   8/80       0.1 ms   76.00 MB
2026-06-08 08:56:05,141 - [w=12] -   batch   9/80       0.1 ms   76.00 MB
2026-06-08 08:56:05,141 - [w=12] -   batch  10/80       0.1 ms   76.00 MB
2026-06-08 08:56:05,141 - [w=12] -   batch  11/80       0.1 ms   76.00 MB
2026-06-08 08:56:05,712 - [w=12] -   batch  12/80     570.8 ms   76.00 MB
2026-06-08 08:56:14,514 - [w=12] -   batch  13/80    8802.5 ms   76.00 MB
2026-06-08 08:56:15,656 - [w=12] -   batch  14/80    1141.6 ms   76.00 MB
2026-06-08 08:56:16,070 - [w=12] -   batch  15/80     413.7 ms   76.00 MB
2026-06-08 08:56:16,070 - [w=12] -   batch  16/80       0.1 ms   76.00 MB
2026-06-08 08:56:16,070 - [w=12] -   batch  17/80       0.0 ms   76.00 MB
2026-06-08 08:56:16,071 - [w=12] -   batch  18/80       0.2 ms   76.00 MB
2026-06-08 08:56:16,071 - [w=12] -   batch  19/80       0.1 ms   76.00 MB
2026-06-08 08:56:16,071 - [w=12] -   batch  20/80       0.1 ms   76.00 MB
2026-06-08 08:56:17,108 - [w=12] -   batch  21/80    1037.3 ms   76.00 MB
2026-06-08 08:56:17,108 - [w=12] -   batch  22/80       0.1 ms   76.00 MB
2026-06-08 08:56:17,465 - [w=12] -   batch  23/80     356.5 ms   76.00 MB
2026-06-08 08:56:17,465 - [w=12] -   batch  24/80       0.2 ms   76.00 MB
2026-06-08 08:56:26,510 - [w=12] -   batch  25/80    9044.3 ms   76.00 MB
2026-06-08 08:56:26,510 - [w=12] -   batch  26/80       0.2 ms   76.00 MB
2026-06-08 08:56:26,835 - [w=12] -   batch  27/80     325.4 ms   76.00 MB
2026-06-08 08:56:26,836 - [w=12] -   batch  28/80       0.2 ms   76.00 MB
2026-06-08 08:56:26,836 - [w=12] -   batch  29/80       0.2 ms   76.00 MB
2026-06-08 08:56:26,836 - [w=12] -   batch  30/80       0.1 ms   76.00 MB
2026-06-08 08:56:26,836 - [w=12] -   batch  31/80       0.1 ms   76.00 MB
2026-06-08 08:56:26,836 - [w=12] -   batch  32/80       0.1 ms   76.00 MB
2026-06-08 08:56:27,438 - [w=12] -   batch  33/80     601.4 ms   76.00 MB
2026-06-08 08:56:27,438 - [w=12] -   batch  34/80       0.2 ms   76.00 MB
2026-06-08 08:56:28,213 - [w=12] -   batch  35/80     774.6 ms   76.00 MB
2026-06-08 08:56:28,213 - [w=12] -   batch  36/80       0.2 ms   76.00 MB
2026-06-08 08:56:37,304 - [w=12] -   batch  37/80    9090.4 ms   76.00 MB
2026-06-08 08:56:37,304 - [w=12] -   batch  38/80       0.1 ms   76.00 MB
2026-06-08 08:56:37,924 - [w=12] -   batch  39/80     619.7 ms   76.00 MB
2026-06-08 08:56:37,924 - [w=12] -   batch  40/80       0.1 ms   76.00 MB
2026-06-08 08:56:37,924 - [w=12] -   batch  41/80       0.1 ms   76.00 MB
2026-06-08 08:56:37,924 - [w=12] -   batch  42/80       0.1 ms   76.00 MB
2026-06-08 08:56:37,924 - [w=12] -   batch  43/80       0.1 ms   76.00 MB
2026-06-08 08:56:37,925 - [w=12] -   batch  44/80       0.1 ms   76.00 MB
2026-06-08 08:56:37,925 - [w=12] -   batch  45/80       0.1 ms   76.00 MB
2026-06-08 08:56:37,925 - [w=12] -   batch  46/80       0.1 ms   76.00 MB
2026-06-08 08:56:38,408 - [w=12] -   batch  47/80     483.3 ms   76.00 MB
2026-06-08 08:56:38,408 - [w=12] -   batch  48/80       0.1 ms   76.00 MB
2026-06-08 08:56:48,987 - [w=12] -   batch  49/80   10578.6 ms   76.00 MB
2026-06-08 08:56:48,987 - [w=12] -   batch  50/80       0.2 ms   76.00 MB
2026-06-08 08:56:48,988 - [w=12] -   batch  51/80       0.0 ms   76.00 MB
2026-06-08 08:56:48,988 - [w=12] -   batch  52/80       0.1 ms   76.00 MB
2026-06-08 08:56:48,988 - [w=12] -   batch  53/80       0.3 ms   76.00 MB
2026-06-08 08:56:48,988 - [w=12] -   batch  54/80       0.1 ms   76.00 MB
2026-06-08 08:56:48,989 - [w=12] -   batch  55/80       0.1 ms   76.00 MB
2026-06-08 08:56:48,989 - [w=12] -   batch  56/80       0.1 ms   76.00 MB
2026-06-08 08:56:48,989 - [w=12] -   batch  57/80       0.1 ms   76.00 MB
2026-06-08 08:56:48,989 - [w=12] -   batch  58/80       0.1 ms   76.00 MB
2026-06-08 08:56:49,896 - [w=12] -   batch  59/80     907.2 ms   76.00 MB
2026-06-08 08:56:49,897 - [w=12] -   batch  60/80       0.2 ms   76.00 MB
2026-06-08 08:56:59,311 - [w=12] -   batch  61/80    9414.6 ms   76.00 MB
2026-06-08 08:56:59,532 - [w=12] -   batch  62/80     220.6 ms   76.00 MB
2026-06-08 08:57:00,257 - [w=12] -   batch  63/80     725.0 ms   76.00 MB
2026-06-08 08:57:00,257 - [w=12] -   batch  64/80       0.2 ms   76.00 MB
2026-06-08 08:57:00,258 - [w=12] -   batch  65/80       0.2 ms   76.00 MB
2026-06-08 08:57:00,258 - [w=12] -   batch  66/80       0.1 ms   76.00 MB
2026-06-08 08:57:00,258 - [w=12] -   batch  67/80       0.2 ms   76.00 MB
2026-06-08 08:57:00,258 - [w=12] -   batch  68/80       0.1 ms   76.00 MB
2026-06-08 08:57:00,258 - [w=12] -   batch  69/80       0.1 ms   76.00 MB
2026-06-08 08:57:00,258 - [w=12] -   batch  70/80       0.0 ms   76.00 MB
2026-06-08 08:57:00,367 - [w=12] -   batch  71/80     108.9 ms   76.00 MB
2026-06-08 08:57:00,368 - [w=12] -   batch  72/80       0.2 ms   76.00 MB
2026-06-08 08:57:10,251 - [w=12] -   batch  73/80    9883.6 ms   76.00 MB
2026-06-08 08:57:10,252 - [w=12] -   batch  74/80       0.1 ms   76.00 MB
2026-06-08 08:57:11,254 - [w=12] -   batch  75/80    1002.6 ms   76.00 MB
2026-06-08 08:57:11,255 - [w=12] -   batch  76/80       0.1 ms   76.00 MB
2026-06-08 08:57:11,255 - [w=12] -   batch  77/80       0.1 ms   76.00 MB
2026-06-08 08:57:11,255 - [w=12] -   batch  78/80       0.1 ms   76.00 MB
2026-06-08 08:57:11,255 - [w=12] -   batch  79/80       0.3 ms   76.00 MB
2026-06-08 08:57:11,255 - [w=12] -   batch  80/80       0.1 ms   76.00 MB
2026-06-08 08:57:29,554 - INFO - cold batch: 11847.3 ms (includes worker startup)
2026-06-08 08:57:29,554 - INFO - --- warm batches | n=79 | mean=  848.8 ms | median=    0.1 ms | p95= 9048.9 ms | max=10578.6 ms | sum=  67.06 s
2026-06-08 08:57:29,554 - INFO - --- throughput |    9.4 samples/s |   1.18 batches/s
2026-06-08 08:57:29,554 - INFO - --------------------------------------------------------------------------------
2026-06-08 08:57:29,554 - INFO - num_workers = 16
2026-06-08 08:57:29,554 - INFO - --------------------------------------------------------------------------------
2026-06-08 08:58:13,144 - [w=16] -   batch   1/80   11448.9 ms   76.00 MB
2026-06-08 08:58:13,145 - [w=16] -   batch   2/80       0.3 ms   76.00 MB
2026-06-08 08:58:16,105 - [w=16] -   batch   3/80    2960.5 ms   76.00 MB
2026-06-08 08:58:16,106 - [w=16] -   batch   4/80       0.2 ms   76.00 MB
2026-06-08 08:58:16,106 - [w=16] -   batch   5/80       0.1 ms   76.00 MB
2026-06-08 08:58:16,106 - [w=16] -   batch   6/80       0.1 ms   76.00 MB
2026-06-08 08:58:16,106 - [w=16] -   batch   7/80       0.1 ms   76.00 MB
2026-06-08 08:58:16,106 - [w=16] -   batch   8/80       0.1 ms   76.00 MB
2026-06-08 08:58:16,106 - [w=16] -   batch   9/80       0.1 ms   76.00 MB
2026-06-08 08:58:16,106 - [w=16] -   batch  10/80       0.1 ms   76.00 MB
2026-06-08 08:58:16,106 - [w=16] -   batch  11/80       0.1 ms   76.00 MB
2026-06-08 08:58:16,107 - [w=16] -   batch  12/80       0.2 ms   76.00 MB
2026-06-08 08:58:16,107 - [w=16] -   batch  13/80       0.1 ms   76.00 MB
2026-06-08 08:58:16,107 - [w=16] -   batch  14/80       0.1 ms   76.00 MB
2026-06-08 08:58:16,107 - [w=16] -   batch  15/80       0.1 ms   76.00 MB
2026-06-08 08:58:16,107 - [w=16] -   batch  16/80       0.1 ms   76.00 MB
2026-06-08 08:58:25,126 - [w=16] -   batch  17/80    9018.4 ms   76.00 MB
2026-06-08 08:58:26,184 - [w=16] -   batch  18/80    1057.8 ms   76.00 MB
2026-06-08 08:58:26,291 - [w=16] -   batch  19/80     107.5 ms   76.00 MB
2026-06-08 08:58:27,896 - [w=16] -   batch  20/80    1604.2 ms   76.00 MB
2026-06-08 08:58:27,896 - [w=16] -   batch  21/80       0.2 ms   76.00 MB
2026-06-08 08:58:30,092 - [w=16] -   batch  22/80    2195.9 ms   76.00 MB
2026-06-08 08:58:30,092 - [w=16] -   batch  23/80       0.2 ms   76.00 MB
2026-06-08 08:58:30,093 - [w=16] -   batch  24/80       0.1 ms   76.00 MB
2026-06-08 08:58:30,093 - [w=16] -   batch  25/80       0.1 ms   76.00 MB
2026-06-08 08:58:30,093 - [w=16] -   batch  26/80       0.1 ms   76.00 MB
2026-06-08 08:58:30,093 - [w=16] -   batch  27/80       0.1 ms   76.00 MB
2026-06-08 08:58:30,093 - [w=16] -   batch  28/80       0.1 ms   76.00 MB
2026-06-08 08:58:30,093 - [w=16] -   batch  29/80       0.1 ms   76.00 MB
2026-06-08 08:58:30,093 - [w=16] -   batch  30/80       0.1 ms   76.00 MB
2026-06-08 08:58:30,093 - [w=16] -   batch  31/80       0.1 ms   76.00 MB
2026-06-08 08:58:30,093 - [w=16] -   batch  32/80       0.1 ms   76.00 MB
2026-06-08 08:58:36,726 - [w=16] -   batch  33/80    6633.0 ms   76.00 MB
2026-06-08 08:58:37,276 - [w=16] -   batch  34/80     549.8 ms   76.00 MB
2026-06-08 08:58:37,277 - [w=16] -   batch  35/80       0.1 ms   76.00 MB
2026-06-08 08:58:38,496 - [w=16] -   batch  36/80    1219.3 ms   76.00 MB
2026-06-08 08:58:38,496 - [w=16] -   batch  37/80       0.2 ms   76.00 MB
2026-06-08 08:58:40,669 - [w=16] -   batch  38/80    2172.1 ms   76.00 MB
2026-06-08 08:58:40,669 - [w=16] -   batch  39/80       0.2 ms   76.00 MB
2026-06-08 08:58:40,669 - [w=16] -   batch  40/80       0.1 ms   76.00 MB
2026-06-08 08:58:40,669 - [w=16] -   batch  41/80       0.1 ms   76.00 MB
2026-06-08 08:58:40,669 - [w=16] -   batch  42/80       0.1 ms   76.00 MB
2026-06-08 08:58:40,670 - [w=16] -   batch  43/80       0.1 ms   76.00 MB
2026-06-08 08:58:40,670 - [w=16] -   batch  44/80       0.1 ms   76.00 MB
2026-06-08 08:58:40,670 - [w=16] -   batch  45/80       0.1 ms   76.00 MB
2026-06-08 08:58:40,670 - [w=16] -   batch  46/80       0.1 ms   76.00 MB
2026-06-08 08:58:40,670 - [w=16] -   batch  47/80       0.0 ms   76.00 MB
2026-06-08 08:58:40,670 - [w=16] -   batch  48/80       0.2 ms   76.00 MB
2026-06-08 08:58:48,355 - [w=16] -   batch  49/80    7684.8 ms   76.00 MB
2026-06-08 08:58:48,355 - [w=16] -   batch  50/80       0.2 ms   76.00 MB
2026-06-08 08:58:48,356 - [w=16] -   batch  51/80       0.2 ms   76.00 MB
2026-06-08 08:58:49,511 - [w=16] -   batch  52/80    1155.7 ms   76.00 MB
2026-06-08 08:58:49,512 - [w=16] -   batch  53/80       0.2 ms   76.00 MB
2026-06-08 08:58:54,756 - [w=16] -   batch  54/80    5244.3 ms   76.00 MB
2026-06-08 08:58:54,757 - [w=16] -   batch  55/80       0.2 ms   76.00 MB
2026-06-08 08:58:54,757 - [w=16] -   batch  56/80       0.1 ms   76.00 MB
2026-06-08 08:58:54,757 - [w=16] -   batch  57/80       0.1 ms   76.00 MB
2026-06-08 08:58:54,757 - [w=16] -   batch  58/80       0.1 ms   76.00 MB
2026-06-08 08:58:54,757 - [w=16] -   batch  59/80       0.1 ms   76.00 MB
2026-06-08 08:58:54,757 - [w=16] -   batch  60/80       0.1 ms   76.00 MB
2026-06-08 08:58:54,757 - [w=16] -   batch  61/80       0.1 ms   76.00 MB
2026-06-08 08:58:54,757 - [w=16] -   batch  62/80       0.1 ms   76.00 MB
2026-06-08 08:58:54,757 - [w=16] -   batch  63/80       0.1 ms   76.00 MB
2026-06-08 08:58:54,758 - [w=16] -   batch  64/80       0.1 ms   76.00 MB
2026-06-08 08:58:58,536 - [w=16] -   batch  65/80    3778.8 ms   76.00 MB
2026-06-08 08:58:58,537 - [w=16] -   batch  66/80       0.1 ms   76.00 MB
2026-06-08 08:58:58,938 - [w=16] -   batch  67/80     401.4 ms   76.00 MB
2026-06-08 08:59:03,042 - [w=16] -   batch  68/80    4103.8 ms   76.00 MB
2026-06-08 08:59:03,042 - [w=16] -   batch  69/80       0.1 ms   76.00 MB
2026-06-08 08:59:05,373 - [w=16] -   batch  70/80    2330.5 ms   76.00 MB
2026-06-08 08:59:05,374 - [w=16] -   batch  71/80       0.3 ms   76.00 MB
2026-06-08 08:59:05,374 - [w=16] -   batch  72/80       0.1 ms   76.00 MB
2026-06-08 08:59:05,374 - [w=16] -   batch  73/80       0.1 ms   76.00 MB
2026-06-08 08:59:05,374 - [w=16] -   batch  74/80       0.1 ms   76.00 MB
2026-06-08 08:59:05,374 - [w=16] -   batch  75/80       0.0 ms   76.00 MB
2026-06-08 08:59:05,374 - [w=16] -   batch  76/80       0.0 ms   76.00 MB
2026-06-08 08:59:05,375 - [w=16] -   batch  77/80       0.2 ms   76.00 MB
2026-06-08 08:59:05,375 - [w=16] -   batch  78/80       0.2 ms   76.00 MB
2026-06-08 08:59:05,375 - [w=16] -   batch  79/80       0.1 ms   76.00 MB
2026-06-08 08:59:05,375 - [w=16] -   batch  80/80       0.1 ms   76.00 MB
2026-06-08 08:59:15,568 - INFO - cold batch: 11448.9 ms (includes worker startup)
2026-06-08 08:59:15,569 - INFO - --- warm batches | n=79 | mean=  661.1 ms | median=    0.1 ms | p95= 4217.9 ms | max= 9018.4 ms | sum=  52.23 s
2026-06-08 08:59:15,569 - INFO - --- throughput |   12.1 samples/s |   1.51 batches/s
2026-06-08 08:59:15,569 - INFO - --------------------------------------------------------------------------------
2026-06-08 08:59:15,569 - INFO - num_workers = 19
2026-06-08 08:59:15,569 - INFO - --------------------------------------------------------------------------------
2026-06-08 09:00:06,177 - [w=19] -   batch   1/80   13802.1 ms   76.00 MB
2026-06-08 09:00:06,178 - [w=19] -   batch   2/80       0.3 ms   76.00 MB
2026-06-08 09:00:06,178 - [w=19] -   batch   3/80       0.2 ms   76.00 MB
2026-06-08 09:00:06,178 - [w=19] -   batch   4/80       0.0 ms   76.00 MB
2026-06-08 09:00:06,179 - [w=19] -   batch   5/80       0.1 ms   76.00 MB
2026-06-08 09:00:07,193 - [w=19] -   batch   6/80    1014.4 ms   76.00 MB
2026-06-08 09:00:07,193 - [w=19] -   batch   7/80       0.2 ms   76.00 MB
2026-06-08 09:00:07,777 - [w=19] -   batch   8/80     583.9 ms   76.00 MB
2026-06-08 09:00:07,778 - [w=19] -   batch   9/80       0.1 ms   76.00 MB
2026-06-08 09:00:08,574 - [w=19] -   batch  10/80     796.3 ms   76.00 MB
2026-06-08 09:00:08,943 - [w=19] -   batch  11/80     369.1 ms   76.00 MB
2026-06-08 09:00:08,944 - [w=19] -   batch  12/80       0.2 ms   76.00 MB
2026-06-08 09:00:08,944 - [w=19] -   batch  13/80       0.1 ms   76.00 MB
2026-06-08 09:00:08,945 - [w=19] -   batch  14/80       0.6 ms   76.00 MB
2026-06-08 09:00:08,945 - [w=19] -   batch  15/80       0.6 ms   76.00 MB
2026-06-08 09:00:08,945 - [w=19] -   batch  16/80       0.1 ms   76.00 MB
2026-06-08 09:00:08,946 - [w=19] -   batch  17/80       0.2 ms   76.00 MB
2026-06-08 09:00:08,946 - [w=19] -   batch  18/80       0.1 ms   76.00 MB
2026-06-08 09:00:08,946 - [w=19] -   batch  19/80       0.1 ms   76.00 MB
2026-06-08 09:00:20,126 - [w=19] -   batch  20/80   11179.9 ms   76.00 MB
2026-06-08 09:00:20,127 - [w=19] -   batch  21/80       0.4 ms   76.00 MB
2026-06-08 09:00:20,127 - [w=19] -   batch  22/80       0.2 ms   76.00 MB
2026-06-08 09:00:20,127 - [w=19] -   batch  23/80       0.2 ms   76.00 MB
2026-06-08 09:00:20,127 - [w=19] -   batch  24/80       0.1 ms   76.00 MB
2026-06-08 09:00:20,128 - [w=19] -   batch  25/80       0.1 ms   76.00 MB
2026-06-08 09:00:20,128 - [w=19] -   batch  26/80       0.1 ms   76.00 MB
2026-06-08 09:00:20,130 - [w=19] -   batch  27/80       2.4 ms   76.00 MB
2026-06-08 09:00:20,131 - [w=19] -   batch  28/80       0.5 ms   76.00 MB
2026-06-08 09:00:20,229 - [w=19] -   batch  29/80      97.6 ms   76.00 MB
2026-06-08 09:00:20,229 - [w=19] -   batch  30/80       0.2 ms   76.00 MB
2026-06-08 09:00:20,267 - [w=19] -   batch  31/80      36.3 ms   76.00 MB
2026-06-08 09:00:20,267 - [w=19] -   batch  32/80       0.2 ms   76.00 MB
2026-06-08 09:00:20,267 - [w=19] -   batch  33/80       0.1 ms   76.00 MB
2026-06-08 09:00:20,268 - [w=19] -   batch  34/80       0.2 ms   76.00 MB
2026-06-08 09:00:20,268 - [w=19] -   batch  35/80       0.1 ms   76.00 MB
2026-06-08 09:00:20,268 - [w=19] -   batch  36/80       0.2 ms   76.00 MB
2026-06-08 09:00:20,268 - [w=19] -   batch  37/80       0.1 ms   76.00 MB
2026-06-08 09:00:20,268 - [w=19] -   batch  38/80       0.1 ms   76.00 MB
2026-06-08 09:00:34,178 - [w=19] -   batch  39/80   13910.1 ms   76.00 MB
2026-06-08 09:00:34,179 - [w=19] -   batch  40/80       0.1 ms   76.00 MB
2026-06-08 09:00:34,179 - [w=19] -   batch  41/80       0.1 ms   76.00 MB
2026-06-08 09:00:34,179 - [w=19] -   batch  42/80       0.1 ms   76.00 MB
2026-06-08 09:00:34,179 - [w=19] -   batch  43/80       0.1 ms   76.00 MB
2026-06-08 09:00:34,179 - [w=19] -   batch  44/80       0.1 ms   76.00 MB
2026-06-08 09:00:34,179 - [w=19] -   batch  45/80       0.1 ms   76.00 MB
2026-06-08 09:00:34,179 - [w=19] -   batch  46/80       0.1 ms   76.00 MB
2026-06-08 09:00:34,179 - [w=19] -   batch  47/80       0.1 ms   76.00 MB
2026-06-08 09:00:34,179 - [w=19] -   batch  48/80       0.1 ms   76.00 MB
2026-06-08 09:00:34,180 - [w=19] -   batch  49/80       0.1 ms   76.00 MB
2026-06-08 09:00:34,180 - [w=19] -   batch  50/80       0.1 ms   76.00 MB
2026-06-08 09:00:34,180 - [w=19] -   batch  51/80       0.1 ms   76.00 MB
2026-06-08 09:00:34,180 - [w=19] -   batch  52/80       0.1 ms   76.00 MB
2026-06-08 09:00:34,180 - [w=19] -   batch  53/80       0.1 ms   76.00 MB
2026-06-08 09:00:34,180 - [w=19] -   batch  54/80       0.1 ms   76.00 MB
2026-06-08 09:00:34,180 - [w=19] -   batch  55/80       0.1 ms   76.00 MB
2026-06-08 09:00:34,180 - [w=19] -   batch  56/80       0.1 ms   76.00 MB
2026-06-08 09:00:34,180 - [w=19] -   batch  57/80       0.1 ms   76.00 MB
2026-06-08 09:00:46,474 - [w=19] -   batch  58/80   12293.5 ms   76.00 MB
2026-06-08 09:00:46,474 - [w=19] -   batch  59/80       0.2 ms   76.00 MB
2026-06-08 09:00:46,474 - [w=19] -   batch  60/80       0.1 ms   76.00 MB
2026-06-08 09:00:46,475 - [w=19] -   batch  61/80       0.1 ms   76.00 MB
2026-06-08 09:00:46,475 - [w=19] -   batch  62/80       0.0 ms   76.00 MB
2026-06-08 09:00:46,475 - [w=19] -   batch  63/80       0.0 ms   76.00 MB
2026-06-08 09:00:46,475 - [w=19] -   batch  64/80       0.0 ms   76.00 MB
2026-06-08 09:00:46,475 - [w=19] -   batch  65/80       0.1 ms   76.00 MB
2026-06-08 09:00:46,475 - [w=19] -   batch  66/80       0.2 ms   76.00 MB
2026-06-08 09:00:46,475 - [w=19] -   batch  67/80       0.1 ms   76.00 MB
2026-06-08 09:00:46,477 - [w=19] -   batch  68/80       1.8 ms   76.00 MB
2026-06-08 09:00:46,747 - [w=19] -   batch  69/80     268.9 ms   76.00 MB
2026-06-08 09:00:46,747 - [w=19] -   batch  70/80       0.1 ms   76.00 MB
2026-06-08 09:00:46,747 - [w=19] -   batch  71/80       0.1 ms   76.00 MB
2026-06-08 09:00:46,747 - [w=19] -   batch  72/80       0.2 ms   76.00 MB
2026-06-08 09:00:46,747 - [w=19] -   batch  73/80       0.1 ms   76.00 MB
2026-06-08 09:00:46,748 - [w=19] -   batch  74/80       0.2 ms   76.00 MB
2026-06-08 09:00:46,748 - [w=19] -   batch  75/80       0.0 ms   76.00 MB
2026-06-08 09:00:46,748 - [w=19] -   batch  76/80       0.0 ms   76.00 MB
2026-06-08 09:00:57,071 - [w=19] -   batch  77/80   10323.2 ms   76.00 MB
2026-06-08 09:00:57,071 - [w=19] -   batch  78/80       0.1 ms   76.00 MB
2026-06-08 09:00:57,072 - [w=19] -   batch  79/80       1.0 ms   76.00 MB
2026-06-08 09:00:57,073 - [w=19] -   batch  80/80       0.2 ms   76.00 MB
2026-06-08 09:01:07,790 - INFO - cold batch: 13802.1 ms (includes worker startup)
2026-06-08 09:01:07,790 - INFO - --- warm batches | n=79 | mean=  644.1 ms | median=    0.1 ms | p95= 1945.2 ms | max=13910.1 ms | sum=  50.89 s
2026-06-08 09:01:07,790 - INFO - --- throughput |   12.4 samples/s |   1.55 batches/s
2026-06-08 09:01:07,790 - INFO - ================================================================================
2026-06-08 09:01:07,790 - INFO - Profiling complete.
