wandb: Using wandb-core as the SDK backend.  Please refer to https://wandb.me/wandb-core for more information.
wandb: Tracking run with wandb version 0.18.7
wandb: W&B syncing is set to `offline` in this directory.  
wandb: Run `wandb online` or set WANDB_MODE=online to enable cloud syncing.
wandb:                                                                                
wandb: 
wandb: Run history:
wandb: avg_train_loss █▄▂▂▁
wandb:   avg_val_loss ▅▃▁█▁
wandb:  best_val_loss █▅▂▁
wandb:          epoch ▁▃▅▆█
wandb:  learning_rate ▁▁▁▁▁
wandb: 
wandb: Run summary:
wandb: avg_train_loss 1.02058
wandb:   avg_val_loss 0.67735
wandb:  best_val_loss 0.67735
wandb:          epoch 5
wandb:  learning_rate 0.0005
wandb: 
wandb: You can sync this run to the cloud by running:
wandb: wandb sync /gpfs/scratch/bsc32/bsc096444/ai4land-tfm/jobs-map/41799691/wandb/offline-run-20260615_013616-8a7j86be
wandb: Find logs at: ./jobs-map/41799691/wandb/offline-run-20260615_013616-8a7j86be/logs
