load CUDA/12.8 (PATH, MANPATH, LD_LIBRARY_PATH, LIBRARY_PATH, C_INCLUDE_PATH,
CPLUS_INCLUDE_PATH, CUDA_HOME, CUDA_VERSION, CUDA_INC, CUDA_INSTALL_PATH) 
WARNING: CPU IP/backtrace sampling not supported, disabling.
Try the 'nsys status --environment' command to learn more.

WARNING: CPU context switch tracing not supported, disabling.
Try the 'nsys status --environment' command to learn more.

2026-06-05 10:48:08,526 - INFO - Split: train | land_index=/gpfs/projects/ehpc606/ai4land/CONCERTO/land_index/land_pixel_index_sample.npy
2026-06-05 10:48:08,526 - INFO - Stores: /gpfs/scratch/ehpc736/data/AI4LAND_NON_preprocessed-data-2000-2015.zarr
2026-06-05 10:48:08,526 - INFO - use_synchronizer: False
2026-06-05 10:48:08,526 - INFO - Sweep: num_workers=[12] | num_batches=20 | batch_timeout=60s
2026-06-05 10:50:28,562 - INFO - Dataset: SingleZarrDataset | length=6,272,000
2026-06-05 10:50:28,562 - INFO - ================================================================================
2026-06-05 10:50:28,562 - INFO - PHASE 1 — __getitem__ + per-modality merged (5 samples)
2026-06-05 10:50:28,562 - INFO - ================================================================================
2026-06-05 10:51:08,731 - INFO - shapes: (2, 15, 256, 256) (2, 1, 256, 256) (6, 256, 256) (1, 256, 256) (2, 256, 256) | bytes/sample:   9.50 MB
2026-06-05 10:51:08,731 - INFO -   sample   1/5  40168.5 ms
2026-06-05 10:51:16,981 - INFO -   sample   2/5   8250.0 ms
2026-06-05 10:51:29,264 - INFO -   sample   3/5  12282.6 ms
2026-06-05 10:51:38,627 - INFO -   sample   4/5   9363.5 ms
2026-06-05 10:51:51,063 - INFO -   sample   5/5  12435.2 ms
2026-06-05 10:51:51,063 - INFO - --- getitem | n=5 | mean=16500.0 ms | median=12282.6 ms | p95=34621.8 ms | max=40168.5 ms | sum=  82.50 s
2026-06-05 10:51:51,063 - INFO - --- per-modality (load + preprocess merged) ---
2026-06-05 10:51:51,063 - INFO -   _get_luh2_data        : calls=  10 | mean= 5912.3 ms | median= 3238.3 ms | max=31364.6 ms | total= 59.12 s (71.7%)
2026-06-05 10:51:51,063 - INFO -   _get_population_data  : calls=  10 | mean=  192.9 ms | median=   74.5 ms | max= 1289.3 ms | total=  1.93 s ( 2.3%)
2026-06-05 10:51:51,063 - INFO -   _get_kg_data          : calls=  10 | mean=  512.7 ms | median=   56.1 ms | max= 2090.2 ms | total=  5.13 s ( 6.2%)
2026-06-05 10:51:51,063 - INFO -   _get_static_data      : calls=   5 | mean= 1659.8 ms | median= 1414.6 ms | max= 2257.6 ms | total=  8.30 s (10.1%)
2026-06-05 10:51:51,063 - INFO -   _get_hilda_prior      : calls=   5 | mean=  474.1 ms | median=   70.1 ms | max= 2118.9 ms | total=  2.37 s ( 2.9%)
2026-06-05 10:51:51,064 - INFO -   _get_hilda_target     : calls=   5 | mean= 1127.0 ms | median= 1454.1 ms | max= 2050.3 ms | total=  5.63 s ( 6.8%)
2026-06-05 10:51:51,080 - INFO - ================================================================================
2026-06-05 10:51:51,080 - INFO - PHASE 2 — __getitem__ + load vs preprocess split (5 samples)
2026-06-05 10:51:51,080 - INFO - ================================================================================
2026-06-05 10:52:01,171 - INFO -   sample   1/5  10090.9 ms
2026-06-05 10:52:05,394 - INFO -   sample   2/5   4223.4 ms
2026-06-05 10:52:08,147 - INFO -   sample   3/5   2752.5 ms
2026-06-05 10:52:18,778 - INFO -   sample   4/5  10630.8 ms
2026-06-05 10:52:28,353 - INFO -   sample   5/5   9574.8 ms
2026-06-05 10:52:28,353 - INFO - --- getitem | n=5 | mean= 7454.5 ms | median= 9574.8 ms | p95=10522.8 ms | max=10630.8 ms | sum=  37.27 s
2026-06-05 10:52:28,353 - INFO - --- per-modality (load | preprocess split) ---
2026-06-05 10:52:28,353 - INFO -   luh2          : calls=  10 | load mean= 1797.3 ms total= 17.97 s (48.2%) | prep mean=   33.2 ms total=  0.33 s ( 0.9%)
2026-06-05 10:52:28,353 - INFO -   population    : calls=  10 | load mean=  427.0 ms total=  4.27 s (11.5%) | prep mean=    0.1 ms total=  0.00 s ( 0.0%)
2026-06-05 10:52:28,353 - INFO -   kg            : calls=  10 | load mean=  213.1 ms total=  2.13 s ( 5.7%) | prep mean=    0.0 ms total=  0.00 s ( 0.0%)
2026-06-05 10:52:28,353 - INFO -   static        : calls=   5 | load mean= 1674.5 ms total=  8.37 s (22.5%) | prep mean=   18.9 ms total=  0.09 s ( 0.3%)
2026-06-05 10:52:28,353 - INFO -   hilda_prior   : calls=   5 | load mean=   48.1 ms total=  0.24 s ( 0.6%) | prep mean=    0.2 ms total=  0.00 s ( 0.0%)
2026-06-05 10:52:28,353 - INFO -   hilda_target  : calls=   5 | load mean=  767.3 ms total=  3.84 s (10.3%) | prep mean=    0.5 ms total=  0.00 s ( 0.0%)
2026-06-05 10:52:28,354 - INFO - ================================================================================
2026-06-05 10:52:28,354 - INFO - PHASE 3 — DataLoader sweep over num_workers=[12] (batch_size=8, prefetch_factor=4 when workers>0, pin_memory=True, persistent_workers=False) — 20 batches per config, per-batch timeout=60s, wall budget=900s
2026-06-05 10:52:28,354 - INFO - ================================================================================
2026-06-05 10:52:28,354 - INFO - --------------------------------------------------------------------------------
2026-06-05 10:52:28,354 - INFO - num_workers = 12
2026-06-05 10:52:28,354 - INFO - --------------------------------------------------------------------------------
2026-06-05 10:53:53,416 - [w=12] - batch 1 exceeded 60s, aborting
2026-06-05 10:54:46,573 - WARNING - num_workers=12: stopped at batch 1
2026-06-05 10:54:46,573 - INFO - ================================================================================
2026-06-05 10:54:46,573 - INFO - Profiling complete.
/gpfs/scratch/bsc32/bsc096444/uv-pythons/cpython-3.10-linux-x86_64-gnu/lib/python3.10/multiprocessing/resource_tracker.py:224: UserWarning: resource_tracker: There appear to be 2 leaked semaphore objects to clean up at shutdown
  warnings.warn('resource_tracker: There appear to be %d '
