2026-06-15 12:14:52,922 - INFO - Recurrent UNet Model Successfully Configured and Initialized.
2026-06-15 12:14:52,936 - INFO - Starting from scratch (no valid checkpoint provided).
2026-06-15 12:14:58,085 - INFO - Train: 4480000 samples, Val: 640000 samples
2026-06-15 12:14:58,088 - INFO - Starting training from epoch 1
2026-06-15 12:15:20,481 - INFO - Epoch [1/1], Batch [1/15], Loss: 2.1366 (Overall: 2.0517, Change: 2.2215), TF Ratio: 1.000
2026-06-15 12:15:20,634 - INFO - Epoch [1/1], Batch [2/15], Loss: 2.0960 (Overall: 2.0645, Change: 2.0462), TF Ratio: 1.000
2026-06-15 12:15:20,784 - INFO - Epoch [1/1], Batch [3/15], Loss: 2.1366 (Overall: 2.2001, Change: 2.2354), TF Ratio: 0.999
2026-06-15 12:15:20,982 - INFO - Epoch [1/1], Batch [4/15], Loss: 2.1409 (Overall: 2.1211, Change: 2.1864), TF Ratio: 0.999
2026-06-15 12:15:21,133 - INFO - Epoch [1/1], Batch [5/15], Loss: 2.0983 (Overall: 1.6870, Change: 2.1687), TF Ratio: 0.999
2026-06-15 12:15:21,285 - INFO - Epoch [1/1], Batch [6/15], Loss: 2.0468 (Overall: 1.6833, Change: 1.8961), TF Ratio: 0.999
2026-06-15 12:15:21,436 - INFO - Epoch [1/1], Batch [7/15], Loss: 2.0126 (Overall: 1.6860, Change: 1.9281), TF Ratio: 0.999
2026-06-15 12:15:21,588 - INFO - Epoch [1/1], Batch [8/15], Loss: 2.0019 (Overall: 1.8049, Change: 2.0489), TF Ratio: 0.998
2026-06-15 12:15:21,739 - INFO - Epoch [1/1], Batch [9/15], Loss: 1.9467 (Overall: 1.5814, Change: 1.4300), TF Ratio: 0.998
2026-06-15 12:15:21,890 - INFO - Epoch [1/1], Batch [10/15], Loss: 1.9407 (Overall: 1.6742, Change: 2.0984), TF Ratio: 0.998
2026-06-15 12:15:22,878 - INFO - Epoch [1/1], Batch [11/15], Loss: 1.9232 (Overall: 1.5562, Change: 1.9396), TF Ratio: 0.998
2026-06-15 12:15:28,487 - INFO - Epoch [1/1], Batch [12/15], Loss: 1.8990 (Overall: 1.4941, Change: 1.7718), TF Ratio: 0.998
2026-06-15 12:15:32,722 - INFO - Epoch [1/1], Batch [13/15], Loss: 1.8785 (Overall: 1.5134, Change: 1.7517), TF Ratio: 0.997
2026-06-15 12:15:33,041 - INFO - Epoch [1/1], Batch [14/15], Loss: 1.8732 (Overall: 1.7053, Change: 1.9035), TF Ratio: 0.997
2026-06-15 12:15:33,196 - INFO - Epoch [1/1], Batch [15/15], Loss: 1.8629 (Overall: 1.6803, Change: 1.7581), TF Ratio: 0.997
2026-06-15 12:16:23,541 - INFO - [profiling] 5 active batches (host-side, approx): wall=10.473s, dataloader stall=9.696s (92.6% of wall). For exact GPU timing see nsys stats output.
2026-06-15 12:16:24,310 - INFO - Profiling capture complete — running one validation pass before exit.
2026-06-15 12:16:53,923 - INFO - [profiling] Validation loss: 1.8560 (1 steps)
