wandb: Using wandb-core as the SDK backend.  Please refer to https://wandb.me/wandb-core for more information.
wandb: Tracking run with wandb version 0.18.7
wandb: W&B syncing is set to `offline` in this directory.  
wandb: Run `wandb online` or set WANDB_MODE=online to enable cloud syncing.
wandb:                                                                                
wandb: 
wandb: Run history:
wandb: avg_train_loss █▅▄▃▂▂▂▂▁▁
wandb:   avg_val_loss ▅▄▅█▄▁▇▄▅▁
wandb:  best_val_loss █▆▅▂▁
wandb:          epoch ▁▂▃▃▄▅▆▆▇█
wandb:  learning_rate ▁▁▁▁▁▁▁▁▁▁
wandb: 
wandb: Run summary:
wandb: avg_train_loss 0.86046
wandb:   avg_val_loss 0.58384
wandb:  best_val_loss 0.58384
wandb:          epoch 10
wandb:  learning_rate 0.0005
wandb: 
wandb: You can sync this run to the cloud by running:
wandb: wandb sync /gpfs/scratch/bsc32/bsc096444/ai4land-tfm/logs/training/42413747/wandb/offline-run-20260624_181321-uwya8mxa
wandb: Find logs at: ./logs/training/42413747/wandb/offline-run-20260624_181321-uwya8mxa/logs
