START TIME: Tue Jun 23 18:56:33 CEST 2026
arm,sample_idx,wall_ms
single_small,0,4439.324
single_small,1,1281.332
single_small,2,1273.202
single_small,3,1389.145
single_small,4,1640.313
single_small,5,1358.523
single_small,6,1316.684
single_small,7,1796.644
single_small,8,1477.131
single_small,9,1169.605
single_small,10,1329.698
single_small,11,1319.306
single_small,12,1327.739
single_small,13,1265.479
single_small,14,1312.147
single_small,15,1408.339
single_small,16,1356.208
single_small,17,1159.732
single_small,18,1640.065
single_small,19,1311.160
single_small,20,1313.238
single_small,21,1431.328
single_small,22,1306.111
single_small,23,1339.883
single_small,24,1259.430
single_small,25,1242.702
single_small,26,1409.593
single_small,27,1344.155
single_small,28,1381.275
single_small,29,1228.830
single_small,30,1490.963
single_small,31,1419.866
single_small,32,1350.651
single_small,33,1353.501
single_small,34,1552.995
single_small,35,1077.673
single_small,36,1385.146
single_small,37,1508.354
single_small,38,1335.811
single_small,39,1302.476
single_small,40,1219.714
single_small,41,1306.112
single_small,42,1390.691
single_small,43,1259.644
single_small,44,1305.683
single_small,45,1264.156
single_small,46,1270.037
single_small,47,1255.918
single_small,48,1301.961
single_small,49,1710.040
single_small,50,1467.852
single_small,51,1378.459
single_small,52,1338.562
single_small,53,1487.880
single_small,54,1329.726
single_small,55,1282.690
single_small,56,1282.513
single_small,57,1455.110
single_small,58,1493.137
single_small,59,1363.360
single_small,60,1377.383
single_small,61,1273.705
single_small,62,1583.986
single_small,63,1277.952
single_small,64,1403.446
single_small,65,1290.169
single_small,66,1314.429
single_small,67,1286.871
single_small,68,1210.090
single_small,69,1313.595
single_small,70,1273.657
single_small,71,1346.638
single_small,72,1440.724
single_small,73,1332.856
single_small,74,1210.716
single_small,75,1268.480
single_small,76,1371.172
single_small,77,1335.507
single_small,78,1293.277
single_small,79,1326.431
single_small,80,1727.177
single_small,81,1304.116
single_small,82,1426.549
single_small,83,1329.001
single_small,84,1280.298
single_small,85,1306.140
single_small,86,1388.398
single_small,87,1359.596
single_small,88,1221.497
single_small,89,1216.782
single_small,90,1276.215
single_small,91,1348.630
single_small,92,1300.327
single_small,93,1255.980
single_small,94,1437.996
single_small,95,1812.261
single_small,96,1406.344
single_small,97,1241.194
single_small,98,1271.806
single_small,99,1420.343
single_big,0,5696.909
single_big,1,5457.319
single_big,2,5591.503
single_big,3,5344.165
single_big,4,5528.616
single_big,5,5694.439
single_big,6,5795.908
single_big,7,5361.380
single_big,8,5638.082
single_big,9,5599.752
single_big,10,5522.296
single_big,11,5542.302
single_big,12,5551.497
single_big,13,5423.908
single_big,14,5648.955
single_big,15,5902.653
single_big,16,5498.771
single_big,17,5477.483
single_big,18,5817.170
single_big,19,5870.086
single_big,20,5548.999
single_big,21,5274.422
single_big,22,5312.009
single_big,23,5503.955
single_big,24,5205.349
single_big,25,5469.107
single_big,26,5328.622
single_big,27,5309.643
single_big,28,5144.168
single_big,29,5096.510
single_big,30,5322.724
single_big,31,5348.303
single_big,32,5673.229
single_big,33,5422.233
single_big,34,5634.470
single_big,35,5282.598
single_big,36,5397.144
single_big,37,5689.100
single_big,38,5561.879
single_big,39,5548.257
single_big,40,5619.617
single_big,41,5618.744
single_big,42,5760.272
single_big,43,5713.812
single_big,44,5420.695
single_big,45,5833.666
single_big,46,5365.922
single_big,47,5616.378
single_big,48,5891.814
single_big,49,5658.759
single_big,50,5464.199
single_big,51,5357.834
single_big,52,5537.173
single_big,53,5687.590
single_big,54,5453.796
single_big,55,5591.317
single_big,56,5380.178
single_big,57,5545.406
single_big,58,5625.887
single_big,59,5426.989
single_big,60,5395.863
single_big,61,5761.222
single_big,62,5595.526
single_big,63,5600.975
single_big,64,5332.833
single_big,65,5576.177
single_big,66,5386.434
single_big,67,5658.756
single_big,68,5756.167
single_big,69,5642.593
single_big,70,5216.967
single_big,71,5328.001
single_big,72,5772.049
single_big,73,5733.630
single_big,74,5248.028
single_big,75,5300.557
single_big,76,5649.023
single_big,77,5301.148
single_big,78,5434.206
single_big,79,5318.110
single_big,80,5534.989
single_big,81,5447.703
single_big,82,5531.453
single_big,83,5603.321
single_big,84,5503.796
single_big,85,5424.353
single_big,86,5408.748
single_big,87,5562.135
single_big,88,5325.078
single_big,89,5224.763
single_big,90,5234.553
single_big,91,5950.769
single_big,92,5446.229
single_big,93,5315.424
single_big,94,5615.459
single_big,95,5317.015
single_big,96,5328.957
single_big,97,5410.827
single_big,98,5594.831
single_big,99,5385.096
merged_small,0,183.586
merged_small,1,185.894
merged_small,2,151.044
merged_small,3,263.484
merged_small,4,123.769
merged_small,5,190.148
merged_small,6,109.363
merged_small,7,157.188
merged_small,8,132.441
merged_small,9,129.698
merged_small,10,144.482
merged_small,11,208.768
merged_small,12,251.455
merged_small,13,140.020
merged_small,14,114.741
merged_small,15,216.908
merged_small,16,156.939
merged_small,17,174.910
merged_small,18,259.107
merged_small,19,104.980
merged_small,20,124.204
merged_small,21,204.735
merged_small,22,246.209
merged_small,23,198.920
merged_small,24,126.923
merged_small,25,155.831
merged_small,26,201.904
merged_small,27,114.141
merged_small,28,104.629
merged_small,29,97.230
merged_small,30,288.311
merged_small,31,187.908
merged_small,32,160.091
merged_small,33,198.151
merged_small,34,114.402
merged_small,35,65.318
merged_small,36,142.969
merged_small,37,231.809
merged_small,38,208.195
merged_small,39,160.344
merged_small,40,118.823
merged_small,41,165.660
merged_small,42,132.207
merged_small,43,147.540
merged_small,44,223.207
merged_small,45,217.491
merged_small,46,146.156
merged_small,47,149.015
merged_small,48,129.194
merged_small,49,243.511
merged_small,50,205.419
merged_small,51,208.761
merged_small,52,165.233
merged_small,53,118.561
merged_small,54,121.360
merged_small,55,195.489
merged_small,56,270.133
merged_small,57,222.182
merged_small,58,192.853
merged_small,59,205.053
merged_small,60,207.917
merged_small,61,206.078
merged_small,62,236.476
merged_small,63,143.470
merged_small,64,136.711
merged_small,65,199.949
merged_small,66,148.057
merged_small,67,157.603
merged_small,68,206.430
merged_small,69,212.272
merged_small,70,179.149
merged_small,71,189.159
merged_small,72,253.137
merged_small,73,201.517
merged_small,74,173.344
merged_small,75,259.568
merged_small,76,181.712
merged_small,77,183.005
merged_small,78,102.785
merged_small,79,208.058
merged_small,80,246.938
merged_small,81,117.241
merged_small,82,363.128
merged_small,83,259.299
merged_small,84,154.987
merged_small,85,194.650
merged_small,86,166.853
merged_small,87,187.275
merged_small,88,138.340
merged_small,89,166.254
merged_small,90,156.097
merged_small,91,182.113
merged_small,92,123.116
merged_small,93,85.538
merged_small,94,184.998
merged_small,95,150.584
merged_small,96,156.425
merged_small,97,113.844
merged_small,98,162.662
merged_small,99,203.412
merged_big,0,303.970
merged_big,1,296.037
merged_big,2,281.827
merged_big,3,311.038
merged_big,4,252.686
merged_big,5,296.417
merged_big,6,250.112
merged_big,7,267.229
merged_big,8,258.072
merged_big,9,272.472
merged_big,10,264.275
merged_big,11,285.858
merged_big,12,268.903
merged_big,13,277.685
merged_big,14,243.800
merged_big,15,286.875
merged_big,16,263.249
merged_big,17,247.361
merged_big,18,322.935
merged_big,19,276.178
merged_big,20,256.222
merged_big,21,406.555
merged_big,22,415.606
merged_big,23,355.891
merged_big,24,349.019
merged_big,25,414.346
merged_big,26,361.345
merged_big,27,250.883
merged_big,28,260.277
merged_big,29,245.320
merged_big,30,311.159
merged_big,31,349.513
merged_big,32,315.585
merged_big,33,324.505
merged_big,34,272.892
merged_big,35,205.800
merged_big,36,278.665
merged_big,37,370.936
merged_big,38,328.150
merged_big,39,298.287
merged_big,40,262.972
merged_big,41,256.694
merged_big,42,253.499
merged_big,43,246.346
merged_big,44,280.067
merged_big,45,281.214
merged_big,46,291.258
merged_big,47,277.178
merged_big,48,241.972
merged_big,49,318.882
merged_big,50,357.413
merged_big,51,365.982
merged_big,52,285.961
merged_big,53,276.754
merged_big,54,307.158
merged_big,55,414.203
merged_big,56,255.221
merged_big,57,415.284
merged_big,58,398.768
merged_big,59,419.758
merged_big,60,384.607
merged_big,61,321.429
merged_big,62,330.900
merged_big,63,276.842
merged_big,64,277.366
merged_big,65,291.758
merged_big,66,315.853
merged_big,67,269.912
merged_big,68,272.836
merged_big,69,288.376
merged_big,70,297.076
merged_big,71,295.808
merged_big,72,286.372
merged_big,73,289.329
merged_big,74,274.079
merged_big,75,301.948
merged_big,76,284.604
merged_big,77,264.099
merged_big,78,257.169
merged_big,79,303.752
merged_big,80,340.027
merged_big,81,266.084
merged_big,82,410.668
merged_big,83,335.467
merged_big,84,311.504
merged_big,85,377.262
merged_big,86,317.463
merged_big,87,327.151
merged_big,88,283.067
merged_big,89,267.284
merged_big,90,268.150
merged_big,91,281.368
merged_big,92,273.039
merged_big,93,219.322
merged_big,94,317.205
merged_big,95,272.668
merged_big,96,302.561
merged_big,97,239.333
merged_big,98,273.356
merged_big,99,315.301
multi,0,8115.206
multi,1,7794.803
multi,2,7923.419
multi,3,8008.547
multi,4,8310.028
multi,5,7860.187
multi,6,7772.022
multi,7,7937.009
multi,8,7860.435
multi,9,7933.308
multi,10,7939.747
multi,11,7937.877
multi,12,7836.958
multi,13,7814.618
multi,14,7936.198
multi,15,8121.142
multi,16,7853.662
multi,17,7863.702
multi,18,8694.830
multi,19,7846.072
multi,20,7962.577
multi,21,7893.638
multi,22,7935.627
multi,23,7846.449
multi,24,8020.300
multi,25,7999.595
multi,26,8005.040
multi,27,7769.708
multi,28,7928.126
multi,29,7778.736
multi,30,8151.954
multi,31,7909.003
multi,32,7658.782
multi,33,8415.854
multi,34,7991.181
multi,35,7658.432
multi,36,8250.253
multi,37,8252.029
multi,38,8035.848
multi,39,8191.831
multi,40,7910.085
multi,41,7998.707
multi,42,8040.215
multi,43,7885.046
multi,44,7939.474
multi,45,8587.445
multi,46,7847.951
multi,47,7939.115
multi,48,7947.636
multi,49,7912.967
multi,50,7983.345
multi,51,7991.913
multi,52,7857.490
multi,53,8046.065
multi,54,7957.970
multi,55,7970.713
multi,56,8004.659
multi,57,7974.594
multi,58,8422.181
multi,59,7977.829
multi,60,7968.696
multi,61,8129.341
multi,62,7975.871
multi,63,7870.061
multi,64,8064.030
multi,65,8021.486
multi,66,8065.358
multi,67,8036.071
multi,68,8010.265
multi,69,8033.621
multi,70,7941.834
multi,71,8120.903
multi,72,8089.471
multi,73,8398.824
multi,74,7638.430
multi,75,7855.339
multi,76,8147.554
multi,77,7899.101
multi,78,7893.211
multi,79,7992.411
multi,80,8071.353
multi,81,7930.692
multi,82,8164.918
multi,83,8005.232
multi,84,7874.533
multi,85,8000.839
multi,86,8017.463
multi,87,7988.086
multi,88,7901.969
multi,89,8542.011
multi,90,7846.053
multi,91,7985.186
multi,92,7886.429
multi,93,7878.054
multi,94,8107.662
multi,95,7955.062
multi,96,7925.952
multi,97,7842.299
multi,98,7982.352
multi,99,7991.761

--- summary (ms per sample) ---
  single_small   median=  1329.3 ms  mean=  1386.3 ms  min= 1077.7  max=  4439.3  cold(first10)=  1714.2  warm(last10)=  1377.1
  single_big     median=  5513.1 ms  mean=  5507.8 ms  min= 5096.5  max=  5950.8  cold(first10)=  5570.8  warm(last10)=  5459.9
  merged_small   median=   174.1 ms  mean=   176.1 ms  min=   65.3  max=   363.1  cold(first10)=   162.7  warm(last10)=   151.9
  merged_big     median=   286.2 ms  mean=   299.9 ms  min=  205.8  max=   419.8  cold(first10)=   279.0  warm(last10)=   276.2
  multi          median=  7969.7 ms  mean=  7992.6 ms  min= 7638.4  max=  8694.8  cold(first10)=  7951.5  warm(last10)=  7940.1
END TIME: Tue Jun 23 19:22:58 CEST 2026
