START TIME: Tue Jun 23 16:46:19 CEST 2026
--- analysis ---

========================================================================
ARM: single_small   (reads=13571)
========================================================================
  miss rate m = 0.994   cold_mean = 25.25 ms   warm_mean = 0.451 ms   p50 = 23372.3 us
  latency histogram (us):
              <100 :      20  (  0.1%)
           100-500 :      26  (  0.2%)
          500-2000 :     127  (  0.9%)
        2000-10000 :     582  (  4.3%)
       10000-50000 :   12490  ( 92.0%)
            >50000 :     326  (  2.4%)
  per-sample read: median 1843.2 ms   first-quartile 1954.6 ms -> last-quartile 2868.8 ms   (warming x0.68)
  analytical N*[m c + (1-m) w] = 90.5 * [0.994*25.25 + 0.006*0.451] = 2269.8 ms/sample
  LRU sim (distinct files touched = 13,148):
    capacity    10,000 files -> m_sim = 0.970
    capacity    50,000 files -> m_sim = 0.969
    capacity   100,000 files -> m_sim = 0.969
    capacity   200,000 files -> m_sim = 0.969
    capacity   500,000 files -> m_sim = 0.969
    capacity 1,000,000 files -> m_sim = 0.969
    capacity 2,000,000 files -> m_sim = 0.969

========================================================================
ARM: single_big   (reads=13571)
========================================================================
  miss rate m = 0.994   cold_mean = 25.25 ms   warm_mean = 0.415 ms   p50 = 23444.5 us
  latency histogram (us):
              <100 :      17  (  0.1%)
           100-500 :      31  (  0.2%)
          500-2000 :      92  (  0.7%)
        2000-10000 :     457  (  3.4%)
       10000-50000 :   12804  ( 94.3%)
            >50000 :     170  (  1.3%)
  per-sample read: median 1859.4 ms   first-quartile 2189.7 ms -> last-quartile 2815.5 ms   (warming x0.78)
  analytical N*[m c + (1-m) w] = 90.5 * [0.994*25.25 + 0.006*0.415] = 2272.0 ms/sample
  LRU sim (distinct files touched = 13,148):
    capacity    10,000 files -> m_sim = 0.970
    capacity    50,000 files -> m_sim = 0.969
    capacity   100,000 files -> m_sim = 0.969
    capacity   200,000 files -> m_sim = 0.969
    capacity   500,000 files -> m_sim = 0.969
    capacity 1,000,000 files -> m_sim = 0.969
    capacity 2,000,000 files -> m_sim = 0.969

========================================================================
ARM: single_big_full   (reads=13530)
========================================================================
  miss rate m = 0.989   cold_mean = 24.37 ms   warm_mean = 0.485 ms   p50 = 23169.0 us
  latency histogram (us):
              <100 :      11  (  0.1%)
           100-500 :      66  (  0.5%)
          500-2000 :     238  (  1.8%)
        2000-10000 :     709  (  5.2%)
       10000-50000 :   12314  ( 91.0%)
            >50000 :     192  (  1.4%)
  per-sample read: median 1801.8 ms   first-quartile 2070.6 ms -> last-quartile 2164.0 ms   (warming x0.96)
  analytical N*[m c + (1-m) w] = 90.2 * [0.989*24.37 + 0.011*0.485] = 2174.4 ms/sample
  LRU sim (distinct files touched = 13,141):
    capacity    10,000 files -> m_sim = 0.972
    capacity    50,000 files -> m_sim = 0.971
    capacity   100,000 files -> m_sim = 0.971
    capacity   200,000 files -> m_sim = 0.971
    capacity   500,000 files -> m_sim = 0.971
    capacity 1,000,000 files -> m_sim = 0.971
    capacity 2,000,000 files -> m_sim = 0.971

########################################################################
MATCHED-WINDOW CONTROL: single_small vs single_big (same 14-yr window)
########################################################################
  files/sample      small=90.5   big=90.5   (expect equal)
  distinct touched  small=13,148   big=13,148
  miss rate m       small=0.994   big=0.994   ratio=1.00
  cold_mean ms      small=25.25   big=25.25   ratio=1.00
  per-sample median small=1843.2 ms   big=1859.4 ms   ratio=1.01
END TIME: Tue Jun 23 17:17:21 CEST 2026
