2026-05-26 17:32:48,709 - INFO - Recurrent UNet Model Successfully Configured and Initialized.
2026-05-26 17:32:48,713 - INFO - Starting from scratch (no valid checkpoint provided).
2026-05-26 17:32:49,046 - INFO - Train: 6272000 samples, Val: 896000 samples
2026-05-26 17:32:49,075 - INFO - Starting training from epoch 1
2026-05-26 17:33:23,917 - INFO - Epoch [1/1], Batch [1/15], Loss: 2.1645 (Overall: 2.1914, Change: 2.1375), TF Ratio: 1.000
2026-05-26 17:33:24,071 - INFO - Epoch [1/1], Batch [2/15], Loss: 2.1101 (Overall: 2.0458, Change: 2.0658), TF Ratio: 1.000
2026-05-26 17:33:24,222 - INFO - Epoch [1/1], Batch [3/15], Loss: 2.1573 (Overall: 2.2007, Change: 2.3023), TF Ratio: 0.999
2026-05-26 17:33:24,422 - INFO - Epoch [1/1], Batch [4/15], Loss: 2.1571 (Overall: 2.1411, Change: 2.1724), TF Ratio: 0.999
2026-05-26 17:33:24,572 - INFO - Epoch [1/1], Batch [5/15], Loss: 2.1262 (Overall: 2.0050, Change: 1.9997), TF Ratio: 0.999
2026-05-26 17:33:24,723 - INFO - Epoch [1/1], Batch [6/15], Loss: 2.1237 (Overall: 1.9499, Change: 2.2729), TF Ratio: 0.999
2026-05-26 17:33:24,874 - INFO - Epoch [1/1], Batch [7/15], Loss: 2.1182 (Overall: 1.9416, Change: 2.2289), TF Ratio: 0.999
2026-05-26 17:33:25,025 - INFO - Epoch [1/1], Batch [8/15], Loss: 2.1035 (Overall: 1.8226, Change: 2.1784), TF Ratio: 0.998
2026-05-26 17:33:25,175 - INFO - Epoch [1/1], Batch [9/15], Loss: 2.0799 (Overall: 1.8408, Change: 1.9412), TF Ratio: 0.998
2026-05-26 17:33:25,326 - INFO - Epoch [1/1], Batch [10/15], Loss: 2.0579 (Overall: 1.8238, Change: 1.8956), TF Ratio: 0.998
2026-05-26 17:33:26,244 - INFO - Epoch [1/1], Batch [11/15], Loss: 2.0362 (Overall: 1.8376, Change: 1.8006), TF Ratio: 0.998
2026-05-26 17:33:35,487 - INFO - Epoch [1/1], Batch [12/15], Loss: 2.0238 (Overall: 1.8145, Change: 1.9613), TF Ratio: 0.998
2026-05-26 17:33:54,218 - INFO - Epoch [1/1], Batch [13/15], Loss: 1.9884 (Overall: 1.6366, Change: 1.4907), TF Ratio: 0.997
2026-05-26 17:33:54,374 - INFO - Epoch [1/1], Batch [14/15], Loss: 1.9752 (Overall: 1.6857, Change: 1.9201), TF Ratio: 0.997
2026-05-26 17:33:54,528 - INFO - Epoch [1/1], Batch [15/15], Loss: 1.9628 (Overall: 1.6689, Change: 1.9114), TF Ratio: 0.997
2026-05-26 17:34:46,876 - INFO - [profiling] 5 active batches (host-side, approx): wall=28.439s, dataloader stall=27.667s (97.3% of wall). For exact GPU timing see nsys stats output.
2026-05-26 17:34:47,264 - INFO - Profiling capture complete — running one validation pass before exit.
2026-05-26 17:35:41,011 - INFO - [profiling] Validation loss: 1.8219 (1 steps)
