START TIME: Thu May 28 11:07:23 CEST 2026
Master: as07r2b31:29500
Launch command: uv run accelerate launch     --multi_gpu     --num_processes $(( 1 * 4 ))     --num_machines 1     --machine_rank ${SLURM_PROCID}     --main_process_ip as07r2b31     --main_process_port 29500     --mixed_precision bf16     --dynamo_backend no     /gpfs/scratch/bsc32/bsc096444/ai4land-tfm/src/ai4land/training/train.py     --config-name profiling-preprocessed     system.slurm_job_id=41166559     training.resume.path=
[2026-05-28 11:09:22,140][root][INFO] - Recurrent UNet Model Successfully Configured and Initialized.
[2026-05-28 11:09:22,155][root][INFO] - Starting from scratch (no valid checkpoint provided).
[2026-05-28 11:09:22,215][root][INFO] - Train: 6272000 samples, Val: 896000 samples
[2026-05-28 11:09:23,746][root][INFO] - Starting training from epoch 1
[2026-05-28 11:09:46,259][root][INFO] - Epoch [1/1], Batch [1/15], Loss: 1.1747 (Overall: 2.3494, Change: 0.0000), TF Ratio: 1.000
[2026-05-28 11:09:46,414][root][INFO] - Epoch [1/1], Batch [2/15], Loss: 1.1702 (Overall: 2.3314, Change: 0.0000), TF Ratio: 1.000
[2026-05-28 11:09:46,566][root][INFO] - Epoch [1/1], Batch [3/15], Loss: 1.1717 (Overall: 2.3491, Change: 0.0000), TF Ratio: 0.999
[2026-05-28 11:09:46,952][root][INFO] - Epoch [1/1], Batch [4/15], Loss: 1.1711 (Overall: 2.3389, Change: 0.0000), TF Ratio: 0.999
[2026-05-28 11:09:47,105][root][INFO] - Epoch [1/1], Batch [5/15], Loss: 1.1568 (Overall: 2.1987, Change: 0.0000), TF Ratio: 0.999
[2026-05-28 11:09:47,258][root][INFO] - Epoch [1/1], Batch [6/15], Loss: 1.1478 (Overall: 2.2056, Change: 0.0000), TF Ratio: 0.999
[2026-05-28 11:09:47,411][root][INFO] - Epoch [1/1], Batch [7/15], Loss: 1.1429 (Overall: 2.2269, Change: 0.0000), TF Ratio: 0.999
[2026-05-28 11:09:47,642][root][INFO] - Epoch [1/1], Batch [8/15], Loss: 1.1391 (Overall: 2.2258, Change: 0.0000), TF Ratio: 0.998
[2026-05-28 11:09:47,795][root][INFO] - Epoch [1/1], Batch [9/15], Loss: 1.1303 (Overall: 2.1188, Change: 0.0000), TF Ratio: 0.998
[2026-05-28 11:09:47,947][root][INFO] - Epoch [1/1], Batch [10/15], Loss: 1.1213 (Overall: 2.0811, Change: 0.0000), TF Ratio: 0.998
[2026-05-28 11:09:48,099][root][INFO] - Epoch [1/1], Batch [11/15], Loss: 1.1138 (Overall: 2.0782, Change: 0.0000), TF Ratio: 0.998
[2026-05-28 11:10:03,475][root][INFO] - Epoch [1/1], Batch [12/15], Loss: 1.1099 (Overall: 2.1343, Change: 0.0000), TF Ratio: 0.998
[2026-05-28 11:10:03,634][root][INFO] - Epoch [1/1], Batch [13/15], Loss: 1.1005 (Overall: 1.9738, Change: 0.0000), TF Ratio: 0.997
[2026-05-28 11:10:07,691][root][INFO] - Epoch [1/1], Batch [14/15], Loss: 1.0923 (Overall: 1.9728, Change: 0.0000), TF Ratio: 0.997
[2026-05-28 11:10:07,847][root][INFO] - Epoch [1/1], Batch [15/15], Loss: 1.0854 (Overall: 1.9759, Change: 0.0000), TF Ratio: 0.997
[2026-05-28 11:10:22,943][root][INFO] - Epoch 1 done. Validating...
[2026-05-28 11:10:54,616][root][INFO] - Epoch [1/1] | Train: 1.0822 | Val: 0.9374
[2026-05-28 11:10:55,002][root][INFO] - Checkpoint saved: /gpfs/scratch/bsc32/bsc096444/ai4land-tfm/trained_models/unet_impl/41166559/best_model.pth
[2026-05-28 11:10:55,210][root][INFO] - Checkpoint saved: /gpfs/scratch/bsc32/bsc096444/ai4land-tfm/trained_models/unet_impl/41166559/model_epoch_1.pth
[2026-05-28 11:10:55,591][root][INFO] - Training complete.
END TIME: Thu May 28 11:11:07 CEST 2026
