START TIME: Thu Jun 11 15:23:45 CEST 2026
Master: as06r4b26:29500
Launch command: uv run accelerate launch     --multi_gpu     --num_processes $(( 1 * 4 ))     --num_machines 1     --machine_rank ${SLURM_PROCID}     --main_process_ip as06r4b26     --main_process_port 29500     --mixed_precision bf16     --dynamo_backend no     /gpfs/scratch/bsc32/bsc096444/ai4land-tfm/src/ai4land/training/train.py     --config-name debug-single     system.slurm_job_id=41654672     training.resume.path=
[2026-06-11 15:25:16,789][root][INFO] - Recurrent UNet Model Successfully Configured and Initialized.
[2026-06-11 15:25:16,792][root][INFO] - Starting from scratch (no valid checkpoint provided).
[2026-06-11 15:25:22,283][root][INFO] - Train: 4480000 samples, Val: 640000 samples
[2026-06-11 15:25:23,720][root][INFO] - Starting training from epoch 1
[2026-06-11 15:25:42,968][root][INFO] - Epoch [1/1], Batch [1/200], Loss: 2.2339 (Overall: 2.1519, Change: 2.3159), TF Ratio: 1.000
[2026-06-11 15:25:43,124][root][INFO] - Epoch [1/1], Batch [2/200], Loss: 2.1736 (Overall: 2.0633, Change: 2.1632), TF Ratio: 1.000
[2026-06-11 15:25:43,277][root][INFO] - Epoch [1/1], Batch [3/200], Loss: 2.1713 (Overall: 2.1312, Change: 2.2027), TF Ratio: 0.999
[2026-06-11 15:26:12,062][root][INFO] - Epoch [1/1], Batch [4/200], Loss: 2.1501 (Overall: 2.0344, Change: 2.1385), TF Ratio: 0.999
[2026-06-11 15:26:12,480][root][INFO] - Epoch [1/1], Batch [5/200], Loss: 2.0979 (Overall: 1.7274, Change: 2.0504), TF Ratio: 0.999
[2026-06-11 15:26:12,646][root][INFO] - Epoch [1/1], Batch [6/200], Loss: 2.0345 (Overall: 1.5554, Change: 1.8793), TF Ratio: 0.999
[2026-06-11 15:26:12,803][root][INFO] - Epoch [1/1], Batch [7/200], Loss: 2.0074 (Overall: 1.6469, Change: 2.0427), TF Ratio: 0.999
[2026-06-11 15:26:12,966][root][INFO] - Epoch [1/1], Batch [8/200], Loss: 1.9896 (Overall: 1.7590, Change: 1.9711), TF Ratio: 0.998
[2026-06-11 15:26:13,596][root][INFO] - Epoch [1/1], Batch [9/200], Loss: 1.9657 (Overall: 1.5339, Change: 2.0162), TF Ratio: 0.998
[2026-06-11 15:26:13,752][root][INFO] - Epoch [1/1], Batch [10/200], Loss: 1.9319 (Overall: 1.4615, Change: 1.7929), TF Ratio: 0.998
[2026-06-11 15:26:13,927][root][INFO] - Epoch [1/1], Batch [11/200], Loss: 1.9193 (Overall: 1.4622, Change: 2.1245), TF Ratio: 0.998
[2026-06-11 15:26:14,092][root][INFO] - Epoch [1/1], Batch [12/200], Loss: 1.9137 (Overall: 1.6309, Change: 2.0735), TF Ratio: 0.998
[2026-06-11 15:26:14,248][root][INFO] - Epoch [1/1], Batch [13/200], Loss: 1.8971 (Overall: 1.4112, Change: 1.9855), TF Ratio: 0.997
[2026-06-11 15:26:14,404][root][INFO] - Epoch [1/1], Batch [14/200], Loss: 1.8724 (Overall: 1.3435, Change: 1.7590), TF Ratio: 0.997
[2026-06-11 15:26:14,560][root][INFO] - Epoch [1/1], Batch [15/200], Loss: 1.8665 (Overall: 1.4891, Change: 2.0774), TF Ratio: 0.997
[2026-06-11 15:26:48,951][root][INFO] - Epoch [1/1], Batch [16/200], Loss: 1.8590 (Overall: 1.6126, Change: 1.8804), TF Ratio: 0.997
[2026-06-11 15:26:49,109][root][INFO] - Epoch [1/1], Batch [17/200], Loss: 1.8432 (Overall: 1.4077, Change: 1.7729), TF Ratio: 0.997
[2026-06-11 15:26:49,262][root][INFO] - Epoch [1/1], Batch [18/200], Loss: 1.8298 (Overall: 1.2803, Change: 1.9261), TF Ratio: 0.996
[2026-06-11 15:26:49,414][root][INFO] - Epoch [1/1], Batch [19/200], Loss: 1.8238 (Overall: 1.4975, Change: 1.9332), TF Ratio: 0.996
[2026-06-11 15:26:49,568][root][INFO] - Epoch [1/1], Batch [20/200], Loss: 1.8041 (Overall: 1.2141, Change: 1.6466), TF Ratio: 0.996
[2026-06-11 15:26:49,722][root][INFO] - Epoch [1/1], Batch [21/200], Loss: 1.7949 (Overall: 1.2358, Change: 1.9822), TF Ratio: 0.996
[2026-06-11 15:26:49,875][root][INFO] - Epoch [1/1], Batch [22/200], Loss: 1.7867 (Overall: 1.3818, Change: 1.8471), TF Ratio: 0.996
[2026-06-11 15:26:50,027][root][INFO] - Epoch [1/1], Batch [23/200], Loss: 1.7788 (Overall: 1.5682, Change: 1.6435), TF Ratio: 0.995
[2026-06-11 15:26:50,181][root][INFO] - Epoch [1/1], Batch [24/200], Loss: 1.7715 (Overall: 1.3164, Change: 1.8917), TF Ratio: 0.995
[2026-06-11 15:26:50,335][root][INFO] - Epoch [1/1], Batch [25/200], Loss: 1.7605 (Overall: 1.3437, Change: 1.6500), TF Ratio: 0.995
[2026-06-11 15:26:50,488][root][INFO] - Epoch [1/1], Batch [26/200], Loss: 1.7539 (Overall: 1.4548, Change: 1.7234), TF Ratio: 0.995
[2026-06-11 15:26:50,641][root][INFO] - Epoch [1/1], Batch [27/200], Loss: 1.7476 (Overall: 1.2948, Change: 1.8690), TF Ratio: 0.995
[2026-06-11 15:27:24,268][root][INFO] - Epoch [1/1], Batch [28/200], Loss: 1.7471 (Overall: 1.4714, Change: 1.9966), TF Ratio: 0.994
[2026-06-11 15:27:24,428][root][INFO] - Epoch [1/1], Batch [29/200], Loss: 1.7353 (Overall: 1.1951, Change: 1.6173), TF Ratio: 0.994
[2026-06-11 15:27:24,581][root][INFO] - Epoch [1/1], Batch [30/200], Loss: 1.7256 (Overall: 1.3233, Change: 1.5639), TF Ratio: 0.994
[2026-06-11 15:27:24,736][root][INFO] - Epoch [1/1], Batch [31/200], Loss: 1.7137 (Overall: 1.3417, Change: 1.3699), TF Ratio: 0.994
[2026-06-11 15:27:24,890][root][INFO] - Epoch [1/1], Batch [32/200], Loss: 1.7150 (Overall: 1.2190, Change: 2.2951), TF Ratio: 0.994
[2026-06-11 15:27:25,043][root][INFO] - Epoch [1/1], Batch [33/200], Loss: 1.7077 (Overall: 1.1699, Change: 1.7758), TF Ratio: 0.993
[2026-06-11 15:27:25,195][root][INFO] - Epoch [1/1], Batch [34/200], Loss: 1.7091 (Overall: 1.4775, Change: 2.0314), TF Ratio: 0.993
[2026-06-11 15:27:25,348][root][INFO] - Epoch [1/1], Batch [35/200], Loss: 1.6947 (Overall: 1.1893, Change: 1.2252), TF Ratio: 0.993
[2026-06-11 15:27:25,502][root][INFO] - Epoch [1/1], Batch [36/200], Loss: 1.6953 (Overall: 1.3383, Change: 2.0918), TF Ratio: 0.993
[2026-06-11 15:27:25,656][root][INFO] - Epoch [1/1], Batch [37/200], Loss: 1.6908 (Overall: 1.2828, Change: 1.7763), TF Ratio: 0.993
[2026-06-11 15:27:25,809][root][INFO] - Epoch [1/1], Batch [38/200], Loss: 1.6822 (Overall: 0.9984, Change: 1.7277), TF Ratio: 0.992
[2026-06-11 15:27:25,964][root][INFO] - Epoch [1/1], Batch [39/200], Loss: 1.6756 (Overall: 1.2219, Change: 1.6319), TF Ratio: 0.992
[2026-06-11 15:27:37,722][root][INFO] - Epoch [1/1], Batch [40/200], Loss: 1.6748 (Overall: 1.7026, Change: 1.5856), TF Ratio: 0.992
[2026-06-11 15:27:37,880][root][INFO] - Epoch [1/1], Batch [41/200], Loss: 1.6731 (Overall: 1.1478, Change: 2.0547), TF Ratio: 0.992
[2026-06-11 15:27:38,035][root][INFO] - Epoch [1/1], Batch [42/200], Loss: 1.6763 (Overall: 1.7520, Change: 1.8628), TF Ratio: 0.992
[2026-06-11 15:27:38,188][root][INFO] - Epoch [1/1], Batch [43/200], Loss: 1.6702 (Overall: 1.2921, Change: 1.5399), TF Ratio: 0.991
[2026-06-11 15:27:38,343][root][INFO] - Epoch [1/1], Batch [44/200], Loss: 1.6627 (Overall: 1.1452, Change: 1.5337), TF Ratio: 0.991
[2026-06-11 15:27:38,496][root][INFO] - Epoch [1/1], Batch [45/200], Loss: 1.6594 (Overall: 1.3853, Change: 1.6416), TF Ratio: 0.991
[2026-06-11 15:27:38,649][root][INFO] - Epoch [1/1], Batch [46/200], Loss: 1.6664 (Overall: 1.7723, Change: 2.1926), TF Ratio: 0.991
[2026-06-11 15:27:38,802][root][INFO] - Epoch [1/1], Batch [47/200], Loss: 1.6630 (Overall: 1.2888, Change: 1.7257), TF Ratio: 0.991
[2026-06-11 15:27:38,957][root][INFO] - Epoch [1/1], Batch [48/200], Loss: 1.6595 (Overall: 1.2517, Change: 1.7368), TF Ratio: 0.990
[2026-06-11 15:27:39,111][root][INFO] - Epoch [1/1], Batch [49/200], Loss: 1.6482 (Overall: 1.0216, Change: 1.1878), TF Ratio: 0.990
[2026-06-11 15:27:39,265][root][INFO] - Epoch [1/1], Batch [50/200], Loss: 1.6434 (Overall: 1.1319, Change: 1.6842), TF Ratio: 0.990
[2026-06-11 15:27:39,418][root][INFO] - Epoch [1/1], Batch [51/200], Loss: 1.6362 (Overall: 1.0457, Change: 1.5080), TF Ratio: 0.990
[2026-06-11 15:27:51,558][root][INFO] - Epoch [1/1], Batch [52/200], Loss: 1.6405 (Overall: 1.7124, Change: 2.0119), TF Ratio: 0.990
[2026-06-11 15:27:51,714][root][INFO] - Epoch [1/1], Batch [53/200], Loss: 1.6366 (Overall: 1.1844, Change: 1.6838), TF Ratio: 0.989
[2026-06-11 15:27:51,869][root][INFO] - Epoch [1/1], Batch [54/200], Loss: 1.6310 (Overall: 1.1121, Change: 1.5554), TF Ratio: 0.989
[2026-06-11 15:27:52,022][root][INFO] - Epoch [1/1], Batch [55/200], Loss: 1.6280 (Overall: 1.3242, Change: 1.6042), TF Ratio: 0.989
[2026-06-11 15:27:52,219][root][INFO] - Epoch [1/1], Batch [56/200], Loss: 1.6266 (Overall: 1.2601, Change: 1.8377), TF Ratio: 0.989
[2026-06-11 15:27:52,372][root][INFO] - Epoch [1/1], Batch [57/200], Loss: 1.6230 (Overall: 1.1484, Change: 1.6964), TF Ratio: 0.989
[2026-06-11 15:27:52,526][root][INFO] - Epoch [1/1], Batch [58/200], Loss: 1.6165 (Overall: 1.1287, Change: 1.3595), TF Ratio: 0.988
[2026-06-11 15:27:52,679][root][INFO] - Epoch [1/1], Batch [59/200], Loss: 1.6150 (Overall: 1.2446, Change: 1.8182), TF Ratio: 0.988
[2026-06-11 15:27:52,834][root][INFO] - Epoch [1/1], Batch [60/200], Loss: 1.6095 (Overall: 1.0539, Change: 1.5089), TF Ratio: 0.988
[2026-06-11 15:27:52,988][root][INFO] - Epoch [1/1], Batch [61/200], Loss: 1.6097 (Overall: 1.4576, Change: 1.7856), TF Ratio: 0.988
[2026-06-11 15:27:53,144][root][INFO] - Epoch [1/1], Batch [62/200], Loss: 1.6040 (Overall: 0.9601, Change: 1.5590), TF Ratio: 0.988
[2026-06-11 15:27:53,297][root][INFO] - Epoch [1/1], Batch [63/200], Loss: 1.6011 (Overall: 1.2340, Change: 1.6052), TF Ratio: 0.987
[2026-06-11 15:28:03,762][root][INFO] - Epoch [1/1], Batch [64/200], Loss: 1.5969 (Overall: 1.0690, Change: 1.6032), TF Ratio: 0.987
[2026-06-11 15:28:03,920][root][INFO] - Epoch [1/1], Batch [65/200], Loss: 1.5916 (Overall: 1.1512, Change: 1.3431), TF Ratio: 0.987
[2026-06-11 15:28:04,075][root][INFO] - Epoch [1/1], Batch [66/200], Loss: 1.5889 (Overall: 1.0462, Change: 1.7842), TF Ratio: 0.987
[2026-06-11 15:28:04,229][root][INFO] - Epoch [1/1], Batch [67/200], Loss: 1.5851 (Overall: 1.0045, Change: 1.6647), TF Ratio: 0.987
[2026-06-11 15:28:04,385][root][INFO] - Epoch [1/1], Batch [68/200], Loss: 1.5846 (Overall: 1.4211, Change: 1.6789), TF Ratio: 0.986
[2026-06-11 15:28:04,539][root][INFO] - Epoch [1/1], Batch [69/200], Loss: 1.5809 (Overall: 1.0473, Change: 1.6122), TF Ratio: 0.986
[2026-06-11 15:28:04,692][root][INFO] - Epoch [1/1], Batch [70/200], Loss: 1.5827 (Overall: 1.6561, Change: 1.7571), TF Ratio: 0.986
[2026-06-11 15:28:04,845][root][INFO] - Epoch [1/1], Batch [71/200], Loss: 1.5804 (Overall: 1.0797, Change: 1.7583), TF Ratio: 0.986
[2026-06-11 15:28:05,000][root][INFO] - Epoch [1/1], Batch [72/200], Loss: 1.5770 (Overall: 1.0463, Change: 1.6356), TF Ratio: 0.986
[2026-06-11 15:28:05,156][root][INFO] - Epoch [1/1], Batch [73/200], Loss: 1.5720 (Overall: 1.0067, Change: 1.4105), TF Ratio: 0.985
[2026-06-11 15:28:05,311][root][INFO] - Epoch [1/1], Batch [74/200], Loss: 1.5675 (Overall: 0.9849, Change: 1.4998), TF Ratio: 0.985
[2026-06-11 15:28:05,464][root][INFO] - Epoch [1/1], Batch [75/200], Loss: 1.5655 (Overall: 0.9962, Change: 1.8329), TF Ratio: 0.985
[2026-06-11 15:28:19,479][root][INFO] - Epoch [1/1], Batch [76/200], Loss: 1.5597 (Overall: 0.9755, Change: 1.2775), TF Ratio: 0.985
[2026-06-11 15:28:19,647][root][INFO] - Epoch [1/1], Batch [77/200], Loss: 1.5569 (Overall: 1.0215, Change: 1.6667), TF Ratio: 0.985
[2026-06-11 15:28:19,803][root][INFO] - Epoch [1/1], Batch [78/200], Loss: 1.5543 (Overall: 1.0783, Change: 1.6258), TF Ratio: 0.984
[2026-06-11 15:28:19,956][root][INFO] - Epoch [1/1], Batch [79/200], Loss: 1.5523 (Overall: 1.3358, Change: 1.4580), TF Ratio: 0.984
[2026-06-11 15:28:20,110][root][INFO] - Epoch [1/1], Batch [80/200], Loss: 1.5498 (Overall: 1.1042, Change: 1.6051), TF Ratio: 0.984
[2026-06-11 15:28:20,264][root][INFO] - Epoch [1/1], Batch [81/200], Loss: 1.5480 (Overall: 1.0667, Change: 1.7312), TF Ratio: 0.984
[2026-06-11 15:28:20,418][root][INFO] - Epoch [1/1], Batch [82/200], Loss: 1.5483 (Overall: 1.1511, Change: 1.9958), TF Ratio: 0.984
[2026-06-11 15:28:20,571][root][INFO] - Epoch [1/1], Batch [83/200], Loss: 1.5490 (Overall: 1.4086, Change: 1.8069), TF Ratio: 0.983
[2026-06-11 15:28:20,726][root][INFO] - Epoch [1/1], Batch [84/200], Loss: 1.5469 (Overall: 1.0834, Change: 1.6619), TF Ratio: 0.983
[2026-06-11 15:28:20,880][root][INFO] - Epoch [1/1], Batch [85/200], Loss: 1.5421 (Overall: 0.9274, Change: 1.3488), TF Ratio: 0.983
[2026-06-11 15:28:21,033][root][INFO] - Epoch [1/1], Batch [86/200], Loss: 1.5426 (Overall: 1.0797, Change: 2.0900), TF Ratio: 0.983
[2026-06-11 15:28:21,187][root][INFO] - Epoch [1/1], Batch [87/200], Loss: 1.5380 (Overall: 1.0670, Change: 1.2247), TF Ratio: 0.983
[2026-06-11 15:28:33,506][root][INFO] - Epoch [1/1], Batch [88/200], Loss: 1.5399 (Overall: 1.5737, Change: 1.8331), TF Ratio: 0.982
[2026-06-11 15:28:33,816][root][INFO] - Epoch [1/1], Batch [89/200], Loss: 1.5345 (Overall: 0.9019, Change: 1.2186), TF Ratio: 0.982
[2026-06-11 15:28:33,971][root][INFO] - Epoch [1/1], Batch [90/200], Loss: 1.5318 (Overall: 1.0282, Change: 1.5543), TF Ratio: 0.982
[2026-06-11 15:28:34,129][root][INFO] - Epoch [1/1], Batch [91/200], Loss: 1.5287 (Overall: 1.1296, Change: 1.3735), TF Ratio: 0.982
[2026-06-11 15:28:34,286][root][INFO] - Epoch [1/1], Batch [92/200], Loss: 1.5283 (Overall: 1.3855, Change: 1.5881), TF Ratio: 0.982
[2026-06-11 15:28:34,444][root][INFO] - Epoch [1/1], Batch [93/200], Loss: 1.5228 (Overall: 0.8644, Change: 1.1783), TF Ratio: 0.981
[2026-06-11 15:28:34,599][root][INFO] - Epoch [1/1], Batch [94/200], Loss: 1.5207 (Overall: 0.9833, Change: 1.6629), TF Ratio: 0.981
[2026-06-11 15:28:34,755][root][INFO] - Epoch [1/1], Batch [95/200], Loss: 1.5202 (Overall: 1.4994, Change: 1.4528), TF Ratio: 0.981
[2026-06-11 15:28:34,915][root][INFO] - Epoch [1/1], Batch [96/200], Loss: 1.5193 (Overall: 1.2407, Change: 1.6190), TF Ratio: 0.981
[2026-06-11 15:28:35,072][root][INFO] - Epoch [1/1], Batch [97/200], Loss: 1.5175 (Overall: 1.0529, Change: 1.6406), TF Ratio: 0.981
[2026-06-11 15:28:35,228][root][INFO] - Epoch [1/1], Batch [98/200], Loss: 1.5159 (Overall: 1.0868, Change: 1.6291), TF Ratio: 0.980
[2026-06-11 15:28:35,385][root][INFO] - Epoch [1/1], Batch [99/200], Loss: 1.5179 (Overall: 1.1645, Change: 2.2740), TF Ratio: 0.980
[2026-06-11 15:28:46,219][root][INFO] - Epoch [1/1], Batch [100/200], Loss: 1.5157 (Overall: 1.0536, Change: 1.5402), TF Ratio: 0.980
[2026-06-11 15:28:46,387][root][INFO] - Epoch [1/1], Batch [101/200], Loss: 1.5137 (Overall: 0.9892, Change: 1.6323), TF Ratio: 0.980
[2026-06-11 15:28:46,543][root][INFO] - Epoch [1/1], Batch [102/200], Loss: 1.5121 (Overall: 1.0104, Change: 1.6852), TF Ratio: 0.980
[2026-06-11 15:28:46,698][root][INFO] - Epoch [1/1], Batch [103/200], Loss: 1.5115 (Overall: 1.0497, Change: 1.8610), TF Ratio: 0.979
[2026-06-11 15:28:46,854][root][INFO] - Epoch [1/1], Batch [104/200], Loss: 1.5132 (Overall: 1.2952, Change: 2.0702), TF Ratio: 0.979
[2026-06-11 15:28:47,011][root][INFO] - Epoch [1/1], Batch [105/200], Loss: 1.5112 (Overall: 1.0046, Change: 1.6161), TF Ratio: 0.979
[2026-06-11 15:28:47,164][root][INFO] - Epoch [1/1], Batch [106/200], Loss: 1.5099 (Overall: 1.1311, Change: 1.6083), TF Ratio: 0.979
[2026-06-11 15:28:47,325][root][INFO] - Epoch [1/1], Batch [107/200], Loss: 1.5029 (Overall: 1.5313, Change: 0.0000), TF Ratio: 0.979
[2026-06-11 15:28:47,482][root][INFO] - Epoch [1/1], Batch [108/200], Loss: 1.5027 (Overall: 1.1931, Change: 1.7639), TF Ratio: 0.978
[2026-06-11 15:28:47,636][root][INFO] - Epoch [1/1], Batch [109/200], Loss: 1.5012 (Overall: 1.0123, Change: 1.6604), TF Ratio: 0.978
[2026-06-11 15:28:47,788][root][INFO] - Epoch [1/1], Batch [110/200], Loss: 1.4999 (Overall: 1.1011, Change: 1.6264), TF Ratio: 0.978
[2026-06-11 15:28:47,944][root][INFO] - Epoch [1/1], Batch [111/200], Loss: 1.4995 (Overall: 1.1385, Change: 1.7622), TF Ratio: 0.978
[2026-06-11 15:28:58,838][root][INFO] - Epoch [1/1], Batch [112/200], Loss: 1.4989 (Overall: 1.1932, Change: 1.6635), TF Ratio: 0.978
[2026-06-11 15:28:58,997][root][INFO] - Epoch [1/1], Batch [113/200], Loss: 1.4978 (Overall: 1.1119, Change: 1.6405), TF Ratio: 0.977
[2026-06-11 15:28:59,153][root][INFO] - Epoch [1/1], Batch [114/200], Loss: 1.4953 (Overall: 1.0176, Change: 1.4162), TF Ratio: 0.977
[2026-06-11 15:28:59,310][root][INFO] - Epoch [1/1], Batch [115/200], Loss: 1.4946 (Overall: 0.9818, Change: 1.8410), TF Ratio: 0.977
[2026-06-11 15:28:59,468][root][INFO] - Epoch [1/1], Batch [116/200], Loss: 1.4929 (Overall: 0.9941, Change: 1.5986), TF Ratio: 0.977
[2026-06-11 15:28:59,624][root][INFO] - Epoch [1/1], Batch [117/200], Loss: 1.4915 (Overall: 1.3073, Change: 1.3516), TF Ratio: 0.977
[2026-06-11 15:28:59,779][root][INFO] - Epoch [1/1], Batch [118/200], Loss: 1.4893 (Overall: 0.9748, Change: 1.4925), TF Ratio: 0.976
[2026-06-11 15:28:59,937][root][INFO] - Epoch [1/1], Batch [119/200], Loss: 1.4883 (Overall: 0.9081, Change: 1.8455), TF Ratio: 0.976
[2026-06-11 15:29:00,095][root][INFO] - Epoch [1/1], Batch [120/200], Loss: 1.4879 (Overall: 1.1543, Change: 1.7262), TF Ratio: 0.976
[2026-06-11 15:29:00,254][root][INFO] - Epoch [1/1], Batch [121/200], Loss: 1.4842 (Overall: 0.8027, Change: 1.2542), TF Ratio: 0.976
[2026-06-11 15:29:00,410][root][INFO] - Epoch [1/1], Batch [122/200], Loss: 1.4842 (Overall: 1.1361, Change: 1.8390), TF Ratio: 0.976
[2026-06-11 15:29:00,567][root][INFO] - Epoch [1/1], Batch [123/200], Loss: 1.4842 (Overall: 1.1385, Change: 1.8297), TF Ratio: 0.975
[2026-06-11 15:29:11,452][root][INFO] - Epoch [1/1], Batch [124/200], Loss: 1.4809 (Overall: 0.8488, Change: 1.2967), TF Ratio: 0.975
[2026-06-11 15:29:11,611][root][INFO] - Epoch [1/1], Batch [125/200], Loss: 1.4788 (Overall: 0.8431, Change: 1.6096), TF Ratio: 0.975
[2026-06-11 15:29:11,766][root][INFO] - Epoch [1/1], Batch [126/200], Loss: 1.4776 (Overall: 1.0080, Change: 1.6399), TF Ratio: 0.975
[2026-06-11 15:29:11,921][root][INFO] - Epoch [1/1], Batch [127/200], Loss: 1.4755 (Overall: 0.9390, Change: 1.4847), TF Ratio: 0.975
[2026-06-11 15:29:12,077][root][INFO] - Epoch [1/1], Batch [128/200], Loss: 1.4739 (Overall: 0.9564, Change: 1.5847), TF Ratio: 0.974
[2026-06-11 15:29:12,230][root][INFO] - Epoch [1/1], Batch [129/200], Loss: 1.4725 (Overall: 1.0334, Change: 1.5464), TF Ratio: 0.974
[2026-06-11 15:29:12,383][root][INFO] - Epoch [1/1], Batch [130/200], Loss: 1.4718 (Overall: 0.9746, Change: 1.7948), TF Ratio: 0.974
[2026-06-11 15:29:12,538][root][INFO] - Epoch [1/1], Batch [131/200], Loss: 1.4683 (Overall: 1.1546, Change: 0.8786), TF Ratio: 0.974
[2026-06-11 15:29:12,692][root][INFO] - Epoch [1/1], Batch [132/200], Loss: 1.4680 (Overall: 1.1851, Change: 1.6751), TF Ratio: 0.974
[2026-06-11 15:29:12,846][root][INFO] - Epoch [1/1], Batch [133/200], Loss: 1.4677 (Overall: 1.0276, Change: 1.8252), TF Ratio: 0.973
[2026-06-11 15:29:12,999][root][INFO] - Epoch [1/1], Batch [134/200], Loss: 1.4656 (Overall: 0.8197, Change: 1.5508), TF Ratio: 0.973
[2026-06-11 15:29:13,423][root][INFO] - Epoch [1/1], Batch [135/200], Loss: 1.4622 (Overall: 0.9501, Change: 1.0605), TF Ratio: 0.973
[2026-06-11 15:29:25,347][root][INFO] - Epoch [1/1], Batch [136/200], Loss: 1.4604 (Overall: 0.9262, Change: 1.5021), TF Ratio: 0.973
[2026-06-11 15:29:25,506][root][INFO] - Epoch [1/1], Batch [137/200], Loss: 1.4600 (Overall: 1.1191, Change: 1.6966), TF Ratio: 0.973
[2026-06-11 15:29:25,659][root][INFO] - Epoch [1/1], Batch [138/200], Loss: 1.4571 (Overall: 0.8824, Change: 1.2451), TF Ratio: 0.972
[2026-06-11 15:29:25,811][root][INFO] - Epoch [1/1], Batch [139/200], Loss: 1.4558 (Overall: 0.9757, Change: 1.5754), TF Ratio: 0.972
[2026-06-11 15:29:25,965][root][INFO] - Epoch [1/1], Batch [140/200], Loss: 1.4526 (Overall: 0.7876, Change: 1.2316), TF Ratio: 0.972
[2026-06-11 15:29:26,119][root][INFO] - Epoch [1/1], Batch [141/200], Loss: 1.4517 (Overall: 1.2748, Change: 1.3678), TF Ratio: 0.972
[2026-06-11 15:29:26,272][root][INFO] - Epoch [1/1], Batch [142/200], Loss: 1.4509 (Overall: 1.0854, Change: 1.6005), TF Ratio: 0.972
[2026-06-11 15:29:26,426][root][INFO] - Epoch [1/1], Batch [143/200], Loss: 1.4505 (Overall: 1.1261, Change: 1.6627), TF Ratio: 0.971
[2026-06-11 15:29:26,582][root][INFO] - Epoch [1/1], Batch [144/200], Loss: 1.4486 (Overall: 1.0723, Change: 1.2768), TF Ratio: 0.971
[2026-06-11 15:29:26,735][root][INFO] - Epoch [1/1], Batch [145/200], Loss: 1.4471 (Overall: 1.0938, Change: 1.3642), TF Ratio: 0.971
[2026-06-11 15:29:26,888][root][INFO] - Epoch [1/1], Batch [146/200], Loss: 1.4453 (Overall: 0.8257, Change: 1.5298), TF Ratio: 0.971
[2026-06-11 15:29:27,043][root][INFO] - Epoch [1/1], Batch [147/200], Loss: 1.4433 (Overall: 0.9390, Change: 1.3740), TF Ratio: 0.971
[2026-06-11 15:29:39,732][root][INFO] - Epoch [1/1], Batch [148/200], Loss: 1.4416 (Overall: 1.1138, Change: 1.2594), TF Ratio: 0.970
[2026-06-11 15:29:39,887][root][INFO] - Epoch [1/1], Batch [149/200], Loss: 1.4420 (Overall: 1.1426, Change: 1.8603), TF Ratio: 0.970
[2026-06-11 15:29:40,040][root][INFO] - Epoch [1/1], Batch [150/200], Loss: 1.4403 (Overall: 0.9640, Change: 1.4198), TF Ratio: 0.970
[2026-06-11 15:29:40,192][root][INFO] - Epoch [1/1], Batch [151/200], Loss: 1.4384 (Overall: 0.9339, Change: 1.3847), TF Ratio: 0.970
[2026-06-11 15:29:40,347][root][INFO] - Epoch [1/1], Batch [152/200], Loss: 1.4374 (Overall: 1.1873, Change: 1.3792), TF Ratio: 0.970
[2026-06-11 15:29:40,501][root][INFO] - Epoch [1/1], Batch [153/200], Loss: 1.4366 (Overall: 1.0008, Change: 1.6141), TF Ratio: 0.969
[2026-06-11 15:29:40,664][root][INFO] - Epoch [1/1], Batch [154/200], Loss: 1.4362 (Overall: 0.9375, Change: 1.8108), TF Ratio: 0.969
[2026-06-11 15:29:40,817][root][INFO] - Epoch [1/1], Batch [155/200], Loss: 1.4349 (Overall: 0.9837, Change: 1.4955), TF Ratio: 0.969
[2026-06-11 15:29:40,973][root][INFO] - Epoch [1/1], Batch [156/200], Loss: 1.4342 (Overall: 0.9065, Change: 1.7520), TF Ratio: 0.969
[2026-06-11 15:29:41,129][root][INFO] - Epoch [1/1], Batch [157/200], Loss: 1.4329 (Overall: 0.8916, Change: 1.5476), TF Ratio: 0.969
[2026-06-11 15:29:41,288][root][INFO] - Epoch [1/1], Batch [158/200], Loss: 1.4320 (Overall: 1.0137, Change: 1.5682), TF Ratio: 0.968
[2026-06-11 15:29:41,805][root][INFO] - Epoch [1/1], Batch [159/200], Loss: 1.4304 (Overall: 0.9481, Change: 1.4372), TF Ratio: 0.968
[2026-06-11 15:29:55,292][root][INFO] - Epoch [1/1], Batch [160/200], Loss: 1.4300 (Overall: 1.0888, Change: 1.6211), TF Ratio: 0.968
[2026-06-11 15:29:55,462][root][INFO] - Epoch [1/1], Batch [161/200], Loss: 1.4289 (Overall: 0.9227, Change: 1.6054), TF Ratio: 0.968
[2026-06-11 15:29:55,616][root][INFO] - Epoch [1/1], Batch [162/200], Loss: 1.4277 (Overall: 1.0534, Change: 1.3918), TF Ratio: 0.968
[2026-06-11 15:29:55,769][root][INFO] - Epoch [1/1], Batch [163/200], Loss: 1.4264 (Overall: 0.9300, Change: 1.5214), TF Ratio: 0.967
[2026-06-11 15:29:55,924][root][INFO] - Epoch [1/1], Batch [164/200], Loss: 1.4253 (Overall: 0.8228, Change: 1.6669), TF Ratio: 0.967
[2026-06-11 15:29:56,079][root][INFO] - Epoch [1/1], Batch [165/200], Loss: 1.4243 (Overall: 1.1161, Change: 1.3831), TF Ratio: 0.967
[2026-06-11 15:29:56,234][root][INFO] - Epoch [1/1], Batch [166/200], Loss: 1.4239 (Overall: 1.1633, Change: 1.5614), TF Ratio: 0.967
[2026-06-11 15:29:56,386][root][INFO] - Epoch [1/1], Batch [167/200], Loss: 1.4231 (Overall: 0.9615, Change: 1.6137), TF Ratio: 0.967
[2026-06-11 15:29:56,540][root][INFO] - Epoch [1/1], Batch [168/200], Loss: 1.4232 (Overall: 1.1850, Change: 1.6921), TF Ratio: 0.966
[2026-06-11 15:29:56,694][root][INFO] - Epoch [1/1], Batch [169/200], Loss: 1.4223 (Overall: 0.9015, Change: 1.6617), TF Ratio: 0.966
[2026-06-11 15:29:56,846][root][INFO] - Epoch [1/1], Batch [170/200], Loss: 1.4209 (Overall: 0.8828, Change: 1.4750), TF Ratio: 0.966
[2026-06-11 15:29:56,999][root][INFO] - Epoch [1/1], Batch [171/200], Loss: 1.4184 (Overall: 0.8022, Change: 1.1825), TF Ratio: 0.966
[2026-06-11 15:30:09,905][root][INFO] - Epoch [1/1], Batch [172/200], Loss: 1.4174 (Overall: 0.9251, Change: 1.5685), TF Ratio: 0.966
[2026-06-11 15:30:10,062][root][INFO] - Epoch [1/1], Batch [173/200], Loss: 1.4190 (Overall: 1.6900, Change: 1.6945), TF Ratio: 0.965
[2026-06-11 15:30:10,214][root][INFO] - Epoch [1/1], Batch [174/200], Loss: 1.4176 (Overall: 0.9088, Change: 1.4625), TF Ratio: 0.965
[2026-06-11 15:30:10,367][root][INFO] - Epoch [1/1], Batch [175/200], Loss: 1.4168 (Overall: 1.0144, Change: 1.5114), TF Ratio: 0.965
[2026-06-11 15:30:10,524][root][INFO] - Epoch [1/1], Batch [176/200], Loss: 1.4176 (Overall: 1.6496, Change: 1.4869), TF Ratio: 0.965
[2026-06-11 15:30:10,677][root][INFO] - Epoch [1/1], Batch [177/200], Loss: 1.4174 (Overall: 1.1715, Change: 1.5768), TF Ratio: 0.965
[2026-06-11 15:30:10,830][root][INFO] - Epoch [1/1], Batch [178/200], Loss: 1.4160 (Overall: 0.9383, Change: 1.4016), TF Ratio: 0.964
[2026-06-11 15:30:10,982][root][INFO] - Epoch [1/1], Batch [179/200], Loss: 1.4156 (Overall: 0.8705, Change: 1.8132), TF Ratio: 0.964
[2026-06-11 15:30:11,142][root][INFO] - Epoch [1/1], Batch [180/200], Loss: 1.4145 (Overall: 0.9660, Change: 1.4928), TF Ratio: 0.964
[2026-06-11 15:30:11,296][root][INFO] - Epoch [1/1], Batch [181/200], Loss: 1.4136 (Overall: 0.8879, Change: 1.6072), TF Ratio: 0.964
[2026-06-11 15:30:11,448][root][INFO] - Epoch [1/1], Batch [182/200], Loss: 1.4124 (Overall: 0.9831, Change: 1.3997), TF Ratio: 0.964
[2026-06-11 15:30:11,602][root][INFO] - Epoch [1/1], Batch [183/200], Loss: 1.4112 (Overall: 0.8353, Change: 1.5426), TF Ratio: 0.963
[2026-06-11 15:30:23,613][root][INFO] - Epoch [1/1], Batch [184/200], Loss: 1.4095 (Overall: 0.8647, Change: 1.3422), TF Ratio: 0.963
[2026-06-11 15:30:23,775][root][INFO] - Epoch [1/1], Batch [185/200], Loss: 1.4087 (Overall: 1.0753, Change: 1.4631), TF Ratio: 0.963
[2026-06-11 15:30:23,929][root][INFO] - Epoch [1/1], Batch [186/200], Loss: 1.4086 (Overall: 1.0400, Change: 1.7389), TF Ratio: 0.963
[2026-06-11 15:30:24,082][root][INFO] - Epoch [1/1], Batch [187/200], Loss: 1.4083 (Overall: 1.0391, Change: 1.6719), TF Ratio: 0.963
[2026-06-11 15:30:24,235][root][INFO] - Epoch [1/1], Batch [188/200], Loss: 1.4073 (Overall: 1.1343, Change: 1.2772), TF Ratio: 0.962
[2026-06-11 15:30:24,390][root][INFO] - Epoch [1/1], Batch [189/200], Loss: 1.4072 (Overall: 0.9684, Change: 1.8301), TF Ratio: 0.962
[2026-06-11 15:30:24,543][root][INFO] - Epoch [1/1], Batch [190/200], Loss: 1.4064 (Overall: 0.9082, Change: 1.5745), TF Ratio: 0.962
[2026-06-11 15:30:24,697][root][INFO] - Epoch [1/1], Batch [191/200], Loss: 1.4047 (Overall: 0.8800, Change: 1.3051), TF Ratio: 0.962
[2026-06-11 15:30:24,857][root][INFO] - Epoch [1/1], Batch [192/200], Loss: 1.4041 (Overall: 0.9664, Change: 1.6245), TF Ratio: 0.962
[2026-06-11 15:30:25,012][root][INFO] - Epoch [1/1], Batch [193/200], Loss: 1.4026 (Overall: 0.9269, Change: 1.2749), TF Ratio: 0.961
[2026-06-11 15:30:25,167][root][INFO] - Epoch [1/1], Batch [194/200], Loss: 1.4031 (Overall: 1.3955, Change: 1.6214), TF Ratio: 0.961
[2026-06-11 15:30:25,321][root][INFO] - Epoch [1/1], Batch [195/200], Loss: 1.4023 (Overall: 0.8550, Change: 1.6263), TF Ratio: 0.961
[2026-06-11 15:30:35,901][root][INFO] - Epoch [1/1], Batch [196/200], Loss: 1.4021 (Overall: 1.0353, Change: 1.6824), TF Ratio: 0.961
[2026-06-11 15:30:36,059][root][INFO] - Epoch [1/1], Batch [197/200], Loss: 1.4009 (Overall: 0.8882, Change: 1.4683), TF Ratio: 0.961
[2026-06-11 15:30:36,213][root][INFO] - Epoch [1/1], Batch [198/200], Loss: 1.3995 (Overall: 0.9737, Change: 1.2808), TF Ratio: 0.960
[2026-06-11 15:30:36,366][root][INFO] - Epoch [1/1], Batch [199/200], Loss: 1.3986 (Overall: 0.9990, Change: 1.4174), TF Ratio: 0.960
[2026-06-11 15:30:36,521][root][INFO] - Epoch [1/1], Batch [200/200], Loss: 1.3978 (Overall: 0.7796, Change: 1.6985), TF Ratio: 0.960
[2026-06-11 15:30:49,269][root][INFO] - Epoch 1 done. Validating...
[2026-06-11 15:31:51,527][root][INFO] - Epoch [1/1] | Train: 1.3920 | Val: 0.8699
[2026-06-11 15:31:51,771][root][INFO] - Checkpoint saved: /gpfs/scratch/bsc32/bsc096444/ai4land-tfm/trained_models/unet_impl/41654672/best_model.pth
[2026-06-11 15:31:51,988][root][INFO] - Checkpoint saved: /gpfs/scratch/bsc32/bsc096444/ai4land-tfm/trained_models/unet_impl/41654672/model_epoch_1.pth
[2026-06-11 15:31:52,872][root][INFO] - Training complete.
END TIME: Thu Jun 11 15:32:00 CEST 2026
