[2026-06-16 12:19:01,020][root][INFO] - Recurrent UNet Model Successfully Configured and Initialized.
[2026-06-16 12:19:01,023][root][INFO] - Starting from scratch (no valid checkpoint provided).
[2026-06-16 12:19:01,487][root][INFO] - Train: 4480000 samples, Val: 640000 samples
[2026-06-16 12:19:02,638][root][INFO] - Starting training from epoch 1
[2026-06-16 12:19:10,071][root][INFO] - Epoch [1/5], Batch [1/300], Loss: 2.0829 (Overall: 2.0289, Change: 2.1369), TF Ratio: 1.000
[2026-06-16 12:19:10,266][root][INFO] - Epoch [1/5], Batch [2/300], Loss: 2.0935 (Overall: 2.1590, Change: 2.0491), TF Ratio: 1.000
[2026-06-16 12:19:10,464][root][INFO] - Epoch [1/5], Batch [3/300], Loss: 2.1167 (Overall: 2.0976, Change: 2.2286), TF Ratio: 0.999
[2026-06-16 12:19:11,605][root][INFO] - Epoch [1/5], Batch [4/300], Loss: 2.1306 (Overall: 2.1035, Change: 2.2415), TF Ratio: 0.999
[2026-06-16 12:19:11,783][root][INFO] - Epoch [1/5], Batch [5/300], Loss: 2.1086 (Overall: 1.9512, Change: 2.0902), TF Ratio: 0.999
[2026-06-16 12:19:11,984][root][INFO] - Epoch [1/5], Batch [6/300], Loss: 2.0550 (Overall: 1.7914, Change: 1.7817), TF Ratio: 0.999
[2026-06-16 12:19:12,138][root][INFO] - Epoch [1/5], Batch [7/300], Loss: 2.0466 (Overall: 1.9005, Change: 2.0929), TF Ratio: 0.999
[2026-06-16 12:19:12,433][root][INFO] - Epoch [1/5], Batch [8/300], Loss: 2.0186 (Overall: 1.8058, Change: 1.8384), TF Ratio: 0.998
[2026-06-16 12:19:12,586][root][INFO] - Epoch [1/5], Batch [9/300], Loss: 1.9961 (Overall: 1.6714, Change: 1.9606), TF Ratio: 0.998
[2026-06-16 12:19:12,738][root][INFO] - Epoch [1/5], Batch [10/300], Loss: 1.9762 (Overall: 1.6399, Change: 1.9542), TF Ratio: 0.998
[2026-06-16 12:19:12,891][root][INFO] - Epoch [1/5], Batch [11/300], Loss: 1.9464 (Overall: 1.4853, Change: 1.8124), TF Ratio: 0.998
[2026-06-16 12:19:13,086][root][INFO] - Epoch [1/5], Batch [12/300], Loss: 1.9367 (Overall: 1.6333, Change: 2.0273), TF Ratio: 0.998
[2026-06-16 12:19:13,247][root][INFO] - Epoch [1/5], Batch [13/300], Loss: 1.9125 (Overall: 1.5073, Change: 1.7366), TF Ratio: 0.997
[2026-06-16 12:19:13,402][root][INFO] - Epoch [1/5], Batch [14/300], Loss: 1.8951 (Overall: 1.5331, Change: 1.8041), TF Ratio: 0.997
[2026-06-16 12:19:13,555][root][INFO] - Epoch [1/5], Batch [15/300], Loss: 1.8773 (Overall: 1.3644, Change: 1.8907), TF Ratio: 0.997
[2026-06-16 12:19:13,737][root][INFO] - Epoch [1/5], Batch [16/300], Loss: 1.8574 (Overall: 1.5120, Change: 1.6075), TF Ratio: 0.997
[2026-06-16 12:19:13,893][root][INFO] - Epoch [1/5], Batch [17/300], Loss: 1.8364 (Overall: 1.5146, Change: 1.4842), TF Ratio: 0.997
[2026-06-16 12:19:14,047][root][INFO] - Epoch [1/5], Batch [18/300], Loss: 1.8241 (Overall: 1.4939, Change: 1.7375), TF Ratio: 0.996
[2026-06-16 12:19:14,200][root][INFO] - Epoch [1/5], Batch [19/300], Loss: 1.8014 (Overall: 1.3310, Change: 1.4537), TF Ratio: 0.996
[2026-06-16 12:19:14,468][root][INFO] - Epoch [1/5], Batch [20/300], Loss: 1.7928 (Overall: 1.3890, Change: 1.8696), TF Ratio: 0.996
[2026-06-16 12:19:14,621][root][INFO] - Epoch [1/5], Batch [21/300], Loss: 1.7819 (Overall: 1.2961, Change: 1.8336), TF Ratio: 0.996
[2026-06-16 12:19:14,782][root][INFO] - Epoch [1/5], Batch [22/300], Loss: 1.7634 (Overall: 1.1995, Change: 1.5495), TF Ratio: 0.996
[2026-06-16 12:19:14,934][root][INFO] - Epoch [1/5], Batch [23/300], Loss: 1.7510 (Overall: 1.2834, Change: 1.6719), TF Ratio: 0.995
[2026-06-16 12:19:15,129][root][INFO] - Epoch [1/5], Batch [24/300], Loss: 1.7331 (Overall: 1.3124, Change: 1.3331), TF Ratio: 0.995
[2026-06-16 12:19:15,284][root][INFO] - Epoch [1/5], Batch [25/300], Loss: 1.7237 (Overall: 1.1752, Change: 1.8215), TF Ratio: 0.995
[2026-06-16 12:19:15,436][root][INFO] - Epoch [1/5], Batch [26/300], Loss: 1.7070 (Overall: 1.1827, Change: 1.3942), TF Ratio: 0.995
[2026-06-16 12:19:15,589][root][INFO] - Epoch [1/5], Batch [27/300], Loss: 1.6981 (Overall: 1.2816, Change: 1.6499), TF Ratio: 0.995
[2026-06-16 12:19:15,777][root][INFO] - Epoch [1/5], Batch [28/300], Loss: 1.6966 (Overall: 1.4624, Change: 1.8494), TF Ratio: 0.994
[2026-06-16 12:19:15,931][root][INFO] - Epoch [1/5], Batch [29/300], Loss: 1.6929 (Overall: 1.2551, Change: 1.9280), TF Ratio: 0.994
[2026-06-16 12:19:16,087][root][INFO] - Epoch [1/5], Batch [30/300], Loss: 1.6894 (Overall: 1.3593, Change: 1.8161), TF Ratio: 0.994
[2026-06-16 12:19:16,245][root][INFO] - Epoch [1/5], Batch [31/300], Loss: 1.6808 (Overall: 1.2064, Change: 1.6370), TF Ratio: 0.994
[2026-06-16 12:19:16,777][root][INFO] - Epoch [1/5], Batch [32/300], Loss: 1.6794 (Overall: 1.2284, Change: 2.0459), TF Ratio: 0.994
[2026-06-16 12:19:16,931][root][INFO] - Epoch [1/5], Batch [33/300], Loss: 1.6765 (Overall: 1.1295, Change: 2.0393), TF Ratio: 0.993
[2026-06-16 12:19:17,084][root][INFO] - Epoch [1/5], Batch [34/300], Loss: 1.6706 (Overall: 1.1173, Change: 1.8283), TF Ratio: 0.993
[2026-06-16 12:19:17,244][root][INFO] - Epoch [1/5], Batch [35/300], Loss: 1.6659 (Overall: 1.4011, Change: 1.6149), TF Ratio: 0.993
[2026-06-16 12:19:17,416][root][INFO] - Epoch [1/5], Batch [36/300], Loss: 1.6544 (Overall: 1.1945, Change: 1.3116), TF Ratio: 0.993
[2026-06-16 12:19:17,572][root][INFO] - Epoch [1/5], Batch [37/300], Loss: 1.6502 (Overall: 1.4129, Change: 1.5798), TF Ratio: 0.993
[2026-06-16 12:19:17,725][root][INFO] - Epoch [1/5], Batch [38/300], Loss: 1.6467 (Overall: 1.2490, Change: 1.7860), TF Ratio: 0.992
[2026-06-16 12:19:17,878][root][INFO] - Epoch [1/5], Batch [39/300], Loss: 1.6412 (Overall: 1.3000, Change: 1.5667), TF Ratio: 0.992
[2026-06-16 12:19:18,424][root][INFO] - Epoch [1/5], Batch [40/300], Loss: 1.6308 (Overall: 1.1270, Change: 1.3255), TF Ratio: 0.992
[2026-06-16 12:19:18,578][root][INFO] - Epoch [1/5], Batch [41/300], Loss: 1.6266 (Overall: 1.2634, Change: 1.6540), TF Ratio: 0.992
[2026-06-16 12:19:18,740][root][INFO] - Epoch [1/5], Batch [42/300], Loss: 1.6176 (Overall: 1.0253, Change: 1.4695), TF Ratio: 0.992
[2026-06-16 12:19:18,902][root][INFO] - Epoch [1/5], Batch [43/300], Loss: 1.6110 (Overall: 1.1779, Change: 1.4919), TF Ratio: 0.991
[2026-06-16 12:19:19,082][root][INFO] - Epoch [1/5], Batch [44/300], Loss: 1.6044 (Overall: 1.1809, Change: 1.4560), TF Ratio: 0.991
[2026-06-16 12:19:19,236][root][INFO] - Epoch [1/5], Batch [45/300], Loss: 1.6008 (Overall: 1.1173, Change: 1.7677), TF Ratio: 0.991
[2026-06-16 12:19:19,397][root][INFO] - Epoch [1/5], Batch [46/300], Loss: 1.5970 (Overall: 1.3577, Change: 1.4983), TF Ratio: 0.991
[2026-06-16 12:19:19,550][root][INFO] - Epoch [1/5], Batch [47/300], Loss: 1.5927 (Overall: 1.2044, Change: 1.5850), TF Ratio: 0.991
[2026-06-16 12:19:19,727][root][INFO] - Epoch [1/5], Batch [48/300], Loss: 1.5915 (Overall: 1.1733, Change: 1.8918), TF Ratio: 0.990
[2026-06-16 12:19:19,880][root][INFO] - Epoch [1/5], Batch [49/300], Loss: 1.5890 (Overall: 1.1967, Change: 1.7420), TF Ratio: 0.990
[2026-06-16 12:19:20,033][root][INFO] - Epoch [1/5], Batch [50/300], Loss: 1.5871 (Overall: 1.1622, Change: 1.8246), TF Ratio: 0.990
[2026-06-16 12:19:20,186][root][INFO] - Epoch [1/5], Batch [51/300], Loss: 1.5891 (Overall: 1.5427, Change: 1.8355), TF Ratio: 0.990
[2026-06-16 12:19:20,379][root][INFO] - Epoch [1/5], Batch [52/300], Loss: 1.5863 (Overall: 1.1684, Change: 1.7206), TF Ratio: 0.990
[2026-06-16 12:19:20,532][root][INFO] - Epoch [1/5], Batch [53/300], Loss: 1.5840 (Overall: 1.1695, Change: 1.7657), TF Ratio: 0.989
[2026-06-16 12:19:20,695][root][INFO] - Epoch [1/5], Batch [54/300], Loss: 1.5794 (Overall: 0.9774, Change: 1.6941), TF Ratio: 0.989
[2026-06-16 12:19:20,848][root][INFO] - Epoch [1/5], Batch [55/300], Loss: 1.5763 (Overall: 1.1882, Change: 1.6247), TF Ratio: 0.989
[2026-06-16 12:19:21,037][root][INFO] - Epoch [1/5], Batch [56/300], Loss: 1.5729 (Overall: 1.1187, Change: 1.6520), TF Ratio: 0.989
[2026-06-16 12:19:21,190][root][INFO] - Epoch [1/5], Batch [57/300], Loss: 1.5719 (Overall: 1.4428, Change: 1.5903), TF Ratio: 0.989
[2026-06-16 12:19:21,342][root][INFO] - Epoch [1/5], Batch [58/300], Loss: 1.5676 (Overall: 1.0495, Change: 1.5940), TF Ratio: 0.988
[2026-06-16 12:19:21,501][root][INFO] - Epoch [1/5], Batch [59/300], Loss: 1.5634 (Overall: 1.0292, Change: 1.6081), TF Ratio: 0.988
[2026-06-16 12:19:21,694][root][INFO] - Epoch [1/5], Batch [60/300], Loss: 1.5594 (Overall: 1.0142, Change: 1.6359), TF Ratio: 0.988
[2026-06-16 12:19:21,846][root][INFO] - Epoch [1/5], Batch [61/300], Loss: 1.5561 (Overall: 1.1150, Change: 1.6026), TF Ratio: 0.988
[2026-06-16 12:19:22,002][root][INFO] - Epoch [1/5], Batch [62/300], Loss: 1.5545 (Overall: 1.1062, Change: 1.8085), TF Ratio: 0.988
[2026-06-16 12:19:22,166][root][INFO] - Epoch [1/5], Batch [63/300], Loss: 1.5523 (Overall: 1.0011, Change: 1.8267), TF Ratio: 0.987
[2026-06-16 12:19:22,344][root][INFO] - Epoch [1/5], Batch [64/300], Loss: 1.5511 (Overall: 1.0852, Change: 1.8618), TF Ratio: 0.987
[2026-06-16 12:19:22,499][root][INFO] - Epoch [1/5], Batch [65/300], Loss: 1.5492 (Overall: 1.3844, Change: 1.4786), TF Ratio: 0.987
[2026-06-16 12:19:22,652][root][INFO] - Epoch [1/5], Batch [66/300], Loss: 1.5473 (Overall: 1.0603, Change: 1.7837), TF Ratio: 0.987
[2026-06-16 12:19:22,804][root][INFO] - Epoch [1/5], Batch [67/300], Loss: 1.5447 (Overall: 1.0603, Change: 1.6833), TF Ratio: 0.987
[2026-06-16 12:19:23,004][root][INFO] - Epoch [1/5], Batch [68/300], Loss: 1.5425 (Overall: 0.9714, Change: 1.8211), TF Ratio: 0.986
[2026-06-16 12:19:23,164][root][INFO] - Epoch [1/5], Batch [69/300], Loss: 1.5400 (Overall: 0.9955, Change: 1.7515), TF Ratio: 0.986
[2026-06-16 12:19:23,319][root][INFO] - Epoch [1/5], Batch [70/300], Loss: 1.5444 (Overall: 1.6382, Change: 2.0571), TF Ratio: 0.986
[2026-06-16 12:19:23,475][root][INFO] - Epoch [1/5], Batch [71/300], Loss: 1.5409 (Overall: 0.9845, Change: 1.6093), TF Ratio: 0.986
[2026-06-16 12:19:23,650][root][INFO] - Epoch [1/5], Batch [72/300], Loss: 1.5374 (Overall: 1.0758, Change: 1.4947), TF Ratio: 0.986
[2026-06-16 12:19:23,804][root][INFO] - Epoch [1/5], Batch [73/300], Loss: 1.5322 (Overall: 0.9140, Change: 1.4063), TF Ratio: 0.985
[2026-06-16 12:19:23,957][root][INFO] - Epoch [1/5], Batch [74/300], Loss: 1.5277 (Overall: 0.9480, Change: 1.4477), TF Ratio: 0.985
[2026-06-16 12:19:24,116][root][INFO] - Epoch [1/5], Batch [75/300], Loss: 1.5246 (Overall: 1.1082, Change: 1.4863), TF Ratio: 0.985
[2026-06-16 12:19:24,322][root][INFO] - Epoch [1/5], Batch [76/300], Loss: 1.5226 (Overall: 0.9721, Change: 1.7677), TF Ratio: 0.985
[2026-06-16 12:19:24,486][root][INFO] - Epoch [1/5], Batch [77/300], Loss: 1.5210 (Overall: 1.0794, Change: 1.7235), TF Ratio: 0.985
[2026-06-16 12:19:24,638][root][INFO] - Epoch [1/5], Batch [78/300], Loss: 1.5197 (Overall: 0.9924, Change: 1.8421), TF Ratio: 0.984
[2026-06-16 12:19:24,796][root][INFO] - Epoch [1/5], Batch [79/300], Loss: 1.5178 (Overall: 1.1321, Change: 1.6020), TF Ratio: 0.984
[2026-06-16 12:19:24,977][root][INFO] - Epoch [1/5], Batch [80/300], Loss: 1.5163 (Overall: 0.9627, Change: 1.8313), TF Ratio: 0.984
[2026-06-16 12:19:25,132][root][INFO] - Epoch [1/5], Batch [81/300], Loss: 1.5140 (Overall: 1.0273, Change: 1.6427), TF Ratio: 0.984
[2026-06-16 12:19:25,285][root][INFO] - Epoch [1/5], Batch [82/300], Loss: 1.5117 (Overall: 1.1489, Change: 1.4962), TF Ratio: 0.984
[2026-06-16 12:19:25,439][root][INFO] - Epoch [1/5], Batch [83/300], Loss: 1.5090 (Overall: 0.9879, Change: 1.5885), TF Ratio: 0.983
[2026-06-16 12:19:25,629][root][INFO] - Epoch [1/5], Batch [84/300], Loss: 1.5044 (Overall: 1.0480, Change: 1.2060), TF Ratio: 0.983
[2026-06-16 12:19:25,788][root][INFO] - Epoch [1/5], Batch [85/300], Loss: 1.5004 (Overall: 1.0691, Change: 1.2591), TF Ratio: 0.983
[2026-06-16 12:19:25,943][root][INFO] - Epoch [1/5], Batch [86/300], Loss: 1.4985 (Overall: 0.9537, Change: 1.7178), TF Ratio: 0.983
[2026-06-16 12:19:26,096][root][INFO] - Epoch [1/5], Batch [87/300], Loss: 1.4937 (Overall: 0.9884, Change: 1.1668), TF Ratio: 0.983
[2026-06-16 12:19:26,299][root][INFO] - Epoch [1/5], Batch [88/300], Loss: 1.4903 (Overall: 0.8980, Change: 1.4882), TF Ratio: 0.982
[2026-06-16 12:19:26,461][root][INFO] - Epoch [1/5], Batch [89/300], Loss: 1.4895 (Overall: 1.1076, Change: 1.7281), TF Ratio: 0.982
[2026-06-16 12:19:26,615][root][INFO] - Epoch [1/5], Batch [90/300], Loss: 1.4904 (Overall: 1.1677, Change: 1.9767), TF Ratio: 0.982
[2026-06-16 12:19:26,768][root][INFO] - Epoch [1/5], Batch [91/300], Loss: 1.4882 (Overall: 0.9658, Change: 1.6157), TF Ratio: 0.982
[2026-06-16 12:19:26,951][root][INFO] - Epoch [1/5], Batch [92/300], Loss: 1.4898 (Overall: 1.4518, Change: 1.8242), TF Ratio: 0.982
[2026-06-16 12:19:27,123][root][INFO] - Epoch [1/5], Batch [93/300], Loss: 1.4864 (Overall: 1.0029, Change: 1.3406), TF Ratio: 0.981
[2026-06-16 12:19:27,277][root][INFO] - Epoch [1/5], Batch [94/300], Loss: 1.4803 (Overall: 0.9081, Change: 0.9261), TF Ratio: 0.981
[2026-06-16 12:19:27,429][root][INFO] - Epoch [1/5], Batch [95/300], Loss: 1.4774 (Overall: 0.8577, Change: 1.5533), TF Ratio: 0.981
[2026-06-16 12:19:27,606][root][INFO] - Epoch [1/5], Batch [96/300], Loss: 1.4765 (Overall: 1.1175, Change: 1.6545), TF Ratio: 0.981
[2026-06-16 12:19:27,761][root][INFO] - Epoch [1/5], Batch [97/300], Loss: 1.4764 (Overall: 1.0790, Change: 1.8516), TF Ratio: 0.981
[2026-06-16 12:19:27,913][root][INFO] - Epoch [1/5], Batch [98/300], Loss: 1.4754 (Overall: 0.9482, Change: 1.8114), TF Ratio: 0.980
[2026-06-16 12:19:28,070][root][INFO] - Epoch [1/5], Batch [99/300], Loss: 1.4741 (Overall: 1.2023, Change: 1.4911), TF Ratio: 0.980
[2026-06-16 12:19:28,260][root][INFO] - Epoch [1/5], Batch [100/300], Loss: 1.4713 (Overall: 0.9321, Change: 1.4587), TF Ratio: 0.980
[2026-06-16 12:19:28,414][root][INFO] - Epoch [1/5], Batch [101/300], Loss: 1.4708 (Overall: 0.9748, Change: 1.8610), TF Ratio: 0.980
[2026-06-16 12:19:28,568][root][INFO] - Epoch [1/5], Batch [102/300], Loss: 1.4686 (Overall: 1.1607, Change: 1.3422), TF Ratio: 0.980
[2026-06-16 12:19:28,728][root][INFO] - Epoch [1/5], Batch [103/300], Loss: 1.4681 (Overall: 1.1248, Change: 1.7128), TF Ratio: 0.979
[2026-06-16 12:19:28,905][root][INFO] - Epoch [1/5], Batch [104/300], Loss: 1.4668 (Overall: 1.0392, Change: 1.6266), TF Ratio: 0.979
[2026-06-16 12:19:29,059][root][INFO] - Epoch [1/5], Batch [105/300], Loss: 1.4648 (Overall: 0.9232, Change: 1.5873), TF Ratio: 0.979
[2026-06-16 12:19:29,212][root][INFO] - Epoch [1/5], Batch [106/300], Loss: 1.4613 (Overall: 0.9269, Change: 1.2574), TF Ratio: 0.979
[2026-06-16 12:19:29,368][root][INFO] - Epoch [1/5], Batch [107/300], Loss: 1.4594 (Overall: 0.9633, Change: 1.5443), TF Ratio: 0.979
[2026-06-16 12:19:29,575][root][INFO] - Epoch [1/5], Batch [108/300], Loss: 1.4576 (Overall: 0.9776, Change: 1.5526), TF Ratio: 0.978
[2026-06-16 12:19:29,730][root][INFO] - Epoch [1/5], Batch [109/300], Loss: 1.4561 (Overall: 0.9670, Change: 1.6351), TF Ratio: 0.978
[2026-06-16 12:19:29,883][root][INFO] - Epoch [1/5], Batch [110/300], Loss: 1.4543 (Overall: 0.7747, Change: 1.7279), TF Ratio: 0.978
[2026-06-16 12:19:30,036][root][INFO] - Epoch [1/5], Batch [111/300], Loss: 1.4542 (Overall: 1.1494, Change: 1.7460), TF Ratio: 0.978
[2026-06-16 12:19:30,225][root][INFO] - Epoch [1/5], Batch [112/300], Loss: 1.4509 (Overall: 0.8944, Change: 1.2706), TF Ratio: 0.978
[2026-06-16 12:19:30,378][root][INFO] - Epoch [1/5], Batch [113/300], Loss: 1.4503 (Overall: 0.8395, Change: 1.9221), TF Ratio: 0.977
[2026-06-16 12:19:30,532][root][INFO] - Epoch [1/5], Batch [114/300], Loss: 1.4489 (Overall: 1.1494, Change: 1.4415), TF Ratio: 0.977
[2026-06-16 12:19:30,685][root][INFO] - Epoch [1/5], Batch [115/300], Loss: 1.4472 (Overall: 0.8978, Change: 1.6007), TF Ratio: 0.977
[2026-06-16 12:19:30,866][root][INFO] - Epoch [1/5], Batch [116/300], Loss: 1.4471 (Overall: 0.9332, Change: 1.9398), TF Ratio: 0.977
[2026-06-16 12:19:31,020][root][INFO] - Epoch [1/5], Batch [117/300], Loss: 1.4465 (Overall: 1.0193, Change: 1.7442), TF Ratio: 0.977
[2026-06-16 12:19:31,179][root][INFO] - Epoch [1/5], Batch [118/300], Loss: 1.4444 (Overall: 0.8946, Change: 1.4974), TF Ratio: 0.976
[2026-06-16 12:19:31,331][root][INFO] - Epoch [1/5], Batch [119/300], Loss: 1.4467 (Overall: 1.6406, Change: 1.7960), TF Ratio: 0.976
[2026-06-16 12:19:31,514][root][INFO] - Epoch [1/5], Batch [120/300], Loss: 1.4465 (Overall: 0.9553, Change: 1.8913), TF Ratio: 0.976
[2026-06-16 12:19:31,672][root][INFO] - Epoch [1/5], Batch [121/300], Loss: 1.4441 (Overall: 0.7882, Change: 1.5122), TF Ratio: 0.976
[2026-06-16 12:19:31,839][root][INFO] - Epoch [1/5], Batch [122/300], Loss: 1.4430 (Overall: 1.1099, Change: 1.5171), TF Ratio: 0.976
[2026-06-16 12:19:31,992][root][INFO] - Epoch [1/5], Batch [123/300], Loss: 1.4412 (Overall: 0.9517, Change: 1.4894), TF Ratio: 0.975
[2026-06-16 12:19:32,167][root][INFO] - Epoch [1/5], Batch [124/300], Loss: 1.4393 (Overall: 1.0343, Change: 1.3880), TF Ratio: 0.975
[2026-06-16 12:19:32,327][root][INFO] - Epoch [1/5], Batch [125/300], Loss: 1.4367 (Overall: 0.8217, Change: 1.4094), TF Ratio: 0.975
[2026-06-16 12:19:32,481][root][INFO] - Epoch [1/5], Batch [126/300], Loss: 1.4353 (Overall: 1.1783, Change: 1.3308), TF Ratio: 0.975
[2026-06-16 12:19:32,634][root][INFO] - Epoch [1/5], Batch [127/300], Loss: 1.4328 (Overall: 0.8701, Change: 1.3662), TF Ratio: 0.975
[2026-06-16 12:19:32,830][root][INFO] - Epoch [1/5], Batch [128/300], Loss: 1.4314 (Overall: 1.0220, Change: 1.4862), TF Ratio: 0.974
[2026-06-16 12:19:32,994][root][INFO] - Epoch [1/5], Batch [129/300], Loss: 1.4297 (Overall: 0.8415, Change: 1.5788), TF Ratio: 0.974
[2026-06-16 12:19:33,149][root][INFO] - Epoch [1/5], Batch [130/300], Loss: 1.4297 (Overall: 1.2446, Change: 1.6256), TF Ratio: 0.974
[2026-06-16 12:19:33,305][root][INFO] - Epoch [1/5], Batch [131/300], Loss: 1.4297 (Overall: 1.0215, Change: 1.8283), TF Ratio: 0.974
[2026-06-16 12:19:33,492][root][INFO] - Epoch [1/5], Batch [132/300], Loss: 1.4286 (Overall: 0.9334, Change: 1.6447), TF Ratio: 0.974
[2026-06-16 12:19:33,653][root][INFO] - Epoch [1/5], Batch [133/300], Loss: 1.4264 (Overall: 0.8822, Change: 1.3830), TF Ratio: 0.973
[2026-06-16 12:19:33,807][root][INFO] - Epoch [1/5], Batch [134/300], Loss: 1.4234 (Overall: 0.8014, Change: 1.2457), TF Ratio: 0.973
[2026-06-16 12:19:33,960][root][INFO] - Epoch [1/5], Batch [135/300], Loss: 1.4220 (Overall: 0.7624, Change: 1.7145), TF Ratio: 0.973
[2026-06-16 12:19:34,149][root][INFO] - Epoch [1/5], Batch [136/300], Loss: 1.4204 (Overall: 0.9496, Change: 1.4527), TF Ratio: 0.973
[2026-06-16 12:19:34,302][root][INFO] - Epoch [1/5], Batch [137/300], Loss: 1.4190 (Overall: 0.9012, Change: 1.5536), TF Ratio: 0.973
[2026-06-16 12:19:34,455][root][INFO] - Epoch [1/5], Batch [138/300], Loss: 1.4155 (Overall: 0.8621, Change: 1.0018), TF Ratio: 0.972
[2026-06-16 12:19:34,608][root][INFO] - Epoch [1/5], Batch [139/300], Loss: 1.4162 (Overall: 0.9933, Change: 2.0366), TF Ratio: 0.972
[2026-06-16 12:19:34,813][root][INFO] - Epoch [1/5], Batch [140/300], Loss: 1.4141 (Overall: 0.8649, Change: 1.3863), TF Ratio: 0.972
[2026-06-16 12:19:34,966][root][INFO] - Epoch [1/5], Batch [141/300], Loss: 1.4137 (Overall: 0.9595, Change: 1.7519), TF Ratio: 0.972
[2026-06-16 12:19:35,125][root][INFO] - Epoch [1/5], Batch [142/300], Loss: 1.4124 (Overall: 0.9034, Change: 1.5718), TF Ratio: 0.972
[2026-06-16 12:19:35,279][root][INFO] - Epoch [1/5], Batch [143/300], Loss: 1.4123 (Overall: 0.9043, Change: 1.8731), TF Ratio: 0.971
[2026-06-16 12:19:35,467][root][INFO] - Epoch [1/5], Batch [144/300], Loss: 1.4113 (Overall: 0.8237, Change: 1.7134), TF Ratio: 0.971
[2026-06-16 12:19:35,625][root][INFO] - Epoch [1/5], Batch [145/300], Loss: 1.4090 (Overall: 0.7597, Change: 1.4026), TF Ratio: 0.971
[2026-06-16 12:19:35,778][root][INFO] - Epoch [1/5], Batch [146/300], Loss: 1.4065 (Overall: 0.7914, Change: 1.2889), TF Ratio: 0.971
[2026-06-16 12:19:35,944][root][INFO] - Epoch [1/5], Batch [147/300], Loss: 1.4043 (Overall: 0.9590, Change: 1.2109), TF Ratio: 0.971
[2026-06-16 12:19:36,113][root][INFO] - Epoch [1/5], Batch [148/300], Loss: 1.4030 (Overall: 0.9682, Change: 1.4568), TF Ratio: 0.970
[2026-06-16 12:19:36,279][root][INFO] - Epoch [1/5], Batch [149/300], Loss: 1.4021 (Overall: 1.0268, Change: 1.5191), TF Ratio: 0.970
[2026-06-16 12:19:36,431][root][INFO] - Epoch [1/5], Batch [150/300], Loss: 1.4011 (Overall: 0.9805, Change: 1.5259), TF Ratio: 0.970
[2026-06-16 12:19:36,585][root][INFO] - Epoch [1/5], Batch [151/300], Loss: 1.4008 (Overall: 0.8928, Change: 1.7984), TF Ratio: 0.970
[2026-06-16 12:19:36,767][root][INFO] - Epoch [1/5], Batch [152/300], Loss: 1.4014 (Overall: 1.3032, Change: 1.6974), TF Ratio: 0.970
[2026-06-16 12:19:36,920][root][INFO] - Epoch [1/5], Batch [153/300], Loss: 1.4005 (Overall: 0.9231, Change: 1.6019), TF Ratio: 0.969
[2026-06-16 12:19:37,074][root][INFO] - Epoch [1/5], Batch [154/300], Loss: 1.3986 (Overall: 0.7976, Change: 1.4062), TF Ratio: 0.969
[2026-06-16 12:19:37,228][root][INFO] - Epoch [1/5], Batch [155/300], Loss: 1.3980 (Overall: 0.9856, Change: 1.6357), TF Ratio: 0.969
[2026-06-16 12:19:37,416][root][INFO] - Epoch [1/5], Batch [156/300], Loss: 1.3960 (Overall: 0.7624, Change: 1.4022), TF Ratio: 0.969
[2026-06-16 12:19:37,571][root][INFO] - Epoch [1/5], Batch [157/300], Loss: 1.3943 (Overall: 0.7662, Change: 1.5015), TF Ratio: 0.969
[2026-06-16 12:19:37,726][root][INFO] - Epoch [1/5], Batch [158/300], Loss: 1.3938 (Overall: 1.0622, Change: 1.5626), TF Ratio: 0.968
[2026-06-16 12:19:37,883][root][INFO] - Epoch [1/5], Batch [159/300], Loss: 1.3937 (Overall: 0.8643, Change: 1.8945), TF Ratio: 0.968
[2026-06-16 12:19:38,058][root][INFO] - Epoch [1/5], Batch [160/300], Loss: 1.3927 (Overall: 0.8765, Change: 1.5941), TF Ratio: 0.968
[2026-06-16 12:19:38,214][root][INFO] - Epoch [1/5], Batch [161/300], Loss: 1.3906 (Overall: 0.9167, Change: 1.1748), TF Ratio: 0.968
[2026-06-16 12:19:38,367][root][INFO] - Epoch [1/5], Batch [162/300], Loss: 1.3895 (Overall: 0.8282, Change: 1.6247), TF Ratio: 0.968
[2026-06-16 12:19:38,520][root][INFO] - Epoch [1/5], Batch [163/300], Loss: 1.3883 (Overall: 1.1299, Change: 1.2438), TF Ratio: 0.967
[2026-06-16 12:19:38,706][root][INFO] - Epoch [1/5], Batch [164/300], Loss: 1.3883 (Overall: 1.4201, Change: 1.3507), TF Ratio: 0.967
[2026-06-16 12:19:38,866][root][INFO] - Epoch [1/5], Batch [165/300], Loss: 1.3870 (Overall: 0.9276, Change: 1.4282), TF Ratio: 0.967
[2026-06-16 12:19:39,025][root][INFO] - Epoch [1/5], Batch [166/300], Loss: 1.3837 (Overall: 0.8208, Change: 0.8619), TF Ratio: 0.967
[2026-06-16 12:19:39,178][root][INFO] - Epoch [1/5], Batch [167/300], Loss: 1.3828 (Overall: 0.9185, Change: 1.5376), TF Ratio: 0.967
[2026-06-16 12:19:39,353][root][INFO] - Epoch [1/5], Batch [168/300], Loss: 1.3819 (Overall: 0.8997, Change: 1.5643), TF Ratio: 0.966
[2026-06-16 12:19:39,507][root][INFO] - Epoch [1/5], Batch [169/300], Loss: 1.3807 (Overall: 0.9794, Change: 1.3960), TF Ratio: 0.966
[2026-06-16 12:19:39,660][root][INFO] - Epoch [1/5], Batch [170/300], Loss: 1.3794 (Overall: 0.9516, Change: 1.3646), TF Ratio: 0.966
[2026-06-16 12:19:39,834][root][INFO] - Epoch [1/5], Batch [171/300], Loss: 1.3783 (Overall: 1.0215, Change: 1.3364), TF Ratio: 0.966
[2026-06-16 12:19:40,010][root][INFO] - Epoch [1/5], Batch [172/300], Loss: 1.3769 (Overall: 1.0074, Change: 1.2661), TF Ratio: 0.966
[2026-06-16 12:19:40,164][root][INFO] - Epoch [1/5], Batch [173/300], Loss: 1.3761 (Overall: 1.0582, Change: 1.4376), TF Ratio: 0.965
[2026-06-16 12:19:40,324][root][INFO] - Epoch [1/5], Batch [174/300], Loss: 1.3752 (Overall: 0.9964, Change: 1.4548), TF Ratio: 0.965
[2026-06-16 12:19:40,477][root][INFO] - Epoch [1/5], Batch [175/300], Loss: 1.3745 (Overall: 1.0303, Change: 1.4724), TF Ratio: 0.965
[2026-06-16 12:19:40,664][root][INFO] - Epoch [1/5], Batch [176/300], Loss: 1.3735 (Overall: 0.8327, Change: 1.5549), TF Ratio: 0.965
[2026-06-16 12:19:40,822][root][INFO] - Epoch [1/5], Batch [177/300], Loss: 1.3725 (Overall: 0.9309, Change: 1.4544), TF Ratio: 0.965
[2026-06-16 12:19:40,977][root][INFO] - Epoch [1/5], Batch [178/300], Loss: 1.3715 (Overall: 0.9360, Change: 1.4750), TF Ratio: 0.964
[2026-06-16 12:19:41,130][root][INFO] - Epoch [1/5], Batch [179/300], Loss: 1.3708 (Overall: 0.9358, Change: 1.5477), TF Ratio: 0.964
[2026-06-16 12:19:41,313][root][INFO] - Epoch [1/5], Batch [180/300], Loss: 1.3697 (Overall: 0.8586, Change: 1.4727), TF Ratio: 0.964
[2026-06-16 12:19:41,470][root][INFO] - Epoch [1/5], Batch [181/300], Loss: 1.3717 (Overall: 1.7379, Change: 1.7207), TF Ratio: 0.964
[2026-06-16 12:19:41,629][root][INFO] - Epoch [1/5], Batch [182/300], Loss: 1.3708 (Overall: 0.9933, Change: 1.4224), TF Ratio: 0.964
[2026-06-16 12:19:41,785][root][INFO] - Epoch [1/5], Batch [183/300], Loss: 1.3694 (Overall: 0.9378, Change: 1.2914), TF Ratio: 0.963
[2026-06-16 12:19:41,965][root][INFO] - Epoch [1/5], Batch [184/300], Loss: 1.3691 (Overall: 0.8793, Change: 1.7755), TF Ratio: 0.963
[2026-06-16 12:19:42,129][root][INFO] - Epoch [1/5], Batch [185/300], Loss: 1.3682 (Overall: 0.8303, Change: 1.5757), TF Ratio: 0.963
[2026-06-16 12:19:42,283][root][INFO] - Epoch [1/5], Batch [186/300], Loss: 1.3666 (Overall: 0.8211, Change: 1.2966), TF Ratio: 0.963
[2026-06-16 12:19:42,438][root][INFO] - Epoch [1/5], Batch [187/300], Loss: 1.3663 (Overall: 1.0082, Change: 1.6200), TF Ratio: 0.963
[2026-06-16 12:19:42,628][root][INFO] - Epoch [1/5], Batch [188/300], Loss: 1.3657 (Overall: 0.9943, Change: 1.5294), TF Ratio: 0.962
[2026-06-16 12:19:42,788][root][INFO] - Epoch [1/5], Batch [189/300], Loss: 1.3647 (Overall: 0.7948, Change: 1.5259), TF Ratio: 0.962
[2026-06-16 12:19:42,940][root][INFO] - Epoch [1/5], Batch [190/300], Loss: 1.3638 (Overall: 1.0040, Change: 1.3948), TF Ratio: 0.962
[2026-06-16 12:19:43,094][root][INFO] - Epoch [1/5], Batch [191/300], Loss: 1.3624 (Overall: 0.9298, Change: 1.2535), TF Ratio: 0.962
[2026-06-16 12:19:43,276][root][INFO] - Epoch [1/5], Batch [192/300], Loss: 1.3613 (Overall: 0.8937, Change: 1.4046), TF Ratio: 0.962
[2026-06-16 12:19:43,439][root][INFO] - Epoch [1/5], Batch [193/300], Loss: 1.3613 (Overall: 1.2800, Change: 1.4740), TF Ratio: 0.961
[2026-06-16 12:19:43,594][root][INFO] - Epoch [1/5], Batch [194/300], Loss: 1.3603 (Overall: 0.8794, Change: 1.4555), TF Ratio: 0.961
[2026-06-16 12:19:43,747][root][INFO] - Epoch [1/5], Batch [195/300], Loss: 1.3588 (Overall: 0.8438, Change: 1.2862), TF Ratio: 0.961
[2026-06-16 12:19:43,928][root][INFO] - Epoch [1/5], Batch [196/300], Loss: 1.3581 (Overall: 0.8961, Change: 1.5234), TF Ratio: 0.961
[2026-06-16 12:19:44,090][root][INFO] - Epoch [1/5], Batch [197/300], Loss: 1.3576 (Overall: 0.8201, Change: 1.7186), TF Ratio: 0.961
[2026-06-16 12:19:44,247][root][INFO] - Epoch [1/5], Batch [198/300], Loss: 1.3554 (Overall: 0.8870, Change: 0.9516), TF Ratio: 0.960
[2026-06-16 12:19:44,409][root][INFO] - Epoch [1/5], Batch [199/300], Loss: 1.3562 (Overall: 1.3156, Change: 1.7090), TF Ratio: 0.960
[2026-06-16 12:19:44,599][root][INFO] - Epoch [1/5], Batch [200/300], Loss: 1.3549 (Overall: 0.7954, Change: 1.3864), TF Ratio: 0.960
[2026-06-16 12:19:44,757][root][INFO] - Epoch [1/5], Batch [201/300], Loss: 1.3540 (Overall: 0.9228, Change: 1.4429), TF Ratio: 0.960
[2026-06-16 12:19:44,917][root][INFO] - Epoch [1/5], Batch [202/300], Loss: 1.3536 (Overall: 0.8847, Change: 1.6622), TF Ratio: 0.960
[2026-06-16 12:19:45,072][root][INFO] - Epoch [1/5], Batch [203/300], Loss: 1.3529 (Overall: 0.9348, Change: 1.4710), TF Ratio: 0.959
[2026-06-16 12:19:45,257][root][INFO] - Epoch [1/5], Batch [204/300], Loss: 1.3537 (Overall: 1.3703, Change: 1.6586), TF Ratio: 0.959
[2026-06-16 12:19:45,412][root][INFO] - Epoch [1/5], Batch [205/300], Loss: 1.3528 (Overall: 0.9490, Change: 1.3983), TF Ratio: 0.959
[2026-06-16 12:19:45,570][root][INFO] - Epoch [1/5], Batch [206/300], Loss: 1.3523 (Overall: 0.8455, Change: 1.6612), TF Ratio: 0.959
[2026-06-16 12:19:45,723][root][INFO] - Epoch [1/5], Batch [207/300], Loss: 1.3529 (Overall: 1.2690, Change: 1.6733), TF Ratio: 0.959
[2026-06-16 12:19:45,930][root][INFO] - Epoch [1/5], Batch [208/300], Loss: 1.3516 (Overall: 0.8054, Change: 1.3593), TF Ratio: 0.958
[2026-06-16 12:19:46,084][root][INFO] - Epoch [1/5], Batch [209/300], Loss: 1.3512 (Overall: 1.2001, Change: 1.3412), TF Ratio: 0.958
[2026-06-16 12:19:46,250][root][INFO] - Epoch [1/5], Batch [210/300], Loss: 1.3498 (Overall: 0.9159, Change: 1.2058), TF Ratio: 0.958
[2026-06-16 12:19:46,403][root][INFO] - Epoch [1/5], Batch [211/300], Loss: 1.3515 (Overall: 1.8755, Change: 1.5629), TF Ratio: 0.958
[2026-06-16 12:19:46,585][root][INFO] - Epoch [1/5], Batch [212/300], Loss: 1.3515 (Overall: 1.1337, Change: 1.5566), TF Ratio: 0.958
[2026-06-16 12:19:46,741][root][INFO] - Epoch [1/5], Batch [213/300], Loss: 1.3510 (Overall: 0.9706, Change: 1.5240), TF Ratio: 0.957
[2026-06-16 12:19:46,896][root][INFO] - Epoch [1/5], Batch [214/300], Loss: 1.3506 (Overall: 1.0512, Change: 1.4659), TF Ratio: 0.957
[2026-06-16 12:19:47,053][root][INFO] - Epoch [1/5], Batch [215/300], Loss: 1.3501 (Overall: 0.7891, Change: 1.7024), TF Ratio: 0.957
[2026-06-16 12:19:47,236][root][INFO] - Epoch [1/5], Batch [216/300], Loss: 1.3506 (Overall: 1.1468, Change: 1.7749), TF Ratio: 0.957
[2026-06-16 12:19:47,391][root][INFO] - Epoch [1/5], Batch [217/300], Loss: 1.3506 (Overall: 1.1718, Change: 1.5046), TF Ratio: 0.957
[2026-06-16 12:19:47,544][root][INFO] - Epoch [1/5], Batch [218/300], Loss: 1.3495 (Overall: 0.8053, Change: 1.4260), TF Ratio: 0.956
[2026-06-16 12:19:47,697][root][INFO] - Epoch [1/5], Batch [219/300], Loss: 1.3483 (Overall: 0.8188, Change: 1.3586), TF Ratio: 0.956
[2026-06-16 12:19:47,888][root][INFO] - Epoch [1/5], Batch [220/300], Loss: 1.3465 (Overall: 0.7412, Change: 1.1804), TF Ratio: 0.956
[2026-06-16 12:19:48,042][root][INFO] - Epoch [1/5], Batch [221/300], Loss: 1.3455 (Overall: 0.8004, Change: 1.4167), TF Ratio: 0.956
[2026-06-16 12:19:48,195][root][INFO] - Epoch [1/5], Batch [222/300], Loss: 1.3455 (Overall: 1.0359, Change: 1.6663), TF Ratio: 0.956
[2026-06-16 12:19:48,348][root][INFO] - Epoch [1/5], Batch [223/300], Loss: 1.3449 (Overall: 0.9230, Change: 1.4992), TF Ratio: 0.955
[2026-06-16 12:19:48,555][root][INFO] - Epoch [1/5], Batch [224/300], Loss: 1.3439 (Overall: 0.8328, Change: 1.4259), TF Ratio: 0.955
[2026-06-16 12:19:48,710][root][INFO] - Epoch [1/5], Batch [225/300], Loss: 1.3438 (Overall: 1.1668, Change: 1.4643), TF Ratio: 0.955
[2026-06-16 12:19:48,865][root][INFO] - Epoch [1/5], Batch [226/300], Loss: 1.3438 (Overall: 1.2062, Change: 1.5046), TF Ratio: 0.955
[2026-06-16 12:19:49,019][root][INFO] - Epoch [1/5], Batch [227/300], Loss: 1.3426 (Overall: 0.7099, Change: 1.3977), TF Ratio: 0.955
[2026-06-16 12:19:49,199][root][INFO] - Epoch [1/5], Batch [228/300], Loss: 1.3424 (Overall: 0.9932, Change: 1.6381), TF Ratio: 0.954
[2026-06-16 12:19:49,354][root][INFO] - Epoch [1/5], Batch [229/300], Loss: 1.3419 (Overall: 0.9952, Change: 1.4391), TF Ratio: 0.954
[2026-06-16 12:19:49,509][root][INFO] - Epoch [1/5], Batch [230/300], Loss: 1.3414 (Overall: 1.1282, Change: 1.3047), TF Ratio: 0.954
[2026-06-16 12:19:49,677][root][INFO] - Epoch [1/5], Batch [231/300], Loss: 1.3411 (Overall: 1.0490, Change: 1.5304), TF Ratio: 0.954
[2026-06-16 12:19:49,857][root][INFO] - Epoch [1/5], Batch [232/300], Loss: 1.3412 (Overall: 1.0044, Change: 1.7050), TF Ratio: 0.954
[2026-06-16 12:19:50,011][root][INFO] - Epoch [1/5], Batch [233/300], Loss: 1.3402 (Overall: 0.8315, Change: 1.4017), TF Ratio: 0.953
[2026-06-16 12:19:50,170][root][INFO] - Epoch [1/5], Batch [234/300], Loss: 1.3390 (Overall: 0.8886, Change: 1.1962), TF Ratio: 0.953
[2026-06-16 12:19:50,325][root][INFO] - Epoch [1/5], Batch [235/300], Loss: 1.3375 (Overall: 1.0017, Change: 0.9971), TF Ratio: 0.953
[2026-06-16 12:19:50,518][root][INFO] - Epoch [1/5], Batch [236/300], Loss: 1.3360 (Overall: 1.0494, Change: 0.9362), TF Ratio: 0.953
[2026-06-16 12:19:50,671][root][INFO] - Epoch [1/5], Batch [237/300], Loss: 1.3343 (Overall: 0.7832, Change: 1.0809), TF Ratio: 0.953
[2026-06-16 12:19:50,835][root][INFO] - Epoch [1/5], Batch [238/300], Loss: 1.3338 (Overall: 0.8517, Change: 1.5621), TF Ratio: 0.952
[2026-06-16 12:19:50,989][root][INFO] - Epoch [1/5], Batch [239/300], Loss: 1.3324 (Overall: 0.9324, Change: 1.0690), TF Ratio: 0.952
[2026-06-16 12:19:51,180][root][INFO] - Epoch [1/5], Batch [240/300], Loss: 1.3317 (Overall: 0.8139, Change: 1.5131), TF Ratio: 0.952
[2026-06-16 12:19:51,335][root][INFO] - Epoch [1/5], Batch [241/300], Loss: 1.3317 (Overall: 0.8871, Change: 1.7690), TF Ratio: 0.952
[2026-06-16 12:19:51,488][root][INFO] - Epoch [1/5], Batch [242/300], Loss: 1.3309 (Overall: 0.9407, Change: 1.3244), TF Ratio: 0.952
[2026-06-16 12:19:51,642][root][INFO] - Epoch [1/5], Batch [243/300], Loss: 1.3300 (Overall: 0.8316, Change: 1.4282), TF Ratio: 0.951
[2026-06-16 12:19:51,824][root][INFO] - Epoch [1/5], Batch [244/300], Loss: 1.3300 (Overall: 1.1503, Change: 1.4890), TF Ratio: 0.951
[2026-06-16 12:19:51,979][root][INFO] - Epoch [1/5], Batch [245/300], Loss: 1.3296 (Overall: 1.0021, Change: 1.4468), TF Ratio: 0.951
[2026-06-16 12:19:52,132][root][INFO] - Epoch [1/5], Batch [246/300], Loss: 1.3285 (Overall: 0.6996, Change: 1.4421), TF Ratio: 0.951
[2026-06-16 12:19:52,285][root][INFO] - Epoch [1/5], Batch [247/300], Loss: 1.3275 (Overall: 0.8300, Change: 1.3064), TF Ratio: 0.951
[2026-06-16 12:19:52,474][root][INFO] - Epoch [1/5], Batch [248/300], Loss: 1.3268 (Overall: 0.8935, Change: 1.4099), TF Ratio: 0.950
[2026-06-16 12:19:52,628][root][INFO] - Epoch [1/5], Batch [249/300], Loss: 1.3268 (Overall: 1.0781, Change: 1.5803), TF Ratio: 0.950
[2026-06-16 12:19:52,780][root][INFO] - Epoch [1/5], Batch [250/300], Loss: 1.3262 (Overall: 0.8180, Change: 1.5456), TF Ratio: 0.950
[2026-06-16 12:19:52,936][root][INFO] - Epoch [1/5], Batch [251/300], Loss: 1.3243 (Overall: 0.7726, Change: 0.9367), TF Ratio: 0.950
[2026-06-16 12:19:53,125][root][INFO] - Epoch [1/5], Batch [252/300], Loss: 1.3234 (Overall: 0.8656, Change: 1.3338), TF Ratio: 0.950
[2026-06-16 12:19:53,279][root][INFO] - Epoch [1/5], Batch [253/300], Loss: 1.3220 (Overall: 0.9333, Change: 0.9779), TF Ratio: 0.949
[2026-06-16 12:19:53,433][root][INFO] - Epoch [1/5], Batch [254/300], Loss: 1.3206 (Overall: 0.7395, Change: 1.2268), TF Ratio: 0.949
[2026-06-16 12:19:53,588][root][INFO] - Epoch [1/5], Batch [255/300], Loss: 1.3205 (Overall: 1.2279, Change: 1.3291), TF Ratio: 0.949
[2026-06-16 12:19:53,778][root][INFO] - Epoch [1/5], Batch [256/300], Loss: 1.3200 (Overall: 0.7713, Change: 1.6517), TF Ratio: 0.949
[2026-06-16 12:19:53,933][root][INFO] - Epoch [1/5], Batch [257/300], Loss: 1.3196 (Overall: 0.9592, Change: 1.4691), TF Ratio: 0.949
[2026-06-16 12:19:54,087][root][INFO] - Epoch [1/5], Batch [258/300], Loss: 1.3195 (Overall: 0.9115, Change: 1.6695), TF Ratio: 0.948
[2026-06-16 12:19:54,250][root][INFO] - Epoch [1/5], Batch [259/300], Loss: 1.3188 (Overall: 0.9693, Change: 1.3220), TF Ratio: 0.948
[2026-06-16 12:19:54,431][root][INFO] - Epoch [1/5], Batch [260/300], Loss: 1.3184 (Overall: 0.9836, Change: 1.4301), TF Ratio: 0.948
[2026-06-16 12:19:54,585][root][INFO] - Epoch [1/5], Batch [261/300], Loss: 1.3178 (Overall: 0.9226, Change: 1.4166), TF Ratio: 0.948
[2026-06-16 12:19:54,745][root][INFO] - Epoch [1/5], Batch [262/300], Loss: 1.3176 (Overall: 1.1377, Change: 1.3476), TF Ratio: 0.948
[2026-06-16 12:19:54,910][root][INFO] - Epoch [1/5], Batch [263/300], Loss: 1.3164 (Overall: 0.7402, Change: 1.2809), TF Ratio: 0.947
[2026-06-16 12:19:55,086][root][INFO] - Epoch [1/5], Batch [264/300], Loss: 1.3167 (Overall: 0.9215, Change: 1.8670), TF Ratio: 0.947
[2026-06-16 12:19:55,241][root][INFO] - Epoch [1/5], Batch [265/300], Loss: 1.3152 (Overall: 0.7163, Change: 1.1451), TF Ratio: 0.947
[2026-06-16 12:19:55,411][root][INFO] - Epoch [1/5], Batch [266/300], Loss: 1.3148 (Overall: 0.9594, Change: 1.4431), TF Ratio: 0.947
[2026-06-16 12:19:55,571][root][INFO] - Epoch [1/5], Batch [267/300], Loss: 1.3145 (Overall: 1.0011, Change: 1.4766), TF Ratio: 0.947
[2026-06-16 12:19:55,748][root][INFO] - Epoch [1/5], Batch [268/300], Loss: 1.3141 (Overall: 0.7773, Change: 1.6197), TF Ratio: 0.946
[2026-06-16 12:19:55,911][root][INFO] - Epoch [1/5], Batch [269/300], Loss: 1.3143 (Overall: 1.1850, Change: 1.5586), TF Ratio: 0.946
[2026-06-16 12:19:56,066][root][INFO] - Epoch [1/5], Batch [270/300], Loss: 1.3142 (Overall: 1.1054, Change: 1.4730), TF Ratio: 0.946
[2026-06-16 12:19:56,220][root][INFO] - Epoch [1/5], Batch [271/300], Loss: 1.3138 (Overall: 0.7719, Change: 1.6531), TF Ratio: 0.946
[2026-06-16 12:19:56,411][root][INFO] - Epoch [1/5], Batch [272/300], Loss: 1.3140 (Overall: 1.0057, Change: 1.7073), TF Ratio: 0.946
[2026-06-16 12:19:56,573][root][INFO] - Epoch [1/5], Batch [273/300], Loss: 1.3138 (Overall: 0.8711, Change: 1.6804), TF Ratio: 0.945
[2026-06-16 12:19:56,733][root][INFO] - Epoch [1/5], Batch [274/300], Loss: 1.3129 (Overall: 0.7443, Change: 1.3659), TF Ratio: 0.945
[2026-06-16 12:19:56,887][root][INFO] - Epoch [1/5], Batch [275/300], Loss: 1.3124 (Overall: 0.8991, Change: 1.4323), TF Ratio: 0.945
[2026-06-16 12:19:57,058][root][INFO] - Epoch [1/5], Batch [276/300], Loss: 1.3122 (Overall: 1.1038, Change: 1.4060), TF Ratio: 0.945
[2026-06-16 12:19:57,212][root][INFO] - Epoch [1/5], Batch [277/300], Loss: 1.3127 (Overall: 0.9172, Change: 2.0238), TF Ratio: 0.945
[2026-06-16 12:19:57,365][root][INFO] - Epoch [1/5], Batch [278/300], Loss: 1.3125 (Overall: 1.0105, Change: 1.4859), TF Ratio: 0.944
[2026-06-16 12:19:57,521][root][INFO] - Epoch [1/5], Batch [279/300], Loss: 1.3118 (Overall: 0.7899, Change: 1.4403), TF Ratio: 0.944
[2026-06-16 12:19:57,710][root][INFO] - Epoch [1/5], Batch [280/300], Loss: 1.3110 (Overall: 0.6507, Change: 1.5333), TF Ratio: 0.944
[2026-06-16 12:19:57,864][root][INFO] - Epoch [1/5], Batch [281/300], Loss: 1.3106 (Overall: 0.7282, Change: 1.6440), TF Ratio: 0.944
[2026-06-16 12:19:58,019][root][INFO] - Epoch [1/5], Batch [282/300], Loss: 1.3096 (Overall: 0.8004, Change: 1.3050), TF Ratio: 0.944
[2026-06-16 12:19:58,172][root][INFO] - Epoch [1/5], Batch [283/300], Loss: 1.3086 (Overall: 0.7258, Change: 1.2951), TF Ratio: 0.943
[2026-06-16 12:19:58,370][root][INFO] - Epoch [1/5], Batch [284/300], Loss: 1.3087 (Overall: 1.1402, Change: 1.5662), TF Ratio: 0.943
[2026-06-16 12:19:58,532][root][INFO] - Epoch [1/5], Batch [285/300], Loss: 1.3084 (Overall: 0.7111, Change: 1.7158), TF Ratio: 0.943
[2026-06-16 12:19:58,685][root][INFO] - Epoch [1/5], Batch [286/300], Loss: 1.3078 (Overall: 0.7313, Change: 1.5312), TF Ratio: 0.943
[2026-06-16 12:19:58,838][root][INFO] - Epoch [1/5], Batch [287/300], Loss: 1.3078 (Overall: 1.0778, Change: 1.5322), TF Ratio: 0.943
[2026-06-16 12:19:59,018][root][INFO] - Epoch [1/5], Batch [288/300], Loss: 1.3059 (Overall: 0.7243, Change: 0.8007), TF Ratio: 0.942
[2026-06-16 12:19:59,174][root][INFO] - Epoch [1/5], Batch [289/300], Loss: 1.3048 (Overall: 0.7911, Change: 1.1770), TF Ratio: 0.942
[2026-06-16 12:19:59,328][root][INFO] - Epoch [1/5], Batch [290/300], Loss: 1.3044 (Overall: 0.9010, Change: 1.4754), TF Ratio: 0.942
[2026-06-16 12:19:59,484][root][INFO] - Epoch [1/5], Batch [291/300], Loss: 1.3049 (Overall: 1.3793, Change: 1.5485), TF Ratio: 0.942
[2026-06-16 12:19:59,673][root][INFO] - Epoch [1/5], Batch [292/300], Loss: 1.3043 (Overall: 0.7151, Change: 1.5403), TF Ratio: 0.942
[2026-06-16 12:19:59,827][root][INFO] - Epoch [1/5], Batch [293/300], Loss: 1.3040 (Overall: 0.7914, Change: 1.6371), TF Ratio: 0.941
[2026-06-16 12:19:59,988][root][INFO] - Epoch [1/5], Batch [294/300], Loss: 1.3037 (Overall: 0.8790, Change: 1.5238), TF Ratio: 0.941
[2026-06-16 12:20:00,142][root][INFO] - Epoch [1/5], Batch [295/300], Loss: 1.3033 (Overall: 0.8416, Change: 1.5468), TF Ratio: 0.941
[2026-06-16 12:20:00,327][root][INFO] - Epoch [1/5], Batch [296/300], Loss: 1.3023 (Overall: 0.6538, Change: 1.3781), TF Ratio: 0.941
[2026-06-16 12:20:00,482][root][INFO] - Epoch [1/5], Batch [297/300], Loss: 1.3016 (Overall: 0.7912, Change: 1.3942), TF Ratio: 0.941
[2026-06-16 12:20:00,636][root][INFO] - Epoch [1/5], Batch [298/300], Loss: 1.3012 (Overall: 1.2214, Change: 1.1535), TF Ratio: 0.940
[2026-06-16 12:20:00,789][root][INFO] - Epoch [1/5], Batch [299/300], Loss: 1.3002 (Overall: 0.8723, Change: 1.1060), TF Ratio: 0.940
[2026-06-16 12:20:00,971][root][INFO] - Epoch [1/5], Batch [300/300], Loss: 1.2997 (Overall: 0.9128, Change: 1.3919), TF Ratio: 0.940
[2026-06-16 12:20:02,247][root][INFO] - Epoch 1 done. Validating...
[2026-06-16 12:20:07,581][root][INFO] - Epoch [1/5] | Train: 1.3173 | Val: 0.7750
[2026-06-16 12:20:07,995][root][INFO] - Checkpoint saved: /gpfs/scratch/bsc32/bsc096444/ai4land-tfm/trained_models/unet_impl/41825176/best_model.pth
[2026-06-16 12:20:08,196][root][INFO] - Checkpoint saved: /gpfs/scratch/bsc32/bsc096444/ai4land-tfm/trained_models/unet_impl/41825176/model_epoch_1.pth
[2026-06-16 12:20:11,120][root][INFO] - Epoch [2/5], Batch [1/300], Loss: 1.3391 (Overall: 1.1170, Change: 1.5611), TF Ratio: 0.940
[2026-06-16 12:20:11,275][root][INFO] - Epoch [2/5], Batch [2/300], Loss: 1.2518 (Overall: 0.9572, Change: 1.3717), TF Ratio: 0.940
[2026-06-16 12:20:11,428][root][INFO] - Epoch [2/5], Batch [3/300], Loss: 1.2290 (Overall: 0.9574, Change: 1.4097), TF Ratio: 0.939
[2026-06-16 12:20:11,652][root][INFO] - Epoch [2/5], Batch [4/300], Loss: 1.2068 (Overall: 0.8327, Change: 1.4474), TF Ratio: 0.939
[2026-06-16 12:20:11,809][root][INFO] - Epoch [2/5], Batch [5/300], Loss: 1.1796 (Overall: 0.6960, Change: 1.4460), TF Ratio: 0.939
[2026-06-16 12:20:11,971][root][INFO] - Epoch [2/5], Batch [6/300], Loss: 1.2155 (Overall: 1.2831, Change: 1.5068), TF Ratio: 0.939
[2026-06-16 12:20:12,136][root][INFO] - Epoch [2/5], Batch [7/300], Loss: 1.2158 (Overall: 0.9712, Change: 1.4638), TF Ratio: 0.939
[2026-06-16 12:20:12,360][root][INFO] - Epoch [2/5], Batch [8/300], Loss: 1.2064 (Overall: 0.9351, Change: 1.3465), TF Ratio: 0.938
[2026-06-16 12:20:12,515][root][INFO] - Epoch [2/5], Batch [9/300], Loss: 1.2160 (Overall: 0.9619, Change: 1.6236), TF Ratio: 0.938
[2026-06-16 12:20:12,671][root][INFO] - Epoch [2/5], Batch [10/300], Loss: 1.1986 (Overall: 0.8055, Change: 1.2784), TF Ratio: 0.938
[2026-06-16 12:20:12,826][root][INFO] - Epoch [2/5], Batch [11/300], Loss: 1.1826 (Overall: 0.6216, Change: 1.4228), TF Ratio: 0.938
[2026-06-16 12:20:13,016][root][INFO] - Epoch [2/5], Batch [12/300], Loss: 1.1683 (Overall: 0.8994, Change: 1.1238), TF Ratio: 0.938
[2026-06-16 12:20:13,171][root][INFO] - Epoch [2/5], Batch [13/300], Loss: 1.1547 (Overall: 0.9152, Change: 1.0670), TF Ratio: 0.937
[2026-06-16 12:20:13,332][root][INFO] - Epoch [2/5], Batch [14/300], Loss: 1.1565 (Overall: 0.7611, Change: 1.5980), TF Ratio: 0.937
[2026-06-16 12:20:13,492][root][INFO] - Epoch [2/5], Batch [15/300], Loss: 1.1591 (Overall: 0.8176, Change: 1.5755), TF Ratio: 0.937
[2026-06-16 12:20:13,689][root][INFO] - Epoch [2/5], Batch [16/300], Loss: 1.1679 (Overall: 0.9322, Change: 1.6676), TF Ratio: 0.937
[2026-06-16 12:20:13,845][root][INFO] - Epoch [2/5], Batch [17/300], Loss: 1.1722 (Overall: 0.7838, Change: 1.6974), TF Ratio: 0.937
[2026-06-16 12:20:14,000][root][INFO] - Epoch [2/5], Batch [18/300], Loss: 1.1774 (Overall: 0.8781, Change: 1.6517), TF Ratio: 0.936
[2026-06-16 12:20:14,156][root][INFO] - Epoch [2/5], Batch [19/300], Loss: 1.1696 (Overall: 0.7166, Change: 1.3414), TF Ratio: 0.936
[2026-06-16 12:20:14,358][root][INFO] - Epoch [2/5], Batch [20/300], Loss: 1.1605 (Overall: 0.6974, Change: 1.2780), TF Ratio: 0.936
[2026-06-16 12:20:14,515][root][INFO] - Epoch [2/5], Batch [21/300], Loss: 1.1602 (Overall: 0.8564, Change: 1.4547), TF Ratio: 0.936
[2026-06-16 12:20:14,670][root][INFO] - Epoch [2/5], Batch [22/300], Loss: 1.1553 (Overall: 0.8716, Change: 1.2331), TF Ratio: 0.936
[2026-06-16 12:20:14,827][root][INFO] - Epoch [2/5], Batch [23/300], Loss: 1.1518 (Overall: 0.6731, Change: 1.4747), TF Ratio: 0.935
[2026-06-16 12:20:15,022][root][INFO] - Epoch [2/5], Batch [24/300], Loss: 1.1377 (Overall: 0.6809, Change: 0.9467), TF Ratio: 0.935
[2026-06-16 12:20:15,177][root][INFO] - Epoch [2/5], Batch [25/300], Loss: 1.1347 (Overall: 0.8865, Change: 1.2373), TF Ratio: 0.935
[2026-06-16 12:20:15,331][root][INFO] - Epoch [2/5], Batch [26/300], Loss: 1.1233 (Overall: 0.6832, Change: 0.9960), TF Ratio: 0.935
[2026-06-16 12:20:15,486][root][INFO] - Epoch [2/5], Batch [27/300], Loss: 1.1233 (Overall: 0.9072, Change: 1.3381), TF Ratio: 0.935
[2026-06-16 12:20:15,696][root][INFO] - Epoch [2/5], Batch [28/300], Loss: 1.1307 (Overall: 1.0726, Change: 1.5869), TF Ratio: 0.934
[2026-06-16 12:20:15,851][root][INFO] - Epoch [2/5], Batch [29/300], Loss: 1.1338 (Overall: 0.9981, Change: 1.4441), TF Ratio: 0.934
[2026-06-16 12:20:16,007][root][INFO] - Epoch [2/5], Batch [30/300], Loss: 1.1262 (Overall: 0.6400, Change: 1.1739), TF Ratio: 0.934
[2026-06-16 12:20:16,181][root][INFO] - Epoch [2/5], Batch [31/300], Loss: 1.1287 (Overall: 0.8581, Change: 1.5498), TF Ratio: 0.934
[2026-06-16 12:20:16,367][root][INFO] - Epoch [2/5], Batch [32/300], Loss: 1.1270 (Overall: 0.8479, Change: 1.2985), TF Ratio: 0.934
[2026-06-16 12:20:16,524][root][INFO] - Epoch [2/5], Batch [33/300], Loss: 1.1290 (Overall: 0.8932, Change: 1.4949), TF Ratio: 0.933
[2026-06-16 12:20:16,678][root][INFO] - Epoch [2/5], Batch [34/300], Loss: 1.1280 (Overall: 0.9095, Change: 1.2776), TF Ratio: 0.933
[2026-06-16 12:20:16,832][root][INFO] - Epoch [2/5], Batch [35/300], Loss: 1.1288 (Overall: 0.7739, Change: 1.5398), TF Ratio: 0.933
[2026-06-16 12:20:17,011][root][INFO] - Epoch [2/5], Batch [36/300], Loss: 1.1323 (Overall: 1.0101, Change: 1.5012), TF Ratio: 0.933
[2026-06-16 12:20:17,174][root][INFO] - Epoch [2/5], Batch [37/300], Loss: 1.1527 (Overall: 1.0505, Change: 2.7194), TF Ratio: 0.933
[2026-06-16 12:20:17,336][root][INFO] - Epoch [2/5], Batch [38/300], Loss: 1.1547 (Overall: 0.9740, Change: 1.4890), TF Ratio: 0.932
[2026-06-16 12:20:17,491][root][INFO] - Epoch [2/5], Batch [39/300], Loss: 1.1548 (Overall: 0.8884, Change: 1.4256), TF Ratio: 0.932
[2026-06-16 12:20:17,679][root][INFO] - Epoch [2/5], Batch [40/300], Loss: 1.1642 (Overall: 1.5292, Change: 1.5335), TF Ratio: 0.932
[2026-06-16 12:20:17,835][root][INFO] - Epoch [2/5], Batch [41/300], Loss: 1.1632 (Overall: 0.9869, Change: 1.2609), TF Ratio: 0.932
[2026-06-16 12:20:17,989][root][INFO] - Epoch [2/5], Batch [42/300], Loss: 1.1588 (Overall: 0.7546, Change: 1.1982), TF Ratio: 0.932
[2026-06-16 12:20:18,143][root][INFO] - Epoch [2/5], Batch [43/300], Loss: 1.1523 (Overall: 0.6911, Change: 1.0683), TF Ratio: 0.931
[2026-06-16 12:20:18,345][root][INFO] - Epoch [2/5], Batch [44/300], Loss: 1.1480 (Overall: 0.7460, Change: 1.1774), TF Ratio: 0.931
[2026-06-16 12:20:18,501][root][INFO] - Epoch [2/5], Batch [45/300], Loss: 1.1564 (Overall: 1.2125, Change: 1.8447), TF Ratio: 0.931
[2026-06-16 12:20:18,657][root][INFO] - Epoch [2/5], Batch [46/300], Loss: 1.1556 (Overall: 0.8672, Change: 1.3727), TF Ratio: 0.931
[2026-06-16 12:20:18,810][root][INFO] - Epoch [2/5], Batch [47/300], Loss: 1.1566 (Overall: 1.1391, Change: 1.2588), TF Ratio: 0.931
[2026-06-16 12:20:19,001][root][INFO] - Epoch [2/5], Batch [48/300], Loss: 1.1529 (Overall: 0.5729, Change: 1.3896), TF Ratio: 0.930
[2026-06-16 12:20:19,168][root][INFO] - Epoch [2/5], Batch [49/300], Loss: 1.1607 (Overall: 1.1580, Change: 1.9149), TF Ratio: 0.930
[2026-06-16 12:20:19,323][root][INFO] - Epoch [2/5], Batch [50/300], Loss: 1.1592 (Overall: 0.7793, Change: 1.3868), TF Ratio: 0.930
[2026-06-16 12:20:19,481][root][INFO] - Epoch [2/5], Batch [51/300], Loss: 1.1590 (Overall: 1.0349, Change: 1.2648), TF Ratio: 0.930
[2026-06-16 12:20:19,672][root][INFO] - Epoch [2/5], Batch [52/300], Loss: 1.1541 (Overall: 0.6094, Change: 1.2016), TF Ratio: 0.930
[2026-06-16 12:20:19,827][root][INFO] - Epoch [2/5], Batch [53/300], Loss: 1.1495 (Overall: 0.6846, Change: 1.1391), TF Ratio: 0.929
[2026-06-16 12:20:19,981][root][INFO] - Epoch [2/5], Batch [54/300], Loss: 1.1532 (Overall: 1.1007, Change: 1.5888), TF Ratio: 0.929
[2026-06-16 12:20:20,135][root][INFO] - Epoch [2/5], Batch [55/300], Loss: 1.1520 (Overall: 0.7294, Change: 1.4520), TF Ratio: 0.929
[2026-06-16 12:20:20,562][root][INFO] - Epoch [2/5], Batch [56/300], Loss: 1.1474 (Overall: 0.6942, Change: 1.0863), TF Ratio: 0.929
[2026-06-16 12:20:20,718][root][INFO] - Epoch [2/5], Batch [57/300], Loss: 1.1447 (Overall: 0.8039, Change: 1.1907), TF Ratio: 0.929
[2026-06-16 12:20:20,872][root][INFO] - Epoch [2/5], Batch [58/300], Loss: 1.1435 (Overall: 0.7556, Change: 1.3878), TF Ratio: 0.928
[2026-06-16 12:20:21,027][root][INFO] - Epoch [2/5], Batch [59/300], Loss: 1.1421 (Overall: 0.8559, Change: 1.2691), TF Ratio: 0.928
[2026-06-16 12:20:21,227][root][INFO] - Epoch [2/5], Batch [60/300], Loss: 1.1494 (Overall: 1.3888, Change: 1.7729), TF Ratio: 0.928
[2026-06-16 12:20:21,382][root][INFO] - Epoch [2/5], Batch [61/300], Loss: 1.1523 (Overall: 1.0058, Change: 1.6461), TF Ratio: 0.928
[2026-06-16 12:20:21,541][root][INFO] - Epoch [2/5], Batch [62/300], Loss: 1.1549 (Overall: 0.9297, Change: 1.6937), TF Ratio: 0.928
[2026-06-16 12:20:21,696][root][INFO] - Epoch [2/5], Batch [63/300], Loss: 1.1531 (Overall: 0.7487, Change: 1.3369), TF Ratio: 0.927
[2026-06-16 12:20:21,876][root][INFO] - Epoch [2/5], Batch [64/300], Loss: 1.1499 (Overall: 0.6629, Change: 1.2367), TF Ratio: 0.927
[2026-06-16 12:20:22,041][root][INFO] - Epoch [2/5], Batch [65/300], Loss: 1.1492 (Overall: 0.7005, Change: 1.5131), TF Ratio: 0.927
[2026-06-16 12:20:22,194][root][INFO] - Epoch [2/5], Batch [66/300], Loss: 1.1479 (Overall: 0.9378, Change: 1.1822), TF Ratio: 0.927
[2026-06-16 12:20:22,349][root][INFO] - Epoch [2/5], Batch [67/300], Loss: 1.1492 (Overall: 0.7848, Change: 1.6860), TF Ratio: 0.927
[2026-06-16 12:20:22,537][root][INFO] - Epoch [2/5], Batch [68/300], Loss: 1.1482 (Overall: 0.7413, Change: 1.4175), TF Ratio: 0.926
[2026-06-16 12:20:22,692][root][INFO] - Epoch [2/5], Batch [69/300], Loss: 1.1471 (Overall: 0.8506, Change: 1.2969), TF Ratio: 0.926
[2026-06-16 12:20:22,846][root][INFO] - Epoch [2/5], Batch [70/300], Loss: 1.1474 (Overall: 0.7158, Change: 1.6195), TF Ratio: 0.926
[2026-06-16 12:20:23,001][root][INFO] - Epoch [2/5], Batch [71/300], Loss: 1.1470 (Overall: 0.9410, Change: 1.3009), TF Ratio: 0.926
[2026-06-16 12:20:23,217][root][INFO] - Epoch [2/5], Batch [72/300], Loss: 1.1465 (Overall: 0.7187, Change: 1.4954), TF Ratio: 0.926
[2026-06-16 12:20:23,386][root][INFO] - Epoch [2/5], Batch [73/300], Loss: 1.1478 (Overall: 0.8569, Change: 1.6289), TF Ratio: 0.925
[2026-06-16 12:20:23,540][root][INFO] - Epoch [2/5], Batch [74/300], Loss: 1.1480 (Overall: 0.8187, Change: 1.5110), TF Ratio: 0.925
[2026-06-16 12:20:23,706][root][INFO] - Epoch [2/5], Batch [75/300], Loss: 1.1483 (Overall: 0.7866, Change: 1.5592), TF Ratio: 0.925
[2026-06-16 12:20:23,881][root][INFO] - Epoch [2/5], Batch [76/300], Loss: 1.1466 (Overall: 0.8879, Change: 1.1496), TF Ratio: 0.925
[2026-06-16 12:20:24,039][root][INFO] - Epoch [2/5], Batch [77/300], Loss: 1.1450 (Overall: 0.6561, Change: 1.3886), TF Ratio: 0.925
[2026-06-16 12:20:24,208][root][INFO] - Epoch [2/5], Batch [78/300], Loss: 1.1457 (Overall: 0.7310, Change: 1.6700), TF Ratio: 0.924
[2026-06-16 12:20:24,369][root][INFO] - Epoch [2/5], Batch [79/300], Loss: 1.1442 (Overall: 0.9062, Change: 1.1484), TF Ratio: 0.924
[2026-06-16 12:20:24,544][root][INFO] - Epoch [2/5], Batch [80/300], Loss: 1.1416 (Overall: 0.6313, Change: 1.2416), TF Ratio: 0.924
[2026-06-16 12:20:24,700][root][INFO] - Epoch [2/5], Batch [81/300], Loss: 1.1398 (Overall: 0.7581, Change: 1.2249), TF Ratio: 0.924
[2026-06-16 12:20:24,856][root][INFO] - Epoch [2/5], Batch [82/300], Loss: 1.1395 (Overall: 0.7071, Change: 1.5259), TF Ratio: 0.924
[2026-06-16 12:20:25,010][root][INFO] - Epoch [2/5], Batch [83/300], Loss: 1.1416 (Overall: 1.0477, Change: 1.5832), TF Ratio: 0.923
[2026-06-16 12:20:25,201][root][INFO] - Epoch [2/5], Batch [84/300], Loss: 1.1387 (Overall: 0.7179, Change: 1.0744), TF Ratio: 0.923
[2026-06-16 12:20:25,358][root][INFO] - Epoch [2/5], Batch [85/300], Loss: 1.1418 (Overall: 0.9740, Change: 1.8239), TF Ratio: 0.923
[2026-06-16 12:20:25,512][root][INFO] - Epoch [2/5], Batch [86/300], Loss: 1.1417 (Overall: 0.6855, Change: 1.5895), TF Ratio: 0.923
[2026-06-16 12:20:25,667][root][INFO] - Epoch [2/5], Batch [87/300], Loss: 1.1441 (Overall: 1.1538, Change: 1.5525), TF Ratio: 0.923
[2026-06-16 12:20:26,309][root][INFO] - Epoch [2/5], Batch [88/300], Loss: 1.1455 (Overall: 1.1450, Change: 1.3821), TF Ratio: 0.922
[2026-06-16 12:20:26,464][root][INFO] - Epoch [2/5], Batch [89/300], Loss: 1.1448 (Overall: 0.6732, Change: 1.4951), TF Ratio: 0.922
[2026-06-16 12:20:26,619][root][INFO] - Epoch [2/5], Batch [90/300], Loss: 1.1425 (Overall: 0.6501, Change: 1.2177), TF Ratio: 0.922
[2026-06-16 12:20:26,773][root][INFO] - Epoch [2/5], Batch [91/300], Loss: 1.1471 (Overall: 1.3588, Change: 1.7604), TF Ratio: 0.922
[2026-06-16 12:20:26,972][root][INFO] - Epoch [2/5], Batch [92/300], Loss: 1.1465 (Overall: 0.8092, Change: 1.3901), TF Ratio: 0.922
[2026-06-16 12:20:27,128][root][INFO] - Epoch [2/5], Batch [93/300], Loss: 1.1475 (Overall: 1.0497, Change: 1.4156), TF Ratio: 0.921
[2026-06-16 12:20:27,296][root][INFO] - Epoch [2/5], Batch [94/300], Loss: 1.1461 (Overall: 0.7800, Change: 1.2512), TF Ratio: 0.921
[2026-06-16 12:20:27,450][root][INFO] - Epoch [2/5], Batch [95/300], Loss: 1.1464 (Overall: 0.9830, Change: 1.3652), TF Ratio: 0.921
[2026-06-16 12:20:27,685][root][INFO] - Epoch [2/5], Batch [96/300], Loss: 1.1458 (Overall: 0.6892, Change: 1.4989), TF Ratio: 0.921
[2026-06-16 12:20:27,839][root][INFO] - Epoch [2/5], Batch [97/300], Loss: 1.1458 (Overall: 0.8227, Change: 1.4724), TF Ratio: 0.921
[2026-06-16 12:20:27,992][root][INFO] - Epoch [2/5], Batch [98/300], Loss: 1.1458 (Overall: 0.9462, Change: 1.3324), TF Ratio: 0.920
[2026-06-16 12:20:28,154][root][INFO] - Epoch [2/5], Batch [99/300], Loss: 1.1468 (Overall: 0.9282, Change: 1.5641), TF Ratio: 0.920
[2026-06-16 12:20:28,348][root][INFO] - Epoch [2/5], Batch [100/300], Loss: 1.1449 (Overall: 0.6048, Change: 1.3113), TF Ratio: 0.920
[2026-06-16 12:20:28,507][root][INFO] - Epoch [2/5], Batch [101/300], Loss: 1.1438 (Overall: 0.6611, Change: 1.4038), TF Ratio: 0.920
[2026-06-16 12:20:28,660][root][INFO] - Epoch [2/5], Batch [102/300], Loss: 1.1444 (Overall: 0.8513, Change: 1.5660), TF Ratio: 0.920
[2026-06-16 12:20:28,814][root][INFO] - Epoch [2/5], Batch [103/300], Loss: 1.1440 (Overall: 0.7810, Change: 1.4199), TF Ratio: 0.919
[2026-06-16 12:20:29,022][root][INFO] - Epoch [2/5], Batch [104/300], Loss: 1.1432 (Overall: 0.9527, Change: 1.1762), TF Ratio: 0.919
[2026-06-16 12:20:29,177][root][INFO] - Epoch [2/5], Batch [105/300], Loss: 1.1409 (Overall: 0.6534, Change: 1.1477), TF Ratio: 0.919
[2026-06-16 12:20:29,338][root][INFO] - Epoch [2/5], Batch [106/300], Loss: 1.1421 (Overall: 0.7609, Change: 1.7818), TF Ratio: 0.919
[2026-06-16 12:20:29,491][root][INFO] - Epoch [2/5], Batch [107/300], Loss: 1.1451 (Overall: 1.4318, Change: 1.4952), TF Ratio: 0.919
[2026-06-16 12:20:29,680][root][INFO] - Epoch [2/5], Batch [108/300], Loss: 1.1444 (Overall: 0.8480, Change: 1.2880), TF Ratio: 0.918
[2026-06-16 12:20:29,852][root][INFO] - Epoch [2/5], Batch [109/300], Loss: 1.1418 (Overall: 0.7533, Change: 0.9734), TF Ratio: 0.918
[2026-06-16 12:20:30,008][root][INFO] - Epoch [2/5], Batch [110/300], Loss: 1.1389 (Overall: 0.6005, Change: 1.0327), TF Ratio: 0.918
[2026-06-16 12:20:30,161][root][INFO] - Epoch [2/5], Batch [111/300], Loss: 1.1375 (Overall: 0.6911, Change: 1.2725), TF Ratio: 0.918
[2026-06-16 12:20:30,338][root][INFO] - Epoch [2/5], Batch [112/300], Loss: 1.1368 (Overall: 0.8718, Change: 1.2505), TF Ratio: 0.918
[2026-06-16 12:20:30,497][root][INFO] - Epoch [2/5], Batch [113/300], Loss: 1.1352 (Overall: 0.8107, Change: 1.1008), TF Ratio: 0.917
[2026-06-16 12:20:30,651][root][INFO] - Epoch [2/5], Batch [114/300], Loss: 1.1356 (Overall: 0.7619, Change: 1.5982), TF Ratio: 0.917
[2026-06-16 12:20:30,804][root][INFO] - Epoch [2/5], Batch [115/300], Loss: 1.1361 (Overall: 0.8617, Change: 1.5359), TF Ratio: 0.917
[2026-06-16 12:20:30,999][root][INFO] - Epoch [2/5], Batch [116/300], Loss: 1.1362 (Overall: 0.7970, Change: 1.4915), TF Ratio: 0.917
[2026-06-16 12:20:31,154][root][INFO] - Epoch [2/5], Batch [117/300], Loss: 1.1359 (Overall: 1.0538, Change: 1.1504), TF Ratio: 0.917
[2026-06-16 12:20:31,307][root][INFO] - Epoch [2/5], Batch [118/300], Loss: 1.1369 (Overall: 0.8772, Change: 1.6196), TF Ratio: 0.916
[2026-06-16 12:20:31,461][root][INFO] - Epoch [2/5], Batch [119/300], Loss: 1.1362 (Overall: 0.7715, Change: 1.3483), TF Ratio: 0.916
[2026-06-16 12:20:31,666][root][INFO] - Epoch [2/5], Batch [120/300], Loss: 1.1346 (Overall: 0.6180, Change: 1.2618), TF Ratio: 0.916
[2026-06-16 12:20:31,835][root][INFO] - Epoch [2/5], Batch [121/300], Loss: 1.1337 (Overall: 0.7525, Change: 1.2932), TF Ratio: 0.916
[2026-06-16 12:20:31,988][root][INFO] - Epoch [2/5], Batch [122/300], Loss: 1.1355 (Overall: 1.2794, Change: 1.4457), TF Ratio: 0.916
[2026-06-16 12:20:32,141][root][INFO] - Epoch [2/5], Batch [123/300], Loss: 1.1344 (Overall: 0.9368, Change: 1.0659), TF Ratio: 0.915
[2026-06-16 12:20:32,336][root][INFO] - Epoch [2/5], Batch [124/300], Loss: 1.1353 (Overall: 0.9715, Change: 1.5189), TF Ratio: 0.915
[2026-06-16 12:20:32,492][root][INFO] - Epoch [2/5], Batch [125/300], Loss: 1.1359 (Overall: 0.9192, Change: 1.4793), TF Ratio: 0.915
[2026-06-16 12:20:32,645][root][INFO] - Epoch [2/5], Batch [126/300], Loss: 1.1364 (Overall: 0.8566, Change: 1.5570), TF Ratio: 0.915
[2026-06-16 12:20:32,798][root][INFO] - Epoch [2/5], Batch [127/300], Loss: 1.1368 (Overall: 0.7342, Change: 1.6429), TF Ratio: 0.915
[2026-06-16 12:20:32,985][root][INFO] - Epoch [2/5], Batch [128/300], Loss: 1.1362 (Overall: 0.7606, Change: 1.3560), TF Ratio: 0.914
[2026-06-16 12:20:33,139][root][INFO] - Epoch [2/5], Batch [129/300], Loss: 1.1374 (Overall: 0.8484, Change: 1.7281), TF Ratio: 0.914
[2026-06-16 12:20:33,293][root][INFO] - Epoch [2/5], Batch [130/300], Loss: 1.1361 (Overall: 0.8112, Change: 1.1187), TF Ratio: 0.914
[2026-06-16 12:20:33,454][root][INFO] - Epoch [2/5], Batch [131/300], Loss: 1.1336 (Overall: 0.6122, Change: 1.0234), TF Ratio: 0.914
[2026-06-16 12:20:33,641][root][INFO] - Epoch [2/5], Batch [132/300], Loss: 1.1330 (Overall: 0.5600, Change: 1.5364), TF Ratio: 0.914
[2026-06-16 12:20:33,797][root][INFO] - Epoch [2/5], Batch [133/300], Loss: 1.1336 (Overall: 0.9173, Change: 1.5239), TF Ratio: 0.913
[2026-06-16 12:20:33,952][root][INFO] - Epoch [2/5], Batch [134/300], Loss: 1.1331 (Overall: 0.8652, Change: 1.2464), TF Ratio: 0.913
[2026-06-16 12:20:34,115][root][INFO] - Epoch [2/5], Batch [135/300], Loss: 1.1324 (Overall: 0.7489, Change: 1.3468), TF Ratio: 0.913
[2026-06-16 12:20:34,298][root][INFO] - Epoch [2/5], Batch [136/300], Loss: 1.1309 (Overall: 0.7581, Change: 1.0918), TF Ratio: 0.913
[2026-06-16 12:20:34,466][root][INFO] - Epoch [2/5], Batch [137/300], Loss: 1.1300 (Overall: 0.7608, Change: 1.2640), TF Ratio: 0.913
[2026-06-16 12:20:34,623][root][INFO] - Epoch [2/5], Batch [138/300], Loss: 1.1293 (Overall: 0.9134, Change: 1.1380), TF Ratio: 0.912
[2026-06-16 12:20:34,787][root][INFO] - Epoch [2/5], Batch [139/300], Loss: 1.1312 (Overall: 1.0427, Change: 1.7488), TF Ratio: 0.912
[2026-06-16 12:20:34,976][root][INFO] - Epoch [2/5], Batch [140/300], Loss: 1.1324 (Overall: 1.2602, Change: 1.3495), TF Ratio: 0.912
[2026-06-16 12:20:35,133][root][INFO] - Epoch [2/5], Batch [141/300], Loss: 1.1328 (Overall: 0.8571, Change: 1.5219), TF Ratio: 0.912
[2026-06-16 12:20:35,294][root][INFO] - Epoch [2/5], Batch [142/300], Loss: 1.1358 (Overall: 1.2779, Change: 1.8358), TF Ratio: 0.912
[2026-06-16 12:20:35,457][root][INFO] - Epoch [2/5], Batch [143/300], Loss: 1.1353 (Overall: 0.9493, Change: 1.1657), TF Ratio: 0.911
[2026-06-16 12:20:35,640][root][INFO] - Epoch [2/5], Batch [144/300], Loss: 1.1349 (Overall: 0.7300, Change: 1.4178), TF Ratio: 0.911
[2026-06-16 12:20:35,795][root][INFO] - Epoch [2/5], Batch [145/300], Loss: 1.1347 (Overall: 0.8337, Change: 1.3826), TF Ratio: 0.911
[2026-06-16 12:20:35,949][root][INFO] - Epoch [2/5], Batch [146/300], Loss: 1.1340 (Overall: 0.8458, Change: 1.2133), TF Ratio: 0.911
[2026-06-16 12:20:36,112][root][INFO] - Epoch [2/5], Batch [147/300], Loss: 1.1351 (Overall: 1.1116, Change: 1.5025), TF Ratio: 0.911
[2026-06-16 12:20:36,290][root][INFO] - Epoch [2/5], Batch [148/300], Loss: 1.1350 (Overall: 0.9716, Change: 1.2603), TF Ratio: 0.910
[2026-06-16 12:20:36,445][root][INFO] - Epoch [2/5], Batch [149/300], Loss: 1.1339 (Overall: 0.8597, Change: 1.0679), TF Ratio: 0.910
[2026-06-16 12:20:36,600][root][INFO] - Epoch [2/5], Batch [150/300], Loss: 1.1349 (Overall: 0.8889, Change: 1.6974), TF Ratio: 0.910
[2026-06-16 12:20:36,767][root][INFO] - Epoch [2/5], Batch [151/300], Loss: 1.1348 (Overall: 0.8160, Change: 1.4280), TF Ratio: 0.910
[2026-06-16 12:20:36,947][root][INFO] - Epoch [2/5], Batch [152/300], Loss: 1.1346 (Overall: 0.8402, Change: 1.3547), TF Ratio: 0.910
[2026-06-16 12:20:37,102][root][INFO] - Epoch [2/5], Batch [153/300], Loss: 1.1327 (Overall: 0.6528, Change: 1.0267), TF Ratio: 0.909
[2026-06-16 12:20:37,270][root][INFO] - Epoch [2/5], Batch [154/300], Loss: 1.1317 (Overall: 0.8452, Change: 1.1196), TF Ratio: 0.909
[2026-06-16 12:20:37,425][root][INFO] - Epoch [2/5], Batch [155/300], Loss: 1.1314 (Overall: 0.9084, Change: 1.2652), TF Ratio: 0.909
[2026-06-16 12:20:37,622][root][INFO] - Epoch [2/5], Batch [156/300], Loss: 1.1312 (Overall: 0.7554, Change: 1.4506), TF Ratio: 0.909
[2026-06-16 12:20:37,777][root][INFO] - Epoch [2/5], Batch [157/300], Loss: 1.1321 (Overall: 1.1217, Change: 1.4259), TF Ratio: 0.909
[2026-06-16 12:20:37,931][root][INFO] - Epoch [2/5], Batch [158/300], Loss: 1.1318 (Overall: 1.0533, Change: 1.0979), TF Ratio: 0.908
[2026-06-16 12:20:38,085][root][INFO] - Epoch [2/5], Batch [159/300], Loss: 1.1334 (Overall: 0.9094, Change: 1.8869), TF Ratio: 0.908
[2026-06-16 12:20:38,292][root][INFO] - Epoch [2/5], Batch [160/300], Loss: 1.1329 (Overall: 0.6894, Change: 1.4162), TF Ratio: 0.908
[2026-06-16 12:20:38,452][root][INFO] - Epoch [2/5], Batch [161/300], Loss: 1.1332 (Overall: 1.0724, Change: 1.2735), TF Ratio: 0.908
[2026-06-16 12:20:38,605][root][INFO] - Epoch [2/5], Batch [162/300], Loss: 1.1335 (Overall: 0.8706, Change: 1.4904), TF Ratio: 0.908
[2026-06-16 12:20:38,758][root][INFO] - Epoch [2/5], Batch [163/300], Loss: 1.1350 (Overall: 1.3522, Change: 1.4077), TF Ratio: 0.907
[2026-06-16 12:20:38,963][root][INFO] - Epoch [2/5], Batch [164/300], Loss: 1.1353 (Overall: 0.7842, Change: 1.5967), TF Ratio: 0.907
[2026-06-16 12:20:39,118][root][INFO] - Epoch [2/5], Batch [165/300], Loss: 1.1338 (Overall: 0.6243, Change: 1.1347), TF Ratio: 0.907
[2026-06-16 12:20:39,271][root][INFO] - Epoch [2/5], Batch [166/300], Loss: 1.1346 (Overall: 1.0523, Change: 1.4809), TF Ratio: 0.907
[2026-06-16 12:20:39,440][root][INFO] - Epoch [2/5], Batch [167/300], Loss: 1.1351 (Overall: 1.2949, Change: 1.1599), TF Ratio: 0.907
[2026-06-16 12:20:39,624][root][INFO] - Epoch [2/5], Batch [168/300], Loss: 1.1335 (Overall: 0.7066, Change: 1.0053), TF Ratio: 0.906
[2026-06-16 12:20:39,778][root][INFO] - Epoch [2/5], Batch [169/300], Loss: 1.1329 (Overall: 0.8897, Change: 1.1833), TF Ratio: 0.906
[2026-06-16 12:20:39,931][root][INFO] - Epoch [2/5], Batch [170/300], Loss: 1.1321 (Overall: 0.7770, Change: 1.2249), TF Ratio: 0.906
[2026-06-16 12:20:40,085][root][INFO] - Epoch [2/5], Batch [171/300], Loss: 1.1315 (Overall: 0.7673, Change: 1.2898), TF Ratio: 0.906
[2026-06-16 12:20:40,279][root][INFO] - Epoch [2/5], Batch [172/300], Loss: 1.1309 (Overall: 0.7947, Change: 1.2642), TF Ratio: 0.906
[2026-06-16 12:20:40,462][root][INFO] - Epoch [2/5], Batch [173/300], Loss: 1.1306 (Overall: 0.8624, Change: 1.2999), TF Ratio: 0.905
[2026-06-16 12:20:40,622][root][INFO] - Epoch [2/5], Batch [174/300], Loss: 1.1321 (Overall: 0.8124, Change: 1.9654), TF Ratio: 0.905
[2026-06-16 12:20:40,778][root][INFO] - Epoch [2/5], Batch [175/300], Loss: 1.1331 (Overall: 0.7068, Change: 1.8894), TF Ratio: 0.905
[2026-06-16 12:20:40,961][root][INFO] - Epoch [2/5], Batch [176/300], Loss: 1.1329 (Overall: 0.5462, Change: 1.6506), TF Ratio: 0.905
[2026-06-16 12:20:41,116][root][INFO] - Epoch [2/5], Batch [177/300], Loss: 1.1329 (Overall: 0.8892, Change: 1.3941), TF Ratio: 0.905
[2026-06-16 12:20:41,271][root][INFO] - Epoch [2/5], Batch [178/300], Loss: 1.1329 (Overall: 0.7967, Change: 1.4484), TF Ratio: 0.904
[2026-06-16 12:20:41,425][root][INFO] - Epoch [2/5], Batch [179/300], Loss: 1.1319 (Overall: 0.6612, Change: 1.2518), TF Ratio: 0.904
[2026-06-16 12:20:41,621][root][INFO] - Epoch [2/5], Batch [180/300], Loss: 1.1309 (Overall: 0.9457, Change: 0.9727), TF Ratio: 0.904
[2026-06-16 12:20:41,778][root][INFO] - Epoch [2/5], Batch [181/300], Loss: 1.1317 (Overall: 1.0486, Change: 1.4937), TF Ratio: 0.904
[2026-06-16 12:20:41,932][root][INFO] - Epoch [2/5], Batch [182/300], Loss: 1.1306 (Overall: 0.7109, Change: 1.1573), TF Ratio: 0.904
[2026-06-16 12:20:42,088][root][INFO] - Epoch [2/5], Batch [183/300], Loss: 1.1298 (Overall: 0.6596, Change: 1.2940), TF Ratio: 0.903
[2026-06-16 12:20:42,286][root][INFO] - Epoch [2/5], Batch [184/300], Loss: 1.1306 (Overall: 1.1336, Change: 1.4306), TF Ratio: 0.903
[2026-06-16 12:20:42,440][root][INFO] - Epoch [2/5], Batch [185/300], Loss: 1.1301 (Overall: 0.7220, Change: 1.3563), TF Ratio: 0.903
[2026-06-16 12:20:42,594][root][INFO] - Epoch [2/5], Batch [186/300], Loss: 1.1286 (Overall: 0.7571, Change: 0.9372), TF Ratio: 0.903
[2026-06-16 12:20:42,747][root][INFO] - Epoch [2/5], Batch [187/300], Loss: 1.1285 (Overall: 0.6507, Change: 1.5684), TF Ratio: 0.903
[2026-06-16 12:20:42,928][root][INFO] - Epoch [2/5], Batch [188/300], Loss: 1.1292 (Overall: 0.8183, Change: 1.6939), TF Ratio: 0.902
[2026-06-16 12:20:43,089][root][INFO] - Epoch [2/5], Batch [189/300], Loss: 1.1293 (Overall: 0.8502, Change: 1.4624), TF Ratio: 0.902
[2026-06-16 12:20:43,246][root][INFO] - Epoch [2/5], Batch [190/300], Loss: 1.1300 (Overall: 0.8885, Change: 1.6353), TF Ratio: 0.902
[2026-06-16 12:20:43,401][root][INFO] - Epoch [2/5], Batch [191/300], Loss: 1.1291 (Overall: 0.8688, Change: 1.0647), TF Ratio: 0.902
[2026-06-16 12:20:43,579][root][INFO] - Epoch [2/5], Batch [192/300], Loss: 1.1288 (Overall: 0.8330, Change: 1.3008), TF Ratio: 0.902
[2026-06-16 12:20:43,735][root][INFO] - Epoch [2/5], Batch [193/300], Loss: 1.1294 (Overall: 1.1262, Change: 1.3509), TF Ratio: 0.901
[2026-06-16 12:20:43,889][root][INFO] - Epoch [2/5], Batch [194/300], Loss: 1.1311 (Overall: 1.0826, Change: 1.8300), TF Ratio: 0.901
[2026-06-16 12:20:44,044][root][INFO] - Epoch [2/5], Batch [195/300], Loss: 1.1310 (Overall: 0.8938, Change: 1.3524), TF Ratio: 0.901
[2026-06-16 12:20:44,243][root][INFO] - Epoch [2/5], Batch [196/300], Loss: 1.1306 (Overall: 0.6817, Change: 1.4302), TF Ratio: 0.901
[2026-06-16 12:20:44,398][root][INFO] - Epoch [2/5], Batch [197/300], Loss: 1.1294 (Overall: 0.6637, Change: 1.1128), TF Ratio: 0.901
[2026-06-16 12:20:44,550][root][INFO] - Epoch [2/5], Batch [198/300], Loss: 1.1296 (Overall: 0.7714, Change: 1.5772), TF Ratio: 0.900
[2026-06-16 12:20:44,718][root][INFO] - Epoch [2/5], Batch [199/300], Loss: 1.1319 (Overall: 1.0108, Change: 2.1639), TF Ratio: 0.900
[2026-06-16 12:20:44,897][root][INFO] - Epoch [2/5], Batch [200/300], Loss: 1.1309 (Overall: 0.5353, Change: 1.3054), TF Ratio: 0.900
[2026-06-16 12:20:45,051][root][INFO] - Epoch [2/5], Batch [201/300], Loss: 1.1297 (Overall: 0.6234, Change: 1.1734), TF Ratio: 0.900
[2026-06-16 12:20:45,206][root][INFO] - Epoch [2/5], Batch [202/300], Loss: 1.1296 (Overall: 0.7771, Change: 1.4395), TF Ratio: 0.900
[2026-06-16 12:20:45,360][root][INFO] - Epoch [2/5], Batch [203/300], Loss: 1.1294 (Overall: 0.7435, Change: 1.4406), TF Ratio: 0.899
[2026-06-16 12:20:45,566][root][INFO] - Epoch [2/5], Batch [204/300], Loss: 1.1295 (Overall: 0.8708, Change: 1.4156), TF Ratio: 0.899
[2026-06-16 12:20:45,719][root][INFO] - Epoch [2/5], Batch [205/300], Loss: 1.1289 (Overall: 0.7096, Change: 1.3060), TF Ratio: 0.899
[2026-06-16 12:20:45,883][root][INFO] - Epoch [2/5], Batch [206/300], Loss: 1.1289 (Overall: 0.7474, Change: 1.5116), TF Ratio: 0.899
[2026-06-16 12:20:46,037][root][INFO] - Epoch [2/5], Batch [207/300], Loss: 1.1283 (Overall: 0.5072, Change: 1.4934), TF Ratio: 0.899
[2026-06-16 12:20:46,215][root][INFO] - Epoch [2/5], Batch [208/300], Loss: 1.1283 (Overall: 0.7084, Change: 1.5515), TF Ratio: 0.898
[2026-06-16 12:20:46,370][root][INFO] - Epoch [2/5], Batch [209/300], Loss: 1.1295 (Overall: 1.1040, Change: 1.6664), TF Ratio: 0.898
[2026-06-16 12:20:46,523][root][INFO] - Epoch [2/5], Batch [210/300], Loss: 1.1292 (Overall: 0.7880, Change: 1.3246), TF Ratio: 0.898
[2026-06-16 12:20:46,688][root][INFO] - Epoch [2/5], Batch [211/300], Loss: 1.1299 (Overall: 1.1985, Change: 1.3652), TF Ratio: 0.898
[2026-06-16 12:20:46,863][root][INFO] - Epoch [2/5], Batch [212/300], Loss: 1.1300 (Overall: 0.8368, Change: 1.4466), TF Ratio: 0.898
[2026-06-16 12:20:47,017][root][INFO] - Epoch [2/5], Batch [213/300], Loss: 1.1301 (Overall: 0.8998, Change: 1.4179), TF Ratio: 0.897
[2026-06-16 12:20:47,171][root][INFO] - Epoch [2/5], Batch [214/300], Loss: 1.1294 (Overall: 0.6662, Change: 1.2813), TF Ratio: 0.897
[2026-06-16 12:20:47,325][root][INFO] - Epoch [2/5], Batch [215/300], Loss: 1.1297 (Overall: 0.8849, Change: 1.5061), TF Ratio: 0.897
[2026-06-16 12:20:47,512][root][INFO] - Epoch [2/5], Batch [216/300], Loss: 1.1288 (Overall: 0.5502, Change: 1.3271), TF Ratio: 0.897
[2026-06-16 12:20:47,669][root][INFO] - Epoch [2/5], Batch [217/300], Loss: 1.1286 (Overall: 0.7330, Change: 1.4345), TF Ratio: 0.897
[2026-06-16 12:20:47,822][root][INFO] - Epoch [2/5], Batch [218/300], Loss: 1.1284 (Overall: 0.7718, Change: 1.3909), TF Ratio: 0.896
[2026-06-16 12:20:47,981][root][INFO] - Epoch [2/5], Batch [219/300], Loss: 1.1292 (Overall: 1.1216, Change: 1.5028), TF Ratio: 0.896
[2026-06-16 12:20:48,170][root][INFO] - Epoch [2/5], Batch [220/300], Loss: 1.1289 (Overall: 0.7845, Change: 1.3554), TF Ratio: 0.896
[2026-06-16 12:20:48,324][root][INFO] - Epoch [2/5], Batch [221/300], Loss: 1.1288 (Overall: 0.5190, Change: 1.6790), TF Ratio: 0.896
[2026-06-16 12:20:48,488][root][INFO] - Epoch [2/5], Batch [222/300], Loss: 1.1279 (Overall: 0.5675, Change: 1.2745), TF Ratio: 0.896
[2026-06-16 12:20:48,641][root][INFO] - Epoch [2/5], Batch [223/300], Loss: 1.1285 (Overall: 0.8974, Change: 1.6432), TF Ratio: 0.895
[2026-06-16 12:20:48,818][root][INFO] - Epoch [2/5], Batch [224/300], Loss: 1.1288 (Overall: 0.7227, Change: 1.6490), TF Ratio: 0.895
[2026-06-16 12:20:48,973][root][INFO] - Epoch [2/5], Batch [225/300], Loss: 1.1283 (Overall: 0.8760, Change: 1.1920), TF Ratio: 0.895
[2026-06-16 12:20:49,128][root][INFO] - Epoch [2/5], Batch [226/300], Loss: 1.1283 (Overall: 0.6834, Change: 1.5441), TF Ratio: 0.895
[2026-06-16 12:20:49,289][root][INFO] - Epoch [2/5], Batch [227/300], Loss: 1.1284 (Overall: 0.8853, Change: 1.4099), TF Ratio: 0.895
[2026-06-16 12:20:49,485][root][INFO] - Epoch [2/5], Batch [228/300], Loss: 1.1273 (Overall: 0.5870, Change: 1.2017), TF Ratio: 0.894
[2026-06-16 12:20:49,652][root][INFO] - Epoch [2/5], Batch [229/300], Loss: 1.1279 (Overall: 0.8035, Change: 1.7054), TF Ratio: 0.894
[2026-06-16 12:20:49,810][root][INFO] - Epoch [2/5], Batch [230/300], Loss: 1.1280 (Overall: 0.7943, Change: 1.5264), TF Ratio: 0.894
[2026-06-16 12:20:49,964][root][INFO] - Epoch [2/5], Batch [231/300], Loss: 1.1284 (Overall: 0.8951, Change: 1.5226), TF Ratio: 0.894
[2026-06-16 12:20:50,158][root][INFO] - Epoch [2/5], Batch [232/300], Loss: 1.1283 (Overall: 0.6342, Change: 1.5850), TF Ratio: 0.894
[2026-06-16 12:20:50,314][root][INFO] - Epoch [2/5], Batch [233/300], Loss: 1.1284 (Overall: 0.7039, Change: 1.5883), TF Ratio: 0.893
[2026-06-16 12:20:50,467][root][INFO] - Epoch [2/5], Batch [234/300], Loss: 1.1285 (Overall: 0.8817, Change: 1.4260), TF Ratio: 0.893
[2026-06-16 12:20:50,629][root][INFO] - Epoch [2/5], Batch [235/300], Loss: 1.1281 (Overall: 0.6589, Change: 1.4108), TF Ratio: 0.893
[2026-06-16 12:20:50,827][root][INFO] - Epoch [2/5], Batch [236/300], Loss: 1.1282 (Overall: 0.9797, Change: 1.3159), TF Ratio: 0.893
[2026-06-16 12:20:50,982][root][INFO] - Epoch [2/5], Batch [237/300], Loss: 1.1282 (Overall: 0.9441, Change: 1.3221), TF Ratio: 0.893
[2026-06-16 12:20:51,135][root][INFO] - Epoch [2/5], Batch [238/300], Loss: 1.1279 (Overall: 0.6308, Change: 1.4985), TF Ratio: 0.892
[2026-06-16 12:20:51,290][root][INFO] - Epoch [2/5], Batch [239/300], Loss: 1.1278 (Overall: 0.7409, Change: 1.4808), TF Ratio: 0.892
[2026-06-16 12:20:51,472][root][INFO] - Epoch [2/5], Batch [240/300], Loss: 1.1291 (Overall: 1.1949, Change: 1.6438), TF Ratio: 0.892
[2026-06-16 12:20:51,628][root][INFO] - Epoch [2/5], Batch [241/300], Loss: 1.1295 (Overall: 1.0794, Change: 1.3964), TF Ratio: 0.892
[2026-06-16 12:20:51,798][root][INFO] - Epoch [2/5], Batch [242/300], Loss: 1.1300 (Overall: 0.8612, Change: 1.6124), TF Ratio: 0.892
[2026-06-16 12:20:51,959][root][INFO] - Epoch [2/5], Batch [243/300], Loss: 1.1299 (Overall: 0.7413, Change: 1.4746), TF Ratio: 0.891
[2026-06-16 12:20:52,129][root][INFO] - Epoch [2/5], Batch [244/300], Loss: 1.1293 (Overall: 0.6753, Change: 1.3040), TF Ratio: 0.891
[2026-06-16 12:20:52,293][root][INFO] - Epoch [2/5], Batch [245/300], Loss: 1.1283 (Overall: 0.5539, Change: 1.2330), TF Ratio: 0.891
[2026-06-16 12:20:52,452][root][INFO] - Epoch [2/5], Batch [246/300], Loss: 1.1280 (Overall: 0.5857, Change: 1.5117), TF Ratio: 0.891
[2026-06-16 12:20:52,608][root][INFO] - Epoch [2/5], Batch [247/300], Loss: 1.1277 (Overall: 0.6430, Change: 1.4556), TF Ratio: 0.891
[2026-06-16 12:20:52,787][root][INFO] - Epoch [2/5], Batch [248/300], Loss: 1.1276 (Overall: 0.8289, Change: 1.3676), TF Ratio: 0.890
[2026-06-16 12:20:52,941][root][INFO] - Epoch [2/5], Batch [249/300], Loss: 1.1269 (Overall: 0.6618, Change: 1.2802), TF Ratio: 0.890
[2026-06-16 12:20:53,096][root][INFO] - Epoch [2/5], Batch [250/300], Loss: 1.1269 (Overall: 0.8458, Change: 1.3968), TF Ratio: 0.890
[2026-06-16 12:20:53,254][root][INFO] - Epoch [2/5], Batch [251/300], Loss: 1.1263 (Overall: 0.5483, Change: 1.3817), TF Ratio: 0.890
[2026-06-16 12:20:53,440][root][INFO] - Epoch [2/5], Batch [252/300], Loss: 1.1235 (Overall: 0.8392, Change: 0.0000), TF Ratio: 0.890
[2026-06-16 12:20:53,596][root][INFO] - Epoch [2/5], Batch [253/300], Loss: 1.1237 (Overall: 1.2063, Change: 1.1693), TF Ratio: 0.889
[2026-06-16 12:20:53,761][root][INFO] - Epoch [2/5], Batch [254/300], Loss: 1.1237 (Overall: 0.8385, Change: 1.4233), TF Ratio: 0.889
[2026-06-16 12:20:53,915][root][INFO] - Epoch [2/5], Batch [255/300], Loss: 1.1224 (Overall: 0.8098, Change: 0.7534), TF Ratio: 0.889
[2026-06-16 12:20:54,122][root][INFO] - Epoch [2/5], Batch [256/300], Loss: 1.1224 (Overall: 0.7728, Change: 1.4872), TF Ratio: 0.889
[2026-06-16 12:20:54,276][root][INFO] - Epoch [2/5], Batch [257/300], Loss: 1.1228 (Overall: 0.8952, Change: 1.5422), TF Ratio: 0.889
[2026-06-16 12:20:54,438][root][INFO] - Epoch [2/5], Batch [258/300], Loss: 1.1228 (Overall: 0.7560, Change: 1.5034), TF Ratio: 0.888
[2026-06-16 12:20:54,593][root][INFO] - Epoch [2/5], Batch [259/300], Loss: 1.1227 (Overall: 0.6353, Change: 1.5352), TF Ratio: 0.888
[2026-06-16 12:20:54,768][root][INFO] - Epoch [2/5], Batch [260/300], Loss: 1.1227 (Overall: 0.5450, Change: 1.7242), TF Ratio: 0.888
[2026-06-16 12:20:54,932][root][INFO] - Epoch [2/5], Batch [261/300], Loss: 1.1218 (Overall: 0.6760, Change: 1.0867), TF Ratio: 0.888
[2026-06-16 12:20:55,094][root][INFO] - Epoch [2/5], Batch [262/300], Loss: 1.1214 (Overall: 0.9009, Change: 1.1170), TF Ratio: 0.888
[2026-06-16 12:20:55,247][root][INFO] - Epoch [2/5], Batch [263/300], Loss: 1.1213 (Overall: 0.9633, Change: 1.2472), TF Ratio: 0.887
[2026-06-16 12:20:55,431][root][INFO] - Epoch [2/5], Batch [264/300], Loss: 1.1207 (Overall: 0.7010, Change: 1.2055), TF Ratio: 0.887
[2026-06-16 12:20:55,585][root][INFO] - Epoch [2/5], Batch [265/300], Loss: 1.1210 (Overall: 0.7395, Change: 1.6445), TF Ratio: 0.887
[2026-06-16 12:20:55,739][root][INFO] - Epoch [2/5], Batch [266/300], Loss: 1.1206 (Overall: 0.9314, Change: 1.1155), TF Ratio: 0.887
[2026-06-16 12:20:55,893][root][INFO] - Epoch [2/5], Batch [267/300], Loss: 1.1210 (Overall: 0.9545, Change: 1.4890), TF Ratio: 0.887
[2026-06-16 12:20:56,094][root][INFO] - Epoch [2/5], Batch [268/300], Loss: 1.1211 (Overall: 0.7789, Change: 1.5324), TF Ratio: 0.886
[2026-06-16 12:20:56,248][root][INFO] - Epoch [2/5], Batch [269/300], Loss: 1.1211 (Overall: 1.0805, Change: 1.1529), TF Ratio: 0.886
[2026-06-16 12:20:56,412][root][INFO] - Epoch [2/5], Batch [270/300], Loss: 1.1208 (Overall: 0.9440, Change: 1.1488), TF Ratio: 0.886
[2026-06-16 12:20:56,565][root][INFO] - Epoch [2/5], Batch [271/300], Loss: 1.1210 (Overall: 0.8571, Change: 1.4688), TF Ratio: 0.886
[2026-06-16 12:20:56,753][root][INFO] - Epoch [2/5], Batch [272/300], Loss: 1.1199 (Overall: 0.6598, Change: 1.0075), TF Ratio: 0.886
[2026-06-16 12:20:56,929][root][INFO] - Epoch [2/5], Batch [273/300], Loss: 1.1198 (Overall: 0.7519, Change: 1.4585), TF Ratio: 0.885
[2026-06-16 12:20:57,083][root][INFO] - Epoch [2/5], Batch [274/300], Loss: 1.1192 (Overall: 0.5799, Change: 1.3251), TF Ratio: 0.885
[2026-06-16 12:20:57,237][root][INFO] - Epoch [2/5], Batch [275/300], Loss: 1.1196 (Overall: 0.8887, Change: 1.5720), TF Ratio: 0.885
[2026-06-16 12:20:57,425][root][INFO] - Epoch [2/5], Batch [276/300], Loss: 1.1193 (Overall: 0.7676, Change: 1.2787), TF Ratio: 0.885
[2026-06-16 12:20:57,580][root][INFO] - Epoch [2/5], Batch [277/300], Loss: 1.1191 (Overall: 0.7320, Change: 1.4227), TF Ratio: 0.885
[2026-06-16 12:20:57,738][root][INFO] - Epoch [2/5], Batch [278/300], Loss: 1.1189 (Overall: 0.6759, Change: 1.4167), TF Ratio: 0.884
[2026-06-16 12:20:57,891][root][INFO] - Epoch [2/5], Batch [279/300], Loss: 1.1193 (Overall: 0.5212, Change: 1.9661), TF Ratio: 0.884
[2026-06-16 12:20:58,069][root][INFO] - Epoch [2/5], Batch [280/300], Loss: 1.1182 (Overall: 0.6840, Change: 0.9044), TF Ratio: 0.884
[2026-06-16 12:20:58,224][root][INFO] - Epoch [2/5], Batch [281/300], Loss: 1.1176 (Overall: 0.6393, Change: 1.2786), TF Ratio: 0.884
[2026-06-16 12:20:58,382][root][INFO] - Epoch [2/5], Batch [282/300], Loss: 1.1178 (Overall: 0.8172, Change: 1.5325), TF Ratio: 0.884
[2026-06-16 12:20:58,535][root][INFO] - Epoch [2/5], Batch [283/300], Loss: 1.1171 (Overall: 0.6179, Change: 1.2436), TF Ratio: 0.883
[2026-06-16 12:20:58,726][root][INFO] - Epoch [2/5], Batch [284/300], Loss: 1.1172 (Overall: 0.6868, Change: 1.6032), TF Ratio: 0.883
[2026-06-16 12:20:58,881][root][INFO] - Epoch [2/5], Batch [285/300], Loss: 1.1163 (Overall: 0.6346, Change: 1.0424), TF Ratio: 0.883
[2026-06-16 12:20:59,034][root][INFO] - Epoch [2/5], Batch [286/300], Loss: 1.1154 (Overall: 0.6122, Change: 1.1375), TF Ratio: 0.883
[2026-06-16 12:20:59,187][root][INFO] - Epoch [2/5], Batch [287/300], Loss: 1.1155 (Overall: 0.8276, Change: 1.4686), TF Ratio: 0.883
[2026-06-16 12:20:59,386][root][INFO] - Epoch [2/5], Batch [288/300], Loss: 1.1152 (Overall: 0.6179, Change: 1.4233), TF Ratio: 0.882
[2026-06-16 12:20:59,550][root][INFO] - Epoch [2/5], Batch [289/300], Loss: 1.1150 (Overall: 0.7793, Change: 1.3361), TF Ratio: 0.882
[2026-06-16 12:20:59,703][root][INFO] - Epoch [2/5], Batch [290/300], Loss: 1.1149 (Overall: 0.6405, Change: 1.5390), TF Ratio: 0.882
[2026-06-16 12:20:59,855][root][INFO] - Epoch [2/5], Batch [291/300], Loss: 1.1153 (Overall: 0.9483, Change: 1.5320), TF Ratio: 0.882
[2026-06-16 12:21:00,052][root][INFO] - Epoch [2/5], Batch [292/300], Loss: 1.1150 (Overall: 0.6898, Change: 1.3293), TF Ratio: 0.882
[2026-06-16 12:21:00,206][root][INFO] - Epoch [2/5], Batch [293/300], Loss: 1.1143 (Overall: 0.5053, Change: 1.3466), TF Ratio: 0.881
[2026-06-16 12:21:00,361][root][INFO] - Epoch [2/5], Batch [294/300], Loss: 1.1142 (Overall: 0.8505, Change: 1.2684), TF Ratio: 0.881
[2026-06-16 12:21:00,519][root][INFO] - Epoch [2/5], Batch [295/300], Loss: 1.1142 (Overall: 0.8486, Change: 1.4219), TF Ratio: 0.881
[2026-06-16 12:21:00,703][root][INFO] - Epoch [2/5], Batch [296/300], Loss: 1.1140 (Overall: 1.0208, Change: 1.0937), TF Ratio: 0.881
[2026-06-16 12:21:00,857][root][INFO] - Epoch [2/5], Batch [297/300], Loss: 1.1146 (Overall: 1.1696, Change: 1.3939), TF Ratio: 0.881
[2026-06-16 12:21:01,011][root][INFO] - Epoch [2/5], Batch [298/300], Loss: 1.1145 (Overall: 0.8093, Change: 1.3809), TF Ratio: 0.880
[2026-06-16 12:21:01,176][root][INFO] - Epoch [2/5], Batch [299/300], Loss: 1.1139 (Overall: 0.7243, Change: 1.1222), TF Ratio: 0.880
[2026-06-16 12:21:01,366][root][INFO] - Epoch [2/5], Batch [300/300], Loss: 1.1140 (Overall: 1.1480, Change: 1.1173), TF Ratio: 0.880
[2026-06-16 12:21:02,377][root][INFO] - Epoch 2 done. Validating...
[2026-06-16 12:21:07,914][root][INFO] - Epoch [2/5] | Train: 1.1139 | Val: 0.8004
[2026-06-16 12:21:08,179][root][INFO] - Checkpoint saved: /gpfs/scratch/bsc32/bsc096444/ai4land-tfm/trained_models/unet_impl/41825176/model_epoch_2.pth
[2026-06-16 12:21:10,857][root][INFO] - Epoch [3/5], Batch [1/300], Loss: 1.2605 (Overall: 1.0558, Change: 1.4651), TF Ratio: 0.880
[2026-06-16 12:21:11,013][root][INFO] - Epoch [3/5], Batch [2/300], Loss: 1.1631 (Overall: 0.7491, Change: 1.3824), TF Ratio: 0.880
[2026-06-16 12:21:11,169][root][INFO] - Epoch [3/5], Batch [3/300], Loss: 1.1865 (Overall: 0.5616, Change: 1.9050), TF Ratio: 0.879
[2026-06-16 12:21:11,365][root][INFO] - Epoch [3/5], Batch [4/300], Loss: 1.1567 (Overall: 0.6678, Change: 1.4664), TF Ratio: 0.879
[2026-06-16 12:21:11,521][root][INFO] - Epoch [3/5], Batch [5/300], Loss: 1.1734 (Overall: 1.2008, Change: 1.2802), TF Ratio: 0.879
[2026-06-16 12:21:11,676][root][INFO] - Epoch [3/5], Batch [6/300], Loss: 1.1348 (Overall: 0.6232, Change: 1.2606), TF Ratio: 0.879
[2026-06-16 12:21:11,841][root][INFO] - Epoch [3/5], Batch [7/300], Loss: 1.1351 (Overall: 1.0512, Change: 1.2221), TF Ratio: 0.879
[2026-06-16 12:21:12,200][root][INFO] - Epoch [3/5], Batch [8/300], Loss: 1.1138 (Overall: 0.8007, Change: 1.1283), TF Ratio: 0.878
[2026-06-16 12:21:12,356][root][INFO] - Epoch [3/5], Batch [9/300], Loss: 1.1031 (Overall: 0.6794, Change: 1.3558), TF Ratio: 0.878
[2026-06-16 12:21:12,512][root][INFO] - Epoch [3/5], Batch [10/300], Loss: 1.0616 (Overall: 0.5441, Change: 0.8320), TF Ratio: 0.878
[1;34mwandb[0m:
[1;34mwandb[0m: You can sync this run to the cloud by running:
[1;34mwandb[0m: [1mwandb sync /gpfs/scratch/bsc32/bsc096444/ai4land-tfm/jobs-map/41825176/wandb/offline-run-20260616_121859-owmbty8d[0m
[1;34mwandb[0m: Find logs at: [1;35mjobs-map/41825176/wandb/offline-run-20260616_121859-owmbty8d/logs[0m
